 PcdPeim

 Timestamp is 5c23c238 (Thu Dec 27 02:02:32 2018)

 Preferred load address is 0000000000010000

 Start         Length     Name                   Class
 0001:00000000 000000a4H .text                   CODE
 0001:000000a4 00003c9aH .text$mn                CODE
 0002:00000000 000014b4H .rdata                  DATA
 0002:000014b4 00000128H .rdata$zzzdbg           DATA
 0003:00000000 00000358H .data                   DATA
 0003:00000358 00000020H .bss                    DATA
 0004:00000000 0000004fH .edata                  DATA
 0005:00000000 0000033cH .pdata                  DATA
 0006:00000000 00000228H .xdata                  DATA

  Address         Publics by Value              Rva+Base               Lib:Object

 0000:00000000       __guard_longjmp_count      0000000000000000     <absolute>
 0000:00000000       __dynamic_value_reloc_table 0000000000000000     <absolute>
 0000:00000000       __guard_fids_count         0000000000000000     <absolute>
 0000:00000000       __hybrid_code_map_count    0000000000000000     <absolute>
 0000:00000000       __guard_iat_table          0000000000000000     <absolute>
 0000:00000000       __hybrid_code_map          0000000000000000     <absolute>
 0000:00000000       __guard_iat_count          0000000000000000     <absolute>
 0000:00000000       __hybrid_auxiliary_iat     0000000000000000     <absolute>
 0000:00000000       __volatile_metadata        0000000000000000     <absolute>
 0000:00000000       __guard_longjmp_table      0000000000000000     <absolute>
 0000:00000000       __enclave_config           0000000000000000     <absolute>
 0000:00000000       __guard_fids_table         0000000000000000     <absolute>
 0000:00000100       __guard_flags              0000000000000100     <absolute>
 0001:00000000       InternalMemCopyMem         0000000000011000     BaseMemoryLibOptPei:CopyMem.obj
 0001:00000040       InternalMemZeroMem         0000000000011040     BaseMemoryLibOptPei:ZeroMem.obj
 0001:00000060       InternalMemSetMem          0000000000011060     BaseMemoryLibOptPei:SetMem.obj
 0001:00000070       InternalMemSetMem64        0000000000011070     BaseMemoryLibOptPei:SetMem64.obj
 0001:00000090       InternalMemSetMem32        0000000000011090     BaseMemoryLibOptPei:SetMem32.obj
 0001:000000a4       _ModuleEntryPoint          00000000000110a4 f   PeimEntryPoint:PeimEntryPoint.obj
 0001:000000b0       PcdSetNvStoreDefaultIdCallBack 00000000000110b0 f   PcdPeim:Pcd.obj
 0001:00000278       EndOfPeiSignalPpiNotifyCallback 0000000000011278 f   PcdPeim:Pcd.obj
 0001:000003fc       PcdPeimInit                00000000000113fc f   PcdPeim:Pcd.obj
 0001:00000648       PeiGetPcdInfoGetInfo       0000000000011648 f   PcdPeim:Pcd.obj
 0001:00000658       PeiGetPcdInfoGetInfoEx     0000000000011658 f   PcdPeim:Pcd.obj
 0001:00000660       PeiGetPcdInfoGetSku        0000000000011660 f   PcdPeim:Pcd.obj
 0001:00000674       PeiPcdSetSku               0000000000011674 f   PcdPeim:Pcd.obj
 0001:000008c4       PeiPcdGet8                 00000000000118c4 f   PcdPeim:Pcd.obj
 0001:000008c4       PeiPcdGetBool              00000000000118c4 f   PcdPeim:Pcd.obj
 0001:000008dc       PeiPcdGet16                00000000000118dc f   PcdPeim:Pcd.obj
 0001:000008f8       PeiPcdGet32                00000000000118f8 f   PcdPeim:Pcd.obj
 0001:00000930       PeiPcdGet64                0000000000011930 f   PcdPeim:Pcd.obj
 0001:0000094c       PeiPcdGetPtr               000000000001194c f   PcdPeim:Pcd.obj
 0001:00000954       PeiPcdGetSize              0000000000011954 f   PcdPeim:Pcd.obj
 0001:000009c0       PeiPcdGetBoolEx            00000000000119c0 f   PcdPeim:Pcd.obj
 0001:000009c0       PeiPcdGet8Ex               00000000000119c0 f   PcdPeim:Pcd.obj
 0001:000009e0       PeiPcdGet16Ex              00000000000119e0 f   PcdPeim:Pcd.obj
 0001:00000a04       PeiPcdGet32Ex              0000000000011a04 f   PcdPeim:Pcd.obj
 0001:00000a44       PeiPcdGet64Ex              0000000000011a44 f   PcdPeim:Pcd.obj
 0001:00000a68       PeiPcdGetPtrEx             0000000000011a68 f   PcdPeim:Pcd.obj
 0001:00000a80       PeiPcdGetSizeEx            0000000000011a80 f   PcdPeim:Pcd.obj
 0001:00000a98       PeiPcdSetBool              0000000000011a98 f   PcdPeim:Pcd.obj
 0001:00000a98       PeiPcdSet8                 0000000000011a98 f   PcdPeim:Pcd.obj
 0001:00000ac0       PeiPcdSet16                0000000000011ac0 f   PcdPeim:Pcd.obj
 0001:00000ae8       PeiPcdSet32                0000000000011ae8 f   PcdPeim:Pcd.obj
 0001:00000b10       PeiPcdSet64                0000000000011b10 f   PcdPeim:Pcd.obj
 0001:00000b38       PeiPcdSetPtr               0000000000011b38 f   PcdPeim:Pcd.obj
 0001:00000b4c       PeiPcdSetBoolEx            0000000000011b4c f   PcdPeim:Pcd.obj
 0001:00000b4c       PeiPcdSet8Ex               0000000000011b4c f   PcdPeim:Pcd.obj
 0001:00000b80       PeiPcdSet16Ex              0000000000011b80 f   PcdPeim:Pcd.obj
 0001:00000bb4       PeiPcdSet32Ex              0000000000011bb4 f   PcdPeim:Pcd.obj
 0001:00000be8       PeiPcdSet64Ex              0000000000011be8 f   PcdPeim:Pcd.obj
 0001:00000c1c       PeiPcdSetPtrEx             0000000000011c1c f   PcdPeim:Pcd.obj
 0001:00000c44       PeiRegisterCallBackOnSet   0000000000011c44 f   PcdPeim:Pcd.obj
 0001:00000c68       PcdUnRegisterCallBackOnSet 0000000000011c68 f   PcdPeim:Pcd.obj
 0001:00000c8c       PeiPcdGetNextToken         0000000000011c8c f   PcdPeim:Pcd.obj
 0001:00000dc4       PeiPcdGetNextTokenSpace    0000000000011dc4 f   PcdPeim:Pcd.obj
 0001:00000f04       GetPtrTypeSize             0000000000011f04 f   PcdPeim:Pcd.obj
 0001:00000fa4       SetPtrTypeSize             0000000000011fa4 f   PcdPeim:Pcd.obj
 0001:00001074       GetPcdType                 0000000000012074 f   PcdPeim:Service.obj
 0001:000010e4       GetPcdName                 00000000000120e4 f   PcdPeim:Service.obj
 0001:000011d4       ExGetPcdInfo               00000000000121d4 f   PcdPeim:Service.obj
 0001:000012c8       PeiGetPcdInfo              00000000000122c8 f   PcdPeim:Service.obj
 0001:000013a8       PeiRegisterCallBackWorker  00000000000123a8 f   PcdPeim:Service.obj
 0001:00001528       GetHiiVariable             0000000000012528 f   PcdPeim:Service.obj
 0001:000016c4       InvokeCallbackOnSet        00000000000126c4 f   PcdPeim:Service.obj
 0001:00001794       SetWorker                  0000000000012794 f   PcdPeim:Service.obj
 0001:0000198c       ExSetWorker                000000000001298c f   PcdPeim:Service.obj
 0001:00001a18       GetWorker                  0000000000012a18 f   PcdPeim:Service.obj
 0001:00001bcc       GetExPcdTokenNumber        0000000000012bcc f   PcdPeim:Service.obj
 0001:00001c84       GetPcdDatabase             0000000000012c84 f   PcdPeim:Service.obj
 0001:00001cc0       AllocatePool               0000000000012cc0 f   PeiMemoryAllocationLib:MemoryAllocationLib.obj
 0001:00001cfc       AllocateCopyPool           0000000000012cfc f   PeiMemoryAllocationLib:MemoryAllocationLib.obj
 0001:00001d74       DebugPrint                 0000000000012d74 f   PeiDxeDebugLibReportStatusCode:DebugLib.obj
 0001:00001f48       DebugAssert                0000000000012f48 f   PeiDxeDebugLibReportStatusCode:DebugLib.obj
 0001:00002098       ReadUnaligned16            0000000000013098 f   BaseLib:Unaligned.obj
 0001:000020c8       ReadUnaligned64            00000000000130c8 f   BaseLib:Unaligned.obj
 0001:000020f8       AsciiStrLen                00000000000130f8 f   BaseLib:String.obj
 0001:00002164       StrnLenS                   0000000000013164 f   BaseLib:SafeString.obj
 0001:000021bc       AsciiStrnLenS              00000000000131bc f   BaseLib:SafeString.obj
 0001:000021e8       AsciiStrnCpyS              00000000000131e8 f   BaseLib:SafeString.obj
 0001:000022e4       AsciiStrCatS               00000000000132e4 f   BaseLib:SafeString.obj
 0001:00002474       GetHobList                 0000000000013474 f   PeiHobLib:HobLib.obj
 0001:000024e8       GetNextHob                 00000000000134e8 f   PeiHobLib:HobLib.obj
 0001:00002538       GetFirstGuidHob            0000000000013538 f   PeiHobLib:HobLib.obj
 0001:00002584       InternalPeiCreateHob       0000000000013584 f   PeiHobLib:HobLib.obj
 0001:000025e8       BuildGuidHob               00000000000135e8 f   PeiHobLib:HobLib.obj
 0001:00002664       CopyMem                    0000000000013664 f   BaseMemoryLibOptPei:CopyMemWrapper.obj
 0001:00002700       CopyGuid                   0000000000013700 f   BaseMemoryLibOptPei:MemLibGuid.obj
 0001:00002784       CompareGuid                0000000000013784 f   BaseMemoryLibOptPei:MemLibGuid.obj
 0001:000027ec       ScanGuid                   00000000000137ec f   BaseMemoryLibOptPei:MemLibGuid.obj
 0001:000028a4       ZeroMem                    00000000000138a4 f   BaseMemoryLibOptPei:ZeroMemWrapper.obj
 0001:00002914       GetPeiServicesTablePointer 0000000000013914 f   PeiServicesTablePointerLib:PeiServicesTablePointer.obj
 0001:00002948       InternalReportStatusCode   0000000000013948 f   PeiReportStatusCodeLib:ReportStatusCodeLib.obj
 0001:00002a6c       ReportStatusCodeEx         0000000000013a6c f   PeiReportStatusCodeLib:ReportStatusCodeLib.obj
 0001:00002b6c       OemHookStatusCodeReport    0000000000013b6c f   PeiNt32OemHookStatusCodeLib:Nt32OemHookStatusCodeLib.obj
 0001:00002d84       AsciiSPrint                0000000000013d84 f   BasePrintLib:PrintLib.obj
 0001:00002db0       BasePrintLibFillBuffer     0000000000013db0 f   BasePrintLib:PrintLibInternal.obj
 0001:00002de4       BasePrintLibValueToString  0000000000013de4 f   BasePrintLib:PrintLibInternal.obj
 0001:00002e5c       BasePrintLibSPrintMarker   0000000000013e5c f   BasePrintLib:PrintLibInternal.obj
 0001:00003d1c       BasePrintLibSPrint         0000000000014d1c f   BasePrintLib:PrintLibInternal.obj
 0002:00000000       _gPeimRevision             0000000000015000     PcdPeim:AutoGen.obj
 0002:00000004       _gPcd_FixedAtBuild_PcdMaximumUnicodeStringLength 0000000000015004     PcdPeim:AutoGen.obj
 0002:00000008       _gPcd_FixedAtBuild_PcdPeiFullPcdDatabaseEnable 0000000000015008     PcdPeim:AutoGen.obj
 0002:00000009       _gPcd_FixedAtBuild_PcdReportStatusCodePropertyMask 0000000000015009     PcdPeim:AutoGen.obj
 0002:0000000a       _gPcd_FixedAtBuild_PcdDebugPropertyMask 000000000001500a     PcdPeim:AutoGen.obj
 0002:0000000c       _gPcd_FixedAtBuild_PcdMaxPeiPcdCallBackNumberPerPcdEntry 000000000001500c     PcdPeim:AutoGen.obj
 0002:00000010       _gPcd_FixedAtBuild_PcdDebugPrintErrorLevel 0000000000015010     PcdPeim:AutoGen.obj
 0002:00000014       _gPcd_FixedAtBuild_PcdFixedDebugPrintErrorLevel 0000000000015014     PcdPeim:AutoGen.obj
 0002:00000018       gEfiCallerBaseName         0000000000015018     PcdPeim:AutoGen.obj
 0002:00000020       _gPcd_FixedAtBuild_PcdMaximumAsciiStringLength 0000000000015020     PcdPeim:AutoGen.obj
 0002:00000024       _gPcd_FixedAtBuild_PcdVpdBaseAddress 0000000000015024     PcdPeim:AutoGen.obj
 0002:00000030       mStatusString              0000000000015030     BasePrintLib:PrintLibInternal.obj
 0002:00000170       mHexStr                    0000000000015170     BasePrintLib:PrintLibInternal.obj
 0002:00000180       ??_C@_07EFHOOFNL@PcdPeim@  0000000000015180     PcdPeim:AutoGen.obj
 0002:00000188       ??_C@_0CB@DMEJJJHA@?6ASSERT_EFI_ERROR?5?$CIStatus?5?$DN?5?$CFr?$CJ@ 0000000000015188     PcdPeim:AutoGen.obj
 0002:000001b0       ??_C@_0BE@DCHLEIGN@?$CBEFI_ERROR?5?$CIStatus?$CJ@ 00000000000151b0     PcdPeim:AutoGen.obj
 0002:000001c8       ??_C@_0CA@DKNLNDEI@VarStoreHobData?5?$CB?$DN?5?$CI?$CIvoid?5?$CK?$CJ?50?$CJ@ 00000000000151c8     PcdPeim:Pcd.obj
 0002:000001e8       ??_C@_0CN@PJAGLDJ@c?3?2edk2?2MdeModulePkg?2Universal?2@ 00000000000151e8     PcdPeim:Pcd.obj
 0002:00000218       ??_C@_0CE@BGKMJFAH@PcdPei?5?9?5SkuId?50x?$CFlx?5is?5to?5be?5s@ 0000000000015218     PcdPeim:Pcd.obj
 0002:00000240       ??_C@_0CP@CGLNBAIG@PcdPei?5?9?5SkuId?5is?5same?5to?5curre@ 0000000000015240     PcdPeim:Pcd.obj
 0002:00000270       ??_C@_0DA@IJDFHNFK@PcdPei?5?9?5The?5SKU?5Id?5could?5be?5ch@ 0000000000015270     PcdPeim:Pcd.obj
 0002:000002a0       ??_C@_0FF@EAOIINIH@PcdPei?5?9?5The?5SKU?5Id?5was?5set?5to?5@ 00000000000152a0     PcdPeim:Pcd.obj
 0002:000002f8       ??_C@_0BC@FEDIJHFF@?$CI?$CIBOOLEAN?$CJ?$CI0?$DN?$DN1?$CJ?$CJ@ 00000000000152f8     PcdPeim:Pcd.obj
 0002:00000310       ??_C@_0CJ@CLJGJPIM@PcdPei?5?9?5SkuId?5is?5found?5in?5SkuI@ 0000000000015310     PcdPeim:Pcd.obj
 0002:00000340       ??_C@_0CH@NAAOOEJP@PcdPei?5?9?5Set?5current?5SKU?5Id?5to?5@ 0000000000015340     PcdPeim:Pcd.obj
 0002:00000370       ??_C@_0EG@MPNMKPHF@PcdPei?5?9?5Invalid?5input?5SkuId?0?5t@ 0000000000015370     PcdPeim:Pcd.obj
 0002:000003b8       ??_C@_0CI@BMBNMDKB@TokenNumber?5?$CL?51?5?$DM?5?$CILocalTokenCo@ 00000000000153b8     PcdPeim:Pcd.obj
 0002:000003e0       ??_C@_0BF@PEDOPNMP@Guid?5?$CB?$DN?5?$CI?$CIvoid?5?$CK?$CJ?50?$CJ@ 00000000000153e0     PcdPeim:Pcd.obj
 0002:00000400       ??_C@_0HA@NINFNLNG@?$CILocalTokenNumber?5?$CG?5?$CI?$CI0x0U?5?$DM?$DM?52@ 0000000000015400     PcdPeim:Pcd.obj
 0002:00000470       ??_C@_0DB@BFGOCDNA@c?3?2edk2?2MdeModulePkg?2Universal?2@ 0000000000015470     PcdPeim:Service.obj
 0002:000004a8       ??_C@_0BF@OGAHIMFI@Name?5?$CB?$DN?5?$CI?$CIvoid?5?$CK?$CJ?50?$CJ@ 00000000000154a8     PcdPeim:Service.obj
 0002:000004c0       ??_C@_0BI@JPMFKADA@PcdInfo?5?$CB?$DN?5?$CI?$CIvoid?5?$CK?$CJ?50?$CJ@ 00000000000154c0     PcdPeim:Service.obj
 0002:000004d8       ??_C@_0CK@EDPCKBGO@TokenNumber?5?$CL?51?5?$DM?5?$CIPeiNexTokenN@ 00000000000154d8     PcdPeim:Service.obj
 0002:00000508       ??_C@_0CK@EDFCJHK@?$CITokenNumber?5?$CL?51?$CJ?5?$DM?5?$CILocalToken@ 0000000000015508     PcdPeim:Service.obj
 0002:00000538       ??_C@_0CH@PBGGMHHH@?$CILocalTokenNumber?5?$CG?5?$CI0x8U?5?$DM?$DM?528@ 0000000000015538     PcdPeim:Service.obj
 0002:00000560       ??_C@_0CH@FGEEBELP@?$CILocalTokenNumber?5?$CG?5?$CI0x4U?5?$DM?$DM?528@ 0000000000015560     PcdPeim:Service.obj
 0002:00000588       ??_C@_0BI@EDOKPJOP@GuidHob?5?$CB?$DN?5?$CI?$CIvoid?5?$CK?$CJ?50?$CJ@ 0000000000015588     PcdPeim:Service.obj
 0002:000005a0       ??_C@_0BL@INAOLIJI@FileHandle?5?$CB?$DN?5?$CI?$CIvoid?5?$CK?$CJ?50?$CJ@ 00000000000155a0     PcdPeim:Service.obj
 0002:000005c0       ??_C@_0BP@HMHBAFLP@PeiPcdDbBinary?5?$CB?$DN?5?$CI?$CIvoid?5?$CK?$CJ?50?$CJ@ 00000000000155c0     PcdPeim:Service.obj
 0002:000005e0       ??_C@_0DO@LOGFBKNI@?$CIGetSize?5?$DN?$DN?5PeiPcdGetSize?$CIToken@ 00000000000155e0     PcdPeim:Service.obj
 0002:00000620       ??_C@_0BK@KMBLOHLH@MatchGuid?5?$CB?$DN?5?$CI?$CIvoid?5?$CK?$CJ?50?$CJ@ 0000000000015620     PcdPeim:Service.obj
 0002:00000640       ??_C@_0EE@OPDEAEDF@c?3?2edk2?2MdePkg?2Library?2PeiMemor@ 0000000000015640     PeiMemoryAllocationLib:MemoryAllocationLib.obj
 0002:00000688       ??_C@_0BH@IACGKAP@Buffer?5?$CB?$DN?5?$CI?$CIvoid?5?$CK?$CJ?50?$CJ@ 0000000000015688     PeiMemoryAllocationLib:MemoryAllocationLib.obj
 0002:000006a0       ??_C@_0DP@CGKEPFGH@AllocationSize?5?$DM?$DN?5?$CI0xFFFFFFFFFF@ 00000000000156a0     PeiMemoryAllocationLib:MemoryAllocationLib.obj
 0002:000006e0       ??_C@_0BH@LKMBFCBF@Format?5?$CB?$DN?5?$CI?$CIvoid?5?$CK?$CJ?50?$CJ@ 00000000000156e0     PeiDxeDebugLibReportStatusCode:DebugLib.obj
 0002:00000700       ??_C@_0EH@EMGPELNE@c?3?2edk2?2MdeModulePkg?2Library?2Pe@ 0000000000015700     PeiDxeDebugLibReportStatusCode:DebugLib.obj
 0002:00000748       ??_C@_0CI@HIINONDG@?$CICHAR8?5?$CK?$CJBaseListMarker?5?$DM?$DN?5Form@ 0000000000015748     PeiDxeDebugLibReportStatusCode:DebugLib.obj
 0002:00000770       ??_C@_01OHGJGJJP@?$FL@     0000000000015770     PeiDxeDebugLibReportStatusCode:DebugLib.obj
 0002:00000774       ??_C@_02PBFOLPKM@?$FN?5@   0000000000015774     PeiDxeDebugLibReportStatusCode:DebugLib.obj
 0002:00000778       ??_C@_0CL@COEFNOFM@c?3?2edk2?2MdePkg?2Library?2BaseLib?2@ 0000000000015778     BaseLib:Unaligned.obj
 0002:000007a8       ??_C@_0CI@BEFOLLLE@c?3?2edk2?2MdePkg?2Library?2BaseLib?2@ 00000000000157a8     BaseLib:String.obj
 0002:000007d0       ??_C@_0BH@MAAHKCPC@String?5?$CB?$DN?5?$CI?$CIvoid?5?$CK?$CJ?50?$CJ@ 00000000000157d0     BaseLib:String.obj
 0002:000007e8       ??_C@_0CD@BDCLIGHD@?$CI?$CIUINTN?$CJ?5String?5?$CG?50x00000001?$CJ?5?$DN@ 00000000000157e8     BaseLib:String.obj
 0002:00000810       ??_C@_0DI@MDIKFADO@Length?5?$DM?5_gPcd_FixedAtBuild_Pcd@ 0000000000015810     BaseLib:String.obj
 0002:00000848       ??_C@_0CM@GBAFEFEA@c?3?2edk2?2MdePkg?2Library?2BaseLib?2@ 0000000000015848     BaseLib:SafeString.obj
 0002:00000878       ??_C@_0BO@ECNIOIHG@?$CIDestination?5?$CB?$DN?5?$CI?$CIvoid?5?$CK?$CJ?50?$CJ?$CJ@ 0000000000015878     BaseLib:SafeString.obj
 0002:00000898       ??_C@_0BJ@EAEEJIP@?$CISource?5?$CB?$DN?5?$CI?$CIvoid?5?$CK?$CJ?50?$CJ?$CJ@ 0000000000015898     BaseLib:SafeString.obj
 0002:000008b8       ??_C@_0P@PMIMLIHM@?$CIDestMax?5?$CB?$DN?50?$CJ@ 00000000000158b8     BaseLib:SafeString.obj
 0002:000008c8       ??_C@_0P@BHOOOJPD@?$CICopyLen?5?$CB?$DN?50?$CJ@ 00000000000158c8     BaseLib:SafeString.obj
 0002:000008d8       ??_C@_0BG@BPGICNPK@?$CICopyLen?5?$DO?5SourceLen?$CJ@ 00000000000158d8     BaseLib:SafeString.obj
 0002:000008f0       ??_C@_0BJ@CNKJJNE@?$CIBuffer?5?$CB?$DN?5?$CI?$CIvoid?5?$CK?$CJ?50?$CJ?$CJ@ 00000000000158f0     BaseLib:SafeString.obj
 0002:00000910       ??_C@_0DO@LJFOOPII@?$CIDestMax?5?$DM?$DN?5?$CI_gPcd_FixedAtBuild@ 0000000000015910     BaseLib:SafeString.obj
 0002:00000950       ??_C@_0FL@CDANCHFO@InternalSafeStringNoAsciiStrOve@ 0000000000015950     BaseLib:SafeString.obj
 0002:000009b0       ??_C@_0N@KGHEHMDL@Divisor?5?$CB?$DN?50@ 00000000000159b0     BaseLib:DivU64x32.obj
 0002:000009c0       ??_C@_0CK@NEGHFCEA@c?3?2edk2?2MdePkg?2Library?2PeiHobLi@ 00000000000159c0     PeiHobLib:HobLib.obj
 0002:000009f0       ??_C@_0BI@NCGMODPG@HobList?5?$CB?$DN?5?$CI?$CIvoid?5?$CK?$CJ?50?$CJ@ 00000000000159f0     PeiHobLib:HobLib.obj
 0002:00000a08       ??_C@_0BJ@NOLLDKJB@HobStart?5?$CB?$DN?5?$CI?$CIvoid?5?$CK?$CJ?50?$CJ@ 0000000000015a08     PeiHobLib:HobLib.obj
 0002:00000a28       ??_C@_0BE@PICCCCHF@Hob?5?$CB?$DN?5?$CI?$CIvoid?5?$CK?$CJ?50?$CJ@ 0000000000015a28     PeiHobLib:HobLib.obj
 0002:00000a40       ??_C@_0DE@JLBHCAID@DataLength?5?$DM?$DN?5?$CI0xFFF8?5?9?5sizeof?5@ 0000000000015a40     PeiHobLib:HobLib.obj
 0002:00000a80       ??_C@_0ED@MKGCMJG@?$CILength?5?9?51?$CJ?5?$DM?$DN?5?$CI0xFFFFFFFFFFFF@ 0000000000015a80     BaseMemoryLibOptPei:CopyMemWrapper.obj
 0002:00000ac8       ??_C@_0DM@NOCJNILA@c?3?2edk2?2MdePkg?2Library?2BaseMemo@ 0000000000015ac8     BaseMemoryLibOptPei:CopyMemWrapper.obj
 0002:00000b08       ??_C@_0DO@MAOBOFEG@?$CILength?5?9?51?$CJ?5?$DM?$DN?5?$CI0xFFFFFFFFFFFF@ 0000000000015b08     BaseMemoryLibOptPei:CopyMemWrapper.obj
 0002:00000b48       ??_C@_0DC@LJGHDAJN@?$CI?$CIUINTN?$CJBuffer?5?$CG?5?$CIsizeof?5?$CIGuid?9@ 0000000000015b48     BaseMemoryLibOptPei:MemLibGuid.obj
 0002:00000b80       ??_C@_0DI@OHCMLPFC@c?3?2edk2?2MdePkg?2Library?2BaseMemo@ 0000000000015b80     BaseMemoryLibOptPei:MemLibGuid.obj
 0002:00000bb8       ??_C@_0DG@EEENIGGL@Length?5?$DM?$DN?5?$CI0xFFFFFFFFFFFFFFFFUL@ 0000000000015bb8     BaseMemoryLibOptPei:MemLibGuid.obj
 0002:00000bf0       ??_C@_0CI@FMMOALAD@?$CILength?5?$CG?5?$CIsizeof?5?$CI?$CKGuidPtr?$CJ?5?9?5@ 0000000000015bf0     BaseMemoryLibOptPei:MemLibGuid.obj
 0002:00000c18       ??_C@_0DM@GKILLJHH@c?3?2edk2?2MdePkg?2Library?2BaseMemo@ 0000000000015c18     BaseMemoryLibOptPei:ZeroMemWrapper.obj
 0002:00000c60       ??_C@_0EM@LDAGHANC@c?3?2edk2?2MdePkg?2Library?2PeiServi@ 0000000000015c60     PeiServicesTablePointerLib:PeiServicesTablePointer.obj
 0002:00000cb0       ??_C@_0BN@OJIBNMOJ@gPeiServices?5?$CB?$DN?5?$CI?$CIvoid?5?$CK?$CJ?50?$CJ@ 0000000000015cb0     PeiServicesTablePointerLib:PeiServicesTablePointer.obj
 0002:00000cd0       ??_C@_0EK@FLJLAMPC@c?3?2edk2?2MdeModulePkg?2Library?2Pe@ 0000000000015cd0     PeiReportStatusCodeLib:ReportStatusCodeLib.obj
 0002:00000d20       ??_C@_0DN@HHIHPHHB@?$CB?$CI?$CIExtendedData?5?$DN?$DN?5?$CI?$CIvoid?5?$CK?$CJ?50?$CJ@ 0000000000015d20     PeiReportStatusCodeLib:ReportStatusCodeLib.obj
 0002:00000d60       ??_C@_0DN@BBBIFINB@?$CB?$CI?$CIExtendedData?5?$CB?$DN?5?$CI?$CIvoid?5?$CK?$CJ?50?$CJ@ 0000000000015d60     PeiReportStatusCodeLib:ReportStatusCodeLib.obj
 0002:00000da0       ??_C@_0DI@MIEIGAOH@Status?5code?5extended?5data?5is?5to@ 0000000000015da0     PeiReportStatusCodeLib:ReportStatusCodeLib.obj
 0002:00000de0       ??_C@_0EP@CFCGNGBF@c?3?2edk2?2Nt32Pkg?2Library?2PeiNt32@ 0000000000015de0     PeiNt32OemHookStatusCodeLib:Nt32OemHookStatusCodeLib.obj
 0002:00000e30       ??_C@_0BJ@NGECPOCK@?6?$ANASSERT?$CB?3?5?$CFa?5?$CI?$CFd?$CJ?3?5?$CFa?6?$AN@ 0000000000015e30     PeiNt32OemHookStatusCodeLib:Nt32OemHookStatusCodeLib.obj
 0002:00000e50       ??_C@_0BD@OMAHIICL@ERROR?3?5C?$CFx?3V?$CFx?5I?$CFx@ 0000000000015e50     PeiNt32OemHookStatusCodeLib:Nt32OemHookStatusCodeLib.obj
 0002:00000e64       ??_C@_03GKLDPGLG@?5?$CFg@  0000000000015e64     PeiNt32OemHookStatusCodeLib:Nt32OemHookStatusCodeLib.obj
 0002:00000e68       ??_C@_03GPDAHCCA@?5?$CFp@  0000000000015e68     PeiNt32OemHookStatusCodeLib:Nt32OemHookStatusCodeLib.obj
 0002:00000e6c       ??_C@_02LIIHNNHG@?6?$AN@   0000000000015e6c     PeiNt32OemHookStatusCodeLib:Nt32OemHookStatusCodeLib.obj
 0002:00000e70       ??_C@_0BJ@KDCPJMDH@PROGRESS?5CODE?3?5V?$CFx?5I?$CFx?6?$AN@ 0000000000015e70     PeiNt32OemHookStatusCodeLib:Nt32OemHookStatusCodeLib.obj
 0002:00000e90       ??_C@_0BJ@KMGICPHL@Undefined?3?5C?$CFx?3V?$CFx?5I?$CFx?6?$AN@ 0000000000015e90     PeiNt32OemHookStatusCodeLib:Nt32OemHookStatusCodeLib.obj
 0002:00000eb0       ??_C@_07PBILKAFL@Success@  0000000000015eb0     BasePrintLib:PrintLibInternal.obj
 0002:00000eb8       ??_C@_0BG@CFJMNNJK@Warning?5Unknown?5Glyph@ 0000000000015eb8     BasePrintLib:PrintLibInternal.obj
 0002:00000ed0       ??_C@_0BH@GKKCJEPJ@Warning?5Delete?5Failure@ 0000000000015ed0     BasePrintLib:PrintLibInternal.obj
 0002:00000ee8       ??_C@_0BG@ECIJMOED@Warning?5Write?5Failure@ 0000000000015ee8     BasePrintLib:PrintLibInternal.obj
 0002:00000f00       ??_C@_0BJ@ODIPDGHB@Warning?5Buffer?5Too?5Small@ 0000000000015f00     BasePrintLib:PrintLibInternal.obj
 0002:00000f20       ??_C@_0BD@IFJNJCCO@Warning?5Stale?5Data@ 0000000000015f20     BasePrintLib:PrintLibInternal.obj
 0002:00000f38       ??_C@_0L@PLPBEPPC@Load?5Error@ 0000000000015f38     BasePrintLib:PrintLibInternal.obj
 0002:00000f48       ??_C@_0BC@HOFHKGJN@Invalid?5Parameter@ 0000000000015f48     BasePrintLib:PrintLibInternal.obj
 0002:00000f60       ??_C@_0M@BEECMOIL@Unsupported@ 0000000000015f60     BasePrintLib:PrintLibInternal.obj
 0002:00000f70       ??_C@_0BA@FLNMPMCF@Bad?5Buffer?5Size@ 0000000000015f70     BasePrintLib:PrintLibInternal.obj
 0002:00000f80       ??_C@_0BB@EGELJFOB@Buffer?5Too?5Small@ 0000000000015f80     BasePrintLib:PrintLibInternal.obj
 0002:00000f98       ??_C@_09NKFGCIPN@Not?5Ready@ 0000000000015f98     BasePrintLib:PrintLibInternal.obj
 0002:00000fa8       ??_C@_0N@HHEABDHO@Device?5Error@ 0000000000015fa8     BasePrintLib:PrintLibInternal.obj
 0002:00000fb8       ??_C@_0BA@LNEDDFNB@Write?5Protected@ 0000000000015fb8     BasePrintLib:PrintLibInternal.obj
 0002:00000fc8       ??_C@_0BB@GOILNEAA@Out?5of?5Resources@ 0000000000015fc8     BasePrintLib:PrintLibInternal.obj
 0002:00000fe0       ??_C@_0P@EIOJGIF@Volume?5Corrupt@ 0000000000015fe0     BasePrintLib:PrintLibInternal.obj
 0002:00000ff0       ??_C@_0M@HDLEPOFA@Volume?5Full@ 0000000000015ff0     BasePrintLib:PrintLibInternal.obj
 0002:00001000       ??_C@_08KEGAJDNN@No?5Media@ 0000000000016000     BasePrintLib:PrintLibInternal.obj
 0002:00001010       ??_C@_0O@JNCJKCCD@Media?5changed@ 0000000000016010     BasePrintLib:PrintLibInternal.obj
 0002:00001020       ??_C@_09CFCBFJND@Not?5Found@ 0000000000016020     BasePrintLib:PrintLibInternal.obj
 0002:00001030       ??_C@_0O@NFHOBIDO@Access?5Denied@ 0000000000016030     BasePrintLib:PrintLibInternal.obj
 0002:00001040       ??_C@_0M@ENKCBFEP@No?5Response@ 0000000000016040     BasePrintLib:PrintLibInternal.obj
 0002:00001050       ??_C@_0L@IFPBNFC@No?5mapping@ 0000000000016050     BasePrintLib:PrintLibInternal.obj
 0002:00001060       ??_C@_08PAFJCNGP@Time?5out@ 0000000000016060     BasePrintLib:PrintLibInternal.obj
 0002:00001070       ??_C@_0M@DCJFAFHJ@Not?5started@ 0000000000016070     BasePrintLib:PrintLibInternal.obj
 0002:00001080       ??_C@_0BA@IGIBFFPH@Already?5started@ 0000000000016080     BasePrintLib:PrintLibInternal.obj
 0002:00001090       ??_C@_07LCKDCBKK@Aborted@  0000000000016090     BasePrintLib:PrintLibInternal.obj
 0002:00001098       ??_C@_0L@LKIFCMNO@ICMP?5Error@ 0000000000016098     BasePrintLib:PrintLibInternal.obj
 0002:000010a8       ??_C@_0L@DJKNJKHM@TFTP?5Error@ 00000000000160a8     BasePrintLib:PrintLibInternal.obj
 0002:000010b8       ??_C@_0P@NCJHBCLM@Protocol?5Error@ 00000000000160b8     BasePrintLib:PrintLibInternal.obj
 0002:000010c8       ??_C@_0BF@EHOBGFMI@Incompatible?5Version@ 00000000000160c8     BasePrintLib:PrintLibInternal.obj
 0002:000010e0       ??_C@_0BD@KHMPCIOG@Security?5Violation@ 00000000000160e0     BasePrintLib:PrintLibInternal.obj
 0002:000010f8       ??_C@_09BOMAGJEG@CRC?5Error@ 00000000000160f8     BasePrintLib:PrintLibInternal.obj
 0002:00001108       ??_C@_0N@JEJDHPO@End?5of?5Media@ 0000000000016108     BasePrintLib:PrintLibInternal.obj
 0002:00001118       ??_C@_0O@NMJOLAMF@Reserved?5?$CI29?$CJ@ 0000000000016118     BasePrintLib:PrintLibInternal.obj
 0002:00001128       ??_C@_0O@GLPDOMCP@Reserved?5?$CI30?$CJ@ 0000000000016128     BasePrintLib:PrintLibInternal.obj
 0002:00001138       ??_C@_0M@FKGOBENP@End?5of?5File@ 0000000000016138     BasePrintLib:PrintLibInternal.obj
 0002:00001148       ??_C@_0BB@KFJAMCOC@Invalid?5Language@ 0000000000016148     BasePrintLib:PrintLibInternal.obj
 0002:00001160       ??_C@_0BB@MFGDFIJM@Compromised?5Data@ 0000000000016160     BasePrintLib:PrintLibInternal.obj
 0002:00001178       ??_C@_0DH@DJIHJFON@c?3?2edk2?2MdePkg?2Library?2BasePrin@ 0000000000016178     BasePrintLib:PrintLibInternal.obj
 0002:000011b0       ??_C@_0EB@HDGIDCIO@?$CIBufferSize?5?$DM?$DN?5?$CI_gPcd_FixedAtBu@ 00000000000161b0     BasePrintLib:PrintLibInternal.obj
 0002:000011f8       ??_C@_0BJ@PPAKKDJG@?$CIFormat?5?$CB?$DN?5?$CI?$CIvoid?5?$CK?$CJ?50?$CJ?$CJ@ 00000000000161f8     BasePrintLib:PrintLibInternal.obj
 0002:00001220       ??_C@_0ED@LPDDCECB@?$CIBufferSize?5?$DM?$DN?5?$CI_gPcd_FixedAtBu@ 0000000000016220     BasePrintLib:PrintLibInternal.obj
 0002:00001270       ??_C@_0IM@BFJJFLGB@?$CIStrnLenS?5?$CI?$CICHAR16?5?$CK?$CJFormat?0?5?$CI_@ 0000000000016270     BasePrintLib:PrintLibInternal.obj
 0002:00001300       ??_C@_0ID@PLGJGION@?$CIAsciiStrnLenS?5?$CIFormat?0?5?$CI_gPcd_@ 0000000000016300     BasePrintLib:PrintLibInternal.obj
 0002:00001388       ??_C@_0O@MLOLIMFM@?$DMnull?5string?$DO@ 0000000000016388     BasePrintLib:PrintLibInternal.obj
 0002:00001398       ??_C@_0M@BJJDNPHK@?$DMnull?5guid?$DO@ 0000000000016398     BasePrintLib:PrintLibInternal.obj
 0002:000013a8       ??_C@_0DB@PMLHLBMO@?$CF08x?9?$CF04x?9?$CF04x?9?$CF02x?$CF02x?9?$CF02x?$CF02@ 00000000000163a8     BasePrintLib:PrintLibInternal.obj
 0002:000013e0       ??_C@_0M@LHGBCIKM@?$DMnull?5time?$DO@ 00000000000163e0     BasePrintLib:PrintLibInternal.obj
 0002:000013f0       ??_C@_0BK@FCPKCIDD@?$CF02d?1?$CF02d?1?$CF04d?5?5?$CF02d?3?$CF02d@ 00000000000163f0     BasePrintLib:PrintLibInternal.obj
 0002:0000140c       ??_C@_04JIMNDDED@?$CF08X@  000000000001640c     BasePrintLib:PrintLibInternal.obj
 0002:00001414       ??_C@_02PCIJFNDE@?$AN?6@   0000000000016414     BasePrintLib:PrintLibInternal.obj
 0002:00001418       ??_C@_01LIIJDEN@?$AN@      0000000000016418     BasePrintLib:PrintLibInternal.obj
 0002:00001420       ??_C@_0DE@PLOFBNJA@c?3?2edk2?2MdePkg?2Library?2BaseLib?2@ 0000000000016420     BaseLib:DivU64x32Remainder.obj
 0003:00000000       gEfiStatusCodeSpecificDataGuid 0000000000017000     PcdPeim:AutoGen.obj
 0003:00000010       gEfiHobMemoryAllocStackGuid 0000000000017010     PcdPeim:AutoGen.obj
 0003:00000020       gEfiPeiPcdPpiGuid          0000000000017020     PcdPeim:AutoGen.obj
 0003:00000030       gEfiPeiReadOnlyVariable2PpiGuid 0000000000017030     PcdPeim:AutoGen.obj
 0003:00000040       gEfiHobMemoryAllocModuleGuid 0000000000017040     PcdPeim:AutoGen.obj
 0003:00000050       gEfiGetPcdInfoPpiGuid      0000000000017050     PcdPeim:AutoGen.obj
 0003:00000060       gEfiPeiFirmwareVolumeInfo2PpiGuid 0000000000017060     PcdPeim:AutoGen.obj
 0003:00000070       gGetPcdInfoPpiGuid         0000000000017070     PcdPeim:AutoGen.obj
 0003:00000080       gEfiStatusCodeDataTypeDebugGuid 0000000000017080     PcdPeim:AutoGen.obj
 0003:00000090       gEfiFirmwareFileSystem2Guid 0000000000017090     PcdPeim:AutoGen.obj
 0003:000000a0       gPeiNtThunkPpiGuid         00000000000170a0     PcdPeim:AutoGen.obj
 0003:000000b0       gEfiMdeModulePkgTokenSpaceGuid 00000000000170b0     PcdPeim:AutoGen.obj
 0003:000000c0       gEfiEndOfPeiSignalPpiGuid  00000000000170c0     PcdPeim:AutoGen.obj
 0003:000000d0       gPcdDataBaseHobGuid        00000000000170d0     PcdPeim:AutoGen.obj
 0003:000000e0       gEfiHobMemoryAllocBspStoreGuid 00000000000170e0     PcdPeim:AutoGen.obj
 0003:000000f0       gEfiPeiFirmwareVolumeInfoPpiGuid 00000000000170f0     PcdPeim:AutoGen.obj
 0003:00000100       gPcdDataBaseSignatureGuid  0000000000017100     PcdPeim:AutoGen.obj
 0003:00000110       gEfiCallerIdGuid           0000000000017110     PcdPeim:AutoGen.obj
 0003:00000120       gPcdPpiGuid                0000000000017120     PcdPeim:AutoGen.obj
 0003:00000130       mPcdPpiInstance            0000000000017130     PcdPeim:Pcd.obj
 0003:00000228       mEfiGetPcdInfoInstance     0000000000017228     PcdPeim:Pcd.obj
 0003:00000238       mEndOfPeiSignalPpiNotifyList 0000000000017238     PcdPeim:Pcd.obj
 0003:00000250       mEfiPcdPpiInstance         0000000000017250     PcdPeim:Pcd.obj
 0003:000002e0       mPpiList2                  00000000000172e0     PcdPeim:Pcd.obj
 0003:00000310       mPpiList                   0000000000017310     PcdPeim:Pcd.obj
 0003:00000340       mGetPcdInfoInstance        0000000000017340     PcdPeim:Pcd.obj
 0003:00000358       gNullVaList                0000000000017358     <common>
 0003:00000360       mStdOut                    0000000000017360     <common>
 0003:00000368       mWinNt                     0000000000017368     <common>
 0003:00000370       gPeiServices               0000000000017370     <common>

 entry point at        0001:000000a4

 Static symbols

 0000:ffff4000       .debug$S                   0000000000010000     PcdPeim.exp
 0001:0000001a       InternalMemCopyMem.0       000000000001101a     BaseMemoryLibOptPei:CopyMem.obj
 0001:0000002a       @CopyBackward              000000000001102a     BaseMemoryLibOptPei:CopyMem.obj
 0001:00000033       @CopyBytes                 0000000000011033     BaseMemoryLibOptPei:CopyMem.obj
 0004:00000000       .edata                     0000000000018000     PcdPeim.exp
 0004:00000028       rgpv                       0000000000018028     PcdPeim.exp
 0004:0000002c       rgszName                   000000000001802c     PcdPeim.exp
 0004:00000030       rgwOrd                     0000000000018030     PcdPeim.exp
 0004:00000032       szName                     0000000000018032     PcdPeim.exp
 0004:0000003e       $N00001                    000000000001803e     PcdPeim.exp
 0005:00000000       $pdata$SetPtrTypeSize      0000000000019000     PcdPeim:Pcd.obj
 0005:0000000c       $pdata$GetPtrTypeSize      000000000001900c     PcdPeim:Pcd.obj
 0005:00000018       $pdata$PeiPcdGetNextTokenSpace 0000000000019018     PcdPeim:Pcd.obj
 0005:00000024       $pdata$PeiPcdGetNextToken  0000000000019024     PcdPeim:Pcd.obj
 0005:00000030       $pdata$PeiPcdSet8Ex        0000000000019030     PcdPeim:Pcd.obj
 0005:00000030       $pdata$PeiPcdSetBoolEx     0000000000019030     PcdPeim:Pcd.obj
 0005:0000003c       $pdata$PeiPcdSetPtrEx      000000000001903c     PcdPeim:Pcd.obj
 0005:00000048       $pdata$PeiPcdSet64Ex       0000000000019048     PcdPeim:Pcd.obj
 0005:00000054       $pdata$PeiPcdSet32Ex       0000000000019054     PcdPeim:Pcd.obj
 0005:00000060       $pdata$PeiPcdSet16Ex       0000000000019060     PcdPeim:Pcd.obj
 0005:0000006c       $pdata$PeiPcdSet8          000000000001906c     PcdPeim:Pcd.obj
 0005:0000006c       $pdata$PeiPcdSetBool       000000000001906c     PcdPeim:Pcd.obj
 0005:00000078       $pdata$PeiPcdSet64         0000000000019078     PcdPeim:Pcd.obj
 0005:00000084       $pdata$PeiPcdSet32         0000000000019084     PcdPeim:Pcd.obj
 0005:00000090       $pdata$PeiPcdSet16         0000000000019090     PcdPeim:Pcd.obj
 0005:0000009c       $pdata$PeiPcdGetSizeEx     000000000001909c     PcdPeim:Pcd.obj
 0005:000000a8       $pdata$PeiPcdGet8Ex        00000000000190a8     PcdPeim:Pcd.obj
 0005:000000a8       $pdata$PeiPcdGetBoolEx     00000000000190a8     PcdPeim:Pcd.obj
 0005:000000b4       $pdata$PeiPcdGetPtrEx      00000000000190b4     PcdPeim:Pcd.obj
 0005:000000c0       $pdata$PeiPcdGet64Ex       00000000000190c0     PcdPeim:Pcd.obj
 0005:000000cc       $pdata$PeiPcdGet32Ex       00000000000190cc     PcdPeim:Pcd.obj
 0005:000000d8       $pdata$PeiPcdGet16Ex       00000000000190d8     PcdPeim:Pcd.obj
 0005:000000e4       $pdata$PeiPcdGetSize       00000000000190e4     PcdPeim:Pcd.obj
 0005:000000f0       $pdata$PeiPcdGetBool       00000000000190f0     PcdPeim:Pcd.obj
 0005:000000f0       $pdata$PeiPcdGet8          00000000000190f0     PcdPeim:Pcd.obj
 0005:000000fc       $pdata$PeiPcdGet64         00000000000190fc     PcdPeim:Pcd.obj
 0005:00000108       $pdata$PeiPcdGet32         0000000000019108     PcdPeim:Pcd.obj
 0005:00000114       $pdata$PeiPcdGet16         0000000000019114     PcdPeim:Pcd.obj
 0005:00000120       $pdata$PeiPcdSetSku        0000000000019120     PcdPeim:Pcd.obj
 0005:0000012c       $pdata$PeiGetPcdInfoGetSku 000000000001912c     PcdPeim:Pcd.obj
 0005:00000138       $pdata$EndOfPeiSignalPpiNotifyCallback 0000000000019138     PcdPeim:Pcd.obj
 0005:00000144       $pdata$PcdSetNvStoreDefaultIdCallBack 0000000000019144     PcdPeim:Pcd.obj
 0005:00000150       $pdata$PcdPeimInit         0000000000019150     PcdPeim:Pcd.obj
 0005:0000015c       $pdata$InvokeCallbackOnSet 000000000001915c     PcdPeim:Service.obj
 0005:00000168       $pdata$GetHiiVariable      0000000000019168     PcdPeim:Service.obj
 0005:00000174       $pdata$ExGetPcdInfo        0000000000019174     PcdPeim:Service.obj
 0005:00000180       $pdata$GetPcdName          0000000000019180     PcdPeim:Service.obj
 0005:0000018c       $pdata$GetPcdType          000000000001918c     PcdPeim:Service.obj
 0005:00000198       $pdata$ExSetWorker         0000000000019198     PcdPeim:Service.obj
 0005:000001a4       $pdata$PeiRegisterCallBackWorker 00000000000191a4     PcdPeim:Service.obj
 0005:000001b0       $pdata$GetWorker           00000000000191b0     PcdPeim:Service.obj
 0005:000001bc       $pdata$GetPcdDatabase      00000000000191bc     PcdPeim:Service.obj
 0005:000001c8       $pdata$GetExPcdTokenNumber 00000000000191c8     PcdPeim:Service.obj
 0005:000001d4       $pdata$SetWorker           00000000000191d4     PcdPeim:Service.obj
 0005:000001e0       $pdata$PeiGetPcdInfo       00000000000191e0     PcdPeim:Service.obj
 0005:000001ec       $pdata$AllocatePool        00000000000191ec     PeiMemoryAllocationLib:MemoryAllocationLib.obj
 0005:000001f8       $pdata$AllocateCopyPool    00000000000191f8     PeiMemoryAllocationLib:MemoryAllocationLib.obj
 0005:00000204       $pdata$DebugPrint          0000000000019204     PeiDxeDebugLibReportStatusCode:DebugLib.obj
 0005:00000210       $pdata$DebugAssert         0000000000019210     PeiDxeDebugLibReportStatusCode:DebugLib.obj
 0005:0000021c       $pdata$ReadUnaligned64     000000000001921c     BaseLib:Unaligned.obj
 0005:00000228       $pdata$ReadUnaligned16     0000000000019228     BaseLib:Unaligned.obj
 0005:00000234       $pdata$AsciiStrLen         0000000000019234     BaseLib:String.obj
 0005:00000240       $pdata$StrnLenS            0000000000019240     BaseLib:SafeString.obj
 0005:0000024c       $pdata$AsciiStrnCpyS       000000000001924c     BaseLib:SafeString.obj
 0005:00000258       $pdata$AsciiStrCatS        0000000000019258     BaseLib:SafeString.obj
 0005:00000264       $pdata$InternalPeiCreateHob 0000000000019264     PeiHobLib:HobLib.obj
 0005:00000270       $pdata$GetNextHob          0000000000019270     PeiHobLib:HobLib.obj
 0005:0000027c       $pdata$GetHobList          000000000001927c     PeiHobLib:HobLib.obj
 0005:00000288       $pdata$GetFirstGuidHob     0000000000019288     PeiHobLib:HobLib.obj
 0005:00000294       $pdata$BuildGuidHob        0000000000019294     PeiHobLib:HobLib.obj
 0005:000002a0       $pdata$CopyMem             00000000000192a0     BaseMemoryLibOptPei:CopyMemWrapper.obj
 0005:000002ac       $pdata$CopyGuid            00000000000192ac     BaseMemoryLibOptPei:MemLibGuid.obj
 0005:000002b8       $pdata$CompareGuid         00000000000192b8     BaseMemoryLibOptPei:MemLibGuid.obj
 0005:000002c4       $pdata$ScanGuid            00000000000192c4     BaseMemoryLibOptPei:MemLibGuid.obj
 0005:000002d0       $pdata$ZeroMem             00000000000192d0     BaseMemoryLibOptPei:ZeroMemWrapper.obj
 0005:000002dc       $pdata$GetPeiServicesTablePointer 00000000000192dc     PeiServicesTablePointerLib:PeiServicesTablePointer.obj
 0005:000002e8       $pdata$InternalReportStatusCode 00000000000192e8     PeiReportStatusCodeLib:ReportStatusCodeLib.obj
 0005:000002f4       $pdata$ReportStatusCodeEx  00000000000192f4     PeiReportStatusCodeLib:ReportStatusCodeLib.obj
 0005:00000300       $pdata$OemHookStatusCodeReport 0000000000019300     PeiNt32OemHookStatusCodeLib:Nt32OemHookStatusCodeLib.obj
 0005:0000030c       $pdata$AsciiSPrint         000000000001930c     BasePrintLib:PrintLib.obj
 0005:00000318       $pdata$BasePrintLibSPrint  0000000000019318     BasePrintLib:PrintLibInternal.obj
 0005:00000324       $pdata$BasePrintLibValueToString 0000000000019324     BasePrintLib:PrintLibInternal.obj
 0005:00000330       $pdata$BasePrintLibSPrintMarker 0000000000019330     BasePrintLib:PrintLibInternal.obj
 0006:00000000       $unwind$PcdSetNvStoreDefaultIdCallBack 000000000001a000     PcdPeim:Pcd.obj
 0006:0000001c       $unwind$EndOfPeiSignalPpiNotifyCallback 000000000001a01c     PcdPeim:Pcd.obj
 0006:00000030       $unwind$PcdPeimInit        000000000001a030     PcdPeim:Pcd.obj
 0006:00000044       $unwind$PeiPcdGetBoolEx    000000000001a044     PcdPeim:Pcd.obj
 0006:00000044       $unwind$PeiGetPcdInfoGetSku 000000000001a044     PcdPeim:Pcd.obj
 0006:00000044       $unwind$GetPeiServicesTablePointer 000000000001a044     PeiServicesTablePointerLib:PeiServicesTablePointer.obj
 0006:00000044       $unwind$PeiPcdGetSizeEx    000000000001a044     PcdPeim:Pcd.obj
 0006:00000044       $unwind$PeiPcdGet64Ex      000000000001a044     PcdPeim:Pcd.obj
 0006:00000044       $unwind$PeiPcdGet8         000000000001a044     PcdPeim:Pcd.obj
 0006:00000044       $unwind$GetPcdType         000000000001a044     PcdPeim:Service.obj
 0006:00000044       $unwind$PeiPcdGet16        000000000001a044     PcdPeim:Pcd.obj
 0006:00000044       $unwind$PeiPcdGet16Ex      000000000001a044     PcdPeim:Pcd.obj
 0006:00000044       $unwind$PeiPcdGetPtrEx     000000000001a044     PcdPeim:Pcd.obj
 0006:00000044       $unwind$PeiPcdGet8Ex       000000000001a044     PcdPeim:Pcd.obj
 0006:00000044       $unwind$PeiPcdGet64        000000000001a044     PcdPeim:Pcd.obj
 0006:00000044       $unwind$GetHobList         000000000001a044     PeiHobLib:HobLib.obj
 0006:00000044       $unwind$PeiPcdGetBool      000000000001a044     PcdPeim:Pcd.obj
 0006:0000004c       $unwind$PeiPcdSetSku       000000000001a04c     PcdPeim:Pcd.obj
 0006:00000060       $unwind$AllocatePool       000000000001a060     PeiMemoryAllocationLib:MemoryAllocationLib.obj
 0006:00000060       $unwind$GetNextHob         000000000001a060     PeiHobLib:HobLib.obj
 0006:00000060       $unwind$ReadUnaligned64    000000000001a060     BaseLib:Unaligned.obj
 0006:00000060       $unwind$PeiPcdGet32        000000000001a060     PcdPeim:Pcd.obj
 0006:00000060       $unwind$InternalPeiCreateHob 000000000001a060     PeiHobLib:HobLib.obj
 0006:00000060       $unwind$StrnLenS           000000000001a060     BaseLib:SafeString.obj
 0006:00000060       $unwind$PeiPcdGet32Ex      000000000001a060     PcdPeim:Pcd.obj
 0006:00000060       $unwind$ReadUnaligned16    000000000001a060     BaseLib:Unaligned.obj
 0006:00000060       $unwind$GetPcdDatabase     000000000001a060     PcdPeim:Service.obj
 0006:00000068       $unwind$PeiPcdGetSize      000000000001a068     PcdPeim:Pcd.obj
 0006:00000074       $unwind$PeiPcdSet8         000000000001a074     PcdPeim:Pcd.obj
 0006:00000074       $unwind$PeiPcdSet32        000000000001a074     PcdPeim:Pcd.obj
 0006:00000074       $unwind$PeiPcdSetBool      000000000001a074     PcdPeim:Pcd.obj
 0006:0000007c       $unwind$PeiPcdSet64        000000000001a07c     PcdPeim:Pcd.obj
 0006:0000007c       $unwind$PeiPcdSet16        000000000001a07c     PcdPeim:Pcd.obj
 0006:00000084       $unwind$PeiPcdSetBoolEx    000000000001a084     PcdPeim:Pcd.obj
 0006:00000084       $unwind$BasePrintLibSPrint 000000000001a084     BasePrintLib:PrintLibInternal.obj
 0006:00000084       $unwind$PeiPcdSet64Ex      000000000001a084     PcdPeim:Pcd.obj
 0006:00000084       $unwind$PeiPcdSet8Ex       000000000001a084     PcdPeim:Pcd.obj
 0006:00000084       $unwind$PeiPcdSet32Ex      000000000001a084     PcdPeim:Pcd.obj
 0006:0000008c       $unwind$PeiPcdSet16Ex      000000000001a08c     PcdPeim:Pcd.obj
 0006:00000094       $unwind$PeiPcdSetPtrEx     000000000001a094     PcdPeim:Pcd.obj
 0006:0000009c       $unwind$PeiPcdGetNextTokenSpace 000000000001a09c     PcdPeim:Pcd.obj
 0006:0000009c       $unwind$PeiPcdGetNextToken 000000000001a09c     PcdPeim:Pcd.obj
 0006:0000009c       $unwind$AsciiStrCatS       000000000001a09c     BaseLib:SafeString.obj
 0006:0000009c       $unwind$PeiGetPcdInfo      000000000001a09c     PcdPeim:Service.obj
 0006:0000009c       $unwind$ExGetPcdInfo       000000000001a09c     PcdPeim:Service.obj
 0006:000000b4       $unwind$GetPtrTypeSize     000000000001a0b4     PcdPeim:Pcd.obj
 0006:000000c8       $unwind$SetPtrTypeSize     000000000001a0c8     PcdPeim:Pcd.obj
 0006:000000c8       $unwind$GetPcdName         000000000001a0c8     PcdPeim:Service.obj
 0006:000000c8       $unwind$ScanGuid           000000000001a0c8     BaseMemoryLibOptPei:MemLibGuid.obj
 0006:000000c8       $unwind$CopyMem            000000000001a0c8     BaseMemoryLibOptPei:CopyMemWrapper.obj
 0006:000000c8       $unwind$BasePrintLibValueToString 000000000001a0c8     BasePrintLib:PrintLibInternal.obj
 0006:000000c8       $unwind$CompareGuid        000000000001a0c8     BaseMemoryLibOptPei:MemLibGuid.obj
 0006:000000dc       $unwind$PeiRegisterCallBackWorker 000000000001a0dc     PcdPeim:Service.obj
 0006:000000f8       $unwind$GetHiiVariable     000000000001a0f8     PcdPeim:Service.obj
 0006:00000110       $unwind$GetExPcdTokenNumber 000000000001a110     PcdPeim:Service.obj
 0006:00000110       $unwind$InvokeCallbackOnSet 000000000001a110     PcdPeim:Service.obj
 0006:00000128       $unwind$SetWorker          000000000001a128     PcdPeim:Service.obj
 0006:00000144       $unwind$ExSetWorker        000000000001a144     PcdPeim:Service.obj
 0006:0000015c       $unwind$GetWorker          000000000001a15c     PcdPeim:Service.obj
 0006:00000170       $unwind$AllocateCopyPool   000000000001a170     PeiMemoryAllocationLib:MemoryAllocationLib.obj
 0006:00000170       $unwind$BuildGuidHob       000000000001a170     PeiHobLib:HobLib.obj
 0006:00000170       $unwind$GetFirstGuidHob    000000000001a170     PeiHobLib:HobLib.obj
 0006:00000170       $unwind$ZeroMem            000000000001a170     BaseMemoryLibOptPei:ZeroMemWrapper.obj
 0006:00000170       $unwind$AsciiStrLen        000000000001a170     BaseLib:String.obj
 0006:0000017c       $unwind$DebugPrint         000000000001a17c     PeiDxeDebugLibReportStatusCode:DebugLib.obj
 0006:0000018c       $unwind$DebugAssert        000000000001a18c     PeiDxeDebugLibReportStatusCode:DebugLib.obj
 0006:000001a8       $unwind$AsciiStrnCpyS      000000000001a1a8     BaseLib:SafeString.obj
 0006:000001a8       $unwind$CopyGuid           000000000001a1a8     BaseMemoryLibOptPei:MemLibGuid.obj
 0006:000001b8       $unwind$InternalReportStatusCode 000000000001a1b8     PeiReportStatusCodeLib:ReportStatusCodeLib.obj
 0006:000001d0       $unwind$ReportStatusCodeEx 000000000001a1d0     PeiReportStatusCodeLib:ReportStatusCodeLib.obj
 0006:000001e4       $unwind$OemHookStatusCodeReport 000000000001a1e4     PeiNt32OemHookStatusCodeLib:Nt32OemHookStatusCodeLib.obj
 0006:00000204       $unwind$AsciiSPrint        000000000001a204     BasePrintLib:PrintLib.obj
 0006:0000020c       $unwind$BasePrintLibSPrintMarker 000000000001a20c     BasePrintLib:PrintLibInternal.obj
