 MiscSubclass

 Timestamp is 5c23c309 (Thu Dec 27 02:06:01 2018)

 Preferred load address is 0000000000010000

 Start         Length     Name                   Class
 0001:00000000 00000130H .text                   CODE
 0001:00000130 000031e3H .text$mn                CODE
 0002:00000000 00000ff4H .rdata                  DATA
 0002:00000ff4 00000144H .rdata$zzzdbg           DATA
 0003:00000000 00000b30H .data                   DATA
 0003:00000b30 000000b8H .bss                    DATA
 0004:00000000 00000054H .edata                  DATA
 0005:00000000 00000270H .pdata                  DATA
 0006:00000000 00000268H .xdata                  DATA

  Address         Publics by Value              Rva+Base               Lib:Object

 0000:00000000       __guard_fids_count         0000000000000000     <absolute>
 0000:00000000       __dynamic_value_reloc_table 0000000000000000     <absolute>
 0000:00000000       __guard_longjmp_count      0000000000000000     <absolute>
 0000:00000000       __guard_longjmp_table      0000000000000000     <absolute>
 0000:00000000       __guard_iat_table          0000000000000000     <absolute>
 0000:00000000       __hybrid_code_map          0000000000000000     <absolute>
 0000:00000000       __guard_iat_count          0000000000000000     <absolute>
 0000:00000000       __hybrid_auxiliary_iat     0000000000000000     <absolute>
 0000:00000000       __volatile_metadata        0000000000000000     <absolute>
 0000:00000000       __hybrid_code_map_count    0000000000000000     <absolute>
 0000:00000000       __enclave_config           0000000000000000     <absolute>
 0000:00000000       __guard_fids_table         0000000000000000     <absolute>
 0000:00000100       __guard_flags              0000000000000100     <absolute>
 0001:00000000       InternalMemCopyMem         0000000000011000     BaseMemoryLibOptDxe:CopyMem.obj
 0001:00000080       InternalMemZeroMem         0000000000011080     BaseMemoryLibOptDxe:ZeroMem.obj
 0001:000000a0       InternalMemSetMem          00000000000110a0     BaseMemoryLibOptDxe:SetMem.obj
 0001:000000e0       InternalMemSetMem64        00000000000110e0     BaseMemoryLibOptDxe:SetMem64.obj
 0001:00000100       InternalMemSetMem32        0000000000011100     BaseMemoryLibOptDxe:SetMem32.obj
 0001:00000110       InternalMemCompareMem      0000000000011110     BaseMemoryLibOptDxe:CompareMem.obj
 0001:00000130       _ModuleEntryPoint          0000000000011130 f   UefiDriverEntryPoint:DriverEntryPoint.obj
 0001:00000178       ProcessLibraryConstructorList 0000000000011178 f   MiscSubclass:AutoGen.obj
 0001:0000044c       ProcessLibraryDestructorList 000000000001144c f   MiscSubclass:AutoGen.obj
 0001:000004a4       ProcessModuleEntryPointList 00000000000114a4 f   MiscSubclass:AutoGen.obj
 0001:00000594       LogMemorySmbiosRecord      0000000000011594 f   MiscSubclass:MiscSubclassDriverEntryPoint.obj
 0001:000007c4       MiscChassisManufacturerFunction 00000000000117c4 f   MiscSubclass:MiscChassisManufacturerFunction.obj
 0001:000009f0       CurrentLanguageMatch       00000000000119f0 f   MiscSubclass:MiscNumberOfInstallableLanguagesFunction.obj
 0001:00000b0c       GetSupportedLanguageNumber 0000000000011b0c f   MiscSubclass:MiscNumberOfInstallableLanguagesFunction.obj
 0001:00000be4       NumberOfInstallableLanguagesFunction 0000000000011be4 f   MiscSubclass:MiscNumberOfInstallableLanguagesFunction.obj
 0001:00000ccc       OemStringFunction          0000000000011ccc f   MiscSubclass:MiscOemStringFunction.obj
 0001:00000d8c       SystemLanguageStringFunction 0000000000011d8c f   MiscSubclass:MiscSystemLanguageStringFunction.obj
 0001:00000e54       MiscBiosVendorFunction     0000000000011e54 f   MiscSubclass:MiscBiosVendorFunction.obj
 0001:00001014       MiscSystemSlotDesignationFunction 0000000000012014 f   MiscSubclass:MiscSystemSlotDesignationFunction.obj
 0001:00001128       MiscPortInternalConnectorDesignatorFunction 0000000000012128 f   MiscSubclass:MiscPortInternalConnectorDesignatorFunction.obj
 0001:000012d0       BootInformationStatusFunction 00000000000122d0 f   MiscSubclass:MiscBootInformationFunction.obj
 0001:00001360       MiscBaseBoardManufacturerFunction 0000000000012360 f   MiscSubclass:MiscBaseBoardManufacturerFunction.obj
 0001:000015a0       SystemOptionStringFunction 00000000000125a0 f   MiscSubclass:MiscSystemOptionStringFunction.obj
 0001:00001660       MiscResetCapabilitiesFunction 0000000000012660 f   MiscSubclass:MiscResetCapabilitiesFunction.obj
 0001:00001710       MiscSystemManufacturerFunction 0000000000012710 f   MiscSubclass:MiscSystemManufacturerFunction.obj
 0001:000018b4       GetPcdProtocol             00000000000128b4 f   DxePcdLib:DxePcdLib.obj
 0001:00001940       StrLen                     0000000000012940 f   BaseLib:String.obj
 0001:000019d4       UnicodeStrToAsciiStr       00000000000129d4 f   BaseLib:String.obj
 0001:00001b10       AsciiStrCpy                0000000000012b10 f   BaseLib:String.obj
 0001:00001bb4       AsciiStrLen                0000000000012bb4 f   BaseLib:String.obj
 0001:00001c20       AsciiStrnCmp               0000000000012c20 f   BaseLib:String.obj
 0001:00001cec       StrnLenS                   0000000000012cec f   BaseLib:SafeString.obj
 0001:00001d44       AsciiStrnLenS              0000000000012d44 f   BaseLib:SafeString.obj
 0001:00001d70       AsciiStrnCpyS              0000000000012d70 f   BaseLib:SafeString.obj
 0001:00001e6c       DebugPrint                 0000000000012e6c f   PeiDxeDebugLibReportStatusCode:DebugLib.obj
 0001:00002040       DebugAssert                0000000000013040 f   PeiDxeDebugLibReportStatusCode:DebugLib.obj
 0001:00002190       CopyMem                    0000000000013190 f   BaseMemoryLibOptDxe:CopyMemWrapper.obj
 0001:0000222c       ZeroMem                    000000000001322c f   BaseMemoryLibOptDxe:ZeroMemWrapper.obj
 0001:00002290       CopyGuid                   0000000000013290 f   BaseMemoryLibOptDxe:MemLibGuid.obj
 0001:00002314       CompareGuid                0000000000013314 f   BaseMemoryLibOptDxe:MemLibGuid.obj
 0001:0000237c       InternalAllocatePool       000000000001337c f   UefiMemoryAllocationLib:MemoryAllocationLib.obj
 0001:000023ac       AllocateZeroPool           00000000000133ac f   UefiMemoryAllocationLib:MemoryAllocationLib.obj
 0001:000023d8       FreePool                   00000000000133d8 f   UefiMemoryAllocationLib:MemoryAllocationLib.obj
 0001:0000241c       GetEfiGlobalVariable2      000000000001341c f   UefiLib:UefiLib.obj
 0001:00002514       GetBestLanguage            0000000000013514 f   UefiLib:UefiLib.obj
 0001:00002658       GetHobList                 0000000000013658 f   DxeHobLib:HobLib.obj
 0001:00002738       GetNextHob                 0000000000013738 f   DxeHobLib:HobLib.obj
 0001:00002788       GetDebugPrintErrorLevel    0000000000013788 f   DxeDebugPrintErrorLevelLib:DxeDebugPrintErrorLevelLib.obj
 0001:000028a4       GetDebugMask               00000000000138a4 f   DxeDebugPrintErrorLevelLib:DxeDebugPrintErrorLevelLib.obj
 0001:000028c0       SetDebugMask               00000000000138c0 f   DxeDebugPrintErrorLevelLib:DxeDebugPrintErrorLevelLib.obj
 0001:000028cc       InternalHiiExtractGuidFromHiiHandle 00000000000138cc f   UefiHiiLib:HiiLib.obj
 0001:000029ec       HiiAddPackages             00000000000139ec f   UefiHiiLib:HiiLib.obj
 0001:00002b28       HiiGetHiiHandles           0000000000013b28 f   UefiHiiLib:HiiLib.obj
 0001:00002c50       HiiSetString               0000000000013c50 f   UefiHiiLib:HiiString.obj
 0001:00002da0       HiiGetPackageString        0000000000013da0 f   UefiHiiLib:HiiString.obj
 0001:00002dd8       HiiGetString               0000000000013dd8 f   UefiHiiLib:HiiString.obj
 0001:00002f74       HiiGetSupportedLanguages   0000000000013f74 f   UefiHiiLib:HiiLanguage.obj
 0001:00003018       InternalReportStatusCode   0000000000014018 f   DxeReportStatusCodeLib:ReportStatusCodeLib.obj
 0001:000030e0       ReportStatusCodeEx         00000000000140e0 f   DxeReportStatusCodeLib:ReportStatusCodeLib.obj
 0001:000032b4       ReadUnaligned32            00000000000142b4 f   BaseLib:Unaligned.obj
 0001:000032e4       ReadUnaligned64            00000000000142e4 f   BaseLib:Unaligned.obj
 0002:00000000       ??_C@_0CB@DMEJJJHA@?6ASSERT_EFI_ERROR?5?$CIStatus?5?$DN?5?$CFr?$CJ@ 0000000000015000     UefiDriverEntryPoint:DriverEntryPoint.obj
 0002:00000028       ??_C@_0BE@DCHLEIGN@?$CBEFI_ERROR?5?$CIStatus?$CJ@ 0000000000015028     UefiDriverEntryPoint:DriverEntryPoint.obj
 0002:00000040       _gDriverUnloadImageCount   0000000000015040     MiscSubclass:AutoGen.obj
 0002:00000041       _gPcd_FixedAtBuild_PcdReportStatusCodePropertyMask 0000000000015041     MiscSubclass:AutoGen.obj
 0002:00000042       _gPcd_FixedAtBuild_PcdDebugPropertyMask 0000000000015042     MiscSubclass:AutoGen.obj
 0002:00000044       _gUefiDriverRevision       0000000000015044     MiscSubclass:AutoGen.obj
 0002:00000048       _gPcd_FixedAtBuild_PcdMaximumUnicodeStringLength 0000000000015048     MiscSubclass:AutoGen.obj
 0002:0000004c       _gPcd_FixedAtBuild_PcdUefiVariableDefaultPlatformLang 000000000001504c     MiscSubclass:AutoGen.obj
 0002:00000054       _gPcd_FixedAtBuild_PcdFirmwareVersionString 0000000000015054     MiscSubclass:AutoGen.obj
 0002:00000058       _gPcd_FixedAtBuild_PcdFirmwareReleaseDateString 0000000000015058     MiscSubclass:AutoGen.obj
 0002:0000005c       _gPcd_FixedAtBuild_PcdDebugPrintErrorLevel 000000000001505c     MiscSubclass:AutoGen.obj
 0002:00000060       _gPcd_FixedAtBuild_PcdFixedDebugPrintErrorLevel 0000000000015060     MiscSubclass:AutoGen.obj
 0002:00000064       _gPcd_FixedAtBuild_PcdMaximumAsciiStringLength 0000000000015064     MiscSubclass:AutoGen.obj
 0002:00000068       gEfiCallerBaseName         0000000000015068     MiscSubclass:AutoGen.obj
 0002:00000070       mMiscSubclassDataTableEntries 0000000000015070     MiscSubclass:MiscSubclassDriverDataTable.obj
 0002:00000078       mUefiDevicePathLibEndDevicePath 0000000000015078     UefiDevicePathLibDevicePathProtocol:UefiDevicePathLib.obj
 0002:00000080       mConfigHdrTemplate         0000000000015080     UefiHiiLib:HiiLib.obj
 0002:000000f0       mEndOfPakageList           00000000000150f0     UefiHiiLib:HiiLib.obj
 0002:000000f8       ??_C@_0N@FCBKKBNJ@MiscSubclass@ 00000000000150f8     MiscSubclass:AutoGen.obj
 0002:00000110       ??_C@_0GP@GEGMJFMH@c?3?2edk2?2Build?2NT32X64?2DEBUG_VS2@ 0000000000015110     MiscSubclass:AutoGen.obj
 0002:00000180       ??_C@_0EH@KLAGNCMB@c?3?2edk2?2Nt32Pkg?2MiscSubClassPla@ 0000000000015180     MiscSubclass:MiscSubclassDriverEntryPoint.obj
 0002:000001c8       ??_C@_0CH@GHLBLNEP@Could?5not?5locate?5SMBIOS?5protoco@ 00000000000151c8     MiscSubclass:MiscSubclassDriverEntryPoint.obj
 0002:000001f0       ??_C@_0BL@MNAEHLEJ@mHiiHandle?5?$CB?$DN?5?$CI?$CIvoid?5?$CK?$CJ?50?$CJ@ 00000000000151f0     MiscSubclass:MiscSubclassDriverEntryPoint.obj
 0002:00000210       ??_C@_0DF@DLIJHCMA@Misc?5smbios?5store?5error?4?5?5Index@ 0000000000015210     MiscSubclass:MiscSubclassDriverEntryPoint.obj
 0002:00000248       ??_C@_1BK@GGGENMOA@?$AAP?$AAl?$AAa?$AAt?$AAf?$AAo?$AAr?$AAm?$AAL?$AAa?$AAn?$AAg@ 0000000000015248     MiscSubclass:MiscNumberOfInstallableLanguagesFunction.obj
 0002:00000262       ??_C@_00CNPNBAHC@@         0000000000015262     MiscSubclass:MiscNumberOfInstallableLanguagesFunction.obj
 0002:00000268       ??_C@_0BF@MALOOLKL@?$CKEndMatchLang?5?$DN?$DN?5?8?$DL?8@ 0000000000015268     MiscSubclass:MiscNumberOfInstallableLanguagesFunction.obj
 0002:00000280       ??_C@_0FD@GHLMBMLM@c?3?2edk2?2Nt32Pkg?2MiscSubClassPla@ 0000000000015280     MiscSubclass:MiscNumberOfInstallableLanguagesFunction.obj
 0002:000002d8       ??_C@_0CN@HFOFBDHA@c?3?2edk2?2MdePkg?2Library?2DxePcdLi@ 00000000000152d8     DxePcdLib:DxePcdLib.obj
 0002:00000308       ??_C@_0BF@OOKDELHM@mPcd?5?$CB?$DN?5?$CI?$CIvoid?5?$CK?$CJ?50?$CJ@ 0000000000015308     DxePcdLib:DxePcdLib.obj
 0002:00000320       ??_C@_0BF@PEDOPNMP@Guid?5?$CB?$DN?5?$CI?$CIvoid?5?$CK?$CJ?50?$CJ@ 0000000000015320     DxePcdLib:DxePcdLib.obj
 0002:00000338       ??_C@_0BH@IACGKAP@Buffer?5?$CB?$DN?5?$CI?$CIvoid?5?$CK?$CJ?50?$CJ@ 0000000000015338     DxePcdLib:DxePcdLib.obj
 0002:00000350       ??_C@_0BM@NLNKOJGD@Destination?5?$CB?$DN?5?$CI?$CIvoid?5?$CK?$CJ?50?$CJ@ 0000000000015350     BaseLib:String.obj
 0002:00000370       ??_C@_0CI@BEFOLLLE@c?3?2edk2?2MdePkg?2Library?2BaseLib?2@ 0000000000015370     BaseLib:String.obj
 0002:00000398       ??_C@_0BH@MAAHKCPC@String?5?$CB?$DN?5?$CI?$CIvoid?5?$CK?$CJ?50?$CJ@ 0000000000015398     BaseLib:String.obj
 0002:000003b0       ??_C@_0CD@BDCLIGHD@?$CI?$CIUINTN?$CJ?5String?5?$CG?50x00000001?$CJ?5?$DN@ 00000000000153b0     BaseLib:String.obj
 0002:000003d8       ??_C@_0DK@EOJCOAME@Length?5?$DM?5_gPcd_FixedAtBuild_Pcd@ 00000000000153d8     BaseLib:String.obj
 0002:00000418       ??_C@_0BG@JJELHOCA@StrSize?5?$CISource?$CJ?5?$CB?$DN?50@ 0000000000015418     BaseLib:String.obj
 0002:00000430       ??_C@_0DN@HIFCOCOI@?$CIUINTN?$CJ?5?$CIDestination?5?9?5?$CICHAR8?5?$CK@ 0000000000015430     BaseLib:String.obj
 0002:00000470       ??_C@_0DL@LACPINOG@?$CIUINTN?$CJ?5?$CI?$CICHAR8?5?$CK?$CJ?5Source?5?9?5Des@ 0000000000015470     BaseLib:String.obj
 0002:000004b0       ??_C@_0BA@MFHLDCJH@?$CKSource?5?$DM?50x100@ 00000000000154b0     BaseLib:String.obj
 0002:000004c0       ??_C@_0CA@FFIBMAAF@AsciiStrSize?5?$CIReturnValue?$CJ?5?$CB?$DN?50@ 00000000000154c0     BaseLib:String.obj
 0002:000004e0       ??_C@_0DF@CDKFFDDI@?$CIUINTN?$CJ?$CIDestination?5?9?5Source?$CJ?5?$DO@ 00000000000154e0     BaseLib:String.obj
 0002:00000518       ??_C@_0DF@CCGJKFCO@?$CIUINTN?$CJ?$CISource?5?9?5Destination?$CJ?5?$DO@ 0000000000015518     BaseLib:String.obj
 0002:00000550       ??_C@_0DJ@JJHGIFMP@Length?5?$DM?$DN?5_gPcd_FixedAtBuild_Pc@ 0000000000015550     BaseLib:String.obj
 0002:00000590       ??_C@_0DI@MDIKFADO@Length?5?$DM?5_gPcd_FixedAtBuild_Pcd@ 0000000000015590     BaseLib:String.obj
 0002:000005c8       ??_C@_0BL@IKFBNFIL@AsciiStrSize?5?$CIFirstString?$CJ@ 00000000000155c8     BaseLib:String.obj
 0002:000005e8       ??_C@_0BM@EDNOKLLE@AsciiStrSize?5?$CISecondString?$CJ@ 00000000000155e8     BaseLib:String.obj
 0002:00000608       ??_C@_0CM@GBAFEFEA@c?3?2edk2?2MdePkg?2Library?2BaseLib?2@ 0000000000015608     BaseLib:SafeString.obj
 0002:00000638       ??_C@_0BO@ECNIOIHG@?$CIDestination?5?$CB?$DN?5?$CI?$CIvoid?5?$CK?$CJ?50?$CJ?$CJ@ 0000000000015638     BaseLib:SafeString.obj
 0002:00000658       ??_C@_0BJ@EAEEJIP@?$CISource?5?$CB?$DN?5?$CI?$CIvoid?5?$CK?$CJ?50?$CJ?$CJ@ 0000000000015658     BaseLib:SafeString.obj
 0002:00000678       ??_C@_0BJ@MBBOBCLN@?$CIString?5?$CB?$DN?5?$CI?$CIvoid?5?$CK?$CJ?50?$CJ?$CJ@ 0000000000015678     BaseLib:SafeString.obj
 0002:000006a0       ??_C@_0IC@CFBPEAPC@?$CIStrnLenS?5?$CIString?0?5?$CI_gPcd_Fixed@ 00000000000156a0     BaseLib:SafeString.obj
 0002:00000730       ??_C@_0FL@CDANCHFO@InternalSafeStringNoAsciiStrOve@ 0000000000015730     BaseLib:SafeString.obj
 0002:00000790       ??_C@_0BH@LKMBFCBF@Format?5?$CB?$DN?5?$CI?$CIvoid?5?$CK?$CJ?50?$CJ@ 0000000000015790     PeiDxeDebugLibReportStatusCode:DebugLib.obj
 0002:000007b0       ??_C@_0EH@EMGPELNE@c?3?2edk2?2MdeModulePkg?2Library?2Pe@ 00000000000157b0     PeiDxeDebugLibReportStatusCode:DebugLib.obj
 0002:000007f8       ??_C@_0CI@HIINONDG@?$CICHAR8?5?$CK?$CJBaseListMarker?5?$DM?$DN?5Form@ 00000000000157f8     PeiDxeDebugLibReportStatusCode:DebugLib.obj
 0002:00000820       ??_C@_01OHGJGJJP@?$FL@     0000000000015820     PeiDxeDebugLibReportStatusCode:DebugLib.obj
 0002:00000824       ??_C@_02PBFOLPKM@?$FN?5@   0000000000015824     PeiDxeDebugLibReportStatusCode:DebugLib.obj
 0002:00000830       ??_C@_0ED@MKGCMJG@?$CILength?5?9?51?$CJ?5?$DM?$DN?5?$CI0xFFFFFFFFFFFF@ 0000000000015830     BaseMemoryLibOptDxe:CopyMemWrapper.obj
 0002:00000878       ??_C@_0DM@DBGKHDAI@c?3?2edk2?2MdePkg?2Library?2BaseMemo@ 0000000000015878     BaseMemoryLibOptDxe:CopyMemWrapper.obj
 0002:000008b8       ??_C@_0DO@MAOBOFEG@?$CILength?5?9?51?$CJ?5?$DM?$DN?5?$CI0xFFFFFFFFFFFF@ 00000000000158b8     BaseMemoryLibOptDxe:CopyMemWrapper.obj
 0002:000008f8       ??_C@_0DM@IFMIBCMP@c?3?2edk2?2MdePkg?2Library?2BaseMemo@ 00000000000158f8     BaseMemoryLibOptDxe:ZeroMemWrapper.obj
 0002:00000938       ??_C@_0DG@EEENIGGL@Length?5?$DM?$DN?5?$CI0xFFFFFFFFFFFFFFFFUL@ 0000000000015938     BaseMemoryLibOptDxe:ZeroMemWrapper.obj
 0002:00000970       ??_C@_0BN@COECPDCC@gImageHandle?5?$CB?$DN?5?$CI?$CIvoid?5?$CK?$CJ?50?$CJ@ 0000000000015970     UefiBootServicesTableLib:UefiBootServicesTableLib.obj
 0002:00000990       ??_C@_0EL@ODFJBOBF@c?3?2edk2?2MdePkg?2Library?2UefiBoot@ 0000000000015990     UefiBootServicesTableLib:UefiBootServicesTableLib.obj
 0002:000009e0       ??_C@_0BE@DGNHAHIL@gST?5?$CB?$DN?5?$CI?$CIvoid?5?$CK?$CJ?50?$CJ@ 00000000000159e0     UefiBootServicesTableLib:UefiBootServicesTableLib.obj
 0002:000009f8       ??_C@_0BE@BDFJLGLN@gBS?5?$CB?$DN?5?$CI?$CIvoid?5?$CK?$CJ?50?$CJ@ 00000000000159f8     UefiBootServicesTableLib:UefiBootServicesTableLib.obj
 0002:00000a10       ??_C@_0EF@NBCCMJKB@c?3?2edk2?2MdePkg?2Library?2UefiMemo@ 0000000000015a10     UefiMemoryAllocationLib:MemoryAllocationLib.obj
 0002:00000a58       ??_C@_0BE@OBDFIHND@gRT?5?$CB?$DN?5?$CI?$CIvoid?5?$CK?$CJ?50?$CJ@ 0000000000015a58     UefiRuntimeServicesTableLib:UefiRuntimeServicesTableLib.obj
 0002:00000a70       ??_C@_0FB@NIMBGODD@c?3?2edk2?2MdePkg?2Library?2UefiRunt@ 0000000000015a70     UefiRuntimeServicesTableLib:UefiRuntimeServicesTableLib.obj
 0002:00000ad0       ??_C@_0EP@BCAOHHL@c?3?2edk2?2MdePkg?2Library?2UefiDevi@ 0000000000015ad0     UefiDevicePathLibDevicePathProtocol:UefiDevicePathLib.obj
 0002:00000b20       ??_C@_0DC@CNNBPJA@mDevicePathLibDevicePathUtiliti@ 0000000000015b20     UefiDevicePathLibDevicePathProtocol:UefiDevicePathLib.obj
 0002:00000b58       ??_C@_0CJ@PFEGNAHL@c?3?2edk2?2MdePkg?2Library?2UefiLib?2@ 0000000000015b58     UefiLib:UefiLib.obj
 0002:00000b90       ??_C@_0EG@GOBFPEEP@Name?5?$CB?$DN?5?$CI?$CIvoid?5?$CK?$CJ?50?$CJ?5?$CG?$CG?5Guid?5?$CB?$DN@ 0000000000015b90     UefiLib:UefiLib.obj
 0002:00000bd8       ??_C@_0BH@FMEOEIBC@?$CKValue?5?$CB?$DN?5?$CI?$CIvoid?5?$CK?$CJ?50?$CJ@ 0000000000015bd8     UefiLib:UefiLib.obj
 0002:00000bf0       ??_C@_0CD@OLFKAJF@SupportedLanguages?5?$CB?$DN?5?$CI?$CIvoid?5?$CK?$CJ@ 0000000000015bf0     UefiLib:UefiLib.obj
 0002:00000c18       ??_C@_0CK@GGFNJPAK@c?3?2edk2?2MdePkg?2Library?2DxeHobLi@ 0000000000015c18     DxeHobLib:HobLib.obj
 0002:00000c48       ??_C@_0BJ@OBFMLLDO@mHobList?5?$CB?$DN?5?$CI?$CIvoid?5?$CK?$CJ?50?$CJ@ 0000000000015c48     DxeHobLib:HobLib.obj
 0002:00000c68       ??_C@_0BJ@NOLLDKJB@HobStart?5?$CB?$DN?5?$CI?$CIvoid?5?$CK?$CJ?50?$CJ@ 0000000000015c68     DxeHobLib:HobLib.obj
 0002:00000c88       ??_C@_1BC@DPOIABCP@?$AAE?$AAF?$AAI?$AAD?$AAe?$AAb?$AAu?$AAg@ 0000000000015c88     DxeDebugPrintErrorLevelLib:DxeDebugPrintErrorLevelLib.obj
 0002:00000ca0       ??_C@_0EF@LIFNJAGA@c?3?2edk2?2MdeModulePkg?2Library?2Ue@ 0000000000015ca0     UefiHiiServicesLib:UefiHiiServicesLib.obj
 0002:00000ce8       ??_C@_0DB@CPEBINLM@c?3?2edk2?2MdeModulePkg?2Library?2Ue@ 0000000000015ce8     UefiHiiLib:HiiLib.obj
 0002:00000d20       ??_C@_0BH@OOIJJHNK@Handle?5?$CB?$DN?5?$CI?$CIvoid?5?$CK?$CJ?50?$CJ@ 0000000000015d20     UefiHiiLib:HiiLib.obj
 0002:00000d38       ??_C@_0DK@MCEDFOEJ@Status?5?$CB?$DN?5?$CI?$CIRETURN_STATUS?$CJ?$CI0x80@ 0000000000015d38     UefiHiiLib:HiiLib.obj
 0002:00000d78       ??_C@_0BP@JFMDNGDC@HiiPackageList?5?$CB?$DN?5?$CI?$CIvoid?5?$CK?$CJ?50?$CJ@ 0000000000015d78     UefiHiiLib:HiiLib.obj
 0002:00000d98       ??_C@_0CA@OEKIMLLB@PackageListGuid?5?$CB?$DN?5?$CI?$CIvoid?5?$CK?$CJ?50?$CJ@ 0000000000015d98     UefiHiiLib:HiiLib.obj
 0002:00000db8       ??_C@_0BK@KLJHMMPJ@HiiHandle?5?$CB?$DN?5?$CI?$CIvoid?5?$CK?$CJ?50?$CJ@ 0000000000015db8     UefiHiiLib:HiiLib.obj
 0002:00000dd8       ??_C@_0DE@IAJEMHJO@c?3?2edk2?2MdeModulePkg?2Library?2Ue@ 0000000000015dd8     UefiHiiLib:HiiString.obj
 0002:00000e0c       ??_C@_06PLDEFKP@x?9UEFI@   0000000000015e0c     UefiHiiLib:HiiString.obj
 0002:00000e18       ??_C@_0O@EMMLPDMJ@StringId?5?$CB?$DN?50@ 0000000000015e18     UefiHiiLib:HiiString.obj
 0002:00000e28       ??_C@_0DG@PGDOLEKG@c?3?2edk2?2MdeModulePkg?2Library?2Ue@ 0000000000015e28     UefiHiiLib:HiiLanguage.obj
 0002:00000e60       ??_C@_0EK@NEAGPEKB@c?3?2edk2?2MdeModulePkg?2Library?2Dx@ 0000000000015e60     DxeReportStatusCodeLib:ReportStatusCodeLib.obj
 0002:00000eb0       ??_C@_0DN@HHIHPHHB@?$CB?$CI?$CIExtendedData?5?$DN?$DN?5?$CI?$CIvoid?5?$CK?$CJ?50?$CJ@ 0000000000015eb0     DxeReportStatusCodeLib:ReportStatusCodeLib.obj
 0002:00000ef0       ??_C@_0DN@BBBIFINB@?$CB?$CI?$CIExtendedData?5?$CB?$DN?5?$CI?$CIvoid?5?$CK?$CJ?50?$CJ@ 0000000000015ef0     DxeReportStatusCodeLib:ReportStatusCodeLib.obj
 0002:00000f30       ??_C@_0DI@MIEIGAOH@Status?5code?5extended?5data?5is?5to@ 0000000000015f30     DxeReportStatusCodeLib:ReportStatusCodeLib.obj
 0002:00000f68       ??_C@_0CL@COEFNOFM@c?3?2edk2?2MdePkg?2Library?2BaseLib?2@ 0000000000015f68     BaseLib:Unaligned.obj
 0003:00000000       gEfiLoadedImageProtocolGuid 0000000000017000     MiscSubclass:AutoGen.obj
 0003:00000010       gEfiStatusCodeSpecificDataGuid 0000000000017010     MiscSubclass:AutoGen.obj
 0003:00000020       gEfiGlobalVariableGuid     0000000000017020     MiscSubclass:AutoGen.obj
 0003:00000030       gEfiStatusCodeRuntimeProtocolGuid 0000000000017030     MiscSubclass:AutoGen.obj
 0003:00000040       gEfiGenericVariableGuid    0000000000017040     MiscSubclass:AutoGen.obj
 0003:00000050       gPcdProtocolGuid           0000000000017050     MiscSubclass:AutoGen.obj
 0003:00000060       gEfiGetPcdInfoProtocolGuid 0000000000017060     MiscSubclass:AutoGen.obj
 0003:00000070       gEfiDevicePathProtocolGuid 0000000000017070     MiscSubclass:AutoGen.obj
 0003:00000080       gEfiSmbiosProtocolGuid     0000000000017080     MiscSubclass:AutoGen.obj
 0003:00000090       gEfiDevicePathToTextProtocolGuid 0000000000017090     MiscSubclass:AutoGen.obj
 0003:000000a0       gEfiHiiConfigRoutingProtocolGuid 00000000000170a0     MiscSubclass:AutoGen.obj
 0003:000000b0       gEfiPcdProtocolGuid        00000000000170b0     MiscSubclass:AutoGen.obj
 0003:000000c0       gEfiStatusCodeDataTypeDebugGuid 00000000000170c0     MiscSubclass:AutoGen.obj
 0003:000000d0       gEfiHiiImageProtocolGuid   00000000000170d0     MiscSubclass:AutoGen.obj
 0003:000000e0       gEfiDevicePathUtilitiesProtocolGuid 00000000000170e0     MiscSubclass:AutoGen.obj
 0003:000000f0       gEfiDevicePathFromTextProtocolGuid 00000000000170f0     MiscSubclass:AutoGen.obj
 0003:00000100       gEfiHiiDatabaseProtocolGuid 0000000000017100     MiscSubclass:AutoGen.obj
 0003:00000110       gEfiHiiStringProtocolGuid  0000000000017110     MiscSubclass:AutoGen.obj
 0003:00000120       gEfiHobListGuid            0000000000017120     MiscSubclass:AutoGen.obj
 0003:00000130       gEfiDebugMaskProtocolGuid  0000000000017130     MiscSubclass:AutoGen.obj
 0003:00000140       gEfiFormBrowser2ProtocolGuid 0000000000017140     MiscSubclass:AutoGen.obj
 0003:00000150       gEdkiiIfrBitVarstoreGuid   0000000000017150     MiscSubclass:AutoGen.obj
 0003:00000160       MiscSubclassStrings        0000000000017160     MiscSubclass:AutoGen.obj
 0003:00000730       gEfiCallerIdGuid           0000000000017730     MiscSubclass:AutoGen.obj
 0003:00000740       gGetPcdInfoProtocolGuid    0000000000017740     MiscSubclass:AutoGen.obj
 0003:00000750       gEfiHiiFontProtocolGuid    0000000000017750     MiscSubclass:AutoGen.obj
 0003:00000760       mMiscSubclassDataTable     0000000000017760     MiscSubclass:MiscSubclassDriverDataTable.obj
 0003:00000880       MiscSystemManufacturerData 0000000000017880     MiscSubclass:MiscSystemManufacturerData.obj
 0003:000008a0       OemStringData              00000000000178a0     MiscSubclass:MiscOemStringData.obj
 0003:000008a4       SystemLanguageStringData   00000000000178a4     MiscSubclass:MiscSystemLanguageStringData.obj
 0003:000008a8       MiscPortMouseData          00000000000178a8     MiscSubclass:MiscPortInternalConnectorDesignatorData.obj
 0003:000008dc       SystemOptionStringData     00000000000178dc     MiscSubclass:MiscSystemOptionStringData.obj
 0003:000008e0       MiscPortKeyboardData       00000000000178e0     MiscSubclass:MiscPortInternalConnectorDesignatorData.obj
 0003:00000918       MiscPortCom2Data           0000000000017918     MiscSubclass:MiscPortInternalConnectorDesignatorData.obj
 0003:00000950       MiscPortInternalConnectorDesignatorData 0000000000017950     MiscSubclass:MiscPortInternalConnectorDesignatorData.obj
 0003:00000988       MiscPortExtensionPowerData 0000000000017988     MiscSubclass:MiscPortInternalConnectorDesignatorData.obj
 0003:000009c0       MiscPortFloppyData         00000000000179c0     MiscSubclass:MiscPortInternalConnectorDesignatorData.obj
 0003:000009f8       MiscPortCom1Data           00000000000179f8     MiscSubclass:MiscPortInternalConnectorDesignatorData.obj
 0003:00000a30       MiscSystemSlotDesignationData 0000000000017a30     MiscSubclass:MiscSystemSlotDesignationData.obj
 0003:00000a50       MiscBiosVendorData         0000000000017a50     MiscSubclass:MiscBiosVendorData.obj
 0003:00000a78       NumberOfInstallableLanguagesData 0000000000017a78     MiscSubclass:MiscNumberOfInstallableLanguagesData.obj
 0003:00000a80       MiscBaseBoardManufacturerData 0000000000017a80     MiscSubclass:MiscBaseBoardManufacturerData.obj
 0003:00000ac0       MiscChassisManufacturerData 0000000000017ac0     MiscSubclass:MiscChassisManufacturerData.obj
 0003:00000b18       mDebugMaskProtocol         0000000000017b18     DxeDebugPrintErrorLevelLib:DxeDebugPrintErrorLevelLib.obj
 0003:00000b30       BootInformationStatusData  0000000000017b30     MiscSubclass:MiscBootInformationData.obj
 0003:00000b3d       mGlobalErrorLevelInitialized 0000000000017b3d     DxeDebugPrintErrorLevelLib:DxeDebugPrintErrorLevelLib.obj
 0003:00000b40       MiscResetCapabilitiesData  0000000000017b40     MiscSubclass:MiscResetCapabilitiesData.obj
 0003:00000b4c       mDebugPrintErrorLevel      0000000000017b4c     DxeDebugPrintErrorLevelLib:DxeDebugPrintErrorLevelLib.obj
 0003:00000b50       mPiPcdInfo                 0000000000017b50     DxePcdLib:DxePcdLib.obj
 0003:00000b58       mPiPcd                     0000000000017b58     DxePcdLib:DxePcdLib.obj
 0003:00000b60       mPcdInfo                   0000000000017b60     DxePcdLib:DxePcdLib.obj
 0003:00000b68       mPcd                       0000000000017b68     DxePcdLib:DxePcdLib.obj
 0003:00000b70       gST                        0000000000017b70     UefiBootServicesTableLib:UefiBootServicesTableLib.obj
 0003:00000b78       gBS                        0000000000017b78     UefiBootServicesTableLib:UefiBootServicesTableLib.obj
 0003:00000b80       gImageHandle               0000000000017b80     UefiBootServicesTableLib:UefiBootServicesTableLib.obj
 0003:00000b88       gRT                        0000000000017b88     UefiRuntimeServicesTableLib:UefiRuntimeServicesTableLib.obj
 0003:00000b90       mDevicePathLibDevicePathUtilities 0000000000017b90     UefiDevicePathLibDevicePathProtocol:UefiDevicePathLib.obj
 0003:00000b98       mHobList                   0000000000017b98     DxeHobLib:HobLib.obj
 0003:00000ba0       mSystemTable               0000000000017ba0     DxeDebugPrintErrorLevelLib:DxeDebugPrintErrorLevelLib.obj
 0003:00000ba8       gHiiString                 0000000000017ba8     UefiHiiServicesLib:UefiHiiServicesLib.obj
 0003:00000bb0       gHiiFont                   0000000000017bb0     UefiHiiServicesLib:UefiHiiServicesLib.obj
 0003:00000bb8       gHiiConfigRouting          0000000000017bb8     UefiHiiServicesLib:UefiHiiServicesLib.obj
 0003:00000bc0       gHiiImage                  0000000000017bc0     UefiHiiServicesLib:UefiHiiServicesLib.obj
 0003:00000bc8       gHiiDatabase               0000000000017bc8     UefiHiiServicesLib:UefiHiiServicesLib.obj
 0003:00000bd0       mUefiFormBrowser2          0000000000017bd0     UefiHiiLib:HiiLib.obj
 0003:00000bd8       mReportStatusCodeLibStatusCodeProtocol 0000000000017bd8     DxeReportStatusCodeLib:ReportStatusCodeLib.obj
 0003:00000be0       mHiiHandle                 0000000000017be0     <common>

 entry point at        0001:00000130

 Static symbols

 0000:ffff4000       .debug$S                   0000000000010000     MiscSubclass.exp
 0001:0000001a       InternalMemCopyMem.0       000000000001101a     BaseMemoryLibOptDxe:CopyMem.obj
 0001:00000032       InternalMemCopyMem.1       0000000000011032     BaseMemoryLibOptDxe:CopyMem.obj
 0001:00000045       InternalMemCopyMem.2       0000000000011045     BaseMemoryLibOptDxe:CopyMem.obj
 0001:00000062       @CopyBackward              0000000000011062     BaseMemoryLibOptDxe:CopyMem.obj
 0001:0000006b       @CopyBytes                 000000000001106b     BaseMemoryLibOptDxe:CopyMem.obj
 0004:00000000       .edata                     0000000000018000     MiscSubclass.exp
 0004:00000028       rgpv                       0000000000018028     MiscSubclass.exp
 0004:0000002c       rgszName                   000000000001802c     MiscSubclass.exp
 0004:00000030       rgwOrd                     0000000000018030     MiscSubclass.exp
 0004:00000032       szName                     0000000000018032     MiscSubclass.exp
 0004:00000043       $N00001                    0000000000018043     MiscSubclass.exp
 0005:00000000       $pdata$_ModuleEntryPoint   0000000000019000     UefiDriverEntryPoint:DriverEntryPoint.obj
 0005:0000000c       $pdata$ProcessLibraryDestructorList 000000000001900c     MiscSubclass:AutoGen.obj
 0005:00000018       $pdata$ProcessLibraryConstructorList 0000000000019018     MiscSubclass:AutoGen.obj
 0005:00000024       $pdata$ProcessModuleEntryPointList 0000000000019024     MiscSubclass:AutoGen.obj
 0005:00000030       $pdata$LogMemorySmbiosRecord 0000000000019030     MiscSubclass:MiscSubclassDriverEntryPoint.obj
 0005:0000003c       $pdata$MiscChassisManufacturerFunction 000000000001903c     MiscSubclass:MiscChassisManufacturerFunction.obj
 0005:00000048       $pdata$GetSupportedLanguageNumber 0000000000019048     MiscSubclass:MiscNumberOfInstallableLanguagesFunction.obj
 0005:00000054       $pdata$CurrentLanguageMatch 0000000000019054     MiscSubclass:MiscNumberOfInstallableLanguagesFunction.obj
 0005:00000060       $pdata$NumberOfInstallableLanguagesFunction 0000000000019060     MiscSubclass:MiscNumberOfInstallableLanguagesFunction.obj
 0005:0000006c       $pdata$OemStringFunction   000000000001906c     MiscSubclass:MiscOemStringFunction.obj
 0005:00000078       $pdata$SystemLanguageStringFunction 0000000000019078     MiscSubclass:MiscSystemLanguageStringFunction.obj
 0005:00000084       $pdata$MiscBiosVendorFunction 0000000000019084     MiscSubclass:MiscBiosVendorFunction.obj
 0005:00000090       $pdata$MiscSystemSlotDesignationFunction 0000000000019090     MiscSubclass:MiscSystemSlotDesignationFunction.obj
 0005:0000009c       $pdata$MiscPortInternalConnectorDesignatorFunction 000000000001909c     MiscSubclass:MiscPortInternalConnectorDesignatorFunction.obj
 0005:000000a8       $pdata$BootInformationStatusFunction 00000000000190a8     MiscSubclass:MiscBootInformationFunction.obj
 0005:000000b4       $pdata$MiscBaseBoardManufacturerFunction 00000000000190b4     MiscSubclass:MiscBaseBoardManufacturerFunction.obj
 0005:000000c0       $pdata$SystemOptionStringFunction 00000000000190c0     MiscSubclass:MiscSystemOptionStringFunction.obj
 0005:000000cc       $pdata$MiscResetCapabilitiesFunction 00000000000190cc     MiscSubclass:MiscResetCapabilitiesFunction.obj
 0005:000000d8       $pdata$MiscSystemManufacturerFunction 00000000000190d8     MiscSubclass:MiscSystemManufacturerFunction.obj
 0005:000000e4       $pdata$GetPcdProtocol      00000000000190e4     DxePcdLib:DxePcdLib.obj
 0005:000000f0       $pdata$AsciiStrLen         00000000000190f0     BaseLib:String.obj
 0005:000000fc       $pdata$AsciiStrnCmp        00000000000190fc     BaseLib:String.obj
 0005:00000108       $pdata$AsciiStrCpy         0000000000019108     BaseLib:String.obj
 0005:00000114       $pdata$UnicodeStrToAsciiStr 0000000000019114     BaseLib:String.obj
 0005:00000120       $pdata$StrLen              0000000000019120     BaseLib:String.obj
 0005:0000012c       $pdata$AsciiStrnCpyS       000000000001912c     BaseLib:SafeString.obj
 0005:00000138       $pdata$StrnLenS            0000000000019138     BaseLib:SafeString.obj
 0005:00000144       $pdata$DebugPrint          0000000000019144     PeiDxeDebugLibReportStatusCode:DebugLib.obj
 0005:00000150       $pdata$DebugAssert         0000000000019150     PeiDxeDebugLibReportStatusCode:DebugLib.obj
 0005:0000015c       $pdata$CopyMem             000000000001915c     BaseMemoryLibOptDxe:CopyMemWrapper.obj
 0005:00000168       $pdata$ZeroMem             0000000000019168     BaseMemoryLibOptDxe:ZeroMemWrapper.obj
 0005:00000174       $pdata$CompareGuid         0000000000019174     BaseMemoryLibOptDxe:MemLibGuid.obj
 0005:00000180       $pdata$CopyGuid            0000000000019180     BaseMemoryLibOptDxe:MemLibGuid.obj
 0005:0000018c       $pdata$InternalAllocatePool 000000000001918c     UefiMemoryAllocationLib:MemoryAllocationLib.obj
 0005:00000198       $pdata$AllocateZeroPool    0000000000019198     UefiMemoryAllocationLib:MemoryAllocationLib.obj
 0005:000001a4       $pdata$FreePool            00000000000191a4     UefiMemoryAllocationLib:MemoryAllocationLib.obj
 0005:000001b0       $pdata$GetBestLanguage     00000000000191b0     UefiLib:UefiLib.obj
 0005:000001bc       $pdata$GetEfiGlobalVariable2 00000000000191bc     UefiLib:UefiLib.obj
 0005:000001c8       $pdata$GetNextHob          00000000000191c8     DxeHobLib:HobLib.obj
 0005:000001d4       $pdata$GetHobList          00000000000191d4     DxeHobLib:HobLib.obj
 0005:000001e0       $pdata$GetDebugPrintErrorLevel 00000000000191e0     DxeDebugPrintErrorLevelLib:DxeDebugPrintErrorLevelLib.obj
 0005:000001ec       $pdata$HiiGetHiiHandles    00000000000191ec     UefiHiiLib:HiiLib.obj
 0005:000001f8       $pdata$InternalHiiExtractGuidFromHiiHandle 00000000000191f8     UefiHiiLib:HiiLib.obj
 0005:00000204       $pdata$HiiAddPackages      0000000000019204     UefiHiiLib:HiiLib.obj
 0005:00000210       $pdata$HiiGetString        0000000000019210     UefiHiiLib:HiiString.obj
 0005:0000021c       $pdata$HiiSetString        000000000001921c     UefiHiiLib:HiiString.obj
 0005:00000228       $pdata$HiiGetPackageString 0000000000019228     UefiHiiLib:HiiString.obj
 0005:00000234       $pdata$HiiGetSupportedLanguages 0000000000019234     UefiHiiLib:HiiLanguage.obj
 0005:00000240       $pdata$InternalReportStatusCode 0000000000019240     DxeReportStatusCodeLib:ReportStatusCodeLib.obj
 0005:0000024c       $pdata$ReportStatusCodeEx  000000000001924c     DxeReportStatusCodeLib:ReportStatusCodeLib.obj
 0005:00000258       $pdata$ReadUnaligned32     0000000000019258     BaseLib:Unaligned.obj
 0005:00000264       $pdata$ReadUnaligned64     0000000000019264     BaseLib:Unaligned.obj
 0006:00000000       $unwind$CopyGuid           000000000001a000     BaseMemoryLibOptDxe:MemLibGuid.obj
 0006:00000000       $unwind$AsciiStrnCmp       000000000001a000     BaseLib:String.obj
 0006:00000000       $unwind$_ModuleEntryPoint  000000000001a000     UefiDriverEntryPoint:DriverEntryPoint.obj
 0006:00000000       $unwind$StrLen             000000000001a000     BaseLib:String.obj
 0006:00000000       $unwind$AsciiStrnCpyS      000000000001a000     BaseLib:SafeString.obj
 0006:00000000       $unwind$GetHobList         000000000001a000     DxeHobLib:HobLib.obj
 0006:00000010       $unwind$ProcessLibraryConstructorList 000000000001a010     MiscSubclass:AutoGen.obj
 0006:00000010       $unwind$MiscSystemSlotDesignationFunction 000000000001a010     MiscSubclass:MiscSystemSlotDesignationFunction.obj
 0006:00000028       $unwind$FreePool           000000000001a028     UefiMemoryAllocationLib:MemoryAllocationLib.obj
 0006:00000028       $unwind$InternalAllocatePool 000000000001a028     UefiMemoryAllocationLib:MemoryAllocationLib.obj
 0006:00000028       $unwind$GetPcdProtocol     000000000001a028     DxePcdLib:DxePcdLib.obj
 0006:00000028       $unwind$ProcessLibraryDestructorList 000000000001a028     MiscSubclass:AutoGen.obj
 0006:00000030       $unwind$ProcessModuleEntryPointList 000000000001a030     MiscSubclass:AutoGen.obj
 0006:00000040       $unwind$LogMemorySmbiosRecord 000000000001a040     MiscSubclass:MiscSubclassDriverEntryPoint.obj
 0006:00000054       $unwind$MiscChassisManufacturerFunction 000000000001a054     MiscSubclass:MiscChassisManufacturerFunction.obj
 0006:0000006c       $unwind$CurrentLanguageMatch 000000000001a06c     MiscSubclass:MiscNumberOfInstallableLanguagesFunction.obj
 0006:00000084       $unwind$GetSupportedLanguageNumber 000000000001a084     MiscSubclass:MiscNumberOfInstallableLanguagesFunction.obj
 0006:000000a0       $unwind$NumberOfInstallableLanguagesFunction 000000000001a0a0     MiscSubclass:MiscNumberOfInstallableLanguagesFunction.obj
 0006:000000b4       $unwind$SystemLanguageStringFunction 000000000001a0b4     MiscSubclass:MiscSystemLanguageStringFunction.obj
 0006:000000b4       $unwind$SystemOptionStringFunction 000000000001a0b4     MiscSubclass:MiscSystemOptionStringFunction.obj
 0006:000000b4       $unwind$OemStringFunction  000000000001a0b4     MiscSubclass:MiscOemStringFunction.obj
 0006:000000c8       $unwind$MiscBiosVendorFunction 000000000001a0c8     MiscSubclass:MiscBiosVendorFunction.obj
 0006:000000e0       $unwind$MiscPortInternalConnectorDesignatorFunction 000000000001a0e0     MiscSubclass:MiscPortInternalConnectorDesignatorFunction.obj
 0006:000000fc       $unwind$BootInformationStatusFunction 000000000001a0fc     MiscSubclass:MiscBootInformationFunction.obj
 0006:000000fc       $unwind$MiscResetCapabilitiesFunction 000000000001a0fc     MiscSubclass:MiscResetCapabilitiesFunction.obj
 0006:00000110       $unwind$MiscBaseBoardManufacturerFunction 000000000001a110     MiscSubclass:MiscBaseBoardManufacturerFunction.obj
 0006:00000128       $unwind$MiscSystemManufacturerFunction 000000000001a128     MiscSubclass:MiscSystemManufacturerFunction.obj
 0006:00000140       $unwind$UnicodeStrToAsciiStr 000000000001a140     BaseLib:String.obj
 0006:00000158       $unwind$ZeroMem            000000000001a158     BaseMemoryLibOptDxe:ZeroMemWrapper.obj
 0006:00000158       $unwind$AsciiStrLen        000000000001a158     BaseLib:String.obj
 0006:00000158       $unwind$HiiGetPackageString 000000000001a158     UefiHiiLib:HiiString.obj
 0006:00000158       $unwind$HiiGetSupportedLanguages 000000000001a158     UefiHiiLib:HiiLanguage.obj
 0006:00000158       $unwind$AsciiStrCpy        000000000001a158     BaseLib:String.obj
 0006:00000164       $unwind$StrnLenS           000000000001a164     BaseLib:SafeString.obj
 0006:00000164       $unwind$ReadUnaligned64    000000000001a164     BaseLib:Unaligned.obj
 0006:00000164       $unwind$AllocateZeroPool   000000000001a164     UefiMemoryAllocationLib:MemoryAllocationLib.obj
 0006:00000164       $unwind$ReadUnaligned32    000000000001a164     BaseLib:Unaligned.obj
 0006:00000164       $unwind$GetNextHob         000000000001a164     DxeHobLib:HobLib.obj
 0006:0000016c       $unwind$DebugPrint         000000000001a16c     PeiDxeDebugLibReportStatusCode:DebugLib.obj
 0006:0000017c       $unwind$DebugAssert        000000000001a17c     PeiDxeDebugLibReportStatusCode:DebugLib.obj
 0006:00000198       $unwind$CompareGuid        000000000001a198     BaseMemoryLibOptDxe:MemLibGuid.obj
 0006:00000198       $unwind$CopyMem            000000000001a198     BaseMemoryLibOptDxe:CopyMemWrapper.obj
 0006:000001ac       $unwind$GetEfiGlobalVariable2 000000000001a1ac     UefiLib:UefiLib.obj
 0006:000001b8       $unwind$GetBestLanguage    000000000001a1b8     UefiLib:UefiLib.obj
 0006:000001cc       $unwind$GetDebugPrintErrorLevel 000000000001a1cc     DxeDebugPrintErrorLevelLib:DxeDebugPrintErrorLevelLib.obj
 0006:000001d4       $unwind$InternalHiiExtractGuidFromHiiHandle 000000000001a1d4     UefiHiiLib:HiiLib.obj
 0006:000001e8       $unwind$HiiAddPackages     000000000001a1e8     UefiHiiLib:HiiLib.obj
 0006:000001fc       $unwind$HiiGetHiiHandles   000000000001a1fc     UefiHiiLib:HiiLib.obj
 0006:0000020c       $unwind$HiiSetString       000000000001a20c     UefiHiiLib:HiiString.obj
 0006:00000224       $unwind$HiiGetString       000000000001a224     UefiHiiLib:HiiString.obj
 0006:00000238       $unwind$InternalReportStatusCode 000000000001a238     DxeReportStatusCodeLib:ReportStatusCodeLib.obj
 0006:00000250       $unwind$ReportStatusCodeEx 000000000001a250     DxeReportStatusCodeLib:ReportStatusCodeLib.obj
