 DxeIpl

 Timestamp is 5c19ca9d (Wed Dec 19 12:35:41 2018)

 Preferred load address is 0000000000010000

 Start         Length     Name                   Class
 0001:00000000 00000134H .text                   CODE
 0001:00000134 00003da6H .text$mn                CODE
 0002:00000000 00001714H .rdata                  DATA
 0002:00001714 00000128H .rdata$zzzdbg           DATA
 0003:00000000 00000150H .data                   DATA
 0003:00000150 00000028H .bss                    DATA
 0004:00000000 0000004eH .edata                  DATA
 0005:00000000 00000234H .pdata                  DATA
 0006:00000000 00000240H .xdata                  DATA

  Address         Publics by Value              Rva+Base               Lib:Object

 0000:00000000       __dynamic_value_reloc_table 0000000000000000     <absolute>
 0000:00000000       __guard_longjmp_table      0000000000000000     <absolute>
 0000:00000000       __guard_fids_count         0000000000000000     <absolute>
 0000:00000000       __hybrid_code_map_count    0000000000000000     <absolute>
 0000:00000000       __guard_iat_table          0000000000000000     <absolute>
 0000:00000000       __hybrid_code_map          0000000000000000     <absolute>
 0000:00000000       __guard_iat_count          0000000000000000     <absolute>
 0000:00000000       __volatile_metadata        0000000000000000     <absolute>
 0000:00000000       __guard_longjmp_count      0000000000000000     <absolute>
 0000:00000000       __hybrid_auxiliary_iat     0000000000000000     <absolute>
 0000:00000000       __enclave_config           0000000000000000     <absolute>
 0000:00000000       __guard_fids_table         0000000000000000     <absolute>
 0000:00000100       __guard_flags              0000000000000100     <absolute>
 0001:00000000       AsmWriteCr3                0000000000011000     BaseLib:WriteCr3.obj
 0001:00000010       AsmReadCr0                 0000000000011010     BaseLib:ReadCr0.obj
 0001:00000020       AsmWriteCr0                0000000000011020     BaseLib:WriteCr0.obj
 0001:00000030       AsmCpuid                   0000000000011030     BaseLib:CpuId.obj
 0001:00000060       InternalSwitchStack        0000000000011060     BaseLib:SwitchStack.obj
 0001:00000070       InternalMemCopyMem         0000000000011070     BaseMemoryLibOptPei:CopyMem.obj
 0001:000000b0       InternalMemZeroMem         00000000000110b0     BaseMemoryLibOptPei:ZeroMem.obj
 0001:000000d0       InternalMemSetMem          00000000000110d0     BaseMemoryLibOptPei:SetMem.obj
 0001:000000e0       InternalMemSetMem64        00000000000110e0     BaseMemoryLibOptPei:SetMem64.obj
 0001:00000100       InternalMemSetMem32        0000000000011100     BaseMemoryLibOptPei:SetMem32.obj
 0001:00000120       InternalMemSetMem16        0000000000011120     BaseMemoryLibOptPei:SetMem16.obj
 0001:00000134       _ModuleEntryPoint          0000000000011134 f   PeimEntryPoint:PeimEntryPoint.obj
 0001:000003cc       InstallIplPermanentMemoryPpis 00000000000113cc f   DxeIpl:DxeLoad.obj
 0001:00000528       DxeLoadCore                0000000000011528 f   DxeIpl:DxeLoad.obj
 0001:00000a30       CustomGuidedSectionExtract 0000000000011a30 f   DxeIpl:DxeLoad.obj
 0001:00000c00       Decompress                 0000000000011c00 f   DxeIpl:DxeLoad.obj
 0001:00000db4       HandOffToDxeCore           0000000000011db4 f   DxeIpl:DxeLoadFunc.obj
 0001:00000f98       DebugPrint                 0000000000011f98 f   PeiDxeDebugLibReportStatusCode:DebugLib.obj
 0001:0000116c       DebugAssert                000000000001216c f   PeiDxeDebugLibReportStatusCode:DebugLib.obj
 0001:000012bc       SwitchStack                00000000000122bc f   BaseLib:SwitchStack.obj
 0001:00001370       LShiftU64                  0000000000012370 f   BaseLib:LShiftU64.obj
 0001:000013b4       AsciiStrLen                00000000000123b4 f   BaseLib:String.obj
 0001:00001420       StrnLenS                   0000000000012420 f   BaseLib:SafeString.obj
 0001:00001478       AsciiStrnLenS              0000000000012478 f   BaseLib:SafeString.obj
 0001:000014a4       AsciiStrnCpyS              00000000000124a4 f   BaseLib:SafeString.obj
 0001:000015a0       GetHobList                 00000000000125a0 f   PeiHobLib:HobLib.obj
 0001:00001614       GetNextHob                 0000000000012614 f   PeiHobLib:HobLib.obj
 0001:0000166c       GetBootModeHob             000000000001266c f   PeiHobLib:HobLib.obj
 0001:000016c0       InternalPeiCreateHob       00000000000126c0 f   PeiHobLib:HobLib.obj
 0001:00001730       BuildGuidHob               0000000000012730 f   PeiHobLib:HobLib.obj
 0001:000017b0       BuildGuidDataHob           00000000000127b0 f   PeiHobLib:HobLib.obj
 0001:00001818       PeiServicesLocatePpi       0000000000012818 f   PeiServicesLib:PeiServicesLib.obj
 0001:00001860       InternalReportStatusCode   0000000000012860 f   PeiReportStatusCodeLib:ReportStatusCodeLib.obj
 0001:00001970       ReportStatusCodeEx         0000000000012970 f   PeiReportStatusCodeLib:ReportStatusCodeLib.obj
 0001:00001a70       CopyMem                    0000000000012a70 f   BaseMemoryLibOptPei:CopyMemWrapper.obj
 0001:00001b0c       CopyGuid                   0000000000012b0c f   BaseMemoryLibOptPei:MemLibGuid.obj
 0001:00001b90       CompareGuid                0000000000012b90 f   BaseMemoryLibOptPei:MemLibGuid.obj
 0001:00001bf8       ZeroMem                    0000000000012bf8 f   BaseMemoryLibOptPei:ZeroMemWrapper.obj
 0001:00001c5c       SetMem                     0000000000012c5c f   BaseMemoryLibOptPei:SetMemWrapper.obj
 0001:00001cac       InternalAllocatePages      0000000000012cac f   PeiMemoryAllocationLib:MemoryAllocationLib.obj
 0001:00001cec       AllocatePool               0000000000012cec f   PeiMemoryAllocationLib:MemoryAllocationLib.obj
 0001:00001d28       GetPeiServicesTablePointer 0000000000012d28 f   PeiServicesTablePointerLib:PeiServicesTablePointer.obj
 0001:00001d5c       PeiGetExtractGuidedSectionHandlerInfo 0000000000012d5c f   PeiExtractGuidedSectionLib:PeiExtractGuidedSectionLib.obj
 0001:00001e14       ExtractGuidedSectionDecode 0000000000012e14 f   PeiExtractGuidedSectionLib:PeiExtractGuidedSectionLib.obj
 0001:00001f38       FillBuf                    0000000000012f38 f   BaseUefiTianoDecompressLib:BaseUefiTianoCustomDecompressLib.obj
 0001:00001fd4       MakeTable                  0000000000012fd4 f   BaseUefiTianoDecompressLib:BaseUefiTianoCustomDecompressLib.obj
 0001:00002318       ReadPTLen                  0000000000013318 f   BaseUefiTianoDecompressLib:BaseUefiTianoCustomDecompressLib.obj
 0001:000024b4       ReadCLen                   00000000000134b4 f   BaseUefiTianoDecompressLib:BaseUefiTianoCustomDecompressLib.obj
 0001:0000267c       Decode                     000000000001367c f   BaseUefiTianoDecompressLib:BaseUefiTianoCustomDecompressLib.obj
 0001:00002894       UefiDecompressGetInfo      0000000000013894 f   BaseUefiTianoDecompressLib:BaseUefiTianoCustomDecompressLib.obj
 0001:00002980       UefiTianoDecompress        0000000000013980 f   BaseUefiTianoDecompressLib:BaseUefiTianoCustomDecompressLib.obj
 0001:00002ae4       TianoDecompressGetInfo     0000000000013ae4 f   BaseUefiTianoDecompressLib:BaseUefiTianoCustomDecompressLib.obj
 0001:00002bac       TianoDecompress            0000000000013bac f   BaseUefiTianoDecompressLib:BaseUefiTianoCustomDecompressLib.obj
 0001:00002c7c       OemHookStatusCodeReport    0000000000013c7c f   PeiNt32OemHookStatusCodeLib:Nt32OemHookStatusCodeLib.obj
 0001:00002e94       ReadUnaligned64            0000000000013e94 f   BaseLib:Unaligned.obj
 0001:00002ec4       AsciiSPrint                0000000000013ec4 f   BasePrintLib:PrintLib.obj
 0001:00002ef0       BasePrintLibFillBuffer     0000000000013ef0 f   BasePrintLib:PrintLibInternal.obj
 0001:00002f24       BasePrintLibValueToString  0000000000013f24 f   BasePrintLib:PrintLibInternal.obj
 0001:00002f9c       BasePrintLibSPrintMarker   0000000000013f9c f   BasePrintLib:PrintLibInternal.obj
 0001:00003eb8       BasePrintLibSPrint         0000000000014eb8 f   BasePrintLib:PrintLibInternal.obj
 0002:00000000       _gPeimRevision             0000000000015000     DxeIpl:AutoGen.obj
 0002:00000004       _gPcd_FixedAtBuild_PcdMaximumGuidedExtractHandler 0000000000015004     DxeIpl:AutoGen.obj
 0002:00000008       _gPcd_FixedAtBuild_PcdMaximumUnicodeStringLength 0000000000015008     DxeIpl:AutoGen.obj
 0002:0000000c       _gPcd_FixedAtBuild_PcdReportStatusCodePropertyMask 000000000001500c     DxeIpl:AutoGen.obj
 0002:0000000d       _gPcd_FixedAtBuild_PcdCpuStackGuard 000000000001500d     DxeIpl:AutoGen.obj
 0002:0000000e       _gPcd_FixedAtBuild_PcdNullPointerDetectionPropertyMask 000000000001500e     DxeIpl:AutoGen.obj
 0002:0000000f       _gPcd_FixedAtBuild_PcdDebugPropertyMask 000000000001500f     DxeIpl:AutoGen.obj
 0002:00000010       _gPcd_FixedAtBuild_PcdDebugPrintErrorLevel 0000000000015010     DxeIpl:AutoGen.obj
 0002:00000014       _gPcd_FixedAtBuild_PcdFixedDebugPrintErrorLevel 0000000000015014     DxeIpl:AutoGen.obj
 0002:00000018       gEfiCallerBaseName         0000000000015018     DxeIpl:AutoGen.obj
 0002:00000020       _gPcd_FixedAtBuild_PcdPteMemoryEncryptionAddressOrMask 0000000000015020     DxeIpl:AutoGen.obj
 0002:00000028       _gPcd_FixedAtBuild_PcdMaximumAsciiStringLength 0000000000015028     DxeIpl:AutoGen.obj
 0002:0000002c       _gPcd_FixedAtBuild_PcdSetNxForStack 000000000001502c     DxeIpl:AutoGen.obj
 0002:0000002d       _gPcd_FixedAtBuild_PcdUse1GPageTable 000000000001502d     DxeIpl:AutoGen.obj
 0002:0000002e       _gPcd_FixedAtBuild_PcdDxeIplSupportUefiDecompress 000000000001502e     DxeIpl:AutoGen.obj
 0002:0000002f       _gPcd_FixedAtBuild_PcdDxeIplBuildPageTables 000000000001502f     DxeIpl:AutoGen.obj
 0002:00000030       mCustomGuidedSectionExtractionPpi 0000000000015030     DxeIpl:DxeLoad.obj
 0002:00000038       mDecompressPpi             0000000000015038     DxeIpl:DxeLoad.obj
 0002:00000040       mDecompressPpiList         0000000000015040     DxeIpl:DxeLoad.obj
 0002:00000058       mDxeIplPpi                 0000000000015058     DxeIpl:DxeLoad.obj
 0002:00000060       mMemoryDiscoveredNotifyList 0000000000015060     DxeIpl:DxeLoad.obj
 0002:00000078       gEndOfPeiSignalPpi         0000000000015078     DxeIpl:DxeLoad.obj
 0002:00000090       mDxeIplPpiList             0000000000015090     DxeIpl:DxeLoad.obj
 0002:000000b0       mStatusString              00000000000150b0     BasePrintLib:PrintLibInternal.obj
 0002:000001f0       mHexStr                    00000000000151f0     BasePrintLib:PrintLibInternal.obj
 0002:00000200       ??_C@_06BPNBFNDG@DxeIpl@   0000000000015200     DxeIpl:AutoGen.obj
 0002:00000208       ??_C@_0CB@DMEJJJHA@?6ASSERT_EFI_ERROR?5?$CIStatus?5?$DN?5?$CFr?$CJ@ 0000000000015208     DxeIpl:AutoGen.obj
 0002:00000230       ??_C@_0BE@DCHLEIGN@?$CBEFI_ERROR?5?$CIStatus?$CJ@ 0000000000015230     DxeIpl:AutoGen.obj
 0002:00000250       ??_C@_0FL@HAGBBJKG@c?3?2edk2?2Build?2NT32X64?2DEBUG_VS2@ 0000000000015250     DxeIpl:AutoGen.obj
 0002:000002b0       ??_C@_0DK@NNPIMKMP@Status?5?$DN?$DN?5?$CI?$CIRETURN_STATUS?$CJ?$CI0x80@ 00000000000152b0     DxeIpl:DxeLoad.obj
 0002:000002f0       ??_C@_0CP@EKGMDJIC@c?3?2edk2?2MdeModulePkg?2Core?2DxeIp@ 00000000000152f0     DxeIpl:DxeLoad.obj
 0002:00000320       ??_C@_0BI@JDPNFKNC@GuidPpi?5?$CB?$DN?5?$CI?$CIvoid?5?$CK?$CJ?50?$CJ@ 0000000000015320     DxeIpl:DxeLoad.obj
 0002:00000338       ??_C@_0CK@EFEKDDOO@Locate?5Recovery?5PPI?5Failed?4?$CISta@ 0000000000015338     DxeIpl:DxeLoad.obj
 0002:00000368       ??_C@_0CM@DCPPBCOL@Load?5Recovery?5Capsule?5Failed?4?$CIS@ 0000000000015368     DxeIpl:DxeLoad.obj
 0002:00000398       ??_C@_1CM@OLBNONPD@?$AAM?$AAe?$AAm?$AAo?$AAr?$AAy?$AAT?$AAy?$AAp?$AAe?$AAI?$AAn?$AAf?$AAo?$AAr@ 0000000000015398     DxeIpl:DxeLoad.obj
 0002:000003c8       ??_C@_0CO@ENDALLCO@Loading?5DXE?5CORE?5at?50x?$CF11p?5Entr@ 00000000000153c8     DxeIpl:DxeLoad.obj
 0002:000003f8       ??_C@_0BC@FEDIJHFF@?$CI?$CIBOOLEAN?$CJ?$CI0?$DN?$DN1?$CJ?$CJ@ 00000000000153f8     DxeIpl:DxeLoad.obj
 0002:00000410       ??_C@_0CJ@LEPGFEOI@GetInfo?5from?5guided?5section?5Fai@ 0000000000015410     DxeIpl:DxeLoad.obj
 0002:00000440       ??_C@_0EM@OGMGOMMK@Customized?5Guided?5section?5Memor@ 0000000000015440     DxeIpl:DxeLoad.obj
 0002:00000490       ??_C@_0CE@CGCKLIFH@Extract?5guided?5section?5Failed?5?9@ 0000000000015490     DxeIpl:DxeLoad.obj
 0002:000004b8       ??_C@_0CA@GDDPIJLN@Decompress?5GetInfo?5Failed?5?9?5?$CFr?6@ 00000000000154b8     DxeIpl:DxeLoad.obj
 0002:000004d8       ??_C@_0BI@NOEGGLIA@Decompress?5Failed?5?9?5?$CFr?6@ 00000000000154d8     DxeIpl:DxeLoad.obj
 0002:000004f0       ??_C@_0DM@HMFNNILI@Vector?5Hand?9off?5Info?5PPI?5is?5got@ 00000000000154f0     DxeIpl:DxeLoadFunc.obj
 0002:00000530       ??_C@_0BM@JKDJGCDE@BaseOfStack?5?$CB?$DN?5?$CI?$CIvoid?5?$CK?$CJ?50?$CJ@ 0000000000015530     DxeIpl:DxeLoadFunc.obj
 0002:00000550       ??_C@_0DH@GFALNKOC@c?3?2edk2?2MdeModulePkg?2Core?2DxeIp@ 0000000000015550     DxeIpl:DxeLoadFunc.obj
 0002:00000588       ??_C@_0BH@LKMBFCBF@Format?5?$CB?$DN?5?$CI?$CIvoid?5?$CK?$CJ?50?$CJ@ 0000000000015588     PeiDxeDebugLibReportStatusCode:DebugLib.obj
 0002:000005a0       ??_C@_0EH@EMGPELNE@c?3?2edk2?2MdeModulePkg?2Library?2Pe@ 00000000000155a0     PeiDxeDebugLibReportStatusCode:DebugLib.obj
 0002:000005e8       ??_C@_0CI@HIINONDG@?$CICHAR8?5?$CK?$CJBaseListMarker?5?$DM?$DN?5Form@ 00000000000155e8     PeiDxeDebugLibReportStatusCode:DebugLib.obj
 0002:00000610       ??_C@_01OHGJGJJP@?$FL@     0000000000015610     PeiDxeDebugLibReportStatusCode:DebugLib.obj
 0002:00000614       ??_C@_02PBFOLPKM@?$FN?5@   0000000000015614     PeiDxeDebugLibReportStatusCode:DebugLib.obj
 0002:00000618       ??_C@_0BH@IACGKAP@Buffer?5?$CB?$DN?5?$CI?$CIvoid?5?$CK?$CJ?50?$CJ@ 0000000000015618     PeiDxeDebugLibReportStatusCode:DebugLib.obj
 0002:00000630       ??_C@_0BL@OOFMKHJH@EntryPoint?5?$CB?$DN?5?$CI?$CIvoid?5?$CK?$CJ?50?$CJ@ 0000000000015630     BaseLib:SwitchStack.obj
 0002:00000650       ??_C@_0CN@PAOPIPNO@c?3?2edk2?2MdePkg?2Library?2BaseLib?2@ 0000000000015650     BaseLib:SwitchStack.obj
 0002:00000680       ??_C@_0BJ@DIHHCIKP@NewStack?5?$CB?$DN?5?$CI?$CIvoid?5?$CK?$CJ?50?$CJ@ 0000000000015680     BaseLib:SwitchStack.obj
 0002:000006a0       ??_C@_0CC@MPFKDGJI@?$CI?$CIUINTN?$CJNewStack?5?$CG?5?$CI16?5?9?51?$CJ?$CJ?5?$DN?$DN@ 00000000000156a0     BaseLib:SwitchStack.obj
 0002:000006c8       ??_C@_0L@MEMPDLHB@Count?5?$DM?564@ 00000000000156c8     BaseLib:LShiftU64.obj
 0002:000006d8       ??_C@_0CL@LPJNLIIH@c?3?2edk2?2MdePkg?2Library?2BaseLib?2@ 00000000000156d8     BaseLib:LShiftU64.obj
 0002:00000708       ??_C@_0BM@NLNKOJGD@Destination?5?$CB?$DN?5?$CI?$CIvoid?5?$CK?$CJ?50?$CJ@ 0000000000015708     BaseLib:String.obj
 0002:00000728       ??_C@_0CI@BEFOLLLE@c?3?2edk2?2MdePkg?2Library?2BaseLib?2@ 0000000000015728     BaseLib:String.obj
 0002:00000750       ??_C@_0BH@MAAHKCPC@String?5?$CB?$DN?5?$CI?$CIvoid?5?$CK?$CJ?50?$CJ@ 0000000000015750     BaseLib:String.obj
 0002:00000768       ??_C@_0CD@BDCLIGHD@?$CI?$CIUINTN?$CJ?5String?5?$CG?50x00000001?$CJ?5?$DN@ 0000000000015768     BaseLib:String.obj
 0002:00000790       ??_C@_0DI@MDIKFADO@Length?5?$DM?5_gPcd_FixedAtBuild_Pcd@ 0000000000015790     BaseLib:String.obj
 0002:000007c8       ??_C@_0CM@GBAFEFEA@c?3?2edk2?2MdePkg?2Library?2BaseLib?2@ 00000000000157c8     BaseLib:SafeString.obj
 0002:000007f8       ??_C@_0BO@ECNIOIHG@?$CIDestination?5?$CB?$DN?5?$CI?$CIvoid?5?$CK?$CJ?50?$CJ?$CJ@ 00000000000157f8     BaseLib:SafeString.obj
 0002:00000818       ??_C@_0BJ@EAEEJIP@?$CISource?5?$CB?$DN?5?$CI?$CIvoid?5?$CK?$CJ?50?$CJ?$CJ@ 0000000000015818     BaseLib:SafeString.obj
 0002:00000838       ??_C@_0BJ@CNKJJNE@?$CIBuffer?5?$CB?$DN?5?$CI?$CIvoid?5?$CK?$CJ?50?$CJ?$CJ@ 0000000000015838     BaseLib:SafeString.obj
 0002:00000860       ??_C@_0FL@CDANCHFO@InternalSafeStringNoAsciiStrOve@ 0000000000015860     BaseLib:SafeString.obj
 0002:000008c0       ??_C@_0N@KGHEHMDL@Divisor?5?$CB?$DN?50@ 00000000000158c0     BaseLib:DivU64x32.obj
 0002:000008d0       ??_C@_0CK@NEGHFCEA@c?3?2edk2?2MdePkg?2Library?2PeiHobLi@ 00000000000158d0     PeiHobLib:HobLib.obj
 0002:00000900       ??_C@_0BI@NCGMODPG@HobList?5?$CB?$DN?5?$CI?$CIvoid?5?$CK?$CJ?50?$CJ@ 0000000000015900     PeiHobLib:HobLib.obj
 0002:00000918       ??_C@_0BJ@NOLLDKJB@HobStart?5?$CB?$DN?5?$CI?$CIvoid?5?$CK?$CJ?50?$CJ@ 0000000000015918     PeiHobLib:HobLib.obj
 0002:00000938       ??_C@_0BE@PICCCCHF@Hob?5?$CB?$DN?5?$CI?$CIvoid?5?$CK?$CJ?50?$CJ@ 0000000000015938     PeiHobLib:HobLib.obj
 0002:00000950       ??_C@_0FP@FBBLJPLM@?$CI?$CIMemoryAllocationModule?5?$CG?5?$CI0x0@ 0000000000015950     PeiHobLib:HobLib.obj
 0002:000009b0       ??_C@_0BF@PEDOPNMP@Guid?5?$CB?$DN?5?$CI?$CIvoid?5?$CK?$CJ?50?$CJ@ 00000000000159b0     PeiHobLib:HobLib.obj
 0002:000009c8       ??_C@_0DE@JLBHCAID@DataLength?5?$DM?$DN?5?$CI0xFFF8?5?9?5sizeof?5@ 00000000000159c8     PeiHobLib:HobLib.obj
 0002:00000a00       ??_C@_0CI@HNHCKIFE@Data?5?$CB?$DN?5?$CI?$CIvoid?5?$CK?$CJ?50?$CJ?5?$HM?$HM?5DataLen@ 0000000000015a00     PeiHobLib:HobLib.obj
 0002:00000a30       ??_C@_0EO@IHLJIHKG@?$CI?$CIBaseAddress?5?$CG?5?$CI0x00001000?5?9?51@ 0000000000015a30     PeiHobLib:HobLib.obj
 0002:00000a80       ??_C@_0EK@FLJLAMPC@c?3?2edk2?2MdeModulePkg?2Library?2Pe@ 0000000000015a80     PeiReportStatusCodeLib:ReportStatusCodeLib.obj
 0002:00000ad0       ??_C@_0DN@HHIHPHHB@?$CB?$CI?$CIExtendedData?5?$DN?$DN?5?$CI?$CIvoid?5?$CK?$CJ?50?$CJ@ 0000000000015ad0     PeiReportStatusCodeLib:ReportStatusCodeLib.obj
 0002:00000b10       ??_C@_0DN@BBBIFINB@?$CB?$CI?$CIExtendedData?5?$CB?$DN?5?$CI?$CIvoid?5?$CK?$CJ?50?$CJ@ 0000000000015b10     PeiReportStatusCodeLib:ReportStatusCodeLib.obj
 0002:00000b50       ??_C@_0DI@MIEIGAOH@Status?5code?5extended?5data?5is?5to@ 0000000000015b50     PeiReportStatusCodeLib:ReportStatusCodeLib.obj
 0002:00000b90       ??_C@_0ED@MKGCMJG@?$CILength?5?9?51?$CJ?5?$DM?$DN?5?$CI0xFFFFFFFFFFFF@ 0000000000015b90     BaseMemoryLibOptPei:CopyMemWrapper.obj
 0002:00000bd8       ??_C@_0DM@NOCJNILA@c?3?2edk2?2MdePkg?2Library?2BaseMemo@ 0000000000015bd8     BaseMemoryLibOptPei:CopyMemWrapper.obj
 0002:00000c18       ??_C@_0DO@MAOBOFEG@?$CILength?5?9?51?$CJ?5?$DM?$DN?5?$CI0xFFFFFFFFFFFF@ 0000000000015c18     BaseMemoryLibOptPei:CopyMemWrapper.obj
 0002:00000c58       ??_C@_0DG@EEENIGGL@Length?5?$DM?$DN?5?$CI0xFFFFFFFFFFFFFFFFUL@ 0000000000015c58     BaseMemoryLibOptPei:MemLibGuid.obj
 0002:00000c90       ??_C@_0DM@GKILLJHH@c?3?2edk2?2MdePkg?2Library?2BaseMemo@ 0000000000015c90     BaseMemoryLibOptPei:ZeroMemWrapper.obj
 0002:00000cd0       ??_C@_0DI@DAGDPLPG@?$CILength?5?9?51?$CJ?5?$DM?$DN?5?$CI0xFFFFFFFFFFFF@ 0000000000015cd0     BaseMemoryLibOptPei:SetMemWrapper.obj
 0002:00000d08       ??_C@_0DL@HMNCKHIB@c?3?2edk2?2MdePkg?2Library?2BaseMemo@ 0000000000015d08     BaseMemoryLibOptPei:SetMemWrapper.obj
 0002:00000d48       ??_C@_0CO@LECKNDNC@?$CI?$CI?$CIUINTN?$CJBuffer?$CJ?5?$CG?5?$CIsizeof?5?$CIVal@ 0000000000015d48     BaseMemoryLibOptPei:SetMem64Wrapper.obj
 0002:00000d80       ??_C@_0EM@LDAGHANC@c?3?2edk2?2MdePkg?2Library?2PeiServi@ 0000000000015d80     PeiServicesTablePointerLib:PeiServicesTablePointer.obj
 0002:00000dd0       ??_C@_0BN@OJIBNMOJ@gPeiServices?5?$CB?$DN?5?$CI?$CIvoid?5?$CK?$CJ?50?$CJ@ 0000000000015dd0     PeiServicesTablePointerLib:PeiServicesTablePointer.obj
 0002:00000df0       ??_C@_0EP@MHCBEKHL@c?3?2edk2?2MdePkg?2Library?2PeiExtra@ 0000000000015df0     PeiExtractGuidedSectionLib:PeiExtractGuidedSectionLib.obj
 0002:00000e40       ??_C@_0BM@HBFOKNPD@HandlerInfo?5?$CB?$DN?5?$CI?$CIvoid?5?$CK?$CJ?50?$CJ@ 0000000000015e40     PeiExtractGuidedSectionLib:PeiExtractGuidedSectionLib.obj
 0002:00000e60       ??_C@_0BN@GPAPAMAC@InputSection?5?$CB?$DN?5?$CI?$CIvoid?5?$CK?$CJ?50?$CJ@ 0000000000015e60     PeiExtractGuidedSectionLib:PeiExtractGuidedSectionLib.obj
 0002:00000e80       ??_C@_0CB@PMMMMPJH@SectionAttribute?5?$CB?$DN?5?$CI?$CIvoid?5?$CK?$CJ?50@ 0000000000015e80     PeiExtractGuidedSectionLib:PeiExtractGuidedSectionLib.obj
 0002:00000ea8       ??_C@_0BN@BPGHDJKK@OutputBuffer?5?$CB?$DN?5?$CI?$CIvoid?5?$CK?$CJ?50?$CJ@ 0000000000015ea8     PeiExtractGuidedSectionLib:PeiExtractGuidedSectionLib.obj
 0002:00000ec8       ??_C@_0CF@CJGHKEF@AuthenticationStatus?5?$CB?$DN?5?$CI?$CIvoid?5@ 0000000000015ec8     PeiExtractGuidedSectionLib:PeiExtractGuidedSectionLib.obj
 0002:00000ef0       ??_C@_0GM@CMAJKIDH@c?3?2edk2?2IntelFrameworkModulePkg@ 0000000000015ef0     BaseUefiTianoDecompressLib:BaseUefiTianoCustomDecompressLib.obj
 0002:00000f60       ??_C@_0BH@GAGHCOEK@Source?5?$CB?$DN?5?$CI?$CIvoid?5?$CK?$CJ?50?$CJ@ 0000000000015f60     BaseUefiTianoDecompressLib:BaseUefiTianoCustomDecompressLib.obj
 0002:00000f78       ??_C@_0CA@FMKFGCDF@DestinationSize?5?$CB?$DN?5?$CI?$CIvoid?5?$CK?$CJ?50?$CJ@ 0000000000015f78     BaseUefiTianoDecompressLib:BaseUefiTianoCustomDecompressLib.obj
 0002:00000f98       ??_C@_0BM@MHGBFJCP@ScratchSize?5?$CB?$DN?5?$CI?$CIvoid?5?$CK?$CJ?50?$CJ@ 0000000000015f98     BaseUefiTianoDecompressLib:BaseUefiTianoCustomDecompressLib.obj
 0002:00000fb8       ??_C@_0BI@MGJALJLC@Scratch?5?$CB?$DN?5?$CI?$CIvoid?5?$CK?$CJ?50?$CJ@ 0000000000015fb8     BaseUefiTianoDecompressLib:BaseUefiTianoCustomDecompressLib.obj
 0002:00000fd0       ??_C@_0EP@CFCGNGBF@c?3?2edk2?2Nt32Pkg?2Library?2PeiNt32@ 0000000000015fd0     PeiNt32OemHookStatusCodeLib:Nt32OemHookStatusCodeLib.obj
 0002:00001020       ??_C@_0BJ@NGECPOCK@?6?$ANASSERT?$CB?3?5?$CFa?5?$CI?$CFd?$CJ?3?5?$CFa?6?$AN@ 0000000000016020     PeiNt32OemHookStatusCodeLib:Nt32OemHookStatusCodeLib.obj
 0002:00001040       ??_C@_0BD@OMAHIICL@ERROR?3?5C?$CFx?3V?$CFx?5I?$CFx@ 0000000000016040     PeiNt32OemHookStatusCodeLib:Nt32OemHookStatusCodeLib.obj
 0002:00001054       ??_C@_03GKLDPGLG@?5?$CFg@  0000000000016054     PeiNt32OemHookStatusCodeLib:Nt32OemHookStatusCodeLib.obj
 0002:00001058       ??_C@_03GPDAHCCA@?5?$CFp@  0000000000016058     PeiNt32OemHookStatusCodeLib:Nt32OemHookStatusCodeLib.obj
 0002:0000105c       ??_C@_02LIIHNNHG@?6?$AN@   000000000001605c     PeiNt32OemHookStatusCodeLib:Nt32OemHookStatusCodeLib.obj
 0002:00001060       ??_C@_0BJ@KDCPJMDH@PROGRESS?5CODE?3?5V?$CFx?5I?$CFx?6?$AN@ 0000000000016060     PeiNt32OemHookStatusCodeLib:Nt32OemHookStatusCodeLib.obj
 0002:00001080       ??_C@_0BJ@KMGICPHL@Undefined?3?5C?$CFx?3V?$CFx?5I?$CFx?6?$AN@ 0000000000016080     PeiNt32OemHookStatusCodeLib:Nt32OemHookStatusCodeLib.obj
 0002:000010a0       ??_C@_0CL@COEFNOFM@c?3?2edk2?2MdePkg?2Library?2BaseLib?2@ 00000000000160a0     BaseLib:Unaligned.obj
 0002:000010d0       ??_C@_0DN@PDHFLDBE@c?3?2edk2?2MdePkg?2Library?2BaseMemo@ 00000000000160d0     BaseMemoryLibOptPei:SetMem16Wrapper.obj
 0002:00001110       ??_C@_07PBILKAFL@Success@  0000000000016110     BasePrintLib:PrintLibInternal.obj
 0002:00001118       ??_C@_0BG@CFJMNNJK@Warning?5Unknown?5Glyph@ 0000000000016118     BasePrintLib:PrintLibInternal.obj
 0002:00001130       ??_C@_0BH@GKKCJEPJ@Warning?5Delete?5Failure@ 0000000000016130     BasePrintLib:PrintLibInternal.obj
 0002:00001148       ??_C@_0BG@ECIJMOED@Warning?5Write?5Failure@ 0000000000016148     BasePrintLib:PrintLibInternal.obj
 0002:00001160       ??_C@_0BJ@ODIPDGHB@Warning?5Buffer?5Too?5Small@ 0000000000016160     BasePrintLib:PrintLibInternal.obj
 0002:00001180       ??_C@_0BD@IFJNJCCO@Warning?5Stale?5Data@ 0000000000016180     BasePrintLib:PrintLibInternal.obj
 0002:00001198       ??_C@_0L@PLPBEPPC@Load?5Error@ 0000000000016198     BasePrintLib:PrintLibInternal.obj
 0002:000011a8       ??_C@_0BC@HOFHKGJN@Invalid?5Parameter@ 00000000000161a8     BasePrintLib:PrintLibInternal.obj
 0002:000011c0       ??_C@_0M@BEECMOIL@Unsupported@ 00000000000161c0     BasePrintLib:PrintLibInternal.obj
 0002:000011d0       ??_C@_0BA@FLNMPMCF@Bad?5Buffer?5Size@ 00000000000161d0     BasePrintLib:PrintLibInternal.obj
 0002:000011e0       ??_C@_0BB@EGELJFOB@Buffer?5Too?5Small@ 00000000000161e0     BasePrintLib:PrintLibInternal.obj
 0002:000011f8       ??_C@_09NKFGCIPN@Not?5Ready@ 00000000000161f8     BasePrintLib:PrintLibInternal.obj
 0002:00001208       ??_C@_0N@HHEABDHO@Device?5Error@ 0000000000016208     BasePrintLib:PrintLibInternal.obj
 0002:00001218       ??_C@_0BA@LNEDDFNB@Write?5Protected@ 0000000000016218     BasePrintLib:PrintLibInternal.obj
 0002:00001228       ??_C@_0BB@GOILNEAA@Out?5of?5Resources@ 0000000000016228     BasePrintLib:PrintLibInternal.obj
 0002:00001240       ??_C@_0P@EIOJGIF@Volume?5Corrupt@ 0000000000016240     BasePrintLib:PrintLibInternal.obj
 0002:00001250       ??_C@_0M@HDLEPOFA@Volume?5Full@ 0000000000016250     BasePrintLib:PrintLibInternal.obj
 0002:00001260       ??_C@_08KEGAJDNN@No?5Media@ 0000000000016260     BasePrintLib:PrintLibInternal.obj
 0002:00001270       ??_C@_0O@JNCJKCCD@Media?5changed@ 0000000000016270     BasePrintLib:PrintLibInternal.obj
 0002:00001280       ??_C@_09CFCBFJND@Not?5Found@ 0000000000016280     BasePrintLib:PrintLibInternal.obj
 0002:00001290       ??_C@_0O@NFHOBIDO@Access?5Denied@ 0000000000016290     BasePrintLib:PrintLibInternal.obj
 0002:000012a0       ??_C@_0M@ENKCBFEP@No?5Response@ 00000000000162a0     BasePrintLib:PrintLibInternal.obj
 0002:000012b0       ??_C@_0L@IFPBNFC@No?5mapping@ 00000000000162b0     BasePrintLib:PrintLibInternal.obj
 0002:000012c0       ??_C@_08PAFJCNGP@Time?5out@ 00000000000162c0     BasePrintLib:PrintLibInternal.obj
 0002:000012d0       ??_C@_0M@DCJFAFHJ@Not?5started@ 00000000000162d0     BasePrintLib:PrintLibInternal.obj
 0002:000012e0       ??_C@_0BA@IGIBFFPH@Already?5started@ 00000000000162e0     BasePrintLib:PrintLibInternal.obj
 0002:000012f0       ??_C@_07LCKDCBKK@Aborted@  00000000000162f0     BasePrintLib:PrintLibInternal.obj
 0002:000012f8       ??_C@_0L@LKIFCMNO@ICMP?5Error@ 00000000000162f8     BasePrintLib:PrintLibInternal.obj
 0002:00001308       ??_C@_0L@DJKNJKHM@TFTP?5Error@ 0000000000016308     BasePrintLib:PrintLibInternal.obj
 0002:00001318       ??_C@_0P@NCJHBCLM@Protocol?5Error@ 0000000000016318     BasePrintLib:PrintLibInternal.obj
 0002:00001328       ??_C@_0BF@EHOBGFMI@Incompatible?5Version@ 0000000000016328     BasePrintLib:PrintLibInternal.obj
 0002:00001340       ??_C@_0BD@KHMPCIOG@Security?5Violation@ 0000000000016340     BasePrintLib:PrintLibInternal.obj
 0002:00001358       ??_C@_09BOMAGJEG@CRC?5Error@ 0000000000016358     BasePrintLib:PrintLibInternal.obj
 0002:00001368       ??_C@_0N@JEJDHPO@End?5of?5Media@ 0000000000016368     BasePrintLib:PrintLibInternal.obj
 0002:00001378       ??_C@_0O@NMJOLAMF@Reserved?5?$CI29?$CJ@ 0000000000016378     BasePrintLib:PrintLibInternal.obj
 0002:00001388       ??_C@_0O@GLPDOMCP@Reserved?5?$CI30?$CJ@ 0000000000016388     BasePrintLib:PrintLibInternal.obj
 0002:00001398       ??_C@_0M@FKGOBENP@End?5of?5File@ 0000000000016398     BasePrintLib:PrintLibInternal.obj
 0002:000013a8       ??_C@_0BB@KFJAMCOC@Invalid?5Language@ 00000000000163a8     BasePrintLib:PrintLibInternal.obj
 0002:000013c0       ??_C@_0BB@MFGDFIJM@Compromised?5Data@ 00000000000163c0     BasePrintLib:PrintLibInternal.obj
 0002:000013d8       ??_C@_0DH@DJIHJFON@c?3?2edk2?2MdePkg?2Library?2BasePrin@ 00000000000163d8     BasePrintLib:PrintLibInternal.obj
 0002:00001410       ??_C@_0EB@HDGIDCIO@?$CIBufferSize?5?$DM?$DN?5?$CI_gPcd_FixedAtBu@ 0000000000016410     BasePrintLib:PrintLibInternal.obj
 0002:00001458       ??_C@_0BJ@PPAKKDJG@?$CIFormat?5?$CB?$DN?5?$CI?$CIvoid?5?$CK?$CJ?50?$CJ?$CJ@ 0000000000016458     BasePrintLib:PrintLibInternal.obj
 0002:00001480       ??_C@_0ED@LPDDCECB@?$CIBufferSize?5?$DM?$DN?5?$CI_gPcd_FixedAtBu@ 0000000000016480     BasePrintLib:PrintLibInternal.obj
 0002:000014d0       ??_C@_0IM@BFJJFLGB@?$CIStrnLenS?5?$CI?$CICHAR16?5?$CK?$CJFormat?0?5?$CI_@ 00000000000164d0     BasePrintLib:PrintLibInternal.obj
 0002:00001560       ??_C@_0ID@PLGJGION@?$CIAsciiStrnLenS?5?$CIFormat?0?5?$CI_gPcd_@ 0000000000016560     BasePrintLib:PrintLibInternal.obj
 0002:000015e8       ??_C@_0O@MLOLIMFM@?$DMnull?5string?$DO@ 00000000000165e8     BasePrintLib:PrintLibInternal.obj
 0002:000015f8       ??_C@_0M@BJJDNPHK@?$DMnull?5guid?$DO@ 00000000000165f8     BasePrintLib:PrintLibInternal.obj
 0002:00001608       ??_C@_0DB@PMLHLBMO@?$CF08x?9?$CF04x?9?$CF04x?9?$CF02x?$CF02x?9?$CF02x?$CF02@ 0000000000016608     BasePrintLib:PrintLibInternal.obj
 0002:00001640       ??_C@_0M@LHGBCIKM@?$DMnull?5time?$DO@ 0000000000016640     BasePrintLib:PrintLibInternal.obj
 0002:00001650       ??_C@_0BK@FCPKCIDD@?$CF02d?1?$CF02d?1?$CF04d?5?5?$CF02d?3?$CF02d@ 0000000000016650     BasePrintLib:PrintLibInternal.obj
 0002:0000166c       ??_C@_04JIMNDDED@?$CF08X@  000000000001666c     BasePrintLib:PrintLibInternal.obj
 0002:00001674       ??_C@_02PCIJFNDE@?$AN?6@   0000000000016674     BasePrintLib:PrintLibInternal.obj
 0002:00001678       ??_C@_01LIIJDEN@?$AN@      0000000000016678     BasePrintLib:PrintLibInternal.obj
 0002:00001680       ??_C@_0DE@PLOFBNJA@c?3?2edk2?2MdePkg?2Library?2BaseLib?2@ 0000000000016680     BaseLib:DivU64x32Remainder.obj
 0003:00000000       gEfiStatusCodeSpecificDataGuid 0000000000017000     DxeIpl:AutoGen.obj
 0003:00000010       gEfiMemoryTypeInformationGuid 0000000000017010     DxeIpl:AutoGen.obj
 0003:00000020       gEfiHobMemoryAllocStackGuid 0000000000017020     DxeIpl:AutoGen.obj
 0003:00000030       gEfiPeiReadOnlyVariable2PpiGuid 0000000000017030     DxeIpl:AutoGen.obj
 0003:00000040       gEfiPeiDecompressPpiGuid   0000000000017040     DxeIpl:AutoGen.obj
 0003:00000050       gTianoCustomDecompressGuid 0000000000017050     DxeIpl:AutoGen.obj
 0003:00000060       gEfiHobMemoryAllocModuleGuid 0000000000017060     DxeIpl:AutoGen.obj
 0003:00000070       gEfiPeiFirmwareVolumeInfo2PpiGuid 0000000000017070     DxeIpl:AutoGen.obj
 0003:00000080       gEfiVectorHandoffInfoPpiGuid 0000000000017080     DxeIpl:AutoGen.obj
 0003:00000090       gEfiDxeIplPpiGuid          0000000000017090     DxeIpl:AutoGen.obj
 0003:000000a0       gEfiStatusCodeDataTypeDebugGuid 00000000000170a0     DxeIpl:AutoGen.obj
 0003:000000b0       gEfiFirmwareFileSystem2Guid 00000000000170b0     DxeIpl:AutoGen.obj
 0003:000000c0       gEfiPeiRecoveryModulePpiGuid 00000000000170c0     DxeIpl:AutoGen.obj
 0003:000000d0       gEfiPeiMemoryDiscoveredPpiGuid 00000000000170d0     DxeIpl:AutoGen.obj
 0003:000000e0       gPeiNtThunkPpiGuid         00000000000170e0     DxeIpl:AutoGen.obj
 0003:000000f0       gEfiEndOfPeiSignalPpiGuid  00000000000170f0     DxeIpl:AutoGen.obj
 0003:00000100       gEfiHobMemoryAllocBspStoreGuid 0000000000017100     DxeIpl:AutoGen.obj
 0003:00000110       gEfiPeiLoadFilePpiGuid     0000000000017110     DxeIpl:AutoGen.obj
 0003:00000120       gEfiPeiS3Resume2PpiGuid    0000000000017120     DxeIpl:AutoGen.obj
 0003:00000130       gEfiPeiFirmwareVolumeInfoPpiGuid 0000000000017130     DxeIpl:AutoGen.obj
 0003:00000140       gEfiCallerIdGuid           0000000000017140     DxeIpl:AutoGen.obj
 0003:00000150       mPageTablePool             0000000000017150     DxeIpl:VirtualMemory.obj
 0003:00000158       gNullVaList                0000000000017158     <common>
 0003:00000160       mStdOut                    0000000000017160     <common>
 0003:00000168       mWinNt                     0000000000017168     <common>
 0003:00000170       gPeiServices               0000000000017170     <common>

 entry point at        0001:00000134

 Static symbols

 0000:ffff4000       .debug$S                   0000000000010000     DxeIpl.exp
 0001:0000003f       AsmCpuid.0                 000000000001103f     BaseLib:CpuId.obj
 0001:00000044       AsmCpuid.1                 0000000000011044     BaseLib:CpuId.obj
 0001:0000004b       AsmCpuid.2                 000000000001104b     BaseLib:CpuId.obj
 0001:00000054       AsmCpuid.3                 0000000000011054     BaseLib:CpuId.obj
 0001:0000008a       InternalMemCopyMem.0       000000000001108a     BaseMemoryLibOptPei:CopyMem.obj
 0001:0000009a       @CopyBackward              000000000001109a     BaseMemoryLibOptPei:CopyMem.obj
 0001:000000a3       @CopyBytes                 00000000000110a3     BaseMemoryLibOptPei:CopyMem.obj
 0004:00000000       .edata                     0000000000018000     DxeIpl.exp
 0004:00000028       rgpv                       0000000000018028     DxeIpl.exp
 0004:0000002c       rgszName                   000000000001802c     DxeIpl.exp
 0004:00000030       rgwOrd                     0000000000018030     DxeIpl.exp
 0004:00000032       szName                     0000000000018032     DxeIpl.exp
 0004:0000003d       $N00001                    000000000001803d     DxeIpl.exp
 0005:00000000       $pdata$_ModuleEntryPoint   0000000000019000     PeimEntryPoint:PeimEntryPoint.obj
 0005:0000000c       $pdata$Decompress          000000000001900c     DxeIpl:DxeLoad.obj
 0005:00000018       $pdata$CustomGuidedSectionExtract 0000000000019018     DxeIpl:DxeLoad.obj
 0005:00000024       $pdata$DxeLoadCore         0000000000019024     DxeIpl:DxeLoad.obj
 0005:00000030       $pdata$InstallIplPermanentMemoryPpis 0000000000019030     DxeIpl:DxeLoad.obj
 0005:0000003c       $pdata$HandOffToDxeCore    000000000001903c     DxeIpl:DxeLoadFunc.obj
 0005:00000048       $pdata$DebugPrint          0000000000019048     PeiDxeDebugLibReportStatusCode:DebugLib.obj
 0005:00000054       $pdata$DebugAssert         0000000000019054     PeiDxeDebugLibReportStatusCode:DebugLib.obj
 0005:00000060       $pdata$SwitchStack         0000000000019060     BaseLib:SwitchStack.obj
 0005:0000006c       $pdata$LShiftU64           000000000001906c     BaseLib:LShiftU64.obj
 0005:00000078       $pdata$AsciiStrLen         0000000000019078     BaseLib:String.obj
 0005:00000084       $pdata$StrnLenS            0000000000019084     BaseLib:SafeString.obj
 0005:00000090       $pdata$AsciiStrnCpyS       0000000000019090     BaseLib:SafeString.obj
 0005:0000009c       $pdata$BuildGuidHob        000000000001909c     PeiHobLib:HobLib.obj
 0005:000000a8       $pdata$InternalPeiCreateHob 00000000000190a8     PeiHobLib:HobLib.obj
 0005:000000b4       $pdata$GetBootModeHob      00000000000190b4     PeiHobLib:HobLib.obj
 0005:000000c0       $pdata$GetNextHob          00000000000190c0     PeiHobLib:HobLib.obj
 0005:000000cc       $pdata$GetHobList          00000000000190cc     PeiHobLib:HobLib.obj
 0005:000000d8       $pdata$BuildGuidDataHob    00000000000190d8     PeiHobLib:HobLib.obj
 0005:000000e4       $pdata$PeiServicesLocatePpi 00000000000190e4     PeiServicesLib:PeiServicesLib.obj
 0005:000000f0       $pdata$InternalReportStatusCode 00000000000190f0     PeiReportStatusCodeLib:ReportStatusCodeLib.obj
 0005:000000fc       $pdata$ReportStatusCodeEx  00000000000190fc     PeiReportStatusCodeLib:ReportStatusCodeLib.obj
 0005:00000108       $pdata$CopyMem             0000000000019108     BaseMemoryLibOptPei:CopyMemWrapper.obj
 0005:00000114       $pdata$CopyGuid            0000000000019114     BaseMemoryLibOptPei:MemLibGuid.obj
 0005:00000120       $pdata$CompareGuid         0000000000019120     BaseMemoryLibOptPei:MemLibGuid.obj
 0005:0000012c       $pdata$ZeroMem             000000000001912c     BaseMemoryLibOptPei:ZeroMemWrapper.obj
 0005:00000138       $pdata$SetMem              0000000000019138     BaseMemoryLibOptPei:SetMemWrapper.obj
 0005:00000144       $pdata$InternalAllocatePages 0000000000019144     PeiMemoryAllocationLib:MemoryAllocationLib.obj
 0005:00000150       $pdata$AllocatePool        0000000000019150     PeiMemoryAllocationLib:MemoryAllocationLib.obj
 0005:0000015c       $pdata$GetPeiServicesTablePointer 000000000001915c     PeiServicesTablePointerLib:PeiServicesTablePointer.obj
 0005:00000168       $pdata$PeiGetExtractGuidedSectionHandlerInfo 0000000000019168     PeiExtractGuidedSectionLib:PeiExtractGuidedSectionLib.obj
 0005:00000174       $pdata$ExtractGuidedSectionDecode 0000000000019174     PeiExtractGuidedSectionLib:PeiExtractGuidedSectionLib.obj
 0005:00000180       $pdata$TianoDecompress     0000000000019180     BaseUefiTianoDecompressLib:BaseUefiTianoCustomDecompressLib.obj
 0005:0000018c       $pdata$TianoDecompressGetInfo 000000000001918c     BaseUefiTianoDecompressLib:BaseUefiTianoCustomDecompressLib.obj
 0005:00000198       $pdata$UefiTianoDecompress 0000000000019198     BaseUefiTianoDecompressLib:BaseUefiTianoCustomDecompressLib.obj
 0005:000001a4       $pdata$Decode              00000000000191a4     BaseUefiTianoDecompressLib:BaseUefiTianoCustomDecompressLib.obj
 0005:000001b0       $pdata$ReadCLen            00000000000191b0     BaseUefiTianoDecompressLib:BaseUefiTianoCustomDecompressLib.obj
 0005:000001bc       $pdata$ReadPTLen           00000000000191bc     BaseUefiTianoDecompressLib:BaseUefiTianoCustomDecompressLib.obj
 0005:000001c8       $pdata$MakeTable           00000000000191c8     BaseUefiTianoDecompressLib:BaseUefiTianoCustomDecompressLib.obj
 0005:000001d4       $pdata$FillBuf             00000000000191d4     BaseUefiTianoDecompressLib:BaseUefiTianoCustomDecompressLib.obj
 0005:000001e0       $pdata$UefiDecompressGetInfo 00000000000191e0     BaseUefiTianoDecompressLib:BaseUefiTianoCustomDecompressLib.obj
 0005:000001ec       $pdata$OemHookStatusCodeReport 00000000000191ec     PeiNt32OemHookStatusCodeLib:Nt32OemHookStatusCodeLib.obj
 0005:000001f8       $pdata$ReadUnaligned64     00000000000191f8     BaseLib:Unaligned.obj
 0005:00000204       $pdata$AsciiSPrint         0000000000019204     BasePrintLib:PrintLib.obj
 0005:00000210       $pdata$BasePrintLibSPrint  0000000000019210     BasePrintLib:PrintLibInternal.obj
 0005:0000021c       $pdata$BasePrintLibValueToString 000000000001921c     BasePrintLib:PrintLibInternal.obj
 0005:00000228       $pdata$BasePrintLibSPrintMarker 0000000000019228     BasePrintLib:PrintLibInternal.obj
 0006:00000000       $unwind$_ModuleEntryPoint  000000000001a000     PeimEntryPoint:PeimEntryPoint.obj
 0006:0000001c       $unwind$InstallIplPermanentMemoryPpis 000000000001a01c     DxeIpl:DxeLoad.obj
 0006:00000030       $unwind$DxeLoadCore        000000000001a030     DxeIpl:DxeLoad.obj
 0006:0000004c       $unwind$CustomGuidedSectionExtract 000000000001a04c     DxeIpl:DxeLoad.obj
 0006:00000068       $unwind$Decompress         000000000001a068     DxeIpl:DxeLoad.obj
 0006:00000080       $unwind$HandOffToDxeCore   000000000001a080     DxeIpl:DxeLoadFunc.obj
 0006:0000009c       $unwind$DebugPrint         000000000001a09c     PeiDxeDebugLibReportStatusCode:DebugLib.obj
 0006:000000ac       $unwind$DebugAssert        000000000001a0ac     PeiDxeDebugLibReportStatusCode:DebugLib.obj
 0006:000000c8       $unwind$SwitchStack        000000000001a0c8     BaseLib:SwitchStack.obj
 0006:000000d4       $unwind$InternalPeiCreateHob 000000000001a0d4     PeiHobLib:HobLib.obj
 0006:000000d4       $unwind$SetMem             000000000001a0d4     BaseMemoryLibOptPei:SetMemWrapper.obj
 0006:000000d4       $unwind$AsciiStrLen        000000000001a0d4     BaseLib:String.obj
 0006:000000d4       $unwind$BuildGuidHob       000000000001a0d4     PeiHobLib:HobLib.obj
 0006:000000d4       $unwind$ZeroMem            000000000001a0d4     BaseMemoryLibOptPei:ZeroMemWrapper.obj
 0006:000000d4       $unwind$LShiftU64          000000000001a0d4     BaseLib:LShiftU64.obj
 0006:000000d4       $unwind$PeiGetExtractGuidedSectionHandlerInfo 000000000001a0d4     PeiExtractGuidedSectionLib:PeiExtractGuidedSectionLib.obj
 0006:000000d4       $unwind$GetNextHob         000000000001a0d4     PeiHobLib:HobLib.obj
 0006:000000e0       $unwind$ReadUnaligned64    000000000001a0e0     BaseLib:Unaligned.obj
 0006:000000e0       $unwind$AllocatePool       000000000001a0e0     PeiMemoryAllocationLib:MemoryAllocationLib.obj
 0006:000000e0       $unwind$StrnLenS           000000000001a0e0     BaseLib:SafeString.obj
 0006:000000e0       $unwind$InternalAllocatePages 000000000001a0e0     PeiMemoryAllocationLib:MemoryAllocationLib.obj
 0006:000000e8       $unwind$AsciiStrnCpyS      000000000001a0e8     BaseLib:SafeString.obj
 0006:000000e8       $unwind$FillBuf            000000000001a0e8     BaseUefiTianoDecompressLib:BaseUefiTianoCustomDecompressLib.obj
 0006:000000e8       $unwind$CopyGuid           000000000001a0e8     BaseMemoryLibOptPei:MemLibGuid.obj
 0006:000000e8       $unwind$BuildGuidDataHob   000000000001a0e8     PeiHobLib:HobLib.obj
 0006:000000f8       $unwind$GetBootModeHob     000000000001a0f8     PeiHobLib:HobLib.obj
 0006:000000f8       $unwind$GetPeiServicesTablePointer 000000000001a0f8     PeiServicesTablePointerLib:PeiServicesTablePointer.obj
 0006:000000f8       $unwind$GetHobList         000000000001a0f8     PeiHobLib:HobLib.obj
 0006:00000100       $unwind$PeiServicesLocatePpi 000000000001a100     PeiServicesLib:PeiServicesLib.obj
 0006:00000110       $unwind$InternalReportStatusCode 000000000001a110     PeiReportStatusCodeLib:ReportStatusCodeLib.obj
 0006:00000128       $unwind$ReportStatusCodeEx 000000000001a128     PeiReportStatusCodeLib:ReportStatusCodeLib.obj
 0006:0000013c       $unwind$BasePrintLibValueToString 000000000001a13c     BasePrintLib:PrintLibInternal.obj
 0006:0000013c       $unwind$UefiDecompressGetInfo 000000000001a13c     BaseUefiTianoDecompressLib:BaseUefiTianoCustomDecompressLib.obj
 0006:0000013c       $unwind$CompareGuid        000000000001a13c     BaseMemoryLibOptPei:MemLibGuid.obj
 0006:0000013c       $unwind$TianoDecompress    000000000001a13c     BaseUefiTianoDecompressLib:BaseUefiTianoCustomDecompressLib.obj
 0006:0000013c       $unwind$CopyMem            000000000001a13c     BaseMemoryLibOptPei:CopyMemWrapper.obj
 0006:0000013c       $unwind$TianoDecompressGetInfo 000000000001a13c     BaseUefiTianoDecompressLib:BaseUefiTianoCustomDecompressLib.obj
 0006:00000150       $unwind$ExtractGuidedSectionDecode 000000000001a150     PeiExtractGuidedSectionLib:PeiExtractGuidedSectionLib.obj
 0006:0000016c       $unwind$MakeTable          000000000001a16c     BaseUefiTianoDecompressLib:BaseUefiTianoCustomDecompressLib.obj
 0006:00000184       $unwind$ReadPTLen          000000000001a184     BaseUefiTianoDecompressLib:BaseUefiTianoCustomDecompressLib.obj
 0006:000001a0       $unwind$ReadCLen           000000000001a1a0     BaseUefiTianoDecompressLib:BaseUefiTianoCustomDecompressLib.obj
 0006:000001bc       $unwind$Decode             000000000001a1bc     BaseUefiTianoDecompressLib:BaseUefiTianoCustomDecompressLib.obj
 0006:000001d8       $unwind$UefiTianoDecompress 000000000001a1d8     BaseUefiTianoDecompressLib:BaseUefiTianoCustomDecompressLib.obj
 0006:000001f4       $unwind$OemHookStatusCodeReport 000000000001a1f4     PeiNt32OemHookStatusCodeLib:Nt32OemHookStatusCodeLib.obj
 0006:00000214       $unwind$AsciiSPrint        000000000001a214     BasePrintLib:PrintLib.obj
 0006:0000021c       $unwind$BasePrintLibSPrintMarker 000000000001a21c     BasePrintLib:PrintLibInternal.obj
 0006:00000238       $unwind$BasePrintLibSPrint 000000000001a238     BasePrintLib:PrintLibInternal.obj
