 DevicePathDxe

 Timestamp is 5c19cb35 (Wed Dec 19 12:38:13 2018)

 Preferred load address is 0000000000010000

 Start         Length     Name                   Class
 0001:00000000 00000110H .text                   CODE
 0001:00000110 0000862eH .text$mn                CODE
 0002:00000000 000031a4H .rdata                  DATA
 0002:000031a4 00000140H .rdata$zzzdbg           DATA
 0003:00000000 00000708H .data                   DATA
 0003:00000708 00000040H .bss                    DATA
 0004:00000000 00000055H .edata                  DATA
 0005:00000000 00000804H .pdata                  DATA
 0006:00000000 000003c0H .xdata                  DATA

  Address         Publics by Value              Rva+Base               Lib:Object

 0000:00000000       __guard_longjmp_table      0000000000000000     <absolute>
 0000:00000000       __guard_iat_table          0000000000000000     <absolute>
 0000:00000000       __guard_fids_count         0000000000000000     <absolute>
 0000:00000000       __dynamic_value_reloc_table 0000000000000000     <absolute>
 0000:00000000       __hybrid_code_map_count    0000000000000000     <absolute>
 0000:00000000       __enclave_config           0000000000000000     <absolute>
 0000:00000000       __hybrid_code_map          0000000000000000     <absolute>
 0000:00000000       __guard_iat_count          0000000000000000     <absolute>
 0000:00000000       __guard_longjmp_count      0000000000000000     <absolute>
 0000:00000000       __volatile_metadata        0000000000000000     <absolute>
 0000:00000000       __guard_fids_table         0000000000000000     <absolute>
 0000:00000000       __hybrid_auxiliary_iat     0000000000000000     <absolute>
 0000:00000100       __guard_flags              0000000000000100     <absolute>
 0001:00000000       InternalMemCopyMem         0000000000011000     BaseMemoryLibOptDxe:CopyMem.obj
 0001:00000080       InternalMemSetMem          0000000000011080     BaseMemoryLibOptDxe:SetMem.obj
 0001:000000c0       InternalMemZeroMem         00000000000110c0     BaseMemoryLibOptDxe:ZeroMem.obj
 0001:000000e0       InternalMemSetMem64        00000000000110e0     BaseMemoryLibOptDxe:SetMem64.obj
 0001:00000100       InternalMemSetMem32        0000000000011100     BaseMemoryLibOptDxe:SetMem32.obj
 0001:00000110       _ModuleEntryPoint          0000000000011110 f   UefiDriverEntryPoint:DriverEntryPoint.obj
 0001:000001a8       ProcessLibraryConstructorList 00000000000111a8 f   DevicePathDxe:AutoGen.obj
 0001:000002c8       ProcessLibraryDestructorList 00000000000112c8 f   DevicePathDxe:AutoGen.obj
 0001:00000320       DebugPrint                 0000000000011320 f   PeiDxeDebugLibReportStatusCode:DebugLib.obj
 0001:000004f4       DebugAssert                00000000000114f4 f   PeiDxeDebugLibReportStatusCode:DebugLib.obj
 0001:0000065c       GetDevicePathSize          000000000001165c f   UefiDevicePathLib:UefiDevicePathLib.obj
 0001:000006bc       DuplicateDevicePath        00000000000116bc f   UefiDevicePathLib:UefiDevicePathLib.obj
 0001:0000072c       AppendDevicePath           000000000001172c f   UefiDevicePathLib:UefiDevicePathLib.obj
 0001:00000734       AppendDevicePathNode       0000000000011734 f   UefiDevicePathLib:UefiDevicePathLib.obj
 0001:00000834       AppendDevicePathInstance   0000000000011834 f   UefiDevicePathLib:UefiDevicePathLib.obj
 0001:000009d8       GetNextDevicePathInstance  00000000000119d8 f   UefiDevicePathLib:UefiDevicePathLib.obj
 0001:00000b04       CreateDeviceNode           0000000000011b04 f   UefiDevicePathLib:UefiDevicePathLib.obj
 0001:00000b8c       IsDevicePathMultiInstance  0000000000011b8c f   UefiDevicePathLib:UefiDevicePathLib.obj
 0001:00000c0c       ConvertDeviceNodeToText    0000000000011c0c f   UefiDevicePathLib:UefiDevicePathLib.obj
 0001:00000cf0       ConvertDevicePathToText    0000000000011cf0 f   UefiDevicePathLib:UefiDevicePathLib.obj
 0001:00000e54       ConvertTextToDeviceNode    0000000000011e54 f   UefiDevicePathLib:UefiDevicePathLib.obj
 0001:00000e5c       ConvertTextToDevicePath    0000000000011e5c f   UefiDevicePathLib:UefiDevicePathLib.obj
 0001:00000e64       IsDevicePathValid          0000000000011e64 f   UefiDevicePathLib:DevicePathUtilities.obj
 0001:00000eec       DevicePathType             0000000000011eec f   UefiDevicePathLib:DevicePathUtilities.obj
 0001:00000f18       DevicePathSubType          0000000000011f18 f   UefiDevicePathLib:DevicePathUtilities.obj
 0001:00000f48       DevicePathNodeLength       0000000000011f48 f   UefiDevicePathLib:DevicePathUtilities.obj
 0001:00000f94       NextDevicePathNode         0000000000011f94 f   UefiDevicePathLib:DevicePathUtilities.obj
 0001:00000fcc       IsDevicePathEndType        0000000000011fcc f   UefiDevicePathLib:DevicePathUtilities.obj
 0001:00001008       IsDevicePathEnd            0000000000012008 f   UefiDevicePathLib:DevicePathUtilities.obj
 0001:0000105c       SetDevicePathNodeLength    000000000001205c f   UefiDevicePathLib:DevicePathUtilities.obj
 0001:000010dc       SetDevicePathEndNode       00000000000120dc f   UefiDevicePathLib:DevicePathUtilities.obj
 0001:0000111c       UefiDevicePathLibAppendDevicePath 000000000001211c f   UefiDevicePathLib:DevicePathUtilities.obj
 0001:000012c8       GetNextParamStr            00000000000122c8 f   UefiDevicePathLib:DevicePathFromText.obj
 0001:00001304       IsHexStr                   0000000000012304 f   UefiDevicePathLib:DevicePathFromText.obj
 0001:00001358       Strtoi                     0000000000012358 f   UefiDevicePathLib:DevicePathFromText.obj
 0001:00001388       Strtoi64                   0000000000012388 f   UefiDevicePathLib:DevicePathFromText.obj
 0001:000013b8       DevPathFromTextGenericPath 00000000000123b8 f   UefiDevicePathLib:DevicePathFromText.obj
 0001:00001448       DevPathFromTextPath        0000000000012448 f   UefiDevicePathLib:DevicePathFromText.obj
 0001:00001474       DevPathFromTextHardwarePath 0000000000012474 f   UefiDevicePathLib:DevicePathFromText.obj
 0001:00001480       DevPathFromTextPci         0000000000012480 f   UefiDevicePathLib:DevicePathFromText.obj
 0001:000014e8       DevPathFromTextPcCard      00000000000124e8 f   UefiDevicePathLib:DevicePathFromText.obj
 0001:00001530       DevPathFromTextMemoryMapped 0000000000012530 f   UefiDevicePathLib:DevicePathFromText.obj
 0001:000015bc       ConvertFromTextVendor      00000000000125bc f   UefiDevicePathLib:DevicePathFromText.obj
 0001:00001648       DevPathFromTextVenHw       0000000000012648 f   UefiDevicePathLib:DevicePathFromText.obj
 0001:00001654       DevPathFromTextCtrl        0000000000012654 f   UefiDevicePathLib:DevicePathFromText.obj
 0001:0000169c       DevPathFromTextBmc         000000000001269c f   UefiDevicePathLib:DevicePathFromText.obj
 0001:00001710       DevPathFromTextAcpiPath    0000000000012710 f   UefiDevicePathLib:DevicePathFromText.obj
 0001:0000171c       EisaIdFromText             000000000001271c f   UefiDevicePathLib:DevicePathFromText.obj
 0001:00001764       DevPathFromTextAcpi        0000000000012764 f   UefiDevicePathLib:DevicePathFromText.obj
 0001:000017cc       ConvertFromTextAcpi        00000000000127cc f   UefiDevicePathLib:DevicePathFromText.obj
 0001:0000182c       DevPathFromTextPciRoot     000000000001282c f   UefiDevicePathLib:DevicePathFromText.obj
 0001:00001838       DevPathFromTextPcieRoot    0000000000012838 f   UefiDevicePathLib:DevicePathFromText.obj
 0001:00001844       DevPathFromTextFloppy      0000000000012844 f   UefiDevicePathLib:DevicePathFromText.obj
 0001:00001850       DevPathFromTextKeyboard    0000000000012850 f   UefiDevicePathLib:DevicePathFromText.obj
 0001:0000185c       DevPathFromTextSerial      000000000001285c f   UefiDevicePathLib:DevicePathFromText.obj
 0001:00001868       DevPathFromTextParallelPort 0000000000012868 f   UefiDevicePathLib:DevicePathFromText.obj
 0001:00001874       DevPathFromTextAcpiEx      0000000000012874 f   UefiDevicePathLib:DevicePathFromText.obj
 0001:000019a8       DevPathFromTextAcpiExp     00000000000129a8 f   UefiDevicePathLib:DevicePathFromText.obj
 0001:00001a50       DevPathFromTextAcpiAdr     0000000000012a50 f   UefiDevicePathLib:DevicePathFromText.obj
 0001:00001b20       DevPathFromTextMsg         0000000000012b20 f   UefiDevicePathLib:DevicePathFromText.obj
 0001:00001b2c       DevPathFromTextAta         0000000000012b2c f   UefiDevicePathLib:DevicePathFromText.obj
 0001:00001c14       DevPathFromTextScsi        0000000000012c14 f   UefiDevicePathLib:DevicePathFromText.obj
 0001:00001c80       DevPathFromTextFibre       0000000000012c80 f   UefiDevicePathLib:DevicePathFromText.obj
 0001:00001cf0       DevPathFromTextFibreEx     0000000000012cf0 f   UefiDevicePathLib:DevicePathFromText.obj
 0001:00001e08       DevPathFromText1394        0000000000012e08 f   UefiDevicePathLib:DevicePathFromText.obj
 0001:00001e54       DevPathFromTextUsb         0000000000012e54 f   UefiDevicePathLib:DevicePathFromText.obj
 0001:00001ebc       DevPathFromTextI2O         0000000000012ebc f   UefiDevicePathLib:DevicePathFromText.obj
 0001:00001f04       DevPathFromTextInfiniband  0000000000012f04 f   UefiDevicePathLib:DevicePathFromText.obj
 0001:00001fcc       DevPathFromTextVenMsg      0000000000012fcc f   UefiDevicePathLib:DevicePathFromText.obj
 0001:00001fd8       DevPathFromTextVenPcAnsi   0000000000012fd8 f   UefiDevicePathLib:DevicePathFromText.obj
 0001:0000200c       DevPathFromTextVenVt100    000000000001300c f   UefiDevicePathLib:DevicePathFromText.obj
 0001:00002040       DevPathFromTextVenVt100Plus 0000000000013040 f   UefiDevicePathLib:DevicePathFromText.obj
 0001:00002074       DevPathFromTextVenUtf8     0000000000013074 f   UefiDevicePathLib:DevicePathFromText.obj
 0001:000020a8       DevPathFromTextUartFlowCtrl 00000000000130a8 f   UefiDevicePathLib:DevicePathFromText.obj
 0001:00002138       DevPathFromTextSAS         0000000000013138 f   UefiDevicePathLib:DevicePathFromText.obj
 0001:00002348       DevPathFromTextSasEx       0000000000013348 f   UefiDevicePathLib:DevicePathFromText.obj
 0001:000025c8       DevPathFromTextNVMe        00000000000135c8 f   UefiDevicePathLib:DevicePathFromText.obj
 0001:00002670       DevPathFromTextUfs         0000000000013670 f   UefiDevicePathLib:DevicePathFromText.obj
 0001:000026d8       DevPathFromTextSd          00000000000136d8 f   UefiDevicePathLib:DevicePathFromText.obj
 0001:00002720       DevPathFromTextEmmc        0000000000013720 f   UefiDevicePathLib:DevicePathFromText.obj
 0001:00002768       DevPathFromTextDebugPort   0000000000013768 f   UefiDevicePathLib:DevicePathFromText.obj
 0001:0000279c       DevPathFromTextMAC         000000000001379c f   UefiDevicePathLib:DevicePathFromText.obj
 0001:00002818       NetworkProtocolFromText    0000000000013818 f   UefiDevicePathLib:DevicePathFromText.obj
 0001:0000286c       DevPathFromTextIPv4        000000000001386c f   UefiDevicePathLib:DevicePathFromText.obj
 0001:00002988       DevPathFromTextIPv6        0000000000013988 f   UefiDevicePathLib:DevicePathFromText.obj
 0001:00002ab0       DevPathFromTextUart        0000000000013ab0 f   UefiDevicePathLib:DevicePathFromText.obj
 0001:00002c2c       ConvertFromTextUsbClass    0000000000013c2c f   UefiDevicePathLib:DevicePathFromText.obj
 0001:00002cfc       DevPathFromTextUsbClass    0000000000013cfc f   UefiDevicePathLib:DevicePathFromText.obj
 0001:00002d1c       DevPathFromTextUsbAudio    0000000000013d1c f   UefiDevicePathLib:DevicePathFromText.obj
 0001:00002d3c       DevPathFromTextUsbCDCControl 0000000000013d3c f   UefiDevicePathLib:DevicePathFromText.obj
 0001:00002d5c       DevPathFromTextUsbHID      0000000000013d5c f   UefiDevicePathLib:DevicePathFromText.obj
 0001:00002d7c       DevPathFromTextUsbImage    0000000000013d7c f   UefiDevicePathLib:DevicePathFromText.obj
 0001:00002d9c       DevPathFromTextUsbPrinter  0000000000013d9c f   UefiDevicePathLib:DevicePathFromText.obj
 0001:00002dbc       DevPathFromTextUsbMassStorage 0000000000013dbc f   UefiDevicePathLib:DevicePathFromText.obj
 0001:00002ddc       DevPathFromTextUsbHub      0000000000013ddc f   UefiDevicePathLib:DevicePathFromText.obj
 0001:00002dfc       DevPathFromTextUsbCDCData  0000000000013dfc f   UefiDevicePathLib:DevicePathFromText.obj
 0001:00002e1c       DevPathFromTextUsbSmartCard 0000000000013e1c f   UefiDevicePathLib:DevicePathFromText.obj
 0001:00002e3c       DevPathFromTextUsbVideo    0000000000013e3c f   UefiDevicePathLib:DevicePathFromText.obj
 0001:00002e5c       DevPathFromTextUsbDiagnostic 0000000000013e5c f   UefiDevicePathLib:DevicePathFromText.obj
 0001:00002e7c       DevPathFromTextUsbWireless 0000000000013e7c f   UefiDevicePathLib:DevicePathFromText.obj
 0001:00002e9c       DevPathFromTextUsbDeviceFirmwareUpdate 0000000000013e9c f   UefiDevicePathLib:DevicePathFromText.obj
 0001:00002eb8       DevPathFromTextUsbIrdaBridge 0000000000013eb8 f   UefiDevicePathLib:DevicePathFromText.obj
 0001:00002ed4       DevPathFromTextUsbTestAndMeasurement 0000000000013ed4 f   UefiDevicePathLib:DevicePathFromText.obj
 0001:00002ef0       DevPathFromTextUsbWwid     0000000000013ef0 f   UefiDevicePathLib:DevicePathFromText.obj
 0001:00002fd8       DevPathFromTextUnit        0000000000013fd8 f   UefiDevicePathLib:DevicePathFromText.obj
 0001:00003020       DevPathFromTextiSCSI       0000000000014020 f   UefiDevicePathLib:DevicePathFromText.obj
 0001:000031ec       DevPathFromTextVlan        00000000000141ec f   UefiDevicePathLib:DevicePathFromText.obj
 0001:00003234       DevPathFromTextBluetooth   0000000000014234 f   UefiDevicePathLib:DevicePathFromText.obj
 0001:00003288       DevPathFromTextWiFi        0000000000014288 f   UefiDevicePathLib:DevicePathFromText.obj
 0001:00003320       DevPathFromTextBluetoothLE 0000000000014320 f   UefiDevicePathLib:DevicePathFromText.obj
 0001:00003394       DevPathFromTextDns         0000000000014394 f   UefiDevicePathLib:DevicePathFromText.obj
 0001:00003484       DevPathFromTextUri         0000000000014484 f   UefiDevicePathLib:DevicePathFromText.obj
 0001:000034dc       DevPathFromTextMediaPath   00000000000144dc f   UefiDevicePathLib:DevicePathFromText.obj
 0001:000034e8       DevPathFromTextHD          00000000000144e8 f   UefiDevicePathLib:DevicePathFromText.obj
 0001:0000360c       DevPathFromTextCDROM       000000000001460c f   UefiDevicePathLib:DevicePathFromText.obj
 0001:00003698       DevPathFromTextVenMedia    0000000000014698 f   UefiDevicePathLib:DevicePathFromText.obj
 0001:000036a4       DevPathFromTextFilePath    00000000000146a4 f   UefiDevicePathLib:DevicePathFromText.obj
 0001:00003844       DevPathFromTextMedia       0000000000014844 f   UefiDevicePathLib:DevicePathFromText.obj
 0001:0000388c       DevPathFromTextFv          000000000001488c f   UefiDevicePathLib:DevicePathFromText.obj
 0001:000038d4       DevPathFromTextFvFile      00000000000148d4 f   UefiDevicePathLib:DevicePathFromText.obj
 0001:0000391c       DevPathFromTextRelativeOffsetRange 000000000001491c f   UefiDevicePathLib:DevicePathFromText.obj
 0001:00003988       DevPathFromTextRamDisk     0000000000014988 f   UefiDevicePathLib:DevicePathFromText.obj
 0001:00003a48       DevPathFromTextVirtualDisk 0000000000014a48 f   UefiDevicePathLib:DevicePathFromText.obj
 0001:00003af4       DevPathFromTextVirtualCd   0000000000014af4 f   UefiDevicePathLib:DevicePathFromText.obj
 0001:00003ba0       DevPathFromTextPersistentVirtualDisk 0000000000014ba0 f   UefiDevicePathLib:DevicePathFromText.obj
 0001:00003c4c       DevPathFromTextPersistentVirtualCd 0000000000014c4c f   UefiDevicePathLib:DevicePathFromText.obj
 0001:00003cf8       DevPathFromTextBbsPath     0000000000014cf8 f   UefiDevicePathLib:DevicePathFromText.obj
 0001:00003d04       DevPathFromTextBBS         0000000000014d04 f   UefiDevicePathLib:DevicePathFromText.obj
 0001:00003e58       DevPathFromTextSata        0000000000014e58 f   UefiDevicePathLib:DevicePathFromText.obj
 0001:00003ee4       UefiDevicePathLibConvertTextToDeviceNode 0000000000014ee4 f   UefiDevicePathLib:DevicePathFromText.obj
 0001:00004100       UefiDevicePathLibConvertTextToDevicePath 0000000000015100 f   UefiDevicePathLib:DevicePathFromText.obj
 0001:000042ec       UefiDevicePathLibCatPrint  00000000000152ec f   UefiDevicePathLib:DevicePathToText.obj
 0001:000043c4       DevPathToTextPci           00000000000153c4 f   UefiDevicePathLib:DevicePathToText.obj
 0001:000043dc       DevPathToTextPccard        00000000000153dc f   UefiDevicePathLib:DevicePathToText.obj
 0001:000043f0       DevPathToTextMemMap        00000000000153f0 f   UefiDevicePathLib:DevicePathToText.obj
 0001:00004418       DevPathToTextVendor        0000000000015418 f   UefiDevicePathLib:DevicePathToText.obj
 0001:00004724       DevPathToTextController    0000000000015724 f   UefiDevicePathLib:DevicePathToText.obj
 0001:00004734       DevPathToTextBmc           0000000000015734 f   UefiDevicePathLib:DevicePathToText.obj
 0001:00004770       DevPathToTextAcpi          0000000000015770 f   UefiDevicePathLib:DevicePathToText.obj
 0001:00004800       DevPathToTextAcpiEx        0000000000015800 f   UefiDevicePathLib:DevicePathToText.obj
 0001:000049d8       DevPathToTextAcpiAdr       00000000000159d8 f   UefiDevicePathLib:DevicePathToText.obj
 0001:00004a60       DevPathToTextAtapi         0000000000015a60 f   UefiDevicePathLib:DevicePathToText.obj
 0001:00004ac4       DevPathToTextScsi          0000000000015ac4 f   UefiDevicePathLib:DevicePathToText.obj
 0001:00004adc       DevPathToTextFibre         0000000000015adc f   UefiDevicePathLib:DevicePathToText.obj
 0001:00004af0       DevPathToTextFibreEx       0000000000015af0 f   UefiDevicePathLib:DevicePathToText.obj
 0001:00004b88       DevPathToTextSasEx         0000000000015b88 f   UefiDevicePathLib:DevicePathToText.obj
 0001:00004cf8       DevPathToTextNVMe          0000000000015cf8 f   UefiDevicePathLib:DevicePathToText.obj
 0001:00004d6c       DevPathToTextUfs           0000000000015d6c f   UefiDevicePathLib:DevicePathToText.obj
 0001:00004d84       DevPathToTextSd            0000000000015d84 f   UefiDevicePathLib:DevicePathToText.obj
 0001:00004d98       DevPathToTextEmmc          0000000000015d98 f   UefiDevicePathLib:DevicePathToText.obj
 0001:00004dac       DevPathToText1394          0000000000015dac f   UefiDevicePathLib:DevicePathToText.obj
 0001:00004dbc       DevPathToTextUsb           0000000000015dbc f   UefiDevicePathLib:DevicePathToText.obj
 0001:00004dd4       DevPathToTextUsbWWID       0000000000015dd4 f   UefiDevicePathLib:DevicePathToText.obj
 0001:00004e8c       DevPathToTextLogicalUnit   0000000000015e8c f   UefiDevicePathLib:DevicePathToText.obj
 0001:00004ea0       DevPathToTextUsbClass      0000000000015ea0 f   UefiDevicePathLib:DevicePathToText.obj
 0001:0000504c       DevPathToTextSata          000000000001604c f   UefiDevicePathLib:DevicePathToText.obj
 0001:00005074       DevPathToTextI2O           0000000000016074 f   UefiDevicePathLib:DevicePathToText.obj
 0001:00005084       DevPathToTextMacAddr       0000000000016084 f   UefiDevicePathLib:DevicePathToText.obj
 0001:00005100       CatIPv6Address             0000000000016100 f   UefiDevicePathLib:DevicePathToText.obj
 0001:000051ec       DevPathToTextIPv4          00000000000161ec f   UefiDevicePathLib:DevicePathToText.obj
 0001:00005370       DevPathToTextIPv6          0000000000016370 f   UefiDevicePathLib:DevicePathToText.obj
 0001:00005478       DevPathToTextInfiniBand    0000000000016478 f   UefiDevicePathLib:DevicePathToText.obj
 0001:000054b0       DevPathToTextUart          00000000000164b0 f   UefiDevicePathLib:DevicePathToText.obj
 0001:000055d4       DevPathToTextiSCSI         00000000000165d4 f   UefiDevicePathLib:DevicePathToText.obj
 0001:000056cc       DevPathToTextVlan          00000000000166cc f   UefiDevicePathLib:DevicePathToText.obj
 0001:000056e0       DevPathToTextBluetooth     00000000000166e0 f   UefiDevicePathLib:DevicePathToText.obj
 0001:00005728       DevPathToTextWiFi          0000000000016728 f   UefiDevicePathLib:DevicePathToText.obj
 0001:00005764       DevPathToTextBluetoothLE   0000000000016764 f   UefiDevicePathLib:DevicePathToText.obj
 0001:000057bc       DevPathToTextDns           00000000000167bc f   UefiDevicePathLib:DevicePathToText.obj
 0001:00005890       DevPathToTextUri           0000000000016890 f   UefiDevicePathLib:DevicePathToText.obj
 0001:00005928       DevPathToTextHardDrive     0000000000016928 f   UefiDevicePathLib:DevicePathToText.obj
 0001:000059b0       DevPathToTextCDROM         00000000000169b0 f   UefiDevicePathLib:DevicePathToText.obj
 0001:000059ec       DevPathToTextFilePath      00000000000169ec f   UefiDevicePathLib:DevicePathToText.obj
 0001:000059fc       DevPathToTextMediaProtocol 00000000000169fc f   UefiDevicePathLib:DevicePathToText.obj
 0001:00005a0c       DevPathToTextFv            0000000000016a0c f   UefiDevicePathLib:DevicePathToText.obj
 0001:00005a1c       DevPathToTextFvFile        0000000000016a1c f   UefiDevicePathLib:DevicePathToText.obj
 0001:00005a2c       DevPathRelativeOffsetRange 0000000000016a2c f   UefiDevicePathLib:DevicePathToText.obj
 0001:00005a40       DevPathToTextRamDisk       0000000000016a40 f   UefiDevicePathLib:DevicePathToText.obj
 0001:00005b44       DevPathToTextBBS           0000000000016b44 f   UefiDevicePathLib:DevicePathToText.obj
 0001:00005c28       DevPathToTextEndInstance   0000000000016c28 f   UefiDevicePathLib:DevicePathToText.obj
 0001:00005c34       DevPathToTextNodeGeneric   0000000000016c34 f   UefiDevicePathLib:DevicePathToText.obj
 0001:00005d44       GetHobList                 0000000000016d44 f   DxeHobLib:HobLib.obj
 0001:00005e24       GetNextHob                 0000000000016e24 f   DxeHobLib:HobLib.obj
 0001:00005e74       GetDebugPrintErrorLevel    0000000000016e74 f   DxeDebugPrintErrorLevelLib:DxeDebugPrintErrorLevelLib.obj
 0001:00005f90       GetDebugMask               0000000000016f90 f   DxeDebugPrintErrorLevelLib:DxeDebugPrintErrorLevelLib.obj
 0001:00005fac       SetDebugMask               0000000000016fac f   DxeDebugPrintErrorLevelLib:DxeDebugPrintErrorLevelLib.obj
 0001:00005fb8       InternalAllocatePool       0000000000016fb8 f   UefiMemoryAllocationLib:MemoryAllocationLib.obj
 0001:00005fe8       InternalAllocateCopyPool   0000000000016fe8 f   UefiMemoryAllocationLib:MemoryAllocationLib.obj
 0001:00006064       InternalReallocatePool     0000000000017064 f   UefiMemoryAllocationLib:MemoryAllocationLib.obj
 0001:000060e8       FreePool                   00000000000170e8 f   UefiMemoryAllocationLib:MemoryAllocationLib.obj
 0001:0000612c       UnicodeVSPrint             000000000001712c f   BasePrintLib:PrintLib.obj
 0001:000061b8       UnicodeSPrint              00000000000171b8 f   BasePrintLib:PrintLib.obj
 0001:000061d8       BasePrintLibFillBuffer     00000000000171d8 f   BasePrintLib:PrintLibInternal.obj
 0001:0000620c       BasePrintLibValueToString  000000000001720c f   BasePrintLib:PrintLibInternal.obj
 0001:00006284       BasePrintLibSPrintMarker   0000000000017284 f   BasePrintLib:PrintLibInternal.obj
 0001:000071ac       BasePrintLibSPrint         00000000000181ac f   BasePrintLib:PrintLibInternal.obj
 0001:000071d0       InternalReportStatusCode   00000000000181d0 f   DxeReportStatusCodeLib:ReportStatusCodeLib.obj
 0001:00007298       ReportStatusCodeEx         0000000000018298 f   DxeReportStatusCodeLib:ReportStatusCodeLib.obj
 0001:00007470       CopyMem                    0000000000018470 f   BaseMemoryLibOptDxe:CopyMemWrapper.obj
 0001:00007504       CopyGuid                   0000000000018504 f   BaseMemoryLibOptDxe:MemLibGuid.obj
 0001:0000754c       CompareGuid                000000000001854c f   BaseMemoryLibOptDxe:MemLibGuid.obj
 0001:000075b4       ZeroMem                    00000000000185b4 f   BaseMemoryLibOptDxe:ZeroMemWrapper.obj
 0001:00007618       StrLen                     0000000000018618 f   BaseLib:String.obj
 0001:000076ac       StrCmp                     00000000000186ac f   BaseLib:String.obj
 0001:00007758       InternalHexCharToUintn     0000000000018758 f   BaseLib:String.obj
 0001:0000778c       StrDecimalToUint64         000000000001878c f   BaseLib:String.obj
 0001:00007894       StrHexToUint64             0000000000018894 f   BaseLib:String.obj
 0001:000079dc       AsciiStrLen                00000000000189dc f   BaseLib:String.obj
 0001:00007a48       StrnLenS                   0000000000018a48 f   BaseLib:SafeString.obj
 0001:00007ab0       StrDecimalToUintnS         0000000000018ab0 f   BaseLib:SafeString.obj
 0001:00007c08       StrHexToUintnS             0000000000018c08 f   BaseLib:SafeString.obj
 0001:00007da0       StrToIpv6Address           0000000000018da0 f   BaseLib:SafeString.obj
 0001:0000800c       StrToIpv4Address           000000000001900c f   BaseLib:SafeString.obj
 0001:00008134       StrToGuid                  0000000000019134 f   BaseLib:SafeString.obj
 0001:000082b8       StrHexToBytes              00000000000192b8 f   BaseLib:SafeString.obj
 0001:00008438       AsciiStrnLenS              0000000000019438 f   BaseLib:SafeString.obj
 0001:00008464       AsciiStrnCpyS              0000000000019464 f   BaseLib:SafeString.obj
 0001:00008560       UnicodeStrToAsciiStrS      0000000000019560 f   BaseLib:SafeString.obj
 0001:000086d0       ReadUnaligned64            00000000000196d0 f   BaseLib:Unaligned.obj
 0001:00008700       WriteUnaligned64           0000000000019700 f   BaseLib:Unaligned.obj
 0002:00000000       ??_C@_0CB@DMEJJJHA@?6ASSERT_EFI_ERROR?5?$CIStatus?5?$DN?5?$CFr?$CJ@ 000000000001a000     UefiDriverEntryPoint:DriverEntryPoint.obj
 0002:00000028       ??_C@_0BE@DCHLEIGN@?$CBEFI_ERROR?5?$CIStatus?$CJ@ 000000000001a028     UefiDriverEntryPoint:DriverEntryPoint.obj
 0002:00000040       _gDriverUnloadImageCount   000000000001a040     DevicePathDxe:AutoGen.obj
 0002:00000041       _gPcd_FixedAtBuild_PcdDevicePathSupportDevicePathToText 000000000001a041     DevicePathDxe:AutoGen.obj
 0002:00000042       _gPcd_FixedAtBuild_PcdReportStatusCodePropertyMask 000000000001a042     DevicePathDxe:AutoGen.obj
 0002:00000043       _gPcd_FixedAtBuild_PcdDebugPropertyMask 000000000001a043     DevicePathDxe:AutoGen.obj
 0002:00000044       _gUefiDriverRevision       000000000001a044     DevicePathDxe:AutoGen.obj
 0002:00000048       _gPcd_FixedAtBuild_PcdMaximumUnicodeStringLength 000000000001a048     DevicePathDxe:AutoGen.obj
 0002:0000004c       _gPcd_FixedAtBuild_PcdMaximumDevicePathNodeCount 000000000001a04c     DevicePathDxe:AutoGen.obj
 0002:00000050       _gPcd_FixedAtBuild_PcdDebugPrintErrorLevel 000000000001a050     DevicePathDxe:AutoGen.obj
 0002:00000054       _gPcd_FixedAtBuild_PcdFixedDebugPrintErrorLevel 000000000001a054     DevicePathDxe:AutoGen.obj
 0002:00000058       gEfiCallerBaseName         000000000001a058     DevicePathDxe:AutoGen.obj
 0002:00000060       _gPcd_FixedAtBuild_PcdMaximumAsciiStringLength 000000000001a060     DevicePathDxe:AutoGen.obj
 0002:00000064       _gPcd_FixedAtBuild_PcdDevicePathSupportDevicePathFromText 000000000001a064     DevicePathDxe:AutoGen.obj
 0002:00000068       mDevicePathToText          000000000001a068     DevicePathDxe:DevicePath.obj
 0002:00000078       mUefiDevicePathLibEndDevicePath 000000000001a078     UefiDevicePathLib:DevicePathUtilities.obj
 0002:00000080       mDevicePathUtilities       000000000001a080     DevicePathDxe:DevicePath.obj
 0002:000000c0       mDevicePathFromText        000000000001a0c0     DevicePathDxe:DevicePath.obj
 0002:000000d0       mUefiDevicePathLibToTextTableGeneric 000000000001a0d0     UefiDevicePathLib:DevicePathToText.obj
 0002:00000130       mUefiDevicePathLibToTextTable 000000000001a130     UefiDevicePathLib:DevicePathToText.obj
 0002:00000450       mStatusString              000000000001a450     BasePrintLib:PrintLibInternal.obj
 0002:00000590       mHexStr                    000000000001a590     BasePrintLib:PrintLibInternal.obj
 0002:000005a0       ??_C@_0O@LOEPMOAC@DevicePathDxe@ 000000000001a5a0     DevicePathDxe:AutoGen.obj
 0002:000005b0       ??_C@_0GK@IDHCOLHN@c?3?2edk2?2Build?2NT32X64?2DEBUG_VS2@ 000000000001a5b0     DevicePathDxe:AutoGen.obj
 0002:00000620       ??_C@_0BH@LKMBFCBF@Format?5?$CB?$DN?5?$CI?$CIvoid?5?$CK?$CJ?50?$CJ@ 000000000001a620     PeiDxeDebugLibReportStatusCode:DebugLib.obj
 0002:00000640       ??_C@_0EH@EMGPELNE@c?3?2edk2?2MdeModulePkg?2Library?2Pe@ 000000000001a640     PeiDxeDebugLibReportStatusCode:DebugLib.obj
 0002:00000688       ??_C@_0CI@HIINONDG@?$CICHAR8?5?$CK?$CJBaseListMarker?5?$DM?$DN?5Form@ 000000000001a688     PeiDxeDebugLibReportStatusCode:DebugLib.obj
 0002:000006b0       ??_C@_01OHGJGJJP@?$FL@     000000000001a6b0     PeiDxeDebugLibReportStatusCode:DebugLib.obj
 0002:000006b4       ??_C@_02PBFOLPKM@?$FN?5@   000000000001a6b4     PeiDxeDebugLibReportStatusCode:DebugLib.obj
 0002:000006b8       ??_C@_0BH@IACGKAP@Buffer?5?$CB?$DN?5?$CI?$CIvoid?5?$CK?$CJ?50?$CJ@ 000000000001a6b8     PeiDxeDebugLibReportStatusCode:DebugLib.obj
 0002:000006d0       ??_C@_0BL@JFODOCGB@DevicePath?5?$CB?$DN?5?$CI?$CIvoid?5?$CK?$CJ?50?$CJ@ 000000000001a6d0     UefiDevicePathLib:DevicePathUtilities.obj
 0002:000006f0       ??_C@_0DP@JINMNCFN@c?3?2edk2?2MdePkg?2Library?2UefiDevi@ 000000000001a6f0     UefiDevicePathLib:DevicePathUtilities.obj
 0002:00000730       ??_C@_0BF@CBLMFKOC@Node?5?$CB?$DN?5?$CI?$CIvoid?5?$CK?$CJ?50?$CJ@ 000000000001a730     UefiDevicePathLib:DevicePathUtilities.obj
 0002:00000750       ??_C@_0EH@ENCEEKKL@?$CILength?5?$DO?$DN?5sizeof?5?$CIEFI_DEVICE_P@ 000000000001a750     UefiDevicePathLib:DevicePathUtilities.obj
 0002:00000798       ??_C@_0BF@MBJFHGBE@Size?5?$CB?$DN?5?$CI?$CIvoid?5?$CK?$CJ?50?$CJ@ 000000000001a798     UefiDevicePathLib:DevicePathUtilities.obj
 0002:000007b0       ??_C@_0BI@MMMKPDJL@AcpiAdr?5?$CB?$DN?5?$CI?$CIvoid?5?$CK?$CJ?50?$CJ@ 000000000001a7b0     UefiDevicePathLib:DevicePathFromText.obj
 0002:000007c8       ??_C@_0DO@MKFLGNPG@c?3?2edk2?2MdePkg?2Library?2UefiDevi@ 000000000001a7c8     UefiDevicePathLib:DevicePathFromText.obj
 0002:00000810       ??_C@_1BA@NGCDBIG@?$AAP?$AAr?$AAi?$AAm?$AAa?$AAr?$AAy@ 000000000001a810     UefiDevicePathLib:DevicePathFromText.obj
 0002:00000820       ??_C@_1BE@BGLPHBHD@?$AAS?$AAe?$AAc?$AAo?$AAn?$AAd?$AAa?$AAr?$AAy@ 000000000001a820     UefiDevicePathLib:DevicePathFromText.obj
 0002:00000838       ??_C@_1O@MHJLHGPK@?$AAM?$AAa?$AAs?$AAt?$AAe?$AAr@ 000000000001a838     UefiDevicePathLib:DevicePathFromText.obj
 0002:00000848       ??_C@_1M@MJNGBMFK@?$AAS?$AAl?$AAa?$AAv?$AAe@ 000000000001a848     UefiDevicePathLib:DevicePathFromText.obj
 0002:00000860       ??_C@_1BA@NAMMFHHL@?$AAX?$AAo?$AAn?$AAX?$AAo?$AAf?$AAf@ 000000000001a860     UefiDevicePathLib:DevicePathFromText.obj
 0002:00000870       ??_C@_1BC@MAICEHGI@?$AAH?$AAa?$AAr?$AAd?$AAw?$AAa?$AAr?$AAe@ 000000000001a870     UefiDevicePathLib:DevicePathFromText.obj
 0002:00000890       ??_C@_1BG@FMODEGIG@?$AAN?$AAo?$AAT?$AAo?$AAp?$AAo?$AAl?$AAo?$AAg?$AAy@ 000000000001a890     UefiDevicePathLib:DevicePathFromText.obj
 0002:000008a8       ??_C@_19BPNGBNAI@?$AAS?$AAA?$AAT?$AAA@ 000000000001a8a8     UefiDevicePathLib:DevicePathFromText.obj
 0002:000008b8       ??_C@_17FMMIKNDG@?$AAS?$AAA?$AAS@ 000000000001a8b8     UefiDevicePathLib:DevicePathFromText.obj
 0002:000008c0       ??_C@_1BC@KMFBFJEN@?$AAE?$AAx?$AAt?$AAe?$AAr?$AAn?$AAa?$AAl@ 000000000001a8c0     UefiDevicePathLib:DevicePathFromText.obj
 0002:000008e0       ??_C@_1BC@FBOHHDN@?$AAI?$AAn?$AAt?$AAe?$AAr?$AAn?$AAa?$AAl@ 000000000001a8e0     UefiDevicePathLib:DevicePathFromText.obj
 0002:00000900       ??_C@_1BC@EEIMPKHO@?$AAE?$AAx?$AAp?$AAa?$AAn?$AAd?$AAe?$AAd@ 000000000001a900     UefiDevicePathLib:DevicePathFromText.obj
 0002:00000918       ??_C@_1O@MDCABJAO@?$AAD?$AAi?$AAr?$AAe?$AAc?$AAt@ 000000000001a918     UefiDevicePathLib:DevicePathFromText.obj
 0002:00000928       ??_C@_17NINPJKOM@?$AAU?$AAD?$AAP@ 000000000001a928     UefiDevicePathLib:DevicePathFromText.obj
 0002:00000930       ??_C@_17JHAKKMK@?$AAT?$AAC?$AAP@ 000000000001a930     UefiDevicePathLib:DevicePathFromText.obj
 0002:00000938       ??_C@_1O@ECDFCEKO@?$AAS?$AAt?$AAa?$AAt?$AAi?$AAc@ 000000000001a938     UefiDevicePathLib:DevicePathFromText.obj
 0002:00000950       ??_C@_1CO@IJAKNKHD@?$AAS?$AAt?$AAa?$AAt?$AAe?$AAl?$AAe?$AAs?$AAs?$AAA?$AAu?$AAt?$AAo?$AAC?$AAo@ 000000000001a950     UefiDevicePathLib:DevicePathFromText.obj
 0002:00000980       ??_C@_1BA@KDAEEGIF@?$AAD?$AAE?$AAF?$AAA?$AAU?$AAL?$AAT@ 000000000001a980     UefiDevicePathLib:DevicePathFromText.obj
 0002:00000990       ??_C@_13MKMNOPIJ@?$AAD@    000000000001a990     UefiDevicePathLib:DevicePathFromText.obj
 0002:00000994       ??_C@_13JGCMLPCH@?$AA1@    000000000001a994     UefiDevicePathLib:DevicePathFromText.obj
 0002:00000998       ??_C@_17CJOJBPKA@?$AA1?$AA?4?$AA5@ 000000000001a998     UefiDevicePathLib:DevicePathFromText.obj
 0002:000009a0       ??_C@_13IEJJBAMJ@?$AA2@    000000000001a9a0     UefiDevicePathLib:DevicePathFromText.obj
 0002:000009a8       ??_C@_1O@HNAACJMJ@?$AAC?$AAR?$AAC?$AA3?$AA2?$AAC@ 000000000001a9a8     UefiDevicePathLib:DevicePathFromText.obj
 0002:000009b8       ??_C@_19KLMLHLJG@?$AAN?$AAo?$AAn?$AAe@ 000000000001a9b8     UefiDevicePathLib:DevicePathFromText.obj
 0002:000009d0       ??_C@_1BC@PDNIOEEC@?$AAC?$AAH?$AAA?$AAP?$AA_?$AAU?$AAN?$AAI@ 000000000001a9d0     UefiDevicePathLib:DevicePathFromText.obj
 0002:000009e8       ??_C@_17LNBJLOE@?$AAM?$AAB?$AAR@ 000000000001a9e8     UefiDevicePathLib:DevicePathFromText.obj
 0002:000009f0       ??_C@_17PBGEHLGA@?$AAG?$AAP?$AAT@ 000000000001a9f0     UefiDevicePathLib:DevicePathFromText.obj
 0002:000009f8       ??_C@_1O@CLMODHEM@?$AAF?$AAl?$AAo?$AAp?$AAp?$AAy@ 000000000001a9f8     UefiDevicePathLib:DevicePathFromText.obj
 0002:00000a08       ??_C@_15LJEABJDH@?$AAH?$AAD@ 000000000001aa08     UefiDevicePathLib:DevicePathFromText.obj
 0002:00000a10       ??_C@_1M@NEPFDHKI@?$AAC?$AAD?$AAR?$AAO?$AAM@ 000000000001aa10     UefiDevicePathLib:DevicePathFromText.obj
 0002:00000a20       ??_C@_1O@IJBLAFEH@?$AAP?$AAC?$AAM?$AAC?$AAI?$AAA@ 000000000001aa20     UefiDevicePathLib:DevicePathFromText.obj
 0002:00000a30       ??_C@_17DMBMDHNL@?$AAU?$AAS?$AAB@ 000000000001aa30     UefiDevicePathLib:DevicePathFromText.obj
 0002:00000a40       ??_C@_1BA@IFBJBPAK@?$AAN?$AAe?$AAt?$AAw?$AAo?$AAr?$AAk@ 000000000001aa40     UefiDevicePathLib:DevicePathFromText.obj
 0002:00000a50       ??_C@_19NHABCBNP@?$AAP?$AAa?$AAt?$AAh@ 000000000001aa50     UefiDevicePathLib:DevicePathFromText.obj
 0002:00000a60       ??_C@_1BK@PDLLBLKH@?$AAH?$AAa?$AAr?$AAd?$AAw?$AAa?$AAr?$AAe?$AAP?$AAa?$AAt?$AAh@ 000000000001aa60     UefiDevicePathLib:DevicePathFromText.obj
 0002:00000a80       ??_C@_17HLFBGCN@?$AAP?$AAc?$AAi@ 000000000001aa80     UefiDevicePathLib:DevicePathFromText.obj
 0002:00000a88       ??_C@_1O@MNOBCDEF@?$AAP?$AAc?$AAC?$AAa?$AAr?$AAd@ 000000000001aa88     UefiDevicePathLib:DevicePathFromText.obj
 0002:00000a98       ??_C@_1BK@OCLBCLCA@?$AAM?$AAe?$AAm?$AAo?$AAr?$AAy?$AAM?$AAa?$AAp?$AAp?$AAe?$AAd@ 000000000001aa98     UefiDevicePathLib:DevicePathFromText.obj
 0002:00000ab8       ??_C@_1M@LACAKLOF@?$AAV?$AAe?$AAn?$AAH?$AAw@ 000000000001aab8     UefiDevicePathLib:DevicePathFromText.obj
 0002:00000ac8       ??_C@_19HGPIFADB@?$AAC?$AAt?$AAr?$AAl@ 000000000001aac8     UefiDevicePathLib:DevicePathFromText.obj
 0002:00000ad8       ??_C@_17MLACALGH@?$AAB?$AAM?$AAC@ 000000000001aad8     UefiDevicePathLib:DevicePathFromText.obj
 0002:00000ae0       ??_C@_1BC@EJFCJMMM@?$AAA?$AAc?$AAp?$AAi?$AAP?$AAa?$AAt?$AAh@ 000000000001aae0     UefiDevicePathLib:DevicePathFromText.obj
 0002:00000af8       ??_C@_19HOGFOJAH@?$AAA?$AAc?$AAp?$AAi@ 000000000001aaf8     UefiDevicePathLib:DevicePathFromText.obj
 0002:00000b08       ??_C@_1BA@DHIPOOID@?$AAP?$AAc?$AAi?$AAR?$AAo?$AAo?$AAt@ 000000000001ab08     UefiDevicePathLib:DevicePathFromText.obj
 0002:00000b18       ??_C@_1BC@CHOMCAOI@?$AAP?$AAc?$AAi?$AAe?$AAR?$AAo?$AAo?$AAt@ 000000000001ab18     UefiDevicePathLib:DevicePathFromText.obj
 0002:00000b30       ??_C@_1BC@NCPFOOPJ@?$AAK?$AAe?$AAy?$AAb?$AAo?$AAa?$AAr?$AAd@ 000000000001ab30     UefiDevicePathLib:DevicePathFromText.obj
 0002:00000b48       ??_C@_1O@EKJPAJBH@?$AAS?$AAe?$AAr?$AAi?$AAa?$AAl@ 000000000001ab48     UefiDevicePathLib:DevicePathFromText.obj
 0002:00000b58       ??_C@_1BK@LKLOGFGG@?$AAP?$AAa?$AAr?$AAa?$AAl?$AAl?$AAe?$AAl?$AAP?$AAo?$AAr?$AAt@ 000000000001ab58     UefiDevicePathLib:DevicePathFromText.obj
 0002:00000b78       ??_C@_1O@GFMNADOD@?$AAA?$AAc?$AAp?$AAi?$AAE?$AAx@ 000000000001ab78     UefiDevicePathLib:DevicePathFromText.obj
 0002:00000b88       ??_C@_1BA@IHGFDEME@?$AAA?$AAc?$AAp?$AAi?$AAE?$AAx?$AAp@ 000000000001ab88     UefiDevicePathLib:DevicePathFromText.obj
 0002:00000b98       ??_C@_1BA@NNDCDAFF@?$AAA?$AAc?$AAp?$AAi?$AAA?$AAd?$AAr@ 000000000001ab98     UefiDevicePathLib:DevicePathFromText.obj
 0002:00000ba8       ??_C@_17DACEHHP@?$AAM?$AAs?$AAg@ 000000000001aba8     UefiDevicePathLib:DevicePathFromText.obj
 0002:00000bb0       ??_C@_17GMMDDNFE@?$AAA?$AAt?$AAa@ 000000000001abb0     UefiDevicePathLib:DevicePathFromText.obj
 0002:00000bb8       ??_C@_19NLKKMKHM@?$AAS?$AAc?$AAs?$AAi@ 000000000001abb8     UefiDevicePathLib:DevicePathFromText.obj
 0002:00000bc8       ??_C@_1M@KOFKAIAH@?$AAF?$AAi?$AAb?$AAr?$AAe@ 000000000001abc8     UefiDevicePathLib:DevicePathFromText.obj
 0002:00000bd8       ??_C@_1BA@BDOAEBJM@?$AAF?$AAi?$AAb?$AAr?$AAe?$AAE?$AAx@ 000000000001abd8     UefiDevicePathLib:DevicePathFromText.obj
 0002:00000be8       ??_C@_1M@PJKPDAPK@?$AAI?$AA1?$AA3?$AA9?$AA4@ 000000000001abe8     UefiDevicePathLib:DevicePathFromText.obj
 0002:00000bf8       ??_C@_17CGMKBHJN@?$AAI?$AA2?$AAO@ 000000000001abf8     UefiDevicePathLib:DevicePathFromText.obj
 0002:00000c00       ??_C@_1BG@LFNGJFMI@?$AAI?$AAn?$AAf?$AAi?$AAn?$AAi?$AAb?$AAa?$AAn?$AAd@ 000000000001ac00     UefiDevicePathLib:DevicePathFromText.obj
 0002:00000c18       ??_C@_1O@BHINEOCB@?$AAV?$AAe?$AAn?$AAM?$AAs?$AAg@ 000000000001ac18     UefiDevicePathLib:DevicePathFromText.obj
 0002:00000c28       ??_C@_1BE@LMIDEMJL@?$AAV?$AAe?$AAn?$AAP?$AAc?$AAA?$AAn?$AAs?$AAi@ 000000000001ac28     UefiDevicePathLib:DevicePathFromText.obj
 0002:00000c40       ??_C@_1BC@JHDKFMJG@?$AAV?$AAe?$AAn?$AAV?$AAt?$AA1?$AA0?$AA0@ 000000000001ac40     UefiDevicePathLib:DevicePathFromText.obj
 0002:00000c58       ??_C@_1BK@NHGIEBMC@?$AAV?$AAe?$AAn?$AAV?$AAt?$AA1?$AA0?$AA0?$AAP?$AAl?$AAu?$AAs@ 000000000001ac58     UefiDevicePathLib:DevicePathFromText.obj
 0002:00000c78       ??_C@_1BA@NNIEKFBH@?$AAV?$AAe?$AAn?$AAU?$AAt?$AAf?$AA8@ 000000000001ac78     UefiDevicePathLib:DevicePathFromText.obj
 0002:00000c88       ??_C@_1BK@CEOAKICF@?$AAU?$AAa?$AAr?$AAt?$AAF?$AAl?$AAo?$AAw?$AAC?$AAt?$AAr?$AAl@ 000000000001ac88     UefiDevicePathLib:DevicePathFromText.obj
 0002:00000ca8       ??_C@_1M@CCCLFLPN@?$AAS?$AAa?$AAs?$AAE?$AAx@ 000000000001aca8     UefiDevicePathLib:DevicePathFromText.obj
 0002:00000cb8       ??_C@_19LAHBEEFI@?$AAN?$AAV?$AAM?$AAe@ 000000000001acb8     UefiDevicePathLib:DevicePathFromText.obj
 0002:00000cc8       ??_C@_17IHKCJEAJ@?$AAU?$AAF?$AAS@ 000000000001acc8     UefiDevicePathLib:DevicePathFromText.obj
 0002:00000cd0       ??_C@_15NAFBOLGP@?$AAS?$AAD@ 000000000001acd0     UefiDevicePathLib:DevicePathFromText.obj
 0002:00000cd8       ??_C@_19KDEEGBOA@?$AAe?$AAM?$AAM?$AAC@ 000000000001acd8     UefiDevicePathLib:DevicePathFromText.obj
 0002:00000ce8       ??_C@_1BE@BGIBNJJP@?$AAD?$AAe?$AAb?$AAu?$AAg?$AAP?$AAo?$AAr?$AAt@ 000000000001ace8     UefiDevicePathLib:DevicePathFromText.obj
 0002:00000d00       ??_C@_17GFOANJLA@?$AAM?$AAA?$AAC@ 000000000001ad00     UefiDevicePathLib:DevicePathFromText.obj
 0002:00000d08       ??_C@_19IJMOMJAP@?$AAI?$AAP?$AAv?$AA4@ 000000000001ad08     UefiDevicePathLib:DevicePathFromText.obj
 0002:00000d18       ??_C@_19CDMHABIE@?$AAI?$AAP?$AAv?$AA6@ 000000000001ad18     UefiDevicePathLib:DevicePathFromText.obj
 0002:00000d28       ??_C@_19PNLOOBKB@?$AAU?$AAa?$AAr?$AAt@ 000000000001ad28     UefiDevicePathLib:DevicePathFromText.obj
 0002:00000d38       ??_C@_1BC@BHHGGAIE@?$AAU?$AAs?$AAb?$AAC?$AAl?$AAa?$AAs?$AAs@ 000000000001ad38     UefiDevicePathLib:DevicePathFromText.obj
 0002:00000d50       ??_C@_1BC@NAJEJDIH@?$AAU?$AAs?$AAb?$AAA?$AAu?$AAd?$AAi?$AAo@ 000000000001ad50     UefiDevicePathLib:DevicePathFromText.obj
 0002:00000d68       ??_C@_1BM@EBMHFGAN@?$AAU?$AAs?$AAb?$AAC?$AAD?$AAC?$AAC?$AAo?$AAn?$AAt?$AAr?$AAo?$AAl@ 000000000001ad68     UefiDevicePathLib:DevicePathFromText.obj
 0002:00000d88       ??_C@_1O@MNHDOJBH@?$AAU?$AAs?$AAb?$AAH?$AAI?$AAD@ 000000000001ad88     UefiDevicePathLib:DevicePathFromText.obj
 0002:00000d98       ??_C@_1BC@PPLGKLBF@?$AAU?$AAs?$AAb?$AAI?$AAm?$AAa?$AAg?$AAe@ 000000000001ad98     UefiDevicePathLib:DevicePathFromText.obj
 0002:00000db0       ??_C@_1BG@PFAKNBDK@?$AAU?$AAs?$AAb?$AAP?$AAr?$AAi?$AAn?$AAt?$AAe?$AAr@ 000000000001adb0     UefiDevicePathLib:DevicePathFromText.obj
 0002:00000dc8       ??_C@_1BO@PDNPADEO@?$AAU?$AAs?$AAb?$AAM?$AAa?$AAs?$AAs?$AAS?$AAt?$AAo?$AAr?$AAa?$AAg?$AAe@ 000000000001adc8     UefiDevicePathLib:DevicePathFromText.obj
 0002:00000de8       ??_C@_1O@DLJCNOCD@?$AAU?$AAs?$AAb?$AAH?$AAu?$AAb@ 000000000001ade8     UefiDevicePathLib:DevicePathFromText.obj
 0002:00000df8       ??_C@_1BG@HNPFOCNE@?$AAU?$AAs?$AAb?$AAC?$AAD?$AAC?$AAD?$AAa?$AAt?$AAa@ 000000000001adf8     UefiDevicePathLib:DevicePathFromText.obj
 0002:00000e10       ??_C@_1BK@COBNKHKO@?$AAU?$AAs?$AAb?$AAS?$AAm?$AAa?$AAr?$AAt?$AAC?$AAa?$AAr?$AAd@ 000000000001ae10     UefiDevicePathLib:DevicePathFromText.obj
 0002:00000e30       ??_C@_1BC@OCEEDGOJ@?$AAU?$AAs?$AAb?$AAV?$AAi?$AAd?$AAe?$AAo@ 000000000001ae30     UefiDevicePathLib:DevicePathFromText.obj
 0002:00000e48       ??_C@_1BM@LPAMJGAO@?$AAU?$AAs?$AAb?$AAD?$AAi?$AAa?$AAg?$AAn?$AAo?$AAs?$AAt?$AAi?$AAc@ 000000000001ae48     UefiDevicePathLib:DevicePathFromText.obj
 0002:00000e68       ??_C@_1BI@FHBIGIDC@?$AAU?$AAs?$AAb?$AAW?$AAi?$AAr?$AAe?$AAl?$AAe?$AAs?$AAs@ 000000000001ae68     UefiDevicePathLib:DevicePathFromText.obj
 0002:00000e80       ??_C@_1DA@MALGIHBH@?$AAU?$AAs?$AAb?$AAD?$AAe?$AAv?$AAi?$AAc?$AAe?$AAF?$AAi?$AAr?$AAm?$AAw?$AAa@ 000000000001ae80     UefiDevicePathLib:DevicePathFromText.obj
 0002:00000eb0       ??_C@_1BM@OGJGENB@?$AAU?$AAs?$AAb?$AAI?$AAr?$AAd?$AAa?$AAB?$AAr?$AAi?$AAd?$AAg?$AAe@ 000000000001aeb0     UefiDevicePathLib:DevicePathFromText.obj
 0002:00000ed0       ??_C@_1CM@FCDMDMMH@?$AAU?$AAs?$AAb?$AAT?$AAe?$AAs?$AAt?$AAA?$AAn?$AAd?$AAM?$AAe?$AAa?$AAs?$AAu@ 000000000001aed0     UefiDevicePathLib:DevicePathFromText.obj
 0002:00000f00       ??_C@_1BA@JFMBPOKP@?$AAU?$AAs?$AAb?$AAW?$AAw?$AAi?$AAd@ 000000000001af00     UefiDevicePathLib:DevicePathFromText.obj
 0002:00000f10       ??_C@_19ENIPABFF@?$AAU?$AAn?$AAi?$AAt@ 000000000001af10     UefiDevicePathLib:DevicePathFromText.obj
 0002:00000f20       ??_C@_1M@KIOGPKKC@?$AAi?$AAS?$AAC?$AAS?$AAI@ 000000000001af20     UefiDevicePathLib:DevicePathFromText.obj
 0002:00000f30       ??_C@_19DHGKIILN@?$AAV?$AAl?$AAa?$AAn@ 000000000001af30     UefiDevicePathLib:DevicePathFromText.obj
 0002:00000f40       ??_C@_17HMHOINNJ@?$AAD?$AAn?$AAs@ 000000000001af40     UefiDevicePathLib:DevicePathFromText.obj
 0002:00000f48       ??_C@_17IHNPMJHH@?$AAU?$AAr?$AAi@ 000000000001af48     UefiDevicePathLib:DevicePathFromText.obj
 0002:00000f50       ??_C@_1BE@DJCFELKD@?$AAB?$AAl?$AAu?$AAe?$AAt?$AAo?$AAo?$AAt?$AAh@ 000000000001af50     UefiDevicePathLib:DevicePathFromText.obj
 0002:00000f68       ??_C@_1M@BMGHIDNG@?$AAW?$AAi?$AA?9?$AAF?$AAi@ 000000000001af68     UefiDevicePathLib:DevicePathFromText.obj
 0002:00000f78       ??_C@_1BI@EALHOODN@?$AAB?$AAl?$AAu?$AAe?$AAt?$AAo?$AAo?$AAt?$AAh?$AAL?$AAE@ 000000000001af78     UefiDevicePathLib:DevicePathFromText.obj
 0002:00000f90       ??_C@_1BE@MHMKEMCG@?$AAM?$AAe?$AAd?$AAi?$AAa?$AAP?$AAa?$AAt?$AAh@ 000000000001af90     UefiDevicePathLib:DevicePathFromText.obj
 0002:00000fa8       ??_C@_1BC@GHCKDDOI@?$AAV?$AAe?$AAn?$AAM?$AAe?$AAd?$AAi?$AAa@ 000000000001afa8     UefiDevicePathLib:DevicePathFromText.obj
 0002:00000fc0       ??_C@_1M@OFOICAAP@?$AAM?$AAe?$AAd?$AAi?$AAa@ 000000000001afc0     UefiDevicePathLib:DevicePathFromText.obj
 0002:00000fcc       ??_C@_15NJGIEIGN@?$AAF?$AAv@ 000000000001afcc     UefiDevicePathLib:DevicePathFromText.obj
 0002:00000fd8       ??_C@_1O@HDIGBKAM@?$AAF?$AAv?$AAF?$AAi?$AAl?$AAe@ 000000000001afd8     UefiDevicePathLib:DevicePathFromText.obj
 0002:00000fe8       ??_C@_1O@LMEEEHLB@?$AAO?$AAf?$AAf?$AAs?$AAe?$AAt@ 000000000001afe8     UefiDevicePathLib:DevicePathFromText.obj
 0002:00000ff8       ??_C@_1BA@MCPGEJDD@?$AAR?$AAa?$AAm?$AAD?$AAi?$AAs?$AAk@ 000000000001aff8     UefiDevicePathLib:DevicePathFromText.obj
 0002:00001008       ??_C@_1BI@DOBDENMH@?$AAV?$AAi?$AAr?$AAt?$AAu?$AAa?$AAl?$AAD?$AAi?$AAs?$AAk@ 000000000001b008     UefiDevicePathLib:DevicePathFromText.obj
 0002:00001020       ??_C@_1BE@INMIBDPL@?$AAV?$AAi?$AAr?$AAt?$AAu?$AAa?$AAl?$AAC?$AAD@ 000000000001b020     UefiDevicePathLib:DevicePathFromText.obj
 0002:00001038       ??_C@_1CM@HJNDDJNG@?$AAP?$AAe?$AAr?$AAs?$AAi?$AAs?$AAt?$AAe?$AAn?$AAt?$AAV?$AAi?$AAr?$AAt?$AAu@ 000000000001b038     UefiDevicePathLib:DevicePathFromText.obj
 0002:00001068       ??_C@_1CI@NFGDEDCN@?$AAP?$AAe?$AAr?$AAs?$AAi?$AAs?$AAt?$AAe?$AAn?$AAt?$AAV?$AAi?$AAr?$AAt?$AAu@ 000000000001b068     UefiDevicePathLib:DevicePathFromText.obj
 0002:00001090       ??_C@_1BA@EPIJMJOF@?$AAB?$AAb?$AAs?$AAP?$AAa?$AAt?$AAh@ 000000000001b090     UefiDevicePathLib:DevicePathFromText.obj
 0002:000010a0       ??_C@_17GKENOOCN@?$AAB?$AAB?$AAS@ 000000000001b0a0     UefiDevicePathLib:DevicePathFromText.obj
 0002:000010a8       ??_C@_19EBDONFFG@?$AAS?$AAa?$AAt?$AAa@ 000000000001b0a8     UefiDevicePathLib:DevicePathFromText.obj
 0002:000010b8       ??_C@_0BO@BBJIABON@DeviceNodeStr?5?$CB?$DN?5?$CI?$CIvoid?5?$CK?$CJ?50?$CJ@ 000000000001b0b8     UefiDevicePathLib:DevicePathFromText.obj
 0002:000010d8       ??_C@_0BL@PENJEDLL@DeviceNode?5?$CB?$DN?5?$CI?$CIvoid?5?$CK?$CJ?50?$CJ@ 000000000001b0d8     UefiDevicePathLib:DevicePathFromText.obj
 0002:000010f8       ??_C@_0BJ@NNFHKMPH@Str?9?$DOStr?5?$CB?$DN?5?$CI?$CIvoid?5?$CK?$CJ?50?$CJ@ 000000000001b0f8     UefiDevicePathLib:DevicePathToText.obj
 0002:00001118       ??_C@_0DM@NPKLPNEE@c?3?2edk2?2MdePkg?2Library?2UefiDevi@ 000000000001b118     UefiDevicePathLib:DevicePathToText.obj
 0002:00001158       ??_C@_1BO@OAGLMPIF@?$AAP?$AAc?$AAi?$AA?$CI?$AA0?$AAx?$AA?$CF?$AAx?$AA?0?$AA0?$AAx?$AA?$CF?$AAx?$AA?$CJ@ 000000000001b158     UefiDevicePathLib:DevicePathToText.obj
 0002:00001178       ??_C@_1BK@KCEBDNMK@?$AAP?$AAc?$AAC?$AAa?$AAr?$AAd?$AA?$CI?$AA0?$AAx?$AA?$CF?$AAx?$AA?$CJ@ 000000000001b178     UefiDevicePathLib:DevicePathToText.obj
 0002:00001198       ??_C@_1DO@IFCJNKPC@?$AAM?$AAe?$AAm?$AAo?$AAr?$AAy?$AAM?$AAa?$AAp?$AAp?$AAe?$AAd?$AA?$CI?$AA0?$AAx@ 000000000001b198     UefiDevicePathLib:DevicePathToText.obj
 0002:000011d8       ??_C@_15FLNOEOHI@?$AAH?$AAw@ 000000000001b1d8     UefiDevicePathLib:DevicePathToText.obj
 0002:000011e0       ??_C@_1BI@PHHNEBMB@?$AAV?$AAe?$AAn?$AAP?$AAc?$AAA?$AAn?$AAs?$AAi?$AA?$CI?$AA?$CJ@ 000000000001b1e0     UefiDevicePathLib:DevicePathToText.obj
 0002:000011f8       ??_C@_1BG@IAIKNGNN@?$AAV?$AAe?$AAn?$AAV?$AAt?$AA1?$AA0?$AA0?$AA?$CI?$AA?$CJ@ 000000000001b1f8     UefiDevicePathLib:DevicePathToText.obj
 0002:00001210       ??_C@_1BO@COEKAAEN@?$AAV?$AAe?$AAn?$AAV?$AAt?$AA1?$AA0?$AA0?$AAP?$AAl?$AAu?$AAs?$AA?$CI?$AA?$CJ@ 000000000001b210     UefiDevicePathLib:DevicePathToText.obj
 0002:00001230       ??_C@_1BE@EAENEGNC@?$AAV?$AAe?$AAn?$AAU?$AAf?$AAt?$AA8?$AA?$CI?$AA?$CJ@ 000000000001b230     UefiDevicePathLib:DevicePathToText.obj
 0002:00001248       ??_C@_1CC@FKEHNDLA@?$AAU?$AAa?$AAr?$AAt?$AAF?$AAl?$AAo?$AAw?$AAC?$AAt?$AAr?$AAl?$AA?$CI?$AA?$CF?$AAs@ 000000000001b248     UefiDevicePathLib:DevicePathToText.obj
 0002:00001270       ??_C@_1CM@MBOKCKGI@?$AAS?$AAA?$AAS?$AA?$CI?$AA0?$AAx?$AA?$CF?$AAl?$AAx?$AA?0?$AA0?$AAx?$AA?$CF?$AAl?$AAx@ 000000000001b270     UefiDevicePathLib:DevicePathToText.obj
 0002:000012a0       ??_C@_1CE@FDCOMKL@?$AAN?$AAo?$AAT?$AAo?$AAp?$AAo?$AAl?$AAo?$AAg?$AAy?$AA?0?$AA0?$AA?0?$AA0?$AA?0@ 000000000001b2a0     UefiDevicePathLib:DevicePathToText.obj
 0002:000012c8       ??_C@_1BE@MLBJKAMN@?$AA?$CF?$AAs?$AA?0?$AA?$CF?$AAs?$AA?0?$AA?$CF?$AAs?$AA?0@ 000000000001b2c8     UefiDevicePathLib:DevicePathToText.obj
 0002:000012dc       ??_C@_15KAKDEJHH@?$AA0?$AA?0@ 000000000001b2dc     UefiDevicePathLib:DevicePathToText.obj
 0002:000012e8       ??_C@_1M@MJJODJOA@?$AA0?$AAx?$AA?$CF?$AAx?$AA?0@ 000000000001b2e8     UefiDevicePathLib:DevicePathToText.obj
 0002:000012f8       ??_C@_1BI@EOONELPP@?$AA0?$AAx?$AA?$CF?$AAx?$AA?0?$AA0?$AA?0?$AA0?$AA?0?$AA0?$AA?0@ 000000000001b2f8     UefiDevicePathLib:DevicePathToText.obj
 0002:00001310       ??_C@_1M@POEAMJNC@?$AA0?$AAx?$AA?$CF?$AAx?$AA?$CJ@ 000000000001b310     UefiDevicePathLib:DevicePathToText.obj
 0002:00001320       ??_C@_1BI@IHPCIEPJ@?$AAD?$AAe?$AAb?$AAu?$AAg?$AAP?$AAo?$AAr?$AAt?$AA?$CI?$AA?$CJ@ 000000000001b320     UefiDevicePathLib:DevicePathToText.obj
 0002:00001338       ??_C@_13HGPDMIBE@?$AA?$DP@ 000000000001b338     UefiDevicePathLib:DevicePathToText.obj
 0002:00001340       ??_C@_1BC@EAAHJKNI@?$AAV?$AAe?$AAn?$AA?$CF?$AAs?$AA?$CI?$AA?$CF?$AAg@ 000000000001b340     UefiDevicePathLib:DevicePathToText.obj
 0002:00001354       ??_C@_13DEFPDAGF@?$AA?0@   000000000001b354     UefiDevicePathLib:DevicePathToText.obj
 0002:00001358       ??_C@_19NHPFCCLF@?$AA?$CF?$AA0?$AA2?$AAx@ 000000000001b358     UefiDevicePathLib:DevicePathToText.obj
 0002:00001364       ??_C@_13DIBMAFH@?$AA?$CJ@  000000000001b364     UefiDevicePathLib:DevicePathToText.obj
 0002:00001368       ??_C@_1BG@PDEHEHNB@?$AAC?$AAt?$AAr?$AAl?$AA?$CI?$AA0?$AAx?$AA?$CF?$AAx?$AA?$CJ@ 000000000001b368     UefiDevicePathLib:DevicePathToText.obj
 0002:00001380       ??_C@_1CA@OCDNKJMI@?$AAB?$AAM?$AAC?$AA?$CI?$AA0?$AAx?$AA?$CF?$AAx?$AA?0?$AA0?$AAx?$AA?$CF?$AAl?$AAx?$AA?$CJ@ 000000000001b380     UefiDevicePathLib:DevicePathToText.obj
 0002:000013a0       ??_C@_1BM@LLBDFMIK@?$AAP?$AAc?$AAi?$AAR?$AAo?$AAo?$AAt?$AA?$CI?$AA0?$AAx?$AA?$CF?$AAx?$AA?$CJ@ 000000000001b3a0     UefiDevicePathLib:DevicePathToText.obj
 0002:000013c0       ??_C@_1BO@IHBMGOPI@?$AAP?$AAc?$AAi?$AAe?$AAR?$AAo?$AAo?$AAt?$AA?$CI?$AA0?$AAx?$AA?$CF?$AAx?$AA?$CJ@ 000000000001b3c0     UefiDevicePathLib:DevicePathToText.obj
 0002:000013e0       ??_C@_1BK@NGLNBACO@?$AAF?$AAl?$AAo?$AAp?$AAp?$AAy?$AA?$CI?$AA0?$AAx?$AA?$CF?$AAx?$AA?$CJ@ 000000000001b3e0     UefiDevicePathLib:DevicePathToText.obj
 0002:00001400       ??_C@_1BO@OEKEOEOK@?$AAK?$AAe?$AAy?$AAb?$AAo?$AAa?$AAr?$AAd?$AA?$CI?$AA0?$AAx?$AA?$CF?$AAx?$AA?$CJ@ 000000000001b400     UefiDevicePathLib:DevicePathToText.obj
 0002:00001420       ??_C@_1BK@PMIGPGKH@?$AAS?$AAe?$AAr?$AAi?$AAa?$AAl?$AA?$CI?$AA0?$AAx?$AA?$CF?$AAx?$AA?$CJ@ 000000000001b420     UefiDevicePathLib:DevicePathToText.obj
 0002:00001440       ??_C@_1CG@CPMOJELH@?$AAP?$AAa?$AAr?$AAa?$AAl?$AAl?$AAe?$AAl?$AAP?$AAo?$AAr?$AAt?$AA?$CI?$AA0?$AAx@ 000000000001b440     UefiDevicePathLib:DevicePathToText.obj
 0002:00001468       ??_C@_1CG@JCMCADBM@?$AAA?$AAc?$AAp?$AAi?$AA?$CI?$AAP?$AAN?$AAP?$AA?$CF?$AA0?$AA4?$AAx?$AA?0?$AA0?$AAx@ 000000000001b468     UefiDevicePathLib:DevicePathToText.obj
 0002:00001490       ??_C@_1CE@CLIAMHCD@?$AAA?$AAc?$AAp?$AAi?$AA?$CI?$AA0?$AAx?$AA?$CF?$AA0?$AA8?$AAx?$AA?0?$AA0?$AAx?$AA?$CF@ 000000000001b490     UefiDevicePathLib:DevicePathToText.obj
 0002:000014b8       ??_C@_1BG@BGLICHDL@?$AA?$CF?$AAc?$AA?$CF?$AAc?$AA?$CF?$AAc?$AA?$CF?$AA0?$AA4?$AAX@ 000000000001b4b8     UefiDevicePathLib:DevicePathToText.obj
 0002:000014d0       ??_C@_1CE@CGEKHGFF@?$AAA?$AAc?$AAp?$AAi?$AAE?$AAx?$AAp?$AA?$CI?$AA?$CF?$AAs?$AA?0?$AA?$CF?$AAs?$AA?0?$AA?$CF@ 000000000001b4d0     UefiDevicePathLib:DevicePathToText.obj
 0002:000014f8       ??_C@_1BG@EEDCOCH@?$AAA?$AAc?$AAp?$AAi?$AAE?$AAx?$AA?$CI?$AA?$CF?$AAa?$AA?0@ 000000000001b4f8     UefiDevicePathLib:DevicePathToText.obj
 0002:00001510       ??_C@_1BG@EKFNINLH@?$AAA?$AAc?$AAp?$AAi?$AAE?$AAx?$AA?$CI?$AA?$CF?$AAs?$AA?0@ 000000000001b510     UefiDevicePathLib:DevicePathToText.obj
 0002:00001528       ??_C@_17CAHIANN@?$AA?$CF?$AAa?$AA?0@ 000000000001b528     UefiDevicePathLib:DevicePathToText.obj
 0002:00001530       ??_C@_17DFNJHAOP@?$AA?$CF?$AAa?$AA?$CJ@ 000000000001b530     UefiDevicePathLib:DevicePathToText.obj
 0002:00001538       ??_C@_17HLMHNDHP@?$AA?$CF?$AAs?$AA?$CJ@ 000000000001b538     UefiDevicePathLib:DevicePathToText.obj
 0002:00001540       ??_C@_1DI@HGKBPPFE@?$AAA?$AAc?$AAp?$AAi?$AAE?$AAx?$AA?$CI?$AA?$CF?$AAs?$AA?0?$AA?$CF?$AAs?$AA?0?$AA0?$AAx@ 000000000001b540     UefiDevicePathLib:DevicePathToText.obj
 0002:00001578       ??_C@_1BK@IMGBACLG@?$AAA?$AAc?$AAp?$AAi?$AAA?$AAd?$AAr?$AA?$CI?$AA0?$AAx?$AA?$CF?$AAx@ 000000000001b578     UefiDevicePathLib:DevicePathToText.obj
 0002:00001598       ??_C@_1M@HHLNLLAC@?$AA?0?$AA0?$AAx?$AA?$CF?$AAx@ 000000000001b598     UefiDevicePathLib:DevicePathToText.obj
 0002:000015a8       ??_C@_1BE@HBALDGNG@?$AAA?$AAt?$AAa?$AA?$CI?$AA0?$AAx?$AA?$CF?$AAx?$AA?$CJ@ 000000000001b5a8     UefiDevicePathLib:DevicePathToText.obj
 0002:000015c0       ??_C@_1CA@EFDNFHKP@?$AAA?$AAt?$AAa?$AA?$CI?$AA?$CF?$AAs?$AA?0?$AA?$CF?$AAs?$AA?0?$AA0?$AAx?$AA?$CF?$AAx?$AA?$CJ@ 000000000001b5c0     UefiDevicePathLib:DevicePathToText.obj
 0002:000015e0       ??_C@_1CA@JGIMMJKB@?$AAS?$AAc?$AAs?$AAi?$AA?$CI?$AA0?$AAx?$AA?$CF?$AAx?$AA?0?$AA0?$AAx?$AA?$CF?$AAx?$AA?$CJ@ 000000000001b5e0     UefiDevicePathLib:DevicePathToText.obj
 0002:00001600       ??_C@_1CG@OFFLOOAD@?$AAF?$AAi?$AAb?$AAr?$AAe?$AA?$CI?$AA0?$AAx?$AA?$CF?$AAl?$AAx?$AA?0?$AA0?$AAx?$AA?$CF@ 000000000001b600     UefiDevicePathLib:DevicePathToText.obj
 0002:00001628       ??_C@_1BG@EHEKANON@?$AAF?$AAi?$AAb?$AAr?$AAe?$AAE?$AAx?$AA?$CI?$AA0?$AAx@ 000000000001b628     UefiDevicePathLib:DevicePathToText.obj
 0002:00001640       ??_C@_17JOPFNIFB@?$AA?0?$AA0?$AAx@ 000000000001b640     UefiDevicePathLib:DevicePathToText.obj
 0002:00001648       ??_C@_1BC@CKFHLIJB@?$AAS?$AAa?$AAs?$AAE?$AAx?$AA?$CI?$AA0?$AAx@ 000000000001b648     UefiDevicePathLib:DevicePathToText.obj
 0002:00001660       ??_C@_1O@IEGBGPLN@?$AA?0?$AA0?$AAx?$AA?$CF?$AAx?$AA?0@ 000000000001b660     UefiDevicePathLib:DevicePathToText.obj
 0002:00001670       ??_C@_1CC@FKOFEPIC@?$AAN?$AAo?$AAT?$AAo?$AAp?$AAo?$AAl?$AAo?$AAg?$AAy?$AA?0?$AA0?$AA?0?$AA0?$AA?0@ 000000000001b670     UefiDevicePathLib:DevicePathToText.obj
 0002:00001694       ??_C@_13COJANIEC@?$AA0@    000000000001b694     UefiDevicePathLib:DevicePathToText.obj
 0002:00001698       ??_C@_19PCNJIDGC@?$AA0?$AAx?$AA?$CF?$AAx@ 000000000001b698     UefiDevicePathLib:DevicePathToText.obj
 0002:000016a8       ??_C@_1BG@JCDPLMKI@?$AA0?$AAx?$AA?$CF?$AAx?$AA?0?$AA0?$AA?0?$AA0?$AA?0?$AA0@ 000000000001b6a8     UefiDevicePathLib:DevicePathToText.obj
 0002:000016c0       ??_C@_1GG@KPIKGINP@?$AAN?$AAV?$AAM?$AAe?$AA?$CI?$AA0?$AAx?$AA?$CF?$AAx?$AA?0?$AA?$CF?$AA0?$AA2?$AAx?$AA?9@ 000000000001b6c0     UefiDevicePathLib:DevicePathToText.obj
 0002:00001728       ??_C@_1BO@HJLBIHHO@?$AAU?$AAF?$AAS?$AA?$CI?$AA0?$AAx?$AA?$CF?$AAx?$AA?0?$AA0?$AAx?$AA?$CF?$AAx?$AA?$CJ@ 000000000001b728     UefiDevicePathLib:DevicePathToText.obj
 0002:00001748       ??_C@_1BC@JIFEONHJ@?$AAS?$AAD?$AA?$CI?$AA0?$AAx?$AA?$CF?$AAx?$AA?$CJ@ 000000000001b748     UefiDevicePathLib:DevicePathToText.obj
 0002:00001760       ??_C@_1BG@BHOAMFEP@?$AAe?$AAM?$AAM?$AAC?$AA?$CI?$AA0?$AAx?$AA?$CF?$AAx?$AA?$CJ@ 000000000001b760     UefiDevicePathLib:DevicePathToText.obj
 0002:00001778       ??_C@_1BM@OFMOJDLM@?$AAI?$AA1?$AA3?$AA9?$AA4?$AA?$CI?$AA?$CF?$AA0?$AA1?$AA6?$AAl?$AAx?$AA?$CJ@ 000000000001b778     UefiDevicePathLib:DevicePathToText.obj
 0002:00001798       ??_C@_1BO@CIMDKCCI@?$AAU?$AAS?$AAB?$AA?$CI?$AA0?$AAx?$AA?$CF?$AAx?$AA?0?$AA0?$AAx?$AA?$CF?$AAx?$AA?$CJ@ 000000000001b798     UefiDevicePathLib:DevicePathToText.obj
 0002:000017b8       ??_C@_0BH@GADOMDOK@NewStr?5?$CB?$DN?5?$CI?$CIvoid?5?$CK?$CJ?50?$CJ@ 000000000001b7b8     UefiDevicePathLib:DevicePathToText.obj
 0002:000017d0       ??_C@_1DK@IPDOPIPA@?$AAU?$AAs?$AAb?$AAW?$AAw?$AAi?$AAd?$AA?$CI?$AA0?$AAx?$AA?$CF?$AAx?$AA?0?$AA0?$AAx@ 000000000001b7d0     UefiDevicePathLib:DevicePathToText.obj
 0002:00001810       ??_C@_1BG@NJNCNCKM@?$AAU?$AAn?$AAi?$AAt?$AA?$CI?$AA0?$AAx?$AA?$CF?$AAx?$AA?$CJ@ 000000000001b810     UefiDevicePathLib:DevicePathToText.obj
 0002:00001828       ??_C@_1CM@JDEAFCK@?$AA?$CI?$AA0?$AAx?$AA?$CF?$AAx?$AA?0?$AA0?$AAx?$AA?$CF?$AAx?$AA?0?$AA0?$AAx?$AA?$CF?$AAx@ 000000000001b828     UefiDevicePathLib:DevicePathToText.obj
 0002:00001860       ??_C@_1FA@DIDNHLOK@?$AAU?$AAs?$AAb?$AAD?$AAe?$AAv?$AAi?$AAc?$AAe?$AAF?$AAi?$AAr?$AAm?$AAw?$AAa@ 000000000001b860     UefiDevicePathLib:DevicePathToText.obj
 0002:000018b0       ??_C@_1DM@JLMEALMP@?$AAU?$AAs?$AAb?$AAI?$AAr?$AAd?$AAa?$AAB?$AAr?$AAi?$AAd?$AAg?$AAe?$AA?$CI?$AA0@ 000000000001b8b0     UefiDevicePathLib:DevicePathToText.obj
 0002:000018f0       ??_C@_1EM@PFIODAIB@?$AAU?$AAs?$AAb?$AAT?$AAe?$AAs?$AAt?$AAA?$AAn?$AAd?$AAM?$AAe?$AAa?$AAs?$AAu@ 000000000001b8f0     UefiDevicePathLib:DevicePathToText.obj
 0002:00001940       ??_C@_1EG@NMOJJABI@?$AAU?$AAs?$AAb?$AAC?$AAl?$AAa?$AAs?$AAs?$AA?$CI?$AA0?$AAx?$AA?$CF?$AAx?$AA?0?$AA0@ 000000000001b940     UefiDevicePathLib:DevicePathToText.obj
 0002:00001988       ??_C@_1CK@MHLLPHIN@?$AAS?$AAa?$AAt?$AAa?$AA?$CI?$AA0?$AAx?$AA?$CF?$AAx?$AA?0?$AA0?$AAx?$AA?$CF?$AAx?$AA?0@ 000000000001b988     UefiDevicePathLib:DevicePathToText.obj
 0002:000019b8       ??_C@_1BE@GPJMKBFH@?$AAI?$AA2?$AAO?$AA?$CI?$AA0?$AAx?$AA?$CF?$AAx?$AA?$CJ@ 000000000001b9b8     UefiDevicePathLib:DevicePathToText.obj
 0002:000019d0       ??_C@_19HOEMCGPJ@?$AAM?$AAA?$AAC?$AA?$CI@ 000000000001b9d0     UefiDevicePathLib:DevicePathToText.obj
 0002:000019e0       ??_C@_1O@LDLPJPIP@?$AA?0?$AA0?$AAx?$AA?$CF?$AAx?$AA?$CJ@ 000000000001b9e0     UefiDevicePathLib:DevicePathToText.obj
 0002:000019f0       ??_C@_1BI@FCMLLAGN@?$AA?$CF?$AAd?$AA?4?$AA?$CF?$AAd?$AA?4?$AA?$CF?$AAd?$AA?4?$AA?$CF?$AAd@ 000000000001b9f0     UefiDevicePathLib:DevicePathToText.obj
 0002:00001a10       ??_C@_1JA@HKGNNMMG@?$AA?$CF?$AA0?$AA2?$AAx?$AA?$CF?$AA0?$AA2?$AAx?$AA?3?$AA?$CF?$AA0?$AA2?$AAx?$AA?$CF?$AA0@ 000000000001ba10     UefiDevicePathLib:DevicePathToText.obj
 0002:00001aa0       ??_C@_1M@KGGIME@?$AAI?$AAP?$AAv?$AA4?$AA?$CI@ 000000000001baa0     UefiDevicePathLib:DevicePathToText.obj
 0002:00001ab0       ??_C@_19DDJNJOGL@?$AAD?$AAH?$AAC?$AAP@ 000000000001bab0     UefiDevicePathLib:DevicePathToText.obj
 0002:00001ac0       ??_C@_19JPNAHHAM@?$AA?0?$AA?$CF?$AAs?$AA?0@ 000000000001bac0     UefiDevicePathLib:DevicePathToText.obj
 0002:00001ad0       ??_C@_1M@ENGOMJMP@?$AAI?$AAP?$AAv?$AA6?$AA?$CI@ 000000000001bad0     UefiDevicePathLib:DevicePathToText.obj
 0002:00001ae0       ??_C@_1BC@CMHMGCCH@?$AA?0?$AAS?$AAt?$AAa?$AAt?$AAi?$AAc?$AA?0@ 000000000001bae0     UefiDevicePathLib:DevicePathToText.obj
 0002:00001af8       ??_C@_1DC@LOFPJEEL@?$AA?0?$AAS?$AAt?$AAa?$AAt?$AAe?$AAl?$AAe?$AAs?$AAs?$AAA?$AAu?$AAt?$AAo?$AAC@ 000000000001baf8     UefiDevicePathLib:DevicePathToText.obj
 0002:00001b30       ??_C@_1DA@HMGEOIF@?$AA?0?$AAS?$AAt?$AAa?$AAt?$AAe?$AAf?$AAu?$AAl?$AAA?$AAu?$AAt?$AAo?$AAC?$AAo@ 000000000001bb30     UefiDevicePathLib:DevicePathToText.obj
 0002:00001b60       ??_C@_1EM@IPHLFBGI@?$AAI?$AAn?$AAf?$AAi?$AAn?$AAi?$AAb?$AAa?$AAn?$AAd?$AA?$CI?$AA0?$AAx?$AA?$CF?$AAx@ 000000000001bb60     UefiDevicePathLib:DevicePathToText.obj
 0002:00001bb0       ??_C@_1BM@EHGODEHA@?$AAU?$AAa?$AAr?$AAt?$AA?$CI?$AAD?$AAE?$AAF?$AAA?$AAU?$AAL?$AAT?$AA?0@ 000000000001bbb0     UefiDevicePathLib:DevicePathToText.obj
 0002:00001bd0       ??_C@_1BE@OEIOOGGH@?$AAU?$AAa?$AAr?$AAt?$AA?$CI?$AA?$CF?$AAl?$AAd?$AA?0@ 000000000001bbd0     UefiDevicePathLib:DevicePathToText.obj
 0002:00001be8       ??_C@_1BC@DDKPDLCJ@?$AAD?$AAE?$AAF?$AAA?$AAU?$AAL?$AAT?$AA?0@ 000000000001bbe8     UefiDevicePathLib:DevicePathToText.obj
 0002:00001c00       ??_C@_17FCMKBBGO@?$AA?$CF?$AAd?$AA?0@ 000000000001bc00     UefiDevicePathLib:DevicePathToText.obj
 0002:00001c08       ??_C@_17EPMPCBNG@?$AA?$CF?$AAc?$AA?0@ 000000000001bc08     UefiDevicePathLib:DevicePathToText.obj
 0002:00001c10       ??_C@_15HMOPGJC@?$AAD?$AA?$CJ@ 000000000001bc10     UefiDevicePathLib:DevicePathToText.obj
 0002:00001c18       ??_C@_15FMCBGKOA@?$AA1?$AA?$CJ@ 000000000001bc18     UefiDevicePathLib:DevicePathToText.obj
 0002:00001c20       ??_C@_19PODFHIEB@?$AA1?$AA?4?$AA5?$AA?$CJ@ 000000000001bc20     UefiDevicePathLib:DevicePathToText.obj
 0002:00001c2c       ??_C@_15NKLFBIEO@?$AA2?$AA?$CJ@ 000000000001bc2c     UefiDevicePathLib:DevicePathToText.obj
 0002:00001c34       ??_C@_15HEHGDBEE@?$AAx?$AA?$CJ@ 000000000001bc34     UefiDevicePathLib:DevicePathToText.obj
 0002:00001c40       ??_C@_1CK@BGFCLAKJ@?$AAi?$AAS?$AAC?$AAS?$AAI?$AA?$CI?$AA?$CF?$AAa?$AA?0?$AA0?$AAx?$AA?$CF?$AAx?$AA?0?$AA0@ 000000000001bc40     UefiDevicePathLib:DevicePathToText.obj
 0002:00001c70       ??_C@_17EMBJCDEN@?$AA?$CF?$AAs?$AA?0@ 000000000001bc70     UefiDevicePathLib:DevicePathToText.obj
 0002:00001c78       ??_C@_1BA@FMEKDPAI@?$AAC?$AAH?$AAA?$AAP?$AA_?$AAB?$AAI@ 000000000001bc78     UefiDevicePathLib:DevicePathToText.obj
 0002:00001c88       ??_C@_1BC@EFEBCBGB@?$AAr?$AAe?$AAs?$AAe?$AAr?$AAv?$AAe?$AAd@ 000000000001bc88     UefiDevicePathLib:DevicePathToText.obj
 0002:00001ca0       ??_C@_1BC@OPCHKNKH@?$AAV?$AAl?$AAa?$AAn?$AA?$CI?$AA?$CF?$AAd?$AA?$CJ@ 000000000001bca0     UefiDevicePathLib:DevicePathToText.obj
 0002:00001cc0       ??_C@_1EI@EPMFLBAJ@?$AAB?$AAl?$AAu?$AAe?$AAt?$AAo?$AAo?$AAt?$AAh?$AA?$CI?$AA?$CF?$AA0?$AA2?$AAx?$AA?$CF@ 000000000001bcc0     UefiDevicePathLib:DevicePathToText.obj
 0002:00001d08       ??_C@_1BE@DKODNJMI@?$AAW?$AAi?$AA?9?$AAF?$AAi?$AA?$CI?$AA?$CF?$AAa?$AA?$CJ@ 000000000001bd08     UefiDevicePathLib:DevicePathToText.obj
 0002:00001d20       ??_C@_1FK@LABBEHKJ@?$AAB?$AAl?$AAu?$AAe?$AAt?$AAo?$AAo?$AAt?$AAh?$AAL?$AAE?$AA?$CI?$AA?$CF?$AA0?$AA2@ 000000000001bd20     UefiDevicePathLib:DevicePathToText.obj
 0002:00001d80       ??_C@_19KGHFHKGE@?$AAD?$AAn?$AAs?$AA?$CI@ 000000000001bd80     UefiDevicePathLib:DevicePathToText.obj
 0002:00001d90       ??_C@_0BH@EDBFFFOA@UriStr?5?$CB?$DN?5?$CI?$CIvoid?5?$CK?$CJ?50?$CJ@ 000000000001bd90     UefiDevicePathLib:DevicePathToText.obj
 0002:00001da8       ??_C@_1BA@OMDAJDPE@?$AAU?$AAr?$AAi?$AA?$CI?$AA?$CF?$AAa?$AA?$CJ@ 000000000001bda8     UefiDevicePathLib:DevicePathToText.obj
 0002:00001db8       ??_C@_1CC@GGNPKJFE@?$AAH?$AAD?$AA?$CI?$AA?$CF?$AAd?$AA?0?$AA?$CF?$AAs?$AA?0?$AA0?$AAx?$AA?$CF?$AA0?$AA8?$AAx@ 000000000001bdb8     UefiDevicePathLib:DevicePathToText.obj
 0002:00001de0       ??_C@_1BK@NDBPAJDF@?$AAH?$AAD?$AA?$CI?$AA?$CF?$AAd?$AA?0?$AA?$CF?$AAs?$AA?0?$AA?$CF?$AAg?$AA?0@ 000000000001bde0     UefiDevicePathLib:DevicePathToText.obj
 0002:00001e00       ??_C@_1BI@BCKDFMFI@?$AAH?$AAD?$AA?$CI?$AA?$CF?$AAd?$AA?0?$AA?$CF?$AAd?$AA?0?$AA0?$AA?0@ 000000000001be00     UefiDevicePathLib:DevicePathToText.obj
 0002:00001e18       ??_C@_1BK@MMBDHGIK@?$AA0?$AAx?$AA?$CF?$AAl?$AAx?$AA?0?$AA0?$AAx?$AA?$CF?$AAl?$AAx?$AA?$CJ@ 000000000001be18     UefiDevicePathLib:DevicePathToText.obj
 0002:00001e38       ??_C@_1BI@EEHCFNDN@?$AAC?$AAD?$AAR?$AAO?$AAM?$AA?$CI?$AA0?$AAx?$AA?$CF?$AAx?$AA?$CJ@ 000000000001be38     UefiDevicePathLib:DevicePathToText.obj
 0002:00001e50       ??_C@_1DA@JMLBJEDN@?$AAC?$AAD?$AAR?$AAO?$AAM?$AA?$CI?$AA0?$AAx?$AA?$CF?$AAx?$AA?0?$AA0?$AAx?$AA?$CF?$AAl@ 000000000001be50     UefiDevicePathLib:DevicePathToText.obj
 0002:00001e80       ??_C@_15GANGMFKL@?$AA?$CF?$AAs@ 000000000001be80     UefiDevicePathLib:DevicePathToText.obj
 0002:00001e88       ??_C@_1BE@CJGJAKDA@?$AAM?$AAe?$AAd?$AAi?$AAa?$AA?$CI?$AA?$CF?$AAg?$AA?$CJ@ 000000000001be88     UefiDevicePathLib:DevicePathToText.obj
 0002:00001ea0       ??_C@_1O@HJJPOOCL@?$AAF?$AAv?$AA?$CI?$AA?$CF?$AAg?$AA?$CJ@ 000000000001bea0     UefiDevicePathLib:DevicePathToText.obj
 0002:00001eb0       ??_C@_1BG@MHENELFF@?$AAF?$AAv?$AAF?$AAi?$AAl?$AAe?$AA?$CI?$AA?$CF?$AAg?$AA?$CJ@ 000000000001beb0     UefiDevicePathLib:DevicePathToText.obj
 0002:00001ec8       ??_C@_1CI@FAOKAOM@?$AAO?$AAf?$AAf?$AAs?$AAe?$AAt?$AA?$CI?$AA0?$AAx?$AA?$CF?$AAl?$AAx?$AA?0?$AA0?$AAx@ 000000000001bec8     UefiDevicePathLib:DevicePathToText.obj
 0002:00001ef0       ??_C@_1DI@GJAGNPCG@?$AAV?$AAi?$AAr?$AAt?$AAu?$AAa?$AAl?$AAD?$AAi?$AAs?$AAk?$AA?$CI?$AA0?$AAx?$AA?$CF@ 000000000001bef0     UefiDevicePathLib:DevicePathToText.obj
 0002:00001f28       ??_C@_1DE@FBEBFJJD@?$AAV?$AAi?$AAr?$AAt?$AAu?$AAa?$AAl?$AAC?$AAD?$AA?$CI?$AA0?$AAx?$AA?$CF?$AAl?$AAx@ 000000000001bf28     UefiDevicePathLib:DevicePathToText.obj
 0002:00001f60       ??_C@_1EM@PFGFJDCD@?$AAP?$AAe?$AAr?$AAs?$AAi?$AAs?$AAt?$AAe?$AAn?$AAt?$AAV?$AAi?$AAr?$AAt?$AAu@ 000000000001bf60     UefiDevicePathLib:DevicePathToText.obj
 0002:00001fb0       ??_C@_1EI@IJLGIAIE@?$AAP?$AAe?$AAr?$AAs?$AAi?$AAs?$AAt?$AAe?$AAn?$AAt?$AAV?$AAi?$AAr?$AAt?$AAu@ 000000000001bfb0     UefiDevicePathLib:DevicePathToText.obj
 0002:00001ff8       ??_C@_1DG@IFGHOPEL@?$AAR?$AAa?$AAm?$AAD?$AAi?$AAs?$AAk?$AA?$CI?$AA0?$AAx?$AA?$CF?$AAl?$AAx?$AA?0?$AA0@ 000000000001bff8     UefiDevicePathLib:DevicePathToText.obj
 0002:00002030       ??_C@_1BE@EICHFCPK@?$AAB?$AAB?$AAS?$AA?$CI?$AA?$CF?$AAs?$AA?0?$AA?$CF?$AAa@ 000000000001c030     UefiDevicePathLib:DevicePathToText.obj
 0002:00002048       ??_C@_1BI@EAEHELAJ@?$AAB?$AAB?$AAS?$AA?$CI?$AA0?$AAx?$AA?$CF?$AAx?$AA?0?$AA?$CF?$AAa@ 000000000001c048     UefiDevicePathLib:DevicePathToText.obj
 0002:00002060       ??_C@_1BG@BNMBFAIA@?$AAP?$AAa?$AAt?$AAh?$AA?$CI?$AA?$CF?$AAd?$AA?0?$AA?$CF?$AAd@ 000000000001c060     UefiDevicePathLib:DevicePathToText.obj
 0002:00002078       ??_C@_1M@NAHACGNB@?$AA?$CF?$AAs?$AA?$CI?$AA?$CF?$AAd@ 000000000001c078     UefiDevicePathLib:DevicePathToText.obj
 0002:00002088       ??_C@_0BI@JHENLKMB@Str?4Str?5?$CB?$DN?5?$CI?$CIvoid?5?$CK?$CJ?50?$CJ@ 000000000001c088     UefiDevicePathLib:DevicePathToText.obj
 0002:000020a0       ??_C@_13CGOKJPIL@?$AA?1@   000000000001c0a0     UefiDevicePathLib:DevicePathToText.obj
 0002:000020a8       ??_C@_0BN@COECPDCC@gImageHandle?5?$CB?$DN?5?$CI?$CIvoid?5?$CK?$CJ?50?$CJ@ 000000000001c0a8     UefiBootServicesTableLib:UefiBootServicesTableLib.obj
 0002:000020d0       ??_C@_0EL@ODFJBOBF@c?3?2edk2?2MdePkg?2Library?2UefiBoot@ 000000000001c0d0     UefiBootServicesTableLib:UefiBootServicesTableLib.obj
 0002:00002120       ??_C@_0BE@DGNHAHIL@gST?5?$CB?$DN?5?$CI?$CIvoid?5?$CK?$CJ?50?$CJ@ 000000000001c120     UefiBootServicesTableLib:UefiBootServicesTableLib.obj
 0002:00002138       ??_C@_0BE@BDFJLGLN@gBS?5?$CB?$DN?5?$CI?$CIvoid?5?$CK?$CJ?50?$CJ@ 000000000001c138     UefiBootServicesTableLib:UefiBootServicesTableLib.obj
 0002:00002150       ??_C@_0BE@OBDFIHND@gRT?5?$CB?$DN?5?$CI?$CIvoid?5?$CK?$CJ?50?$CJ@ 000000000001c150     UefiRuntimeServicesTableLib:UefiRuntimeServicesTableLib.obj
 0002:00002170       ??_C@_0FB@NIMBGODD@c?3?2edk2?2MdePkg?2Library?2UefiRunt@ 000000000001c170     UefiRuntimeServicesTableLib:UefiRuntimeServicesTableLib.obj
 0002:000021c8       ??_C@_0CK@GGFNJPAK@c?3?2edk2?2MdePkg?2Library?2DxeHobLi@ 000000000001c1c8     DxeHobLib:HobLib.obj
 0002:000021f8       ??_C@_0BJ@OBFMLLDO@mHobList?5?$CB?$DN?5?$CI?$CIvoid?5?$CK?$CJ?50?$CJ@ 000000000001c1f8     DxeHobLib:HobLib.obj
 0002:00002218       ??_C@_0BJ@NOLLDKJB@HobStart?5?$CB?$DN?5?$CI?$CIvoid?5?$CK?$CJ?50?$CJ@ 000000000001c218     DxeHobLib:HobLib.obj
 0002:00002238       ??_C@_1BC@DPOIABCP@?$AAE?$AAF?$AAI?$AAD?$AAe?$AAb?$AAu?$AAg@ 000000000001c238     DxeDebugPrintErrorLevelLib:DxeDebugPrintErrorLevelLib.obj
 0002:00002250       ??_C@_0EF@NBCCMJKB@c?3?2edk2?2MdePkg?2Library?2UefiMemo@ 000000000001c250     UefiMemoryAllocationLib:MemoryAllocationLib.obj
 0002:00002298       ??_C@_0DP@CGKEPFGH@AllocationSize?5?$DM?$DN?5?$CI0xFFFFFFFFFF@ 000000000001c298     UefiMemoryAllocationLib:MemoryAllocationLib.obj
 0002:000022d8       ??_C@_0CI@BGLNHBLM@?$CI?$CI?$CIUINTN?$CJ?5?$CIStartOfBuffer?$CJ?$CJ?5?$CG?50x@ 000000000001c2d8     BasePrintLib:PrintLib.obj
 0002:00002300       ??_C@_0CP@FCAPPOBN@c?3?2edk2?2MdePkg?2Library?2BasePrin@ 000000000001c300     BasePrintLib:PrintLib.obj
 0002:00002330       ??_C@_0CH@KJLBGOBB@?$CI?$CI?$CIUINTN?$CJ?5?$CIFormatString?$CJ?$CJ?5?$CG?50x0@ 000000000001c330     BasePrintLib:PrintLib.obj
 0002:00002358       ??_C@_07PBILKAFL@Success@  000000000001c358     BasePrintLib:PrintLibInternal.obj
 0002:00002360       ??_C@_0BG@CFJMNNJK@Warning?5Unknown?5Glyph@ 000000000001c360     BasePrintLib:PrintLibInternal.obj
 0002:00002378       ??_C@_0BH@GKKCJEPJ@Warning?5Delete?5Failure@ 000000000001c378     BasePrintLib:PrintLibInternal.obj
 0002:00002390       ??_C@_0BG@ECIJMOED@Warning?5Write?5Failure@ 000000000001c390     BasePrintLib:PrintLibInternal.obj
 0002:000023a8       ??_C@_0BJ@ODIPDGHB@Warning?5Buffer?5Too?5Small@ 000000000001c3a8     BasePrintLib:PrintLibInternal.obj
 0002:000023c8       ??_C@_0BD@IFJNJCCO@Warning?5Stale?5Data@ 000000000001c3c8     BasePrintLib:PrintLibInternal.obj
 0002:000023e0       ??_C@_0L@PLPBEPPC@Load?5Error@ 000000000001c3e0     BasePrintLib:PrintLibInternal.obj
 0002:000023f0       ??_C@_0BC@HOFHKGJN@Invalid?5Parameter@ 000000000001c3f0     BasePrintLib:PrintLibInternal.obj
 0002:00002408       ??_C@_0M@BEECMOIL@Unsupported@ 000000000001c408     BasePrintLib:PrintLibInternal.obj
 0002:00002418       ??_C@_0BA@FLNMPMCF@Bad?5Buffer?5Size@ 000000000001c418     BasePrintLib:PrintLibInternal.obj
 0002:00002428       ??_C@_0BB@EGELJFOB@Buffer?5Too?5Small@ 000000000001c428     BasePrintLib:PrintLibInternal.obj
 0002:00002440       ??_C@_09NKFGCIPN@Not?5Ready@ 000000000001c440     BasePrintLib:PrintLibInternal.obj
 0002:00002450       ??_C@_0N@HHEABDHO@Device?5Error@ 000000000001c450     BasePrintLib:PrintLibInternal.obj
 0002:00002460       ??_C@_0BA@LNEDDFNB@Write?5Protected@ 000000000001c460     BasePrintLib:PrintLibInternal.obj
 0002:00002470       ??_C@_0BB@GOILNEAA@Out?5of?5Resources@ 000000000001c470     BasePrintLib:PrintLibInternal.obj
 0002:00002488       ??_C@_0P@EIOJGIF@Volume?5Corrupt@ 000000000001c488     BasePrintLib:PrintLibInternal.obj
 0002:00002498       ??_C@_0M@HDLEPOFA@Volume?5Full@ 000000000001c498     BasePrintLib:PrintLibInternal.obj
 0002:000024a8       ??_C@_08KEGAJDNN@No?5Media@ 000000000001c4a8     BasePrintLib:PrintLibInternal.obj
 0002:000024b8       ??_C@_0O@JNCJKCCD@Media?5changed@ 000000000001c4b8     BasePrintLib:PrintLibInternal.obj
 0002:000024c8       ??_C@_09CFCBFJND@Not?5Found@ 000000000001c4c8     BasePrintLib:PrintLibInternal.obj
 0002:000024d8       ??_C@_0O@NFHOBIDO@Access?5Denied@ 000000000001c4d8     BasePrintLib:PrintLibInternal.obj
 0002:000024e8       ??_C@_0M@ENKCBFEP@No?5Response@ 000000000001c4e8     BasePrintLib:PrintLibInternal.obj
 0002:000024f8       ??_C@_0L@IFPBNFC@No?5mapping@ 000000000001c4f8     BasePrintLib:PrintLibInternal.obj
 0002:00002508       ??_C@_08PAFJCNGP@Time?5out@ 000000000001c508     BasePrintLib:PrintLibInternal.obj
 0002:00002518       ??_C@_0M@DCJFAFHJ@Not?5started@ 000000000001c518     BasePrintLib:PrintLibInternal.obj
 0002:00002528       ??_C@_0BA@IGIBFFPH@Already?5started@ 000000000001c528     BasePrintLib:PrintLibInternal.obj
 0002:00002538       ??_C@_07LCKDCBKK@Aborted@  000000000001c538     BasePrintLib:PrintLibInternal.obj
 0002:00002540       ??_C@_0L@LKIFCMNO@ICMP?5Error@ 000000000001c540     BasePrintLib:PrintLibInternal.obj
 0002:00002550       ??_C@_0L@DJKNJKHM@TFTP?5Error@ 000000000001c550     BasePrintLib:PrintLibInternal.obj
 0002:00002560       ??_C@_0P@NCJHBCLM@Protocol?5Error@ 000000000001c560     BasePrintLib:PrintLibInternal.obj
 0002:00002570       ??_C@_0BF@EHOBGFMI@Incompatible?5Version@ 000000000001c570     BasePrintLib:PrintLibInternal.obj
 0002:00002588       ??_C@_0BD@KHMPCIOG@Security?5Violation@ 000000000001c588     BasePrintLib:PrintLibInternal.obj
 0002:000025a0       ??_C@_09BOMAGJEG@CRC?5Error@ 000000000001c5a0     BasePrintLib:PrintLibInternal.obj
 0002:000025b0       ??_C@_0N@JEJDHPO@End?5of?5Media@ 000000000001c5b0     BasePrintLib:PrintLibInternal.obj
 0002:000025c0       ??_C@_0O@NMJOLAMF@Reserved?5?$CI29?$CJ@ 000000000001c5c0     BasePrintLib:PrintLibInternal.obj
 0002:000025d0       ??_C@_0O@GLPDOMCP@Reserved?5?$CI30?$CJ@ 000000000001c5d0     BasePrintLib:PrintLibInternal.obj
 0002:000025e0       ??_C@_0M@FKGOBENP@End?5of?5File@ 000000000001c5e0     BasePrintLib:PrintLibInternal.obj
 0002:000025f0       ??_C@_0BB@KFJAMCOC@Invalid?5Language@ 000000000001c5f0     BasePrintLib:PrintLibInternal.obj
 0002:00002608       ??_C@_0BB@MFGDFIJM@Compromised?5Data@ 000000000001c608     BasePrintLib:PrintLibInternal.obj
 0002:00002620       ??_C@_0DH@DJIHJFON@c?3?2edk2?2MdePkg?2Library?2BasePrin@ 000000000001c620     BasePrintLib:PrintLibInternal.obj
 0002:00002658       ??_C@_0BJ@CNKJJNE@?$CIBuffer?5?$CB?$DN?5?$CI?$CIvoid?5?$CK?$CJ?50?$CJ?$CJ@ 000000000001c658     BasePrintLib:PrintLibInternal.obj
 0002:00002680       ??_C@_0EB@HDGIDCIO@?$CIBufferSize?5?$DM?$DN?5?$CI_gPcd_FixedAtBu@ 000000000001c680     BasePrintLib:PrintLibInternal.obj
 0002:000026c8       ??_C@_0BJ@PPAKKDJG@?$CIFormat?5?$CB?$DN?5?$CI?$CIvoid?5?$CK?$CJ?50?$CJ?$CJ@ 000000000001c6c8     BasePrintLib:PrintLibInternal.obj
 0002:000026f0       ??_C@_0ED@LPDDCECB@?$CIBufferSize?5?$DM?$DN?5?$CI_gPcd_FixedAtBu@ 000000000001c6f0     BasePrintLib:PrintLibInternal.obj
 0002:00002740       ??_C@_0IM@BFJJFLGB@?$CIStrnLenS?5?$CI?$CICHAR16?5?$CK?$CJFormat?0?5?$CI_@ 000000000001c740     BasePrintLib:PrintLibInternal.obj
 0002:000027d0       ??_C@_0ID@PLGJGION@?$CIAsciiStrnLenS?5?$CIFormat?0?5?$CI_gPcd_@ 000000000001c7d0     BasePrintLib:PrintLibInternal.obj
 0002:00002858       ??_C@_0O@MLOLIMFM@?$DMnull?5string?$DO@ 000000000001c858     BasePrintLib:PrintLibInternal.obj
 0002:00002868       ??_C@_0M@BJJDNPHK@?$DMnull?5guid?$DO@ 000000000001c868     BasePrintLib:PrintLibInternal.obj
 0002:00002878       ??_C@_0DB@PMLHLBMO@?$CF08x?9?$CF04x?9?$CF04x?9?$CF02x?$CF02x?9?$CF02x?$CF02@ 000000000001c878     BasePrintLib:PrintLibInternal.obj
 0002:000028b0       ??_C@_0M@LHGBCIKM@?$DMnull?5time?$DO@ 000000000001c8b0     BasePrintLib:PrintLibInternal.obj
 0002:000028c0       ??_C@_0BK@FCPKCIDD@?$CF02d?1?$CF02d?1?$CF04d?5?5?$CF02d?3?$CF02d@ 000000000001c8c0     BasePrintLib:PrintLibInternal.obj
 0002:000028dc       ??_C@_04JIMNDDED@?$CF08X@  000000000001c8dc     BasePrintLib:PrintLibInternal.obj
 0002:000028e4       ??_C@_02PCIJFNDE@?$AN?6@   000000000001c8e4     BasePrintLib:PrintLibInternal.obj
 0002:000028e8       ??_C@_01LIIJDEN@?$AN@      000000000001c8e8     BasePrintLib:PrintLibInternal.obj
 0002:000028f0       ??_C@_0EK@NEAGPEKB@c?3?2edk2?2MdeModulePkg?2Library?2Dx@ 000000000001c8f0     DxeReportStatusCodeLib:ReportStatusCodeLib.obj
 0002:00002940       ??_C@_0DN@HHIHPHHB@?$CB?$CI?$CIExtendedData?5?$DN?$DN?5?$CI?$CIvoid?5?$CK?$CJ?50?$CJ@ 000000000001c940     DxeReportStatusCodeLib:ReportStatusCodeLib.obj
 0002:00002980       ??_C@_0DN@BBBIFINB@?$CB?$CI?$CIExtendedData?5?$CB?$DN?5?$CI?$CIvoid?5?$CK?$CJ?50?$CJ@ 000000000001c980     DxeReportStatusCodeLib:ReportStatusCodeLib.obj
 0002:000029c0       ??_C@_0DI@MIEIGAOH@Status?5code?5extended?5data?5is?5to@ 000000000001c9c0     DxeReportStatusCodeLib:ReportStatusCodeLib.obj
 0002:00002a00       ??_C@_0ED@MKGCMJG@?$CILength?5?9?51?$CJ?5?$DM?$DN?5?$CI0xFFFFFFFFFFFF@ 000000000001ca00     BaseMemoryLibOptDxe:CopyMemWrapper.obj
 0002:00002a48       ??_C@_0DM@DBGKHDAI@c?3?2edk2?2MdePkg?2Library?2BaseMemo@ 000000000001ca48     BaseMemoryLibOptDxe:CopyMemWrapper.obj
 0002:00002a88       ??_C@_0DO@MAOBOFEG@?$CILength?5?9?51?$CJ?5?$DM?$DN?5?$CI0xFFFFFFFFFFFF@ 000000000001ca88     BaseMemoryLibOptDxe:CopyMemWrapper.obj
 0002:00002ac8       ??_C@_0DG@EEENIGGL@Length?5?$DM?$DN?5?$CI0xFFFFFFFFFFFFFFFFUL@ 000000000001cac8     BaseMemoryLibOptDxe:MemLibGuid.obj
 0002:00002b00       ??_C@_0DM@IFMIBCMP@c?3?2edk2?2MdePkg?2Library?2BaseMemo@ 000000000001cb00     BaseMemoryLibOptDxe:ZeroMemWrapper.obj
 0002:00002b40       ??_C@_0CI@BEFOLLLE@c?3?2edk2?2MdePkg?2Library?2BaseLib?2@ 000000000001cb40     BaseLib:String.obj
 0002:00002b68       ??_C@_0CI@LLKACKFD@?$CI?$CIUINTN?$CJ?5Destination?5?$CG?50x000000@ 000000000001cb68     BaseLib:String.obj
 0002:00002b90       ??_C@_0DL@LFIMEMJP@Length?5?$DM?$DN?5_gPcd_FixedAtBuild_Pc@ 000000000001cb90     BaseLib:String.obj
 0002:00002bd0       ??_C@_0BH@MAAHKCPC@String?5?$CB?$DN?5?$CI?$CIvoid?5?$CK?$CJ?50?$CJ@ 000000000001cbd0     BaseLib:String.obj
 0002:00002be8       ??_C@_0CD@BDCLIGHD@?$CI?$CIUINTN?$CJ?5String?5?$CG?50x00000001?$CJ?5?$DN@ 000000000001cbe8     BaseLib:String.obj
 0002:00002c10       ??_C@_0DK@EOJCOAME@Length?5?$DM?5_gPcd_FixedAtBuild_Pcd@ 000000000001cc10     BaseLib:String.obj
 0002:00002c50       ??_C@_0BL@JAAMOCAJ@StrSize?5?$CIFirstString?$CJ?5?$CB?$DN?50@ 000000000001cc50     BaseLib:String.obj
 0002:00002c70       ??_C@_0BM@DALBOILC@StrSize?5?$CISecondString?$CJ?5?$CB?$DN?50@ 000000000001cc70     BaseLib:String.obj
 0002:00002c90       ??_C@_0BA@MFHLDCJH@?$CKSource?5?$DM?50x100@ 000000000001cc90     BaseLib:String.obj
 0002:00002ca0       ??_C@_0DI@MDIKFADO@Length?5?$DM?5_gPcd_FixedAtBuild_Pcd@ 000000000001cca0     BaseLib:String.obj
 0002:00002cd8       ??_C@_0CM@GBAFEFEA@c?3?2edk2?2MdePkg?2Library?2BaseLib?2@ 000000000001ccd8     BaseLib:SafeString.obj
 0002:00002d08       ??_C@_0CD@COCJPGE@?$CI?$CIUINTN?$CJ?5Source?5?$CG?50x00000001?$CJ?5?$DN@ 000000000001cd08     BaseLib:SafeString.obj
 0002:00002d30       ??_C@_0BO@ECNIOIHG@?$CIDestination?5?$CB?$DN?5?$CI?$CIvoid?5?$CK?$CJ?50?$CJ?$CJ@ 000000000001cd30     BaseLib:SafeString.obj
 0002:00002d50       ??_C@_0BJ@EAEEJIP@?$CISource?5?$CB?$DN?5?$CI?$CIvoid?5?$CK?$CJ?50?$CJ?$CJ@ 000000000001cd50     BaseLib:SafeString.obj
 0002:00002d70       ??_C@_0EA@BBALOHPI@?$CIDestMax?5?$DM?$DN?5?$CI_gPcd_FixedAtBuild@ 000000000001cd70     BaseLib:SafeString.obj
 0002:00002db0       ??_C@_0P@PMIMLIHM@?$CIDestMax?5?$CB?$DN?50?$CJ@ 000000000001cdb0     BaseLib:SafeString.obj
 0002:00002dc0       ??_C@_0BG@EEGIIOKH@?$CIDestMax?5?$DO?5SourceLen?$CJ@ 000000000001cdc0     BaseLib:SafeString.obj
 0002:00002de0       ??_C@_0FH@PPBLBDBJ@InternalSafeStringNoStrOverlap?5@ 000000000001cde0     BaseLib:SafeString.obj
 0002:00002e38       ??_C@_0DP@PBOJGJC@?$CILength?5?$DM?$DN?5?$CI_gPcd_FixedAtBuild_@ 000000000001ce38     BaseLib:SafeString.obj
 0002:00002e78       ??_C@_0BJ@MBBOBCLN@?$CIString?5?$CB?$DN?5?$CI?$CIvoid?5?$CK?$CJ?50?$CJ?$CJ@ 000000000001ce78     BaseLib:SafeString.obj
 0002:00002e98       ??_C@_0BH@JPMEDPAI@?$CIData?5?$CB?$DN?5?$CI?$CIvoid?5?$CK?$CJ?50?$CJ?$CJ@ 000000000001ce98     BaseLib:SafeString.obj
 0002:00002eb0       ??_C@_0IC@CFBPEAPC@?$CIStrnLenS?5?$CIString?0?5?$CI_gPcd_Fixed@ 000000000001ceb0     BaseLib:SafeString.obj
 0002:00002f38       ??_C@_0BK@PFCDEPEA@?$CIAddress?5?$CB?$DN?5?$CI?$CIvoid?5?$CK?$CJ?50?$CJ?$CJ@ 000000000001cf38     BaseLib:SafeString.obj
 0002:00002f60       ??_C@_0EK@OFPBBCEA@AddressIndex?5?$CL?51?5?$DM?5?$CIsizeof?5?$CIAdd@ 000000000001cf60     BaseLib:SafeString.obj
 0002:00002fb0       ??_C@_0BH@JHLMKECN@?$CIGuid?5?$CB?$DN?5?$CI?$CIvoid?5?$CK?$CJ?50?$CJ?$CJ@ 000000000001cfb0     BaseLib:SafeString.obj
 0002:00002fc8       ??_C@_0BN@ECMFIFKJ@?$CI?$CILength?5?$CG?50x00000001?$CJ?5?$DN?$DN?50?$CJ@ 000000000001cfc8     BaseLib:SafeString.obj
 0002:00002fe8       ??_C@_0BO@HHMNFJIK@?$CIMaxBufferSize?5?$DO?$DN?5Length?5?1?52?$CJ@ 000000000001cfe8     BaseLib:SafeString.obj
[...]
 0005:00000798       $pdata$StrHexToBytes       0000000000020798     BaseLib:SafeString.obj
 0005:000007a4       $pdata$StrToIpv4Address    00000000000207a4     BaseLib:SafeString.obj
 0005:000007b0       $pdata$UnicodeStrToAsciiStrS 00000000000207b0     BaseLib:SafeString.obj
 0005:000007bc       $pdata$StrToGuid           00000000000207bc     BaseLib:SafeString.obj
 0005:000007c8       $pdata$StrToIpv6Address    00000000000207c8     BaseLib:SafeString.obj
 0005:000007d4       $pdata$StrnLenS            00000000000207d4     BaseLib:SafeString.obj
 0005:000007e0       $pdata$AsciiStrnCpyS       00000000000207e0     BaseLib:SafeString.obj
 0005:000007ec       $pdata$ReadUnaligned64     00000000000207ec     BaseLib:Unaligned.obj
 0005:000007f8       $pdata$WriteUnaligned64    00000000000207f8     BaseLib:Unaligned.obj
 0006:00000000       $unwind$_ModuleEntryPoint  0000000000021000     UefiDriverEntryPoint:DriverEntryPoint.obj
 0006:00000010       $unwind$StrHexToUint64     0000000000021010     BaseLib:String.obj
 0006:00000010       $unwind$ProcessLibraryConstructorList 0000000000021010     DevicePathDxe:AutoGen.obj
 0006:00000010       $unwind$StrDecimalToUint64 0000000000021010     BaseLib:String.obj
 0006:0000001c       $unwind$FreePool           000000000002101c     UefiMemoryAllocationLib:MemoryAllocationLib.obj
 0006:0000001c       $unwind$DevPathFromTextUsbClass 000000000002101c     UefiDevicePathLib:DevicePathFromText.obj
 0006:0000001c       $unwind$DevPathFromTextUsbHID 000000000002101c     UefiDevicePathLib:DevicePathFromText.obj
 0006:0000001c       $unwind$DevPathFromTextUsbTestAndMeasurement 000000000002101c     UefiDevicePathLib:DevicePathFromText.obj
 0006:0000001c       $unwind$DevPathFromTextUsbIrdaBridge 000000000002101c     UefiDevicePathLib:DevicePathFromText.obj
 0006:0000001c       $unwind$InternalAllocatePool 000000000002101c     UefiMemoryAllocationLib:MemoryAllocationLib.obj
 0006:0000001c       $unwind$DevPathFromTextUsbDeviceFirmwareUpdate 000000000002101c     UefiDevicePathLib:DevicePathFromText.obj
 0006:0000001c       $unwind$DevPathFromTextUsbAudio 000000000002101c     UefiDevicePathLib:DevicePathFromText.obj
 0006:0000001c       $unwind$DevPathFromTextUsbImage 000000000002101c     UefiDevicePathLib:DevicePathFromText.obj
 0006:0000001c       $unwind$DevPathFromTextUsbDiagnostic 000000000002101c     UefiDevicePathLib:DevicePathFromText.obj
 0006:0000001c       $unwind$DevPathFromTextUsbPrinter 000000000002101c     UefiDevicePathLib:DevicePathFromText.obj
 0006:0000001c       $unwind$ProcessLibraryDestructorList 000000000002101c     DevicePathDxe:AutoGen.obj
 0006:0000001c       $unwind$DevPathFromTextUsbVideo 000000000002101c     UefiDevicePathLib:DevicePathFromText.obj
 0006:0000001c       $unwind$DevPathFromTextUsbMassStorage 000000000002101c     UefiDevicePathLib:DevicePathFromText.obj
 0006:0000001c       $unwind$DevPathFromTextUsbSmartCard 000000000002101c     UefiDevicePathLib:DevicePathFromText.obj
 0006:0000001c       $unwind$DevPathFromTextUsbCDCData 000000000002101c     UefiDevicePathLib:DevicePathFromText.obj
 0006:0000001c       $unwind$Strtoi             000000000002101c     UefiDevicePathLib:DevicePathFromText.obj
 0006:0000001c       $unwind$DevPathFromTextUsbWireless 000000000002101c     UefiDevicePathLib:DevicePathFromText.obj
 0006:0000001c       $unwind$DevPathFromTextUsbHub 000000000002101c     UefiDevicePathLib:DevicePathFromText.obj
 0006:0000001c       $unwind$DevPathFromTextUsbCDCControl 000000000002101c     UefiDevicePathLib:DevicePathFromText.obj
 0006:00000024       $unwind$DebugPrint         0000000000021024     PeiDxeDebugLibReportStatusCode:DebugLib.obj
 0006:00000034       $unwind$DebugAssert        0000000000021034     PeiDxeDebugLibReportStatusCode:DebugLib.obj
 0006:00000050       $unwind$StrDecimalToUintnS 0000000000021050     BaseLib:SafeString.obj
 0006:00000050       $unwind$DevPathToTextBBS   0000000000021050     UefiDevicePathLib:DevicePathToText.obj
 0006:00000050       $unwind$StrLen             0000000000021050     BaseLib:String.obj
 0006:00000050       $unwind$DuplicateDevicePath 0000000000021050     UefiDevicePathLib:UefiDevicePathLib.obj
 0006:00000050       $unwind$StrHexToUintnS     0000000000021050     BaseLib:SafeString.obj
 0006:00000050       $unwind$GetDevicePathSize  0000000000021050     UefiDevicePathLib:UefiDevicePathLib.obj
 0006:00000050       $unwind$StrCmp             0000000000021050     BaseLib:String.obj
 0006:00000050       $unwind$DevPathToTextAcpiAdr 0000000000021050     UefiDevicePathLib:DevicePathToText.obj
 0006:00000050       $unwind$DevPathToTextUart  0000000000021050     UefiDevicePathLib:DevicePathToText.obj
 0006:00000050       $unwind$DevPathToTextIPv6  0000000000021050     UefiDevicePathLib:DevicePathToText.obj
 0006:00000050       $unwind$GetHobList         0000000000021050     DxeHobLib:HobLib.obj
 0006:00000050       $unwind$AsciiStrnCpyS      0000000000021050     BaseLib:SafeString.obj
 0006:00000060       $unwind$CreateDeviceNode   0000000000021060     UefiDevicePathLib:UefiDevicePathLib.obj
 0006:00000060       $unwind$AppendDevicePathNode 0000000000021060     UefiDevicePathLib:UefiDevicePathLib.obj
 0006:00000060       $unwind$UnicodeStrToAsciiStrS 0000000000021060     BaseLib:SafeString.obj
 0006:00000078       $unwind$GetNextDevicePathInstance 0000000000021078     UefiDevicePathLib:UefiDevicePathLib.obj
 0006:00000078       $unwind$UefiDevicePathLibAppendDevicePath 0000000000021078     UefiDevicePathLib:DevicePathUtilities.obj
 0006:00000078       $unwind$DevPathToTextNodeGeneric 0000000000021078     UefiDevicePathLib:DevicePathToText.obj
 0006:00000078       $unwind$AppendDevicePathInstance 0000000000021078     UefiDevicePathLib:UefiDevicePathLib.obj
 0006:00000090       $unwind$SetDevicePathNodeLength 0000000000021090     UefiDevicePathLib:DevicePathUtilities.obj
 0006:00000090       $unwind$IsDevicePathValid  0000000000021090     UefiDevicePathLib:DevicePathUtilities.obj
 0006:00000090       $unwind$CopyGuid           0000000000021090     BaseMemoryLibOptDxe:MemLibGuid.obj
 0006:00000090       $unwind$StrnLenS           0000000000021090     BaseLib:SafeString.obj
 0006:00000090       $unwind$ZeroMem            0000000000021090     BaseMemoryLibOptDxe:ZeroMemWrapper.obj
 0006:00000090       $unwind$WriteUnaligned64   0000000000021090     BaseLib:Unaligned.obj
 0006:00000090       $unwind$AsciiStrLen        0000000000021090     BaseLib:String.obj
 0006:00000090       $unwind$InternalAllocateCopyPool 0000000000021090     UefiMemoryAllocationLib:MemoryAllocationLib.obj
 0006:00000090       $unwind$DevPathToTextBmc   0000000000021090     UefiDevicePathLib:DevicePathToText.obj
 0006:00000090       $unwind$IsDevicePathEnd    0000000000021090     UefiDevicePathLib:DevicePathUtilities.obj
 0006:00000090       $unwind$IsDevicePathMultiInstance 0000000000021090     UefiDevicePathLib:UefiDevicePathLib.obj
 0006:0000009c       $unwind$ConvertDevicePathToText 000000000002109c     UefiDevicePathLib:UefiDevicePathLib.obj
 0006:0000009c       $unwind$ConvertDeviceNodeToText 000000000002109c     UefiDevicePathLib:UefiDevicePathLib.obj
 0006:000000b8       $unwind$DevicePathNodeLength 00000000000210b8     UefiDevicePathLib:DevicePathUtilities.obj
 0006:000000b8       $unwind$DevicePathSubType  00000000000210b8     UefiDevicePathLib:DevicePathUtilities.obj
 0006:000000b8       $unwind$DevPathFromTextDebugPort 00000000000210b8     UefiDevicePathLib:DevicePathFromText.obj
 0006:000000b8       $unwind$NextDevicePathNode 00000000000210b8     UefiDevicePathLib:DevicePathUtilities.obj
 0006:000000b8       $unwind$ReadUnaligned64    00000000000210b8     BaseLib:Unaligned.obj
 0006:000000b8       $unwind$NetworkProtocolFromText 00000000000210b8     UefiDevicePathLib:DevicePathFromText.obj
 0006:000000b8       $unwind$DevicePathType     00000000000210b8     UefiDevicePathLib:DevicePathUtilities.obj
 0006:000000b8       $unwind$Strtoi64           00000000000210b8     UefiDevicePathLib:DevicePathFromText.obj
 0006:000000b8       $unwind$EisaIdFromText     00000000000210b8     UefiDevicePathLib:DevicePathFromText.obj
 0006:000000b8       $unwind$DevPathFromTextVenUtf8 00000000000210b8     UefiDevicePathLib:DevicePathFromText.obj
 0006:000000b8       $unwind$DevPathFromTextVenPcAnsi 00000000000210b8     UefiDevicePathLib:DevicePathFromText.obj
 0006:000000b8       $unwind$DevPathFromTextVenVt100 00000000000210b8     UefiDevicePathLib:DevicePathFromText.obj
 0006:000000b8       $unwind$GetNextHob         00000000000210b8     DxeHobLib:HobLib.obj
 0006:000000b8       $unwind$DevPathFromTextVenVt100Plus 00000000000210b8     UefiDevicePathLib:DevicePathFromText.obj
 0006:000000b8       $unwind$SetDevicePathEndNode 00000000000210b8     UefiDevicePathLib:DevicePathUtilities.obj
 0006:000000b8       $unwind$IsDevicePathEndType 00000000000210b8     UefiDevicePathLib:DevicePathUtilities.obj
 0006:000000c0       $unwind$DevPathFromTextGenericPath 00000000000210c0     UefiDevicePathLib:DevicePathFromText.obj
 0006:000000d4       $unwind$DevPathFromTextPath 00000000000210d4     UefiDevicePathLib:DevicePathFromText.obj
 0006:000000dc       $unwind$DevPathFromTextBmc 00000000000210dc     UefiDevicePathLib:DevicePathFromText.obj
 0006:000000dc       $unwind$DevPathFromTextBluetoothLE 00000000000210dc     UefiDevicePathLib:DevicePathFromText.obj
 0006:000000dc       $unwind$DevPathFromTextUartFlowCtrl 00000000000210dc     UefiDevicePathLib:DevicePathFromText.obj
 0006:000000dc       $unwind$DevPathFromTextRelativeOffsetRange 00000000000210dc     UefiDevicePathLib:DevicePathFromText.obj
 0006:000000dc       $unwind$DevPathFromTextUsb 00000000000210dc     UefiDevicePathLib:DevicePathFromText.obj
 0006:000000dc       $unwind$DevPathFromTextFibre 00000000000210dc     UefiDevicePathLib:DevicePathFromText.obj
 0006:000000dc       $unwind$DevPathFromTextAcpi 00000000000210dc     UefiDevicePathLib:DevicePathFromText.obj
 0006:000000dc       $unwind$DevPathFromTextScsi 00000000000210dc     UefiDevicePathLib:DevicePathFromText.obj
 0006:000000dc       $unwind$DevPathFromTextUfs 00000000000210dc     UefiDevicePathLib:DevicePathFromText.obj
 0006:000000dc       $unwind$ConvertFromTextAcpi 00000000000210dc     UefiDevicePathLib:DevicePathFromText.obj
 0006:000000dc       $unwind$DevPathFromTextPci 00000000000210dc     UefiDevicePathLib:DevicePathFromText.obj
 0006:000000dc       $unwind$DevPathFromTextMAC 00000000000210dc     UefiDevicePathLib:DevicePathFromText.obj
 0006:000000ec       $unwind$DevPathFromTextEmmc 00000000000210ec     UefiDevicePathLib:DevicePathFromText.obj
 0006:000000ec       $unwind$DevPathFromTextI2O 00000000000210ec     UefiDevicePathLib:DevicePathFromText.obj
 0006:000000ec       $unwind$DevPathFromTextMedia 00000000000210ec     UefiDevicePathLib:DevicePathFromText.obj
 0006:000000ec       $unwind$DevPathFromTextUri 00000000000210ec     UefiDevicePathLib:DevicePathFromText.obj
 0006:000000ec       $unwind$DevPathFromTextFv  00000000000210ec     UefiDevicePathLib:DevicePathFromText.obj
 0006:000000ec       $unwind$DevPathFromText1394 00000000000210ec     UefiDevicePathLib:DevicePathFromText.obj
 0006:000000ec       $unwind$DevPathFromTextFvFile 00000000000210ec     UefiDevicePathLib:DevicePathFromText.obj
 0006:000000ec       $unwind$DevPathFromTextUnit 00000000000210ec     UefiDevicePathLib:DevicePathFromText.obj
 0006:000000ec       $unwind$DevPathFromTextVlan 00000000000210ec     UefiDevicePathLib:DevicePathFromText.obj
 0006:000000ec       $unwind$DevPathFromTextSd  00000000000210ec     UefiDevicePathLib:DevicePathFromText.obj
 0006:000000ec       $unwind$DevPathFromTextCtrl 00000000000210ec     UefiDevicePathLib:DevicePathFromText.obj
 0006:000000ec       $unwind$DevPathFromTextBluetooth 00000000000210ec     UefiDevicePathLib:DevicePathFromText.obj
 0006:000000ec       $unwind$DevPathFromTextPcCard 00000000000210ec     UefiDevicePathLib:DevicePathFromText.obj
 0006:000000f8       $unwind$DevPathFromTextSata 00000000000210f8     UefiDevicePathLib:DevicePathFromText.obj
 0006:000000f8       $unwind$DevPathFromTextMemoryMapped 00000000000210f8     UefiDevicePathLib:DevicePathFromText.obj
 0006:000000f8       $unwind$DevPathFromTextAcpiExp 00000000000210f8     UefiDevicePathLib:DevicePathFromText.obj
 0006:000000f8       $unwind$ConvertFromTextUsbClass 00000000000210f8     UefiDevicePathLib:DevicePathFromText.obj
 0006:000000f8       $unwind$DevPathFromTextCDROM 00000000000210f8     UefiDevicePathLib:DevicePathFromText.obj
 0006:000000f8       $unwind$DevPathFromTextFibreEx 00000000000210f8     UefiDevicePathLib:DevicePathFromText.obj
 0006:0000010c       $unwind$DevPathFromTextAcpiAdr 000000000002110c     UefiDevicePathLib:DevicePathFromText.obj
 0006:0000010c       $unwind$DevPathFromTextAta 000000000002110c     UefiDevicePathLib:DevicePathFromText.obj
 0006:0000010c       $unwind$ConvertFromTextVendor 000000000002110c     UefiDevicePathLib:DevicePathFromText.obj
 0006:00000120       $unwind$DevPathFromTextAcpiEx 0000000000021120     UefiDevicePathLib:DevicePathFromText.obj
 0006:0000013c       $unwind$DevPathFromTextInfiniband 000000000002113c     UefiDevicePathLib:DevicePathFromText.obj
 0006:00000154       $unwind$DevPathFromTextSAS 0000000000021154     UefiDevicePathLib:DevicePathFromText.obj
 0006:0000016c       $unwind$DevPathFromTextSasEx 000000000002116c     UefiDevicePathLib:DevicePathFromText.obj
 0006:00000184       $unwind$DevPathFromTextPersistentVirtualDisk 0000000000021184     UefiDevicePathLib:DevicePathFromText.obj
 0006:00000184       $unwind$DevPathFromTextVirtualCd 0000000000021184     UefiDevicePathLib:DevicePathFromText.obj
 0006:00000184       $unwind$DevPathFromTextVirtualDisk 0000000000021184     UefiDevicePathLib:DevicePathFromText.obj
 0006:00000184       $unwind$DevPathFromTextNVMe 0000000000021184     UefiDevicePathLib:DevicePathFromText.obj
 0006:00000184       $unwind$DevPathFromTextPersistentVirtualCd 0000000000021184     UefiDevicePathLib:DevicePathFromText.obj
 0006:00000184       $unwind$DevPathFromTextDns 0000000000021184     UefiDevicePathLib:DevicePathFromText.obj
 0006:00000194       $unwind$DevPathFromTextIPv4 0000000000021194     UefiDevicePathLib:DevicePathFromText.obj
 0006:00000194       $unwind$DevPathFromTextBBS 0000000000021194     UefiDevicePathLib:DevicePathFromText.obj
 0006:00000194       $unwind$DevPathFromTextUsbWwid 0000000000021194     UefiDevicePathLib:DevicePathFromText.obj
 0006:00000194       $unwind$DevPathFromTextIPv6 0000000000021194     UefiDevicePathLib:DevicePathFromText.obj
 0006:00000194       $unwind$DevPathFromTextUart 0000000000021194     UefiDevicePathLib:DevicePathFromText.obj
 0006:000001ac       $unwind$DevPathFromTextiSCSI 00000000000211ac     UefiDevicePathLib:DevicePathFromText.obj
 0006:000001c4       $unwind$DevPathFromTextWiFi 00000000000211c4     UefiDevicePathLib:DevicePathFromText.obj
 0006:000001d8       $unwind$DevPathFromTextHD  00000000000211d8     UefiDevicePathLib:DevicePathFromText.obj
 0006:000001ec       $unwind$StrHexToBytes      00000000000211ec     BaseLib:SafeString.obj
 0006:000001ec       $unwind$UefiDevicePathLibConvertTextToDevicePath 00000000000211ec     UefiDevicePathLib:DevicePathFromText.obj
 0006:000001ec       $unwind$DevPathFromTextFilePath 00000000000211ec     UefiDevicePathLib:DevicePathFromText.obj
 0006:00000208       $unwind$DevPathFromTextRamDisk 0000000000021208     UefiDevicePathLib:DevicePathFromText.obj
 0006:0000021c       $unwind$UefiDevicePathLibConvertTextToDeviceNode 000000000002121c     UefiDevicePathLib:DevicePathFromText.obj
 0006:00000238       $unwind$UefiDevicePathLibCatPrint 0000000000021238     UefiDevicePathLib:DevicePathToText.obj
 0006:00000244       $unwind$DevPathToTextMemMap 0000000000021244     UefiDevicePathLib:DevicePathToText.obj
 0006:00000244       $unwind$DevPathToTextAtapi 0000000000021244     UefiDevicePathLib:DevicePathToText.obj
 0006:00000244       $unwind$DevPathToTextSata  0000000000021244     UefiDevicePathLib:DevicePathToText.obj
 0006:00000244       $unwind$DevPathToTextCDROM 0000000000021244     UefiDevicePathLib:DevicePathToText.obj
 0006:0000024c       $unwind$DevPathToTextVendor 000000000002124c     UefiDevicePathLib:DevicePathToText.obj
 0006:0000024c       $unwind$DevPathToTextDns   000000000002124c     UefiDevicePathLib:DevicePathToText.obj
 0006:00000264       $unwind$DevPathToTextAcpiEx 0000000000021264     UefiDevicePathLib:DevicePathToText.obj
 0006:0000027c       $unwind$InternalReallocatePool 000000000002127c     UefiMemoryAllocationLib:MemoryAllocationLib.obj
 0006:0000027c       $unwind$CompareGuid        000000000002127c     BaseMemoryLibOptDxe:MemLibGuid.obj
 0006:0000027c       $unwind$CopyMem            000000000002127c     BaseMemoryLibOptDxe:CopyMemWrapper.obj
 0006:0000027c       $unwind$DevPathToTextFibreEx 000000000002127c     UefiDevicePathLib:DevicePathToText.obj
 0006:0000027c       $unwind$DevPathToTextUri   000000000002127c     UefiDevicePathLib:DevicePathToText.obj
 0006:0000027c       $unwind$BasePrintLibValueToString 000000000002127c     BasePrintLib:PrintLibInternal.obj
 0006:0000027c       $unwind$DevPathToTextMacAddr 000000000002127c     UefiDevicePathLib:DevicePathToText.obj
 0006:00000290       $unwind$DevPathToTextSasEx 0000000000021290     UefiDevicePathLib:DevicePathToText.obj
 0006:00000290       $unwind$UnicodeVSPrint     0000000000021290     BasePrintLib:PrintLib.obj
 0006:000002a4       $unwind$DevPathToTextNVMe  00000000000212a4     UefiDevicePathLib:DevicePathToText.obj
 0006:000002b4       $unwind$DevPathToTextUsbWWID 00000000000212b4     UefiDevicePathLib:DevicePathToText.obj
 0006:000002b4       $unwind$InternalReportStatusCode 00000000000212b4     DxeReportStatusCodeLib:ReportStatusCodeLib.obj
 0006:000002b4       $unwind$DevPathToTextiSCSI 00000000000212b4     UefiDevicePathLib:DevicePathToText.obj
 0006:000002cc       $unwind$DevPathToTextUsbClass 00000000000212cc     UefiDevicePathLib:DevicePathToText.obj
 0006:000002d8       $unwind$CatIPv6Address     00000000000212d8     UefiDevicePathLib:DevicePathToText.obj
 0006:000002f4       $unwind$DevPathToTextRamDisk 00000000000212f4     UefiDevicePathLib:DevicePathToText.obj
 0006:000002f4       $unwind$DevPathToTextIPv4  00000000000212f4     UefiDevicePathLib:DevicePathToText.obj
 0006:00000304       $unwind$DevPathToTextInfiniBand 0000000000021304     UefiDevicePathLib:DevicePathToText.obj
 0006:0000030c       $unwind$DevPathToTextBluetooth 000000000002130c     UefiDevicePathLib:DevicePathToText.obj
 0006:00000314       $unwind$DevPathToTextWiFi  0000000000021314     UefiDevicePathLib:DevicePathToText.obj
 0006:0000031c       $unwind$DevPathToTextBluetoothLE 000000000002131c     UefiDevicePathLib:DevicePathToText.obj
 0006:00000328       $unwind$DevPathToTextHardDrive 0000000000021328     UefiDevicePathLib:DevicePathToText.obj
 0006:00000334       $unwind$GetDebugPrintErrorLevel 0000000000021334     DxeDebugPrintErrorLevelLib:DxeDebugPrintErrorLevelLib.obj
 0006:0000033c       $unwind$UnicodeSPrint      000000000002133c     BasePrintLib:PrintLib.obj
 0006:00000344       $unwind$BasePrintLibSPrintMarker 0000000000021344     BasePrintLib:PrintLibInternal.obj
 0006:00000360       $unwind$BasePrintLibSPrint 0000000000021360     BasePrintLib:PrintLibInternal.obj
 0006:00000368       $unwind$ReportStatusCodeEx 0000000000021368     DxeReportStatusCodeLib:ReportStatusCodeLib.obj
 0006:00000380       $unwind$StrToIpv6Address   0000000000021380     BaseLib:SafeString.obj
 0006:00000398       $unwind$StrToIpv4Address   0000000000021398     BaseLib:SafeString.obj
 0006:000003a8       $unwind$StrToGuid          00000000000213a8     BaseLib:SafeString.obj
