 HiiDatabase

 Timestamp is 5c19cbf2 (Wed Dec 19 12:41:22 2018)

 Preferred load address is 0000000000010000

 Start         Length     Name                   Class
 0001:00000000 00000124H .text                   CODE
 0001:00000124 00019343H .text$mn                CODE
 0002:00000000 000035e4H .rdata                  DATA
 0002:000035e4 00000140H .rdata$zzzdbg           DATA
 0003:00000000 00000410H .data                   DATA
 0003:00000410 000000a0H .bss                    DATA
 0004:00000000 00000053H .edata                  DATA
 0005:00000000 00000aa4H .pdata                  DATA
 0006:00000000 000009ccH .xdata                  DATA

  Address         Publics by Value              Rva+Base               Lib:Object

 0000:00000000       __volatile_metadata        0000000000000000     <absolute>
 0000:00000000       __dynamic_value_reloc_table 0000000000000000     <absolute>
 0000:00000000       __guard_iat_table          0000000000000000     <absolute>
 0000:00000000       __hybrid_code_map          0000000000000000     <absolute>
 0000:00000000       __enclave_config           0000000000000000     <absolute>
 0000:00000000       __guard_longjmp_table      0000000000000000     <absolute>
 0000:00000000       __guard_iat_count          0000000000000000     <absolute>
 0000:00000000       __hybrid_code_map_count    0000000000000000     <absolute>
 0000:00000000       __guard_longjmp_count      0000000000000000     <absolute>
 0000:00000000       __guard_fids_count         0000000000000000     <absolute>
 0000:00000000       __guard_fids_table         0000000000000000     <absolute>
 0000:00000000       __hybrid_auxiliary_iat     0000000000000000     <absolute>
 0000:00000100       __guard_flags              0000000000000100     <absolute>
 0001:00000000       InternalMemCopyMem         0000000000011000     BaseMemoryLibOptDxe:CopyMem.obj
 0001:00000080       InternalMemZeroMem         0000000000011080     BaseMemoryLibOptDxe:ZeroMem.obj
 0001:000000a0       InternalMemCompareMem      00000000000110a0     BaseMemoryLibOptDxe:CompareMem.obj
 0001:000000c0       InternalMemSetMem32        00000000000110c0     BaseMemoryLibOptDxe:SetMem32.obj
 0001:000000d0       InternalMemSetMem          00000000000110d0     BaseMemoryLibOptDxe:SetMem.obj
 0001:00000110       InternalMemSetMem64        0000000000011110     BaseMemoryLibOptDxe:SetMem64.obj
 0001:00000124       _ModuleEntryPoint          0000000000011124 f   UefiDriverEntryPoint:DriverEntryPoint.obj
 0001:0000016c       ProcessLibraryConstructorList 000000000001116c f   HiiDatabase:AutoGen.obj
 0001:00000340       ProcessLibraryDestructorList 0000000000011340 f   HiiDatabase:AutoGen.obj
 0001:00000398       KeyboardLayoutChangeNullEvent 0000000000011398 f   HiiDatabase:HiiDatabaseEntry.obj
 0001:0000039c       OnReadyToBoot              000000000001139c f   HiiDatabase:HiiDatabaseEntry.obj
 0001:000003e8       InitializeHiiDatabase      00000000000113e8 f   HiiDatabase:HiiDatabaseEntry.obj
 0001:000006b4       CalculateConfigStringLen   00000000000116b4 f   HiiDatabase:ConfigRouting.obj
 0001:00000740       GetDevicePath              0000000000011740 f   HiiDatabase:ConfigRouting.obj
 0001:000008d4       HiiToLower                 00000000000118d4 f   HiiDatabase:ConfigRouting.obj
 0001:00000948       GenerateSubStr             0000000000011948 f   HiiDatabase:ConfigRouting.obj
 0001:00000bd4       OutputConfigBody           0000000000011bd4 f   HiiDatabase:ConfigRouting.obj
 0001:00000cb0       AppendToMultiString        0000000000011cb0 f   HiiDatabase:ConfigRouting.obj
 0001:00000d74       GetValueOfNumber           0000000000011d74 f   HiiDatabase:ConfigRouting.obj
 0001:00000ec4       CompareBlockElementDefault 0000000000011ec4 f   HiiDatabase:ConfigRouting.obj
 0001:000011e4       CompareNameElementDefault  00000000000121e4 f   HiiDatabase:ConfigRouting.obj
 0001:00001484       CompareAndMergeDefaultString 0000000000012484 f   HiiDatabase:ConfigRouting.obj
 0001:00001668       MergeDefaultString         0000000000012668 f   HiiDatabase:ConfigRouting.obj
 0001:00001908       InsertDefaultValue         0000000000012908 f   HiiDatabase:ConfigRouting.obj
 0001:000019c4       InsertBlockData            00000000000129c4 f   HiiDatabase:ConfigRouting.obj
 0001:00001a3c       GetSupportedLanguages      0000000000012a3c f   HiiDatabase:ConfigRouting.obj
 0001:00001ae4       InternalGetString          0000000000012ae4 f   HiiDatabase:ConfigRouting.obj
 0001:00001c7c       BlockArrayCheck            0000000000012c7c f   HiiDatabase:ConfigRouting.obj
 0001:00001d5c       GetFormPackageData         0000000000012d5c f   HiiDatabase:ConfigRouting.obj
 0001:00001e48       GetVarStoreType            0000000000012e48 f   HiiDatabase:ConfigRouting.obj
 0001:000020f4       GetElementsFromRequest     00000000000130f4 f   HiiDatabase:ConfigRouting.obj
 0001:00002158       IsThisVarstore             0000000000013158 f   HiiDatabase:ConfigRouting.obj
 0001:000022b0       IsThisPackageList          00000000000132b0 f   HiiDatabase:ConfigRouting.obj
 0001:0000246c       IsThisOpcodeRequired       000000000001346c f   HiiDatabase:ConfigRouting.obj
 0001:00002628       ParseIfrData               0000000000013628 f   HiiDatabase:ConfigRouting.obj
 0001:000032b8       GetBlockElement            00000000000142b8 f   HiiDatabase:ConfigRouting.obj
 0001:000035b0       GetNameElement             00000000000145b0 f   HiiDatabase:ConfigRouting.obj
 0001:00003728       GenerateConfigRequest      0000000000014728 f   HiiDatabase:ConfigRouting.obj
 0001:00003878       GenerateHdr                0000000000014878 f   HiiDatabase:ConfigRouting.obj
 0001:00003a28       UpdateBlockDataArray       0000000000014a28 f   HiiDatabase:ConfigRouting.obj
 0001:00003c2c       GenerateAltConfigResp      0000000000014c2c f   HiiDatabase:ConfigRouting.obj
 0001:00003fc4       GetFullStringFromHiiFormPackages 0000000000014fc4 f   HiiDatabase:ConfigRouting.obj
 0001:00004424       GetConfigRespFromEfiVarStore 0000000000015424 f   HiiDatabase:ConfigRouting.obj
 0001:00004570       RouteConfigRespForEfiVarStore 0000000000015570 f   HiiDatabase:ConfigRouting.obj
 0001:000046f8       OffsetWidthValidate        00000000000156f8 f   HiiDatabase:ConfigRouting.obj
 0001:000047ec       ConfigRequestValidate      00000000000157ec f   HiiDatabase:ConfigRouting.obj
 0001:00004950       HiiConfigRoutingExtractConfig 0000000000015950 f   HiiDatabase:ConfigRouting.obj
 0001:000050f4       HiiConfigRoutingExportConfig 00000000000160f4 f   HiiDatabase:ConfigRouting.obj
 0001:00005530       HiiConfigRoutingRouteConfig 0000000000016530 f   HiiDatabase:ConfigRouting.obj
 0001:00005898       HiiBlockToConfig           0000000000016898 f   HiiDatabase:ConfigRouting.obj
 0001:00005e68       HiiConfigToBlock           0000000000016e68 f   HiiDatabase:ConfigRouting.obj
 0001:00006268       HiiGetAltCfg               0000000000017268 f   HiiDatabase:ConfigRouting.obj
 0001:00006650       ReferFontInfoLocally       0000000000017650 f   HiiDatabase:String.obj
 0001:00006774       ConvertToUnicodeText       0000000000017774 f   HiiDatabase:String.obj
 0001:00006824       GetUnicodeStringTextOrSize 0000000000017824 f   HiiDatabase:String.obj
 0001:000068d0       GetStringFontInfo          00000000000178d0 f   HiiDatabase:String.obj
 0001:000069dc       FindStringBlock            00000000000179dc f   HiiDatabase:String.obj
 0001:00007128       GetStringWorker            0000000000018128 f   HiiDatabase:String.obj
 0001:00007270       InsertLackStringBlock      0000000000018270 f   HiiDatabase:String.obj
 0001:000074bc       SetStringWorker            00000000000184bc f   HiiDatabase:String.obj
 0001:0000798c       HiiNewString               000000000001898c f   HiiDatabase:String.obj
 0001:00008208       HiiGetString               0000000000019208 f   HiiDatabase:String.obj
 0001:00008424       HiiSetString               0000000000019424 f   HiiDatabase:String.obj
 0001:000085ec       HiiGetLanguages            00000000000195ec f   HiiDatabase:String.obj
 0001:00008794       HiiGetSecondaryLanguages   0000000000019794 f   HiiDatabase:String.obj
 0001:000089cc       HiiCompareLanguage         00000000000199cc f   HiiDatabase:String.obj
 0001:00008b4c       NewCell                    0000000000019b4c f   HiiDatabase:Font.obj
 0001:00008c08       GetCell                    0000000000019c08 f   HiiDatabase:Font.obj
 0001:00008cbc       GetGlyphBuffer             0000000000019cbc f   HiiDatabase:Font.obj
 0001:00008fc8       NarrowGlyphToBlt           0000000000019fc8 f   HiiDatabase:Font.obj
 0001:000090f4       GlyphToBlt                 000000000001a0f4 f   HiiDatabase:Font.obj
 0001:00009414       GlyphToImage               000000000001a414 f   HiiDatabase:Font.obj
 0001:000095bc       WriteOutputParam           000000000001a5bc f   HiiDatabase:Font.obj
 0001:0000964c       FindGlyphBlock             000000000001a64c f   HiiDatabase:Font.obj
 0001:00009ba4       SaveFontName               000000000001aba4 f   HiiDatabase:Font.obj
 0001:00009c34       GetSystemFont              000000000001ac34 f   HiiDatabase:Font.obj
 0001:00009d28       IsSystemFontInfo           000000000001ad28 f   HiiDatabase:Font.obj
 0001:00009ed8       IsFontInfoExisted          000000000001aed8 f   HiiDatabase:Font.obj
 0001:0000a534       IsLineBreak                000000000001b534 f   HiiDatabase:Font.obj
 0001:0000a5ec       HiiStringToImage           000000000001b5ec f   HiiDatabase:Font.obj
 0001:0000b36c       HiiStringIdToImage         000000000001c36c f   HiiDatabase:Font.obj
 0001:0000b6e8       HiiGetGlyph                000000000001c6e8 f   HiiDatabase:Font.obj
 0001:0000ba3c       HiiGetFontInfo             000000000001ca3c f   HiiDatabase:Font.obj
 0001:0000bd58       HiiNewImageEx              000000000001cd58 f   HiiDatabase:ImageEx.obj
 0001:0000bdc8       HiiGetImageEx              000000000001cdc8 f   HiiDatabase:ImageEx.obj
 0001:0000be40       HiiSetImageEx              000000000001ce40 f   HiiDatabase:ImageEx.obj
 0001:0000beb0       HiiDrawImageEx             000000000001ceb0 f   HiiDatabase:ImageEx.obj
 0001:0000bf1c       HiiDrawImageIdEx           000000000001cf1c f   HiiDatabase:ImageEx.obj
 0001:0000bfb8       LocateHiiImageDecoder      000000000001cfb8 f   HiiDatabase:ImageEx.obj
 0001:0000c0c8       HiiGetImageInfo            000000000001d0c8 f   HiiDatabase:ImageEx.obj
 0001:0000c224       GetImageIdOrAddress        000000000001d224 f   HiiDatabase:Image.obj
 0001:0000c494       CopyGopToRgbPixel          000000000001d494 f   HiiDatabase:Image.obj
 0001:0000c504       CopyRgbToGopPixel          000000000001d504 f   HiiDatabase:Image.obj
 0001:0000c574       Output1bitPixel            000000000001d574 f   HiiDatabase:Image.obj
 0001:0000c78c       Output4bitPixel            000000000001d78c f   HiiDatabase:Image.obj
 0001:0000c98c       Output8bitPixel            000000000001d98c f   HiiDatabase:Image.obj
 0001:0000cb08       ImageToBlt                 000000000001db08 f   HiiDatabase:Image.obj
 0001:0000cc48       LocatePackageList          000000000001dc48 f   HiiDatabase:Image.obj
 0001:0000cd1c       HiiNewImage                000000000001dd1c f   HiiDatabase:Image.obj
 0001:0000cf60       IGetImage                  000000000001df60 f   HiiDatabase:Image.obj
 0001:0000d23c       HiiGetImage                000000000001e23c f   HiiDatabase:Image.obj
 0001:0000d2b4       HiiSetImage                000000000001e2b4 f   HiiDatabase:Image.obj
 0001:0000d560       HiiDrawImage               000000000001e560 f   HiiDatabase:Image.obj
 0001:0000d930       HiiDrawImageId             000000000001e930 f   HiiDatabase:Image.obj
 0001:0000d9cc       ExtractDevicePath          000000000001e9cc f   HiiDatabase:ConfigKeywordHandler.obj
 0001:0000dba0       ExtractNameSpace           000000000001eba0 f   HiiDatabase:ConfigKeywordHandler.obj
 0001:0000dcd0       ExtractKeyword             000000000001ecd0 f   HiiDatabase:ConfigKeywordHandler.obj
 0001:0000ddec       ExtractValue               000000000001edec f   HiiDatabase:ConfigKeywordHandler.obj
 0001:0000defc       ExtractFilter              000000000001eefc f   HiiDatabase:ConfigKeywordHandler.obj
 0001:0000e138       ValidateFilter             000000000001f138 f   HiiDatabase:ConfigKeywordHandler.obj
 0001:0000e264       GetRecordFromDevicePath    000000000001f264 f   HiiDatabase:ConfigKeywordHandler.obj
 0001:0000e338       GetUnicodeStringTextAndSize 000000000001f338 f   HiiDatabase:ConfigKeywordHandler.obj
 0001:0000e3ec       GetStringIdFromString      000000000001f3ec f   HiiDatabase:ConfigKeywordHandler.obj
 0001:0000e944       GetNextStringId            000000000001f944 f   HiiDatabase:ConfigKeywordHandler.obj
 0001:0000ee08       GetStringIdFromRecord      000000000001fe08 f   HiiDatabase:ConfigKeywordHandler.obj
 0001:0000ef3c       FindQuestionFromStringId   000000000001ff3c f   HiiDatabase:ConfigKeywordHandler.obj
 0001:0000efd4       FindStorageFromVarId       000000000001ffd4 f   HiiDatabase:ConfigKeywordHandler.obj
 0001:0000f070       GetWidth                   0000000000020070 f   HiiDatabase:ConfigKeywordHandler.obj
 0001:0000f1e4       ConstructConfigHdr         00000000000201e4 f   HiiDatabase:ConfigKeywordHandler.obj
 0001:0000f51c       ConstructRequestElement    000000000002051c f   HiiDatabase:ConfigKeywordHandler.obj
 0001:0000f5dc       GetNameFromId              00000000000205dc f   HiiDatabase:ConfigKeywordHandler.obj
 0001:0000f760       ExtractConfigRequest       0000000000020760 f   HiiDatabase:ConfigKeywordHandler.obj
 0001:0000f984       ExtractConfigResp          0000000000020984 f   HiiDatabase:ConfigKeywordHandler.obj
 0001:0000fc08       ExtractValueFromDriver     0000000000020c08 f   HiiDatabase:ConfigKeywordHandler.obj
 0001:0000fd00       GetStringIdFromDatabase    0000000000020d00 f   HiiDatabase:ConfigKeywordHandler.obj
 0001:0000feec       GenerateKeywordResp        0000000000020eec f   HiiDatabase:ConfigKeywordHandler.obj
 0001:000100cc       MergeToMultiKeywordResp    00000000000210cc f   HiiDatabase:ConfigKeywordHandler.obj
 0001:00010174       EnumerateAllKeywords       0000000000021174 f   HiiDatabase:ConfigKeywordHandler.obj
 0001:00010508       EfiConfigKeywordHandlerSetData 0000000000021508 f   HiiDatabase:ConfigKeywordHandler.obj
 0001:0001099c       EfiConfigKeywordHandlerGetData 000000000002199c f   HiiDatabase:ConfigKeywordHandler.obj
 0001:00010db0       GenerateHiiDatabaseRecord  0000000000021db0 f   HiiDatabase:Database.obj
 0001:00010ee8       InvokeRegisteredFunction   0000000000021ee8 f   HiiDatabase:Database.obj
 0001:0001123c       ExportGuidPackages         000000000002223c f   HiiDatabase:Database.obj
 0001:000113ac       RemoveGuidPackages         00000000000223ac f   HiiDatabase:Database.obj
 0001:00011478       FindQuestionDefaultSetting 0000000000022478 f   HiiDatabase:Database.obj
 0001:000117dc       UpdateDefaultSettingInFormPackage 00000000000227dc f   HiiDatabase:Database.obj
 0001:00012010       ExportFormPackages         0000000000023010 f   HiiDatabase:Database.obj
 0001:00012194       RemoveFormPackages         0000000000023194 f   HiiDatabase:Database.obj
 0001:00012278       InsertStringPackage        0000000000023278 f   HiiDatabase:Database.obj
 0001:000124e8       AdjustStringPackage        00000000000234e8 f   HiiDatabase:Database.obj
 0001:0001264c       ExportStringPackages       000000000002364c f   HiiDatabase:Database.obj
 0001:000127dc       RemoveStringPackages       00000000000237dc f   HiiDatabase:Database.obj
 0001:00012908       InsertFontPackage          0000000000023908 f   HiiDatabase:Database.obj
 0001:00012b64       ExportFontPackages         0000000000023b64 f   HiiDatabase:Database.obj
 0001:00012cf4       RemoveFontPackages         0000000000023cf4 f   HiiDatabase:Database.obj
 0001:00012e80       ExportImagePackages        0000000000023e80 f   HiiDatabase:Database.obj
 0001:00012fd4       RemoveImagePackages        0000000000023fd4 f   HiiDatabase:Database.obj
 0001:00013040       ExportSimpleFontPackages   0000000000024040 f   HiiDatabase:Database.obj
 0001:000131ac       RemoveSimpleFontPackages   00000000000241ac f   HiiDatabase:Database.obj
 0001:00013270       InsertDevicePathPackage    0000000000024270 f   HiiDatabase:Database.obj
 0001:00013334       ExportDevicePathPackage    0000000000024334 f   HiiDatabase:Database.obj
 0001:00013464       RemoveDevicePathPackage    0000000000024464 f   HiiDatabase:Database.obj
 0001:000134d4       AddDevicePathPackage       00000000000244d4 f   HiiDatabase:Database.obj
 0001:00013580       ExportKeyboardLayoutPackages 0000000000024580 f   HiiDatabase:Database.obj
 0001:000136e8       RemoveKeyboardLayoutPackages 00000000000246e8 f   HiiDatabase:Database.obj
 0001:000137b4       AddPackages                00000000000247b4 f   HiiDatabase:Database.obj
 0001:00013e6c       ExportPackageList          0000000000024e6c f   HiiDatabase:Database.obj
 0001:00014148       HiiGetConfigRespInfo       0000000000025148 f   HiiDatabase:Database.obj
 0001:0001426c       HiiGetDatabaseInfo         000000000002526c f   HiiDatabase:Database.obj
 0001:00014398       HiiNewPackageList          0000000000025398 f   HiiDatabase:Database.obj
 0001:00014574       HiiRemovePackageList       0000000000025574 f   HiiDatabase:Database.obj
 0001:00014790       HiiUpdatePackageList       0000000000025790 f   HiiDatabase:Database.obj
 0001:000149c4       HiiListPackageLists        00000000000259c4 f   HiiDatabase:Database.obj
 0001:00014bd0       HiiExportPackageLists      0000000000025bd0 f   HiiDatabase:Database.obj
 0001:00014db4       HiiRegisterPackageNotify   0000000000025db4 f   HiiDatabase:Database.obj
 0001:00014ef8       HiiUnregisterPackageNotify 0000000000025ef8 f   HiiDatabase:Database.obj
 0001:00015050       HiiFindKeyboardLayouts     0000000000026050 f   HiiDatabase:Database.obj
 0001:00015244       HiiGetKeyboardLayout       0000000000026244 f   HiiDatabase:Database.obj
 0001:0001544c       HiiSetKeyboardLayout       000000000002644c f   HiiDatabase:Database.obj
 0001:00015600       HiiGetPackageListHandle    0000000000026600 f   HiiDatabase:Database.obj
 0001:000156ec       GetPiPcdProtocol           00000000000266ec f   DxePcdLib:DxePcdLib.obj
 0001:00015778       GetPiPcdInfoProtocolPointer 0000000000026778 f   DxePcdLib:DxePcdLib.obj
 0001:00015804       DebugPrint                 0000000000026804 f   PeiDxeDebugLibReportStatusCode:DebugLib.obj
 0001:000159d8       DebugAssert                00000000000269d8 f   PeiDxeDebugLibReportStatusCode:DebugLib.obj
 0001:00015b28       CopyGuid                   0000000000026b28 f   BaseMemoryLibOptDxe:MemLibGuid.obj
 0001:00015bac       CompareGuid                0000000000026bac f   BaseMemoryLibOptDxe:MemLibGuid.obj
 0001:00015c14       CopyMem                    0000000000026c14 f   BaseMemoryLibOptDxe:CopyMemWrapper.obj
 0001:00015cb0       ZeroMem                    0000000000026cb0 f   BaseMemoryLibOptDxe:ZeroMemWrapper.obj
 0001:00015d14       CompareMem                 0000000000026d14 f   BaseMemoryLibOptDxe:CompareMemWrapper.obj
 0001:00015de0       SetMem32                   0000000000026de0 f   BaseMemoryLibOptDxe:SetMem32Wrapper.obj
 0001:00015ea4       InternalBaseLibIsListValid 0000000000026ea4 f   BaseLib:LinkedList.obj
 0001:00015f34       InitializeListHead         0000000000026f34 f   BaseLib:LinkedList.obj
 0001:00015f6c       InsertTailList             0000000000026f6c f   BaseLib:LinkedList.obj
 0001:00015fc0       IsListEmpty                0000000000026fc0 f   BaseLib:LinkedList.obj
 0001:00015ff8       RemoveEntryList            0000000000026ff8 f   BaseLib:LinkedList.obj
 0001:00016040       StrnLenS                   0000000000027040 f   BaseLib:SafeString.obj
 0001:000160a8       StrCpyS                    00000000000270a8 f   BaseLib:SafeString.obj
 0001:00016244       StrnCpyS                   0000000000027244 f   BaseLib:SafeString.obj
 0001:00016410       StrCatS                    0000000000027410 f   BaseLib:SafeString.obj
 0001:000165f0       StrnCatS                   00000000000275f0 f   BaseLib:SafeString.obj
 0001:000167f8       AsciiStrnLenS              00000000000277f8 f   BaseLib:SafeString.obj
 0001:00016824       AsciiStrCpyS               0000000000027824 f   BaseLib:SafeString.obj
 0001:00016978       AsciiStrnCpyS              0000000000027978 f   BaseLib:SafeString.obj
 0001:00016a74       UnicodeStrToAsciiStrS      0000000000027a74 f   BaseLib:SafeString.obj
 0001:00016c0c       AsciiStrToUnicodeStrS      0000000000027c0c f   BaseLib:SafeString.obj
 0001:00016d7c       StrLen                     0000000000027d7c f   BaseLib:String.obj
 0001:00016e10       StrCmp                     0000000000027e10 f   BaseLib:String.obj
 0001:00016ebc       StrnCmp                    0000000000027ebc f   BaseLib:String.obj
 0001:00016fa4       StrStr                     0000000000027fa4 f   BaseLib:String.obj
 0001:0001706c       InternalHexCharToUintn     000000000002806c f   BaseLib:String.obj
 0001:000170a0       StrHexToUint64             00000000000280a0 f   BaseLib:String.obj
 0001:000171e8       AsciiStrLen                00000000000281e8 f   BaseLib:String.obj
 0001:00017254       AsciiStrCmp                0000000000028254 f   BaseLib:String.obj
 0001:000172e0       AsciiStrnCmp               00000000000282e0 f   BaseLib:String.obj
 0001:000173ac       InternalBaseLibBitFieldOrUint 00000000000283ac f   BaseLib:BitField.obj
 0001:0001742c       BitFieldWrite32            000000000002842c f   BaseLib:BitField.obj
 0001:00017540       BitFieldRead64             0000000000028540 f   BaseLib:BitField.obj
 0001:000175c4       LShiftU64                  00000000000285c4 f   BaseLib:LShiftU64.obj
 0001:00017608       ReadUnaligned16            0000000000028608 f   BaseLib:Unaligned.obj
 0001:00017638       WriteUnaligned16           0000000000028638 f   BaseLib:Unaligned.obj
 0001:00017674       ReadUnaligned32            0000000000028674 f   BaseLib:Unaligned.obj
 0001:000176a4       ReadUnaligned64            00000000000286a4 f   BaseLib:Unaligned.obj
 0001:000176d4       RShiftU64                  00000000000286d4 f   BaseLib:RShiftU64.obj
 0001:00017718       AllocatePool               0000000000028718 f   UefiMemoryAllocationLib:MemoryAllocationLib.obj
 0001:0001774c       InternalAllocateZeroPool   000000000002874c f   UefiMemoryAllocationLib:MemoryAllocationLib.obj
 0001:00017798       InternalAllocateCopyPool   0000000000028798 f   UefiMemoryAllocationLib:MemoryAllocationLib.obj
 0001:00017840       InternalReallocatePool     0000000000028840 f   UefiMemoryAllocationLib:MemoryAllocationLib.obj
 0001:000178ac       FreePool                   00000000000288ac f   UefiMemoryAllocationLib:MemoryAllocationLib.obj
 0001:000178f0       UnicodeSPrint              00000000000288f0 f   BasePrintLib:PrintLib.obj
 0001:00017970       UnicodeValueToStringS      0000000000028970 f   BasePrintLib:PrintLib.obj
 0001:000179d0       BasePrintLibFillBuffer     00000000000289d0 f   BasePrintLib:PrintLibInternal.obj
 0001:00017a04       BasePrintLibValueToString  0000000000028a04 f   BasePrintLib:PrintLibInternal.obj
 0001:00017a7c       BasePrintLibConvertValueToStringS 0000000000028a7c f   BasePrintLib:PrintLibInternal.obj
 0001:00017c34       BasePrintLibSPrintMarker   0000000000028c34 f   BasePrintLib:PrintLibInternal.obj
 0001:00018af4       BasePrintLibSPrint         0000000000029af4 f   BasePrintLib:PrintLibInternal.obj
 0001:00018b18       DevicePathNodeLength       0000000000029b18 f   UefiDevicePathLibDevicePathProtocol:UefiDevicePathLib.obj
 0001:00018b50       NextDevicePathNode         0000000000029b50 f   UefiDevicePathLibDevicePathProtocol:UefiDevicePathLib.obj
 0001:00018b88       IsDevicePathEndType        0000000000029b88 f   UefiDevicePathLibDevicePathProtocol:UefiDevicePathLib.obj
 0001:00018bd4       IsDevicePathEnd            0000000000029bd4 f   UefiDevicePathLibDevicePathProtocol:UefiDevicePathLib.obj
 0001:00018c40       DevicePathFromHandle       0000000000029c40 f   UefiDevicePathLibDevicePathProtocol:UefiDevicePathLib.obj
 0001:00018c74       GetEfiGlobalVariable2      0000000000029c74 f   UefiLib:UefiLib.obj
 0001:00018d6c       GetBestLanguage            0000000000029d6c f   UefiLib:UefiLib.obj
 0001:00018eb4       EfiCreateEventReadyToBootEx 0000000000029eb4 f   UefiLib:UefiNotTiano.obj
 0001:00018f58       GetHobList                 0000000000029f58 f   DxeHobLib:HobLib.obj
 0001:00019038       GetNextHob                 000000000002a038 f   DxeHobLib:HobLib.obj
 0001:00019088       GetDebugPrintErrorLevel    000000000002a088 f   DxeDebugPrintErrorLevelLib:DxeDebugPrintErrorLevelLib.obj
 0001:000191a4       GetDebugMask               000000000002a1a4 f   DxeDebugPrintErrorLevelLib:DxeDebugPrintErrorLevelLib.obj
 0001:000191c0       SetDebugMask               000000000002a1c0 f   DxeDebugPrintErrorLevelLib:DxeDebugPrintErrorLevelLib.obj
 0001:000191cc       InternalReportStatusCode   000000000002a1cc f   DxeReportStatusCodeLib:ReportStatusCodeLib.obj
 0001:00019294       ReportStatusCodeEx         000000000002a294 f   DxeReportStatusCodeLib:ReportStatusCodeLib.obj
 0002:00000000       ??_C@_0CB@DMEJJJHA@?6ASSERT_EFI_ERROR?5?$CIStatus?5?$DN?5?$CFr?$CJ@ 000000000002b000     UefiDriverEntryPoint:DriverEntryPoint.obj
 0002:00000028       ??_C@_0BE@DCHLEIGN@?$CBEFI_ERROR?5?$CIStatus?$CJ@ 000000000002b028     UefiDriverEntryPoint:DriverEntryPoint.obj
 0002:00000040       _gDriverUnloadImageCount   000000000002b040     HiiDatabase:AutoGen.obj
 0002:00000041       _gPcd_FixedAtBuild_PcdReportStatusCodePropertyMask 000000000002b041     HiiDatabase:AutoGen.obj
 0002:00000042       _gPcd_FixedAtBuild_PcdSupportHiiImageProtocol 000000000002b042     HiiDatabase:AutoGen.obj
 0002:00000043       _gPcd_FixedAtBuild_PcdHiiOsRuntimeSupport 000000000002b043     HiiDatabase:AutoGen.obj
 0002:00000044       _gUefiDriverRevision       000000000002b044     HiiDatabase:AutoGen.obj
 0002:00000048       _gPcd_FixedAtBuild_PcdMaximumLinkedListLength 000000000002b048     HiiDatabase:AutoGen.obj
 0002:0000004c       _gPcd_FixedAtBuild_PcdMaximumUnicodeStringLength 000000000002b04c     HiiDatabase:AutoGen.obj
 0002:00000050       _gPcd_FixedAtBuild_PcdUefiVariableDefaultPlatformLang 000000000002b050     HiiDatabase:AutoGen.obj
 0002:00000056       _gPcd_FixedAtBuild_PcdDebugPropertyMask 000000000002b056     HiiDatabase:AutoGen.obj
 0002:00000057       _gPcd_FixedAtBuild_PcdVerifyNodeInList 000000000002b057     HiiDatabase:AutoGen.obj
 0002:00000058       _gPcd_FixedAtBuild_PcdDebugPrintErrorLevel 000000000002b058     HiiDatabase:AutoGen.obj
 0002:0000005c       _gPcd_FixedAtBuild_PcdFixedDebugPrintErrorLevel 000000000002b05c     HiiDatabase:AutoGen.obj
 0002:00000060       gEfiCallerBaseName         000000000002b060     HiiDatabase:AutoGen.obj
 0002:00000068       _gPcd_FixedAtBuild_PcdMaximumAsciiStringLength 000000000002b068     HiiDatabase:AutoGen.obj
 0002:0000006c       mUefiDevicePathLibEndDevicePath 000000000002b06c     UefiDevicePathLibDevicePathProtocol:UefiDevicePathLib.obj
 0002:00000070       mHiiEfiColors              000000000002b070     HiiDatabase:Font.obj
 0002:000000b0       mStatusString              000000000002b0b0     BasePrintLib:PrintLibInternal.obj
 0002:000001f0       mHexStr                    000000000002b1f0     BasePrintLib:PrintLibInternal.obj
 0002:00000200       ??_C@_0M@NOMLFINA@HiiDatabase@ 000000000002b200     HiiDatabase:AutoGen.obj
 0002:00000210       ??_C@_0GM@NAPAENAM@c?3?2edk2?2Build?2NT32X64?2DEBUG_VS2@ 000000000002b210     HiiDatabase:AutoGen.obj
 0002:00000280       ??_C@_0EB@OKOAHIHO@c?3?2edk2?2MdeModulePkg?2Universal?2@ 000000000002b280     HiiDatabase:HiiDatabaseEntry.obj
 0002:000002c8       ??_C@_0DL@LBEMLKGK@?$CGgEfiHiiDatabaseProtocolGuid?5al@ 000000000002b2c8     HiiDatabase:HiiDatabaseEntry.obj
 0002:00000308       ??_C@_0DH@NLDPGKDK@?$CGgEfiHiiFontProtocolGuid?5alread@ 000000000002b308     HiiDatabase:HiiDatabaseEntry.obj
 0002:00000340       ??_C@_0DI@OBEFILKP@?$CGgEfiHiiImageProtocolGuid?5alrea@ 000000000002b340     HiiDatabase:HiiDatabaseEntry.obj
 0002:00000378       ??_C@_0DJ@DLDEGPMF@?$CGgEfiHiiStringProtocolGuid?5alre@ 000000000002b378     HiiDatabase:HiiDatabaseEntry.obj
 0002:000003c0       ??_C@_0EA@DDCOHLFB@?$CGgEfiHiiConfigRoutingProtocolGu@ 000000000002b3c0     HiiDatabase:HiiDatabaseEntry.obj
 0002:00000400       ??_C@_0EE@FFFPAKCF@?$CGgEfiConfigKeywordHandlerProtoc@ 000000000002b400     HiiDatabase:HiiDatabaseEntry.obj
 0002:00000448       ??_C@_0BH@MAAHKCPC@String?5?$CB?$DN?5?$CI?$CIvoid?5?$CK?$CJ?50?$CJ@ 000000000002b448     HiiDatabase:ConfigRouting.obj
 0002:00000460       ??_C@_0DO@JNEMNHAJ@c?3?2edk2?2MdeModulePkg?2Universal?2@ 000000000002b460     HiiDatabase:ConfigRouting.obj
 0002:000004a0       ??_C@_1M@DPLGJLCD@?$AAG?$AAU?$AAI?$AAD?$AA?$DN@ 000000000002b4a0     HiiDatabase:ConfigRouting.obj
 0002:000004b0       ??_C@_0DD@LHLPKNIP@StrnCmp?5?$CIString?0?5L?$CCGUID?$DN?$CC?0?5StrL@ 000000000002b4b0     HiiDatabase:ConfigRouting.obj
 0002:000004e8       ??_C@_1O@KAHOBHOF@?$AA?$CG?$AAG?$AAU?$AAI?$AAD?$AA?$DN@ 000000000002b4e8     HiiDatabase:ConfigRouting.obj
 0002:000004f8       ??_C@_1M@PJAPFKED@?$AAP?$AAA?$AAT?$AAH?$AA?$DN@ 000000000002b4f8     HiiDatabase:ConfigRouting.obj
 0002:00000508       ??_C@_0BN@EHPNHAIF@ConfigString?5?$CB?$DN?5?$CI?$CIvoid?5?$CK?$CJ?50?$CJ@ 000000000002b508     HiiDatabase:ConfigRouting.obj
 0002:00000528       ??_C@_0DB@CFICOEMJ@String?5?$CB?$DN?5?$CI?$CIvoid?5?$CK?$CJ?50?$CJ?5?$CG?$CG?5SubSt@ 000000000002b528     HiiDatabase:ConfigRouting.obj
 0002:00000560       ??_C@_0BI@LBGLHCOA@?$CKSubStr?5?$CB?$DN?5?$CI?$CIvoid?5?$CK?$CJ?50?$CJ@ 000000000002b560     HiiDatabase:ConfigRouting.obj
 0002:00000578       ??_C@_0BE@LNIAOOBG@Str?5?$CB?$DN?5?$CI?$CIvoid?5?$CK?$CJ?50?$CJ@ 000000000002b578     HiiDatabase:ConfigRouting.obj
 0002:00000590       ??_C@_0DC@PCMLEOGG@?$CIBufferLen?5?$CK?52?5?$CL?51?$CJ?5?$DO?$DN?5?$CIStrLen?5@ 000000000002b590     HiiDatabase:ConfigRouting.obj
 0002:000005c4       ??_C@_13FLOCNAAB@?$AA?$CG@ 000000000002b5c4     HiiDatabase:ConfigRouting.obj
 0002:000005c8       ??_C@_1BC@JFJKDJKC@?$AA?$CG?$AAA?$AAL?$AAT?$AAC?$AAF?$AAG?$AA?$DN@ 000000000002b5c8     HiiDatabase:ConfigRouting.obj
 0002:000005e0       ??_C@_0BN@DILICBAI@?$CKMultiString?5?$CB?$DN?5?$CI?$CIvoid?5?$CK?$CJ?50?$CJ@ 000000000002b5e0     HiiDatabase:ConfigRouting.obj
 0002:00000600       ??_C@_0BL@KFJHHHLD@TempBuffer?5?$CB?$DN?5?$CI?$CIvoid?5?$CK?$CJ?50?$CJ@ 000000000002b600     HiiDatabase:ConfigRouting.obj
 0002:00000620       ??_C@_0CA@JFAPBMEN@AltConfigHdrPtr?5?$CB?$DN?5?$CI?$CIvoid?5?$CK?$CJ?50?$CJ@ 000000000002b620     HiiDatabase:ConfigRouting.obj
 0002:00000640       ??_C@_1BC@KLGPJAMP@?$AA?$CG?$AAO?$AAF?$AAF?$AAS?$AAE?$AAT?$AA?$DN@ 000000000002b640     HiiDatabase:ConfigRouting.obj
 0002:00000658       ??_C@_0BK@OHHEMHCC@StringPtr?5?$CB?$DN?5?$CI?$CIvoid?5?$CK?$CJ?50?$CJ@ 000000000002b658     HiiDatabase:ConfigRouting.obj
 0002:00000678       ??_C@_0BM@GNPJMFNE@NvConfigPtr?5?$CB?$DN?5?$CI?$CIvoid?5?$CK?$CJ?50?$CJ@ 000000000002b678     HiiDatabase:ConfigRouting.obj
 0002:00000694       ??_C@_13NMPKAAJP@?$AA?$DN@ 000000000002b694     HiiDatabase:ConfigRouting.obj
 0002:00000698       ??_C@_0CB@GHIBCAIE@NvConfigValuePtr?5?$CB?$DN?5?$CI?$CIvoid?5?$CK?$CJ?50@ 000000000002b698     HiiDatabase:ConfigRouting.obj
 0002:000006c0       ??_C@_1M@COKHDCDN@?$AA?$CG?$AAG?$AAU?$AAI?$AAD@ 000000000002b6c0     HiiDatabase:ConfigRouting.obj
 0002:000006d0       ??_C@_1O@FMIENBLJ@?$AA?$CG?$AAN?$AAA?$AAM?$AAE?$AA?$DN@ 000000000002b6d0     HiiDatabase:ConfigRouting.obj
 0002:000006e0       ??_C@_1O@GGMHNGIF@?$AA?$CG?$AAP?$AAA?$AAT?$AAH?$AA?$DN@ 000000000002b6e0     HiiDatabase:ConfigRouting.obj
 0002:000006f0       ??_C@_0CC@KFDCKDOA@DefaultValueArray?5?$CB?$DN?5?$CI?$CIvoid?5?$CK?$CJ?5@ 000000000002b6f0     HiiDatabase:ConfigRouting.obj
 0002:00000718       ??_C@_0BK@KLJHMMPJ@HiiHandle?5?$CB?$DN?5?$CI?$CIvoid?5?$CK?$CJ?50?$CJ@ 000000000002b718     HiiDatabase:ConfigRouting.obj
 0002:00000738       ??_C@_0O@EMMLPDMJ@StringId?5?$CB?$DN?50@ 000000000002b738     HiiDatabase:ConfigRouting.obj
 0002:00000746       ??_C@_00CNPNBAHC@@         000000000002b746     HiiDatabase:ConfigRouting.obj
 0002:00000748       ??_C@_1BK@GGGENMOA@?$AAP?$AAl?$AAa?$AAt?$AAf?$AAo?$AAr?$AAm?$AAL?$AAa?$AAn?$AAg@ 000000000002b748     HiiDatabase:ConfigRouting.obj
 0002:00000768       ??_C@_0BF@OGAHIMFI@Name?5?$CB?$DN?5?$CI?$CIvoid?5?$CK?$CJ?50?$CJ@ 000000000002b768     HiiDatabase:ConfigRouting.obj
 0002:00000780       ??_C@_1M@MDEMFNHP@?$AAN?$AAA?$AAM?$AAE?$AA?$DN@ 000000000002b780     HiiDatabase:ConfigRouting.obj
 0002:00000790       ??_C@_0BL@MKDFFADJ@TmpRequest?5?$CB?$DN?5?$CI?$CIvoid?5?$CK?$CJ?50?$CJ@ 000000000002b790     HiiDatabase:ConfigRouting.obj
 0002:000007b0       ??_C@_1O@DICEHLNO@?$AAN?$AAA?$AAM?$AAE?$AA?$DN?$AA?$CG@ 000000000002b7b0     HiiDatabase:ConfigRouting.obj
 0002:000007c0       ??_C@_0BK@IKGKLHMJ@BlockData?5?$CB?$DN?5?$CI?$CIvoid?5?$CK?$CJ?50?$CJ@ 000000000002b7c0     HiiDatabase:ConfigRouting.obj
 0002:000007e0       ??_C@_1BA@BPJBLIJE@?$AA?$CG?$AAW?$AAI?$AAD?$AAT?$AAH?$AA?$DN@ 000000000002b7e0     HiiDatabase:ConfigRouting.obj
 0002:000007f0       ??_C@_1BA@OHHBHMKI@?$AA?$CG?$AAV?$AAA?$AAL?$AAU?$AAE?$AA?$DN@ 000000000002b7f0     HiiDatabase:ConfigRouting.obj
 0002:00000800       ??_C@_17ILCPNALA@?$AA?$CG?$AA?$CF?$AAs@ 000000000002b800     HiiDatabase:ConfigRouting.obj
 0002:00000808       ??_C@_1DA@JIFMPMJE@?$AA?$CG?$AAO?$AAF?$AAF?$AAS?$AAE?$AAT?$AA?$DN?$AA?$CF?$AA0?$AA4?$AAX?$AA?$CG?$AAW?$AAI@ 000000000002b808     HiiDatabase:ConfigRouting.obj
 0002:00000838       ??_C@_1CA@GGACGAGD@?$AA?$CG?$AA?$CF?$AAs?$AA?$CG?$AAA?$AAL?$AAT?$AAC?$AAF?$AAG?$AA?$DN?$AA?$CF?$AA0?$AA4?$AAX@ 000000000002b838     HiiDatabase:ConfigRouting.obj
 0002:00000858       ??_C@_19GAFHNHDP@?$AA?$CG?$AA?$CF?$AAs?$AA?$DN@ 000000000002b858     HiiDatabase:ConfigRouting.obj
 0002:00000868       ??_C@_1DO@NCNJHDGD@?$AA?$CG?$AAO?$AAF?$AAF?$AAS?$AAE?$AAT?$AA?$DN?$AA?$CF?$AA0?$AA4?$AAX?$AA?$CG?$AAW?$AAI@ 000000000002b868     HiiDatabase:ConfigRouting.obj
 0002:000008a8       ??_C@_0BK@EPANLNGJ@TmpBuffer?5?$CB?$DN?5?$CI?$CIvoid?5?$CK?$CJ?50?$CJ@ 000000000002b8a8     HiiDatabase:ConfigRouting.obj
 0002:000008c8       ??_C@_0BJ@HKDHKLNC@VarStore?5?$CB?$DN?5?$CI?$CIvoid?5?$CK?$CJ?50?$CJ@ 000000000002b8c8     HiiDatabase:ConfigRouting.obj
 0002:000008e8       ??_C@_0BN@NEAOLGCP@The?5variable?5does?5not?5exist?$CB@ 000000000002b8e8     HiiDatabase:ConfigRouting.obj
 0002:00000908       ??_C@_0BF@NDBIKIKC@CR?5has?5Bad?5Signature@ 000000000002b908     HiiDatabase:ConfigRouting.obj
 0002:00000920       ??_C@_0BP@CHLHGMI@AccessProgress?5?$CB?$DN?5?$CI?$CIvoid?5?$CK?$CJ?50?$CJ@ 000000000002b920     HiiDatabase:ConfigRouting.obj
 0002:00000940       ??_C@_0BF@GFADBPJJ@?$CKAccessProgress?5?$DN?$DN?50@ 000000000002b940     HiiDatabase:ConfigRouting.obj
 0002:00000958       ??_C@_0BI@GONLCNCH@Private?5?$CB?$DN?5?$CI?$CIvoid?5?$CK?$CJ?50?$CJ@ 000000000002b958     HiiDatabase:ConfigRouting.obj
 0002:00000970       ??_C@_1BA@HDPFBAGC@?$AAO?$AAF?$AAF?$AAS?$AAE?$AAT?$AA?$DN@ 000000000002b970     HiiDatabase:ConfigRouting.obj
 0002:00000980       ??_C@_1O@JONPFMKD@?$AAV?$AAA?$AAL?$AAU?$AAE?$AA?$DN@ 000000000002b980     HiiDatabase:ConfigRouting.obj
 0002:00000990       ??_C@_1BA@ENAALJAP@?$AAA?$AAL?$AAT?$AAC?$AAF?$AAG?$AA?$DN@ 000000000002b990     HiiDatabase:ConfigRouting.obj
 0002:000009a0       ??_C@_0HM@JBFKAAEF@Private?5?$CB?$DN?5?$CI?$CIvoid?5?$CK?$CJ?50?$CJ?5?$CG?$CG?5Stri@ 000000000002b9a0     HiiDatabase:String.obj
 0002:00000a20       ??_C@_0DH@HHCEFINF@c?3?2edk2?2MdeModulePkg?2Universal?2@ 000000000002ba20     HiiDatabase:String.obj
 0002:00000a58       ??_C@_0BK@LPAGOJEE@LocalFont?5?$CB?$DN?5?$CI?$CIvoid?5?$CK?$CJ?50?$CJ@ 000000000002ba58     HiiDatabase:String.obj
 0002:00000a78       ??_C@_0DI@BFKAJOKH@StringSrc?5?$CB?$DN?5?$CI?$CIvoid?5?$CK?$CJ?50?$CJ?5?$CG?$CG?5Bu@ 000000000002ba78     HiiDatabase:String.obj
 0002:00000ab0       ??_C@_0EA@MHHLLLEI@StringFontInfo?5?$CB?$DN?5?$CI?$CIvoid?5?$CK?$CJ?50?$CJ?5@ 000000000002bab0     HiiDatabase:String.obj
 0002:00000af0       ??_C@_0BO@DGNLHLCI@StringPackage?5?$CB?$DN?5?$CI?$CIvoid?5?$CK?$CJ?50?$CJ@ 000000000002baf0     HiiDatabase:String.obj
 0002:00000b10       ??_C@_0FC@FJMCODKF@StringPackage?9?$DOSignature?5?$DN?$DN?5?$CI?$CI?$CI@ 000000000002bb10     HiiDatabase:String.obj
 0002:00000b70       ??_C@_0GB@GDNHNHKN@BlockType?5?$CB?$DN?5?$CI?$CIvoid?5?$CK?$CJ?50?$CJ?5?$CG?$CG?5St@ 000000000002bb70     HiiDatabase:String.obj
 0002:00000be0       ??_C@_0GH@GJCDMCGP@Private?5?$CB?$DN?5?$CI?$CIvoid?5?$CK?$CJ?50?$CJ?5?$CG?$CG?5Priv@ 000000000002bbe0     HiiDatabase:String.obj
 0002:00000c48       ??_C@_0BM@KAGBBICE@StringId?5?$CB?$DN?5CurrentStringId@ 000000000002bc48     HiiDatabase:String.obj
 0002:00000c68       ??_C@_0CJ@IFNGKCKJ@?$CKBlockType?5?$DN?$DN?50x22?5?$HM?$HM?5?$CKBlockTyp@ 000000000002bc68     HiiDatabase:String.obj
 0002:00000ca0       ??_C@_0FD@NPKBDFKJ@Private?5?$CB?$DN?5?$CI?$CIvoid?5?$CK?$CJ?50?$CJ?5?$CG?$CG?5Stri@ 000000000002bca0     HiiDatabase:String.obj
 0002:00000d00       ??_C@_0EM@GDEIOGJC@Private?9?$DOSignature?5?$DN?$DN?5?$CI?$CI?$CI?8H?8?$CJ?5?$HM@ 000000000002bd00     HiiDatabase:String.obj
 0002:00000d50       ??_C@_0BC@FEDIJHFF@?$CI?$CIBOOLEAN?$CJ?$CI0?$DN?$DN1?$CJ?$CJ@ 000000000002bd50     HiiDatabase:String.obj
 0002:00000d64       ??_C@_01ICJEACDI@?$DL@     000000000002bd64     HiiDatabase:String.obj
 0002:00000d68       ??_C@_0BF@DOBDPAPC@Lan1?5?$CB?$DN?5?$CI?$CIvoid?5?$CK?$CJ?50?$CJ@ 000000000002bd68     HiiDatabase:String.obj
 0002:00000d80       ??_C@_0BF@NEJFCNJA@Lan2?5?$CB?$DN?5?$CI?$CIvoid?5?$CK?$CJ?50?$CJ@ 000000000002bd80     HiiDatabase:String.obj
 0002:00000d98       ??_C@_0DG@IHDLCIDM@Cell?5?$CB?$DN?5?$CI?$CIvoid?5?$CK?$CJ?50?$CJ?5?$CG?$CG?5GlyphIn@ 000000000002bd98     HiiDatabase:Font.obj
 0002:00000dd0       ??_C@_0DF@CCJAEPGP@c?3?2edk2?2MdeModulePkg?2Universal?2@ 000000000002bdd0     HiiDatabase:Font.obj
 0002:00000e10       ??_C@_0FB@NKDAFHPL@GlyphBuffer?5?$CB?$DN?5?$CI?$CIvoid?5?$CK?$CJ?50?$CJ?5?$CG?$CG?5@ 000000000002be10     HiiDatabase:Font.obj
 0002:00000e70       ??_C@_0EK@IJHDKPAG@Origin?5?$CB?$DN?5?$CI?$CIvoid?5?$CK?$CJ?50?$CJ?5?$CG?$CG?5?$CKOrig@ 000000000002be70     HiiDatabase:Font.obj
 0002:00000ec0       ??_C@_0BM@BBEAFKJB@FontPackage?5?$CB?$DN?5?$CI?$CIvoid?5?$CK?$CJ?50?$CJ@ 000000000002bec0     HiiDatabase:Font.obj
 0002:00000ee0       ??_C@_0FA@GBHOFNKI@FontPackage?9?$DOSignature?5?$DN?$DN?5?$CI?$CI?$CI?8h@ 000000000002bee0     HiiDatabase:Font.obj
 0002:00000f30       ??_C@_0DF@LOENGHAO@FontName?5?$CB?$DN?5?$CI?$CIvoid?5?$CK?$CJ?50?$CJ?5?$CG?$CG?5Fon@ 000000000002bf30     HiiDatabase:Font.obj
 0002:00000f68       ??_C@_1BG@PCIHAGAA@?$AAs?$AAy?$AAs?$AAd?$AAe?$AAf?$AAa?$AAu?$AAl?$AAt@ 000000000002bf68     HiiDatabase:Font.obj
 0002:00000f80       ??_C@_0DF@FEDHOBLL@?$CISystemDefault?5?$CB?$DN?5?$CI?$CIvoid?5?$CK?$CJ?50?$CJ?$CJ@ 000000000002bf80     HiiDatabase:Font.obj
 0002:00000fb8       ??_C@_0BJ@FFPEFLGO@FontInfo?5?$CB?$DN?5?$CI?$CIvoid?5?$CK?$CJ?50?$CJ@ 000000000002bfb8     HiiDatabase:Font.obj
 0002:00000fd8       ??_C@_0BJ@KMEIBEC@GlyphBuf?5?$CB?$DN?5?$CI?$CIvoid?5?$CK?$CJ?50?$CJ@ 000000000002bfd8     HiiDatabase:Font.obj
 0002:00000ff8       ??_C@_0BF@CPNKHBOH@Cell?5?$CB?$DN?5?$CI?$CIvoid?5?$CK?$CJ?50?$CJ@ 000000000002bff8     HiiDatabase:Font.obj
 0002:00001010       ??_C@_0BL@PMPKEABA@Attributes?5?$CB?$DN?5?$CI?$CIvoid?5?$CK?$CJ?50?$CJ@ 000000000002c010     HiiDatabase:Font.obj
 0002:00001030       ??_C@_0BO@HMFAAOIE@SystemDefault?5?$CB?$DN?5?$CI?$CIvoid?5?$CK?$CJ?50?$CJ@ 000000000002c030     HiiDatabase:Font.obj
 0002:00001050       ??_C@_0BL@BBPNKGPN@StringInfo?5?$CB?$DN?5?$CI?$CIvoid?5?$CK?$CJ?50?$CJ@ 000000000002c050     HiiDatabase:Font.obj
 0002:00001070       ??_C@_0BO@JAOLLJBB@StringInfoOut?5?$CB?$DN?5?$CI?$CIvoid?5?$CK?$CJ?50?$CJ@ 000000000002c070     HiiDatabase:Font.obj
 0002:00001090       ??_C@_0BN@PACIKCEF@StringInfoIn?5?$CB?$DN?5?$CI?$CIvoid?5?$CK?$CJ?50?$CJ@ 000000000002c090     HiiDatabase:Font.obj
 0002:000010b0       ??_C@_0DI@GNBIFALD@c?3?2edk2?2MdeModulePkg?2Universal?2@ 000000000002c0b0     HiiDatabase:ImageEx.obj
 0002:000010e8       ??_C@_0DH@NFJDOGLB@ImageBlocks?5?$CB?$DN?5?$CI?$CIvoid?5?$CK?$CJ?50?$CJ?5?$CG?$CG?5@ 000000000002c0e8     HiiDatabase:Image.obj
 0002:00001120       ??_C@_0DG@DPABEJEP@c?3?2edk2?2MdeModulePkg?2Universal?2@ 000000000002c120     HiiDatabase:Image.obj
 0002:00001158       ??_C@_0BL@HMPOLNFB@?$CKImageId?5?$CB?$DN?5ImageIdCurrent@ 000000000002c158     HiiDatabase:Image.obj
 0002:00001178       ??_C@_0O@FOALKCBJ@?$CKImageId?5?$CB?$DN?50@ 000000000002c178     HiiDatabase:Image.obj
 0002:00001188       ??_C@_0DG@CMCHKEMN@BitMapOut?5?$CB?$DN?5?$CI?$CIvoid?5?$CK?$CJ?50?$CJ?5?$CG?$CG?5Bi@ 000000000002c188     HiiDatabase:Image.obj
 0002:000011c0       ??_C@_0EN@ELLNHLCC@Image?5?$CB?$DN?5?$CI?$CIvoid?5?$CK?$CJ?50?$CJ?5?$CG?$CG?5Data?5?$CB@ 000000000002c1c0     HiiDatabase:Image.obj
 0002:00001210       ??_C@_0BI@KJHDIOKD@Palette?5?$CB?$DN?5?$CI?$CIvoid?5?$CK?$CJ?50?$CJ@ 000000000002c210     HiiDatabase:Image.obj
 0002:00001228       ??_C@_0CO@MJKHFAPP@Image?5?$CB?$DN?5?$CI?$CIvoid?5?$CK?$CJ?50?$CJ?5?$CG?$CG?5Data?5?$CB@ 000000000002c228     HiiDatabase:Image.obj
 0002:00001258       ??_C@_0CG@IBCJOBGA@PaletteIndex?5?$DN?$DN?5Iibt1bit?4Palett@ 000000000002c258     HiiDatabase:Image.obj
 0002:00001280       ??_C@_0DN@PNNBIPEP@NextString?5?$CB?$DN?5?$CI?$CIvoid?5?$CK?$CJ?50?$CJ?5?$CG?$CG?5D@ 000000000002c280     HiiDatabase:ConfigKeywordHandler.obj
 0002:000012c0       ??_C@_0EF@BIBJFNCM@c?3?2edk2?2MdeModulePkg?2Universal?2@ 000000000002c2c0     HiiDatabase:ConfigKeywordHandler.obj
 0002:00001308       ??_C@_1BC@KEBNFPJO@?$AAK?$AAE?$AAY?$AAW?$AAO?$AAR?$AAD?$AA?$DN@ 000000000002c308     HiiDatabase:ConfigKeywordHandler.obj
 0002:00001320       ??_C@_0BK@LHDBFBNG@NameSpace?5?$CB?$DN?5?$CI?$CIvoid?5?$CK?$CJ?50?$CJ@ 000000000002c320     HiiDatabase:ConfigKeywordHandler.obj
 0002:00001340       ??_C@_1BG@PHBLLIBG@?$AAN?$AAA?$AAM?$AAE?$AAS?$AAP?$AAA?$AAC?$AAE?$AA?$DN@ 000000000002c340     HiiDatabase:ConfigKeywordHandler.obj
 0002:00001358       ??_C@_0DK@OHOIFGHP@?$CIKeyword?5?$CB?$DN?5?$CI?$CIvoid?5?$CK?$CJ?50?$CJ?$CJ?5?$CG?$CG?5?$CIN@ 000000000002c358     HiiDatabase:ConfigKeywordHandler.obj
 0002:000013a0       ??_C@_0FE@GBOKANMP@?$CIValue?5?$CB?$DN?5?$CI?$CIvoid?5?$CK?$CJ?50?$CJ?$CJ?5?$CG?$CG?5?$CINex@ 000000000002c3a0     HiiDatabase:ConfigKeywordHandler.obj
 0002:000013f8       ??_C@_0DO@PFGBFFJL@?$CIFilterFlags?5?$CB?$DN?5?$CI?$CIvoid?5?$CK?$CJ?50?$CJ?$CJ?5?$CG@ 000000000002c3f8     HiiDatabase:ConfigKeywordHandler.obj
 0002:00001438       ??_C@_1BC@LDFBNAGD@?$AAR?$AAe?$AAa?$AAd?$AAO?$AAn?$AAl?$AAy@ 000000000002c438     HiiDatabase:ConfigKeywordHandler.obj
 0002:00001450       ??_C@_1BE@HADLJAO@?$AAR?$AAe?$AAa?$AAd?$AAW?$AAr?$AAi?$AAt?$AAe@ 000000000002c450     HiiDatabase:ConfigKeywordHandler.obj
 0002:00001468       ??_C@_1O@GBAIGIHF@?$AAB?$AAu?$AAf?$AAf?$AAe?$AAr@ 000000000002c468     HiiDatabase:ConfigKeywordHandler.obj
 0002:00001478       ??_C@_1BA@BKFKFLJD@?$AAN?$AAu?$AAm?$AAe?$AAr?$AAi?$AAc@ 000000000002c478     HiiDatabase:ConfigKeywordHandler.obj
 0002:00001488       ??_C@_1M@OGLKDJIA@?$AA?$CG?$AAP?$AAA?$AAT?$AAH@ 000000000002c488     HiiDatabase:ConfigKeywordHandler.obj
 0002:00001498       ??_C@_1BC@CFPGDLKH@?$AA?$CG?$AAK?$AAE?$AAY?$AAW?$AAO?$AAR?$AAD@ 000000000002c498     HiiDatabase:ConfigKeywordHandler.obj
 0002:000014b0       ??_C@_0BL@FCLLAFBK@OpCodeData?5?$CB?$DN?5?$CI?$CIvoid?5?$CK?$CJ?50?$CJ@ 000000000002c4b0     HiiDatabase:ConfigKeywordHandler.obj
 0002:000014d0       ??_C@_0BL@JFODOCGB@DevicePath?5?$CB?$DN?5?$CI?$CIvoid?5?$CK?$CJ?50?$CJ@ 000000000002c4d0     HiiDatabase:ConfigKeywordHandler.obj
 0002:000014f0       ??_C@_0FG@CNJOIDE@StringSrc?5?$CB?$DN?5?$CI?$CIvoid?5?$CK?$CJ?50?$CJ?5?$CG?$CG?5Bu@ 000000000002c4f0     HiiDatabase:ConfigKeywordHandler.obj
 0002:00001550       ??_C@_0FK@IABCBAEM@StringPackage?5?$CB?$DN?5?$CI?$CIvoid?5?$CK?$CJ?50?$CJ?5?$CG@ 000000000002c550     HiiDatabase:ConfigKeywordHandler.obj
 0002:000015b0       ??_C@_0FM@MOEDEKOL@DatabaseRecord?5?$CB?$DN?5?$CI?$CIvoid?5?$CK?$CJ?50?$CJ?5@ 000000000002c5b0     HiiDatabase:ConfigKeywordHandler.obj
 0002:0000160c       ??_C@_06PLDEFKP@x?9UEFI@   000000000002c60c     HiiDatabase:ConfigKeywordHandler.obj
 0002:00001618       ??_C@_0BM@BFDIJOFM@FormPackage?5?$CB?$DN?5?$CI?$CIvoid?5?$CK?$CJ?50?$CJ@ 000000000002c618     HiiDatabase:ConfigKeywordHandler.obj
 0002:00001638       ??_C@_0DH@MGADEBEG@?$CI?$CIEFI_IFR_OP_HEADER?5?$CK?$CJ?5NextOpCo@ 000000000002c638     HiiDatabase:ConfigKeywordHandler.obj
 0002:00001670       ??_C@_15GANGMFKL@?$AA?$CF?$AAs@ 000000000002c670     HiiDatabase:ConfigKeywordHandler.obj
 0002:00001678       ??_C@_1CO@DPPGKPKG@?$AAO?$AAF?$AAF?$AAS?$AAE?$AAT?$AA?$DN?$AA?$CF?$AA0?$AA4?$AAX?$AA?$CG?$AAW?$AAI?$AAD@ 000000000002c678     HiiDatabase:ConfigKeywordHandler.obj
 0002:000016a8       ??_C@_05JJLPJMLG@en?9US@   000000000002c6a8     HiiDatabase:ConfigKeywordHandler.obj
 0002:000016b0       ??_C@_0BN@HPBNKDMG@BestLanguage?5?$CB?$DN?5?$CI?$CIvoid?5?$CK?$CJ?50?$CJ@ 000000000002c6b0     HiiDatabase:ConfigKeywordHandler.obj
 0002:000016d0       ??_C@_0FO@OMKBEEGB@DatabaseRecord?5?$CB?$DN?5?$CI?$CIvoid?5?$CK?$CJ?50?$CJ?5@ 000000000002c6d0     HiiDatabase:ConfigKeywordHandler.obj
 0002:00001730       ??_C@_0BI@EGABAPFI@Header?9?$DOVarStoreId?5?$CB?$DN?50@ 000000000002c730     HiiDatabase:ConfigKeywordHandler.obj
 0002:00001748       ??_C@_0BD@FANLLMHJ@Varstore?5Id?3?50x?$CFx?6@ 000000000002c748     HiiDatabase:ConfigKeywordHandler.obj
 0002:00001760       ??_C@_0BI@LBDBFON@Storage?5?$CB?$DN?5?$CI?$CIvoid?5?$CK?$CJ?50?$CJ@ 000000000002c760     HiiDatabase:ConfigKeywordHandler.obj
 0002:00001778       ??_C@_0BK@LFDBOAFJ@ConfigHdr?5?$CB?$DN?5?$CI?$CIvoid?5?$CK?$CJ?50?$CJ@ 000000000002c778     HiiDatabase:ConfigKeywordHandler.obj
 0002:000017a0       ??_C@_0ID@IKKDDEDB@?$CIDatabaseRecord?5?$CB?$DN?5?$CI?$CIvoid?5?$CK?$CJ?50?$CJ@ 000000000002c7a0     HiiDatabase:ConfigKeywordHandler.obj
 0002:00001830       ??_C@_0EC@IMNKLNNG@?$CIConfigRequest?5?$CB?$DN?5?$CI?$CIvoid?5?$CK?$CJ?50?$CJ?$CJ@ 000000000002c830     HiiDatabase:ConfigKeywordHandler.obj
 0002:00001880       ??_C@_0KH@OPAIADAK@?$CINameSpace?5?$CB?$DN?5?$CI?$CIvoid?5?$CK?$CJ?50?$CJ?$CJ?5?$CG?$CG?5@ 000000000002c880     HiiDatabase:ConfigKeywordHandler.obj
 0002:00001928       ??_C@_0BL@EPOEPBPG@?$CKProgressErr?5?$DN?$DN?50x00000004@ 000000000002c928     HiiDatabase:ConfigKeywordHandler.obj
 0002:00001950       ??_C@_0JM@BHIIIHDI@?$CINameSpace?5?$CB?$DN?5?$CI?$CIvoid?5?$CK?$CJ?50?$CJ?$CJ?5?$CG?$CG?5@ 000000000002c950     HiiDatabase:ConfigKeywordHandler.obj
 0002:000019f0       ??_C@_1BE@NJMCFJHO@?$AA?$CG?$AAR?$AAE?$AAA?$AAD?$AAO?$AAN?$AAL?$AAY@ 000000000002c9f0     HiiDatabase:ConfigKeywordHandler.obj
 0002:00001a08       ??_C@_0BL@GNJCLPEO@TempString?5?$CB?$DN?5?$CI?$CIvoid?5?$CK?$CJ?50?$CJ@ 000000000002ca08     HiiDatabase:ConfigKeywordHandler.obj
 0002:00001a28       ??_C@_0BH@IACGKAP@Buffer?5?$CB?$DN?5?$CI?$CIvoid?5?$CK?$CJ?50?$CJ@ 000000000002ca28     HiiDatabase:Database.obj
 0002:00001a40       ??_C@_0DJ@PHFIOICC@c?3?2edk2?2MdeModulePkg?2Universal?2@ 000000000002ca40     HiiDatabase:Database.obj
 0002:00001a80       ??_C@_0CA@PCMGHPMF@VariableStorage?5?$CB?$DN?5?$CI?$CIvoid?5?$CK?$CJ?50?$CJ@ 000000000002ca80     HiiDatabase:Database.obj
 0002:00001aa0       ??_C@_0HO@ICAHMDKK@Package?9?$DOImagePkgHdr?4Header?4Len@ 000000000002caa0     HiiDatabase:Database.obj
 0002:00001b20       ??_C@_0BP@FEPODHBK@DatabaseRecord?5?$CB?$DN?5?$CI?$CIvoid?5?$CK?$CJ?50?$CJ@ 000000000002cb20     HiiDatabase:Database.obj
 0002:00001b40       ??_C@_0FD@KKBJAAKD@Private?5?$CB?$DN?5?$CI?$CIvoid?5?$CK?$CJ?50?$CJ?5?$CG?$CG?5Pack@ 000000000002cb40     HiiDatabase:Database.obj
 0002:00001b98       ??_C@_0BK@BBKIEBOB@IsHiiHandleValid?5?$CIHandle?$CJ@ 000000000002cb98     HiiDatabase:Database.obj
 0002:00001bb8       ??_C@_0DK@NCPNJDN@Not?5enough?5memory?5resource?5to?5g@ 000000000002cbb8     HiiDatabase:Database.obj
 0002:00001bf8       ??_C@_0DJ@CIDFFKAG@Status?5?$DN?$DN?5?$CI?$CIRETURN_STATUS?$CJ?$CI0x80@ 000000000002cbf8     HiiDatabase:Database.obj
 0002:00001c38       ??_C@_0DJ@DJMCLOOB@Not?5enough?5memory?5resource?5to?5g@ 000000000002cc38     HiiDatabase:Database.obj
 0002:00001c78       ??_C@_0BM@JEBIDOHP@PackageList?5?$CB?$DN?5?$CI?$CIvoid?5?$CK?$CJ?50?$CJ@ 000000000002cc78     HiiDatabase:Database.obj
 0002:00001c98       ??_C@_0BN@GGKEKANL@Private?9?$DOHiiHandleCount?5?$DO?$DN?50@ 000000000002cc98     HiiDatabase:Database.obj
 0002:00001cb8       ??_C@_0BP@NFJAKEPG@KeyboardLayout?5?$CB?$DN?5?$CI?$CIvoid?5?$CK?$CJ?50?$CJ@ 000000000002ccb8     HiiDatabase:Database.obj
 0002:00001cd8       ??_C@_0CN@HFOFBDHA@c?3?2edk2?2MdePkg?2Library?2DxePcdLi@ 000000000002ccd8     DxePcdLib:DxePcdLib.obj
 0002:00001d08       ??_C@_0BH@DAPONKEH@mPiPcd?5?$CB?$DN?5?$CI?$CIvoid?5?$CK?$CJ?50?$CJ@ 000000000002cd08     DxePcdLib:DxePcdLib.obj
 0002:00001d20       ??_C@_0BL@BJHAIJFF@mPiPcdInfo?5?$CB?$DN?5?$CI?$CIvoid?5?$CK?$CJ?50?$CJ@ 000000000002cd20     DxePcdLib:DxePcdLib.obj
 0002:00001d40       ??_C@_0BH@LKMBFCBF@Format?5?$CB?$DN?5?$CI?$CIvoid?5?$CK?$CJ?50?$CJ@ 000000000002cd40     PeiDxeDebugLibReportStatusCode:DebugLib.obj
 0002:00001d60       ??_C@_0EH@EMGPELNE@c?3?2edk2?2MdeModulePkg?2Library?2Pe@ 000000000002cd60     PeiDxeDebugLibReportStatusCode:DebugLib.obj
 0002:00001da8       ??_C@_0CI@HIINONDG@?$CICHAR8?5?$CK?$CJBaseListMarker?5?$DM?$DN?5Form@ 000000000002cda8     PeiDxeDebugLibReportStatusCode:DebugLib.obj
 0002:00001dd0       ??_C@_01OHGJGJJP@?$FL@     000000000002cdd0     PeiDxeDebugLibReportStatusCode:DebugLib.obj
 0002:00001dd4       ??_C@_02PBFOLPKM@?$FN?5@   000000000002cdd4     PeiDxeDebugLibReportStatusCode:DebugLib.obj
 0002:00001dd8       ??_C@_0DG@EEENIGGL@Length?5?$DM?$DN?5?$CI0xFFFFFFFFFFFFFFFFUL@ 000000000002cdd8     BaseMemoryLibOptDxe:MemLibGuid.obj
 0002:00001e10       ??_C@_0ED@MKGCMJG@?$CILength?5?9?51?$CJ?5?$DM?$DN?5?$CI0xFFFFFFFFFFFF@ 000000000002ce10     BaseMemoryLibOptDxe:CopyMemWrapper.obj
 0002:00001e58       ??_C@_0DM@DBGKHDAI@c?3?2edk2?2MdePkg?2Library?2BaseMemo@ 000000000002ce58     BaseMemoryLibOptDxe:CopyMemWrapper.obj
 0002:00001e98       ??_C@_0DO@MAOBOFEG@?$CILength?5?9?51?$CJ?5?$DM?$DN?5?$CI0xFFFFFFFFFFFF@ 000000000002ce98     BaseMemoryLibOptDxe:CopyMemWrapper.obj
 0002:00001ed8       ??_C@_0DM@IFMIBCMP@c?3?2edk2?2MdePkg?2Library?2BaseMemo@ 000000000002ced8     BaseMemoryLibOptDxe:ZeroMemWrapper.obj
 0002:00001f18       ??_C@_0CC@JOEHDGKB@DestinationBuffer?5?$CB?$DN?5?$CI?$CIvoid?5?$CK?$CJ?5@ 000000000002cf18     BaseMemoryLibOptDxe:CompareMemWrapper.obj
 0002:00001f40       ??_C@_0DP@CPGOBMAI@c?3?2edk2?2MdePkg?2Library?2BaseMemo@ 000000000002cf40     BaseMemoryLibOptDxe:CompareMemWrapper.obj
 0002:00001f80       ??_C@_0BN@MDMCNBCC@SourceBuffer?5?$CB?$DN?5?$CI?$CIvoid?5?$CK?$CJ?50?$CJ@ 000000000002cf80     BaseMemoryLibOptDxe:CompareMemWrapper.obj
 0002:00001fa0       ??_C@_0DN@GKMCCGBM@c?3?2edk2?2MdePkg?2Library?2BaseMemo@ 000000000002cfa0     BaseMemoryLibOptDxe:SetMem32Wrapper.obj
 0002:00001fe0       ??_C@_0DI@DAGDPLPG@?$CILength?5?9?51?$CJ?5?$DM?$DN?5?$CI0xFFFFFFFFFFFF@ 000000000002cfe0     BaseMemoryLibOptDxe:SetMem32Wrapper.obj
 0002:00002018       ??_C@_0CO@LECKNDNC@?$CI?$CI?$CIUINTN?$CJBuffer?$CJ?5?$CG?5?$CIsizeof?5?$CIVal@ 000000000002d018     BaseMemoryLibOptDxe:SetMem32Wrapper.obj
 0002:00002048       ??_C@_0CF@LEICOABD@?$CILength?5?$CG?5?$CIsizeof?5?$CIValue?$CJ?5?9?51?$CJ?$CJ@ 000000000002d048     BaseMemoryLibOptDxe:SetMem32Wrapper.obj
 0002:00002070       ??_C@_0BF@NJNGJMPC@List?5?$CB?$DN?5?$CI?$CIvoid?5?$CK?$CJ?50?$CJ@ 000000000002d070     BaseLib:LinkedList.obj
 0002:00002088       ??_C@_0CM@FDGEGMJJ@c?3?2edk2?2MdePkg?2Library?2BaseLib?2@ 000000000002d088     BaseLib:LinkedList.obj
 0002:000020b8       ??_C@_0CC@KDLPLAED@List?9?$DOForwardLink?5?$CB?$DN?5?$CI?$CIvoid?5?$CK?$CJ?5@ 000000000002d0b8     BaseLib:LinkedList.obj
 0002:000020e0       ??_C@_0BP@IJJCCMAK@List?9?$DOBackLink?5?$CB?$DN?5?$CI?$CIvoid?5?$CK?$CJ?50?$CJ@ 000000000002d0e0     BaseLib:LinkedList.obj
 0002:00002100       ??_C@_0BJ@NJABNCDK@ListHead?5?$CB?$DN?5?$CI?$CIvoid?5?$CK?$CJ?50?$CJ@ 000000000002d100     BaseLib:LinkedList.obj
 0002:00002120       ??_C@_0CG@LGIALJFK@InternalBaseLibIsListValid?5?$CILis@ 000000000002d120     BaseLib:LinkedList.obj
 0002:00002148       ??_C@_0CC@JLDICICM@InternalBaseLibIsListValid?5?$CILis@ 000000000002d148     BaseLib:LinkedList.obj
 0002:00002170       ??_C@_0BF@NMBJJECB@?$CBIsListEmpty?5?$CIEntry?$CJ@ 000000000002d170     BaseLib:LinkedList.obj
 0002:00002188       ??_C@_0CD@BDCLIGHD@?$CI?$CIUINTN?$CJ?5String?5?$CG?50x00000001?$CJ?5?$DN@ 000000000002d188     BaseLib:SafeString.obj
 0002:000021b0       ??_C@_0CM@GBAFEFEA@c?3?2edk2?2MdePkg?2Library?2BaseLib?2@ 000000000002d1b0     BaseLib:SafeString.obj
 0002:000021e0       ??_C@_0CI@LLKACKFD@?$CI?$CIUINTN?$CJ?5Destination?5?$CG?50x000000@ 000000000002d1e0     BaseLib:SafeString.obj
 0002:00002208       ??_C@_0CD@COCJPGE@?$CI?$CIUINTN?$CJ?5Source?5?$CG?50x00000001?$CJ?5?$DN@ 000000000002d208     BaseLib:SafeString.obj
 0002:00002230       ??_C@_0BO@ECNIOIHG@?$CIDestination?5?$CB?$DN?5?$CI?$CIvoid?5?$CK?$CJ?50?$CJ?$CJ@ 000000000002d230     BaseLib:SafeString.obj
 0002:00002250       ??_C@_0BJ@EAEEJIP@?$CISource?5?$CB?$DN?5?$CI?$CIvoid?5?$CK?$CJ?50?$CJ?$CJ@ 000000000002d250     BaseLib:SafeString.obj
 0002:00002270       ??_C@_0EA@BBALOHPI@?$CIDestMax?5?$DM?$DN?5?$CI_gPcd_FixedAtBuild@ 000000000002d270     BaseLib:SafeString.obj
 0002:000022b0       ??_C@_0P@PMIMLIHM@?$CIDestMax?5?$CB?$DN?50?$CJ@ 000000000002d2b0     BaseLib:SafeString.obj
 0002:000022c0       ??_C@_0BG@EEGIIOKH@?$CIDestMax?5?$DO?5SourceLen?$CJ@ 000000000002d2c0     BaseLib:SafeString.obj
 0002:000022e0       ??_C@_0FH@PPBLBDBJ@InternalSafeStringNoStrOverlap?5@ 000000000002d2e0     BaseLib:SafeString.obj
 0002:00002338       ??_C@_0DP@PBOJGJC@?$CILength?5?$DM?$DN?5?$CI_gPcd_FixedAtBuild_@ 000000000002d338     BaseLib:SafeString.obj
 0002:00002378       ??_C@_0P@BHOOOJPD@?$CICopyLen?5?$CB?$DN?50?$CJ@ 000000000002d378     BaseLib:SafeString.obj
 0002:00002388       ??_C@_0BG@BPGICNPK@?$CICopyLen?5?$DO?5SourceLen?$CJ@ 000000000002d388     BaseLib:SafeString.obj
 0002:000023a0       ??_C@_0BJ@MBBOBCLN@?$CIString?5?$CB?$DN?5?$CI?$CIvoid?5?$CK?$CJ?50?$CJ?$CJ@ 000000000002d3a0     BaseLib:SafeString.obj
 0002:000023c0       ??_C@_0IC@CFBPEAPC@?$CIStrnLenS?5?$CIString?0?5?$CI_gPcd_Fixed@ 000000000002d3c0     BaseLib:SafeString.obj
 0002:00002448       ??_C@_0BJ@CNKJJNE@?$CIBuffer?5?$CB?$DN?5?$CI?$CIvoid?5?$CK?$CJ?50?$CJ?$CJ@ 000000000002d448     BaseLib:SafeString.obj
 0002:00002468       ??_C@_0DO@LJFOOPII@?$CIDestMax?5?$DM?$DN?5?$CI_gPcd_FixedAtBuild@ 000000000002d468     BaseLib:SafeString.obj
 0002:000024b0       ??_C@_0FL@CDANCHFO@InternalSafeStringNoAsciiStrOve@ 000000000002d4b0     BaseLib:SafeString.obj
 0002:00002510       ??_C@_0GG@DPMJAEHH@?$CBInternalSafeStringIsOverlap?5?$CID@ 000000000002d510     BaseLib:SafeString.obj
 0002:00002578       ??_C@_0BA@MFHLDCJH@?$CKSource?5?$DM?50x100@ 000000000002d578     BaseLib:SafeString.obj
 0002:00002590       ??_C@_0GE@CPENBLPB@?$CBInternalSafeStringIsOverlap?5?$CID@ 000000000002d590     BaseLib:SafeString.obj
 0002:000025f8       ??_C@_0CI@BEFOLLLE@c?3?2edk2?2MdePkg?2Library?2BaseLib?2@ 000000000002d5f8     BaseLib:String.obj
 0002:00002620       ??_C@_0DL@LFIMEMJP@Length?5?$DM?$DN?5_gPcd_FixedAtBuild_Pc@ 000000000002d620     BaseLib:String.obj
 0002:00002660       ??_C@_0DK@EOJCOAME@Length?5?$DM?5_gPcd_FixedAtBuild_Pcd@ 000000000002d660     BaseLib:String.obj
 0002:000026a0       ??_C@_0BL@JAAMOCAJ@StrSize?5?$CIFirstString?$CJ?5?$CB?$DN?50@ 000000000002d6a0     BaseLib:String.obj
 0002:000026c0       ??_C@_0BM@DALBOILC@StrSize?5?$CISecondString?$CJ?5?$CB?$DN?50@ 000000000002d6c0     BaseLib:String.obj
 0002:000026e0       ??_C@_0BG@KBNOLIGE@StrSize?5?$CIString?$CJ?5?$CB?$DN?50@ 000000000002d6e0     BaseLib:String.obj
 0002:000026f8       ??_C@_0BM@NNBLOHJD@StrSize?5?$CISearchString?$CJ?5?$CB?$DN?50@ 000000000002d6f8     BaseLib:String.obj
 0002:00002718       ??_C@_0DJ@JJHGIFMP@Length?5?$DM?$DN?5_gPcd_FixedAtBuild_Pc@ 000000000002d718     BaseLib:String.obj
 0002:00002758       ??_C@_0DI@MDIKFADO@Length?5?$DM?5_gPcd_FixedAtBuild_Pcd@ 000000000002d758     BaseLib:String.obj
 0002:00002790       ??_C@_0BL@IKFBNFIL@AsciiStrSize?5?$CIFirstString?$CJ@ 000000000002d790     BaseLib:String.obj
 0002:000027b0       ??_C@_0BM@EDNOKLLE@AsciiStrSize?5?$CISecondString?$CJ@ 000000000002d7b0     BaseLib:String.obj
 0002:000027d0       ??_C@_0BL@OFIBAIAL@AsciiStrSize?5?$CIString?$CJ?5?$CB?$DN?50@ 000000000002d7d0     BaseLib:String.obj
 0002:000027f0       ??_C@_0CB@NAIDGIOA@AsciiStrSize?5?$CISearchString?$CJ?5?$CB?$DN?5@ 000000000002d7f0     BaseLib:String.obj
 0002:00002820       ??_C@_0EJ@KBPJPBK@?$CIOrData?5?$DO?$DO?5?$CIEndBit?5?9?5StartBit?$CJ?$CJ@ 000000000002d820     BaseLib:BitField.obj
 0002:00002870       ??_C@_0CK@HJPGPCFO@c?3?2edk2?2MdePkg?2Library?2BaseLib?2@ 000000000002d870     BaseLib:BitField.obj
 0002:000028a0       ??_C@_0BD@JDBPFJOM@StartBit?5?$DM?$DN?5EndBit@ 000000000002d8a0     BaseLib:BitField.obj
 0002:000028b8       ??_C@_0M@NJLBHEFK@EndBit?5?$DM?532@ 000000000002d8b8     BaseLib:BitField.obj
 0002:000028c8       ??_C@_0M@IJCABBDH@EndBit?5?$DM?564@ 000000000002d8c8     BaseLib:BitField.obj
 0002:000028d8       ??_C@_0L@MEMPDLHB@Count?5?$DM?564@ 000000000002d8d8     BaseLib:LShiftU64.obj
 0002:000028e8       ??_C@_0CL@LPJNLIIH@c?3?2edk2?2MdePkg?2Library?2BaseLib?2@ 000000000002d8e8     BaseLib:LShiftU64.obj
 0002:00002918       ??_C@_0CL@COEFNOFM@c?3?2edk2?2MdePkg?2Library?2BaseLib?2@ 000000000002d918     BaseLib:Unaligned.obj
 0002:00002948       ??_C@_0N@KGHEHMDL@Divisor?5?$CB?$DN?50@ 000000000002d948     BaseLib:DivU64x32.obj
 0002:00002958       ??_C@_0CL@FKLEIGGF@c?3?2edk2?2MdePkg?2Library?2BaseLib?2@ 000000000002d958     BaseLib:RShiftU64.obj
 0002:00002988       ??_C@_0BN@COECPDCC@gImageHandle?5?$CB?$DN?5?$CI?$CIvoid?5?$CK?$CJ?50?$CJ@ 000000000002d988     UefiBootServicesTableLib:UefiBootServicesTableLib.obj
 0002:000029b0       ??_C@_0EL@ODFJBOBF@c?3?2edk2?2MdePkg?2Library?2UefiBoot@ 000000000002d9b0     UefiBootServicesTableLib:UefiBootServicesTableLib.obj
 0002:00002a00       ??_C@_0BE@DGNHAHIL@gST?5?$CB?$DN?5?$CI?$CIvoid?5?$CK?$CJ?50?$CJ@ 000000000002da00     UefiBootServicesTableLib:UefiBootServicesTableLib.obj
 0002:00002a18       ??_C@_0BE@BDFJLGLN@gBS?5?$CB?$DN?5?$CI?$CIvoid?5?$CK?$CJ?50?$CJ@ 000000000002da18     UefiBootServicesTableLib:UefiBootServicesTableLib.obj
 0002:00002a30       ??_C@_0EF@NBCCMJKB@c?3?2edk2?2MdePkg?2Library?2UefiMemo@ 000000000002da30     UefiMemoryAllocationLib:MemoryAllocationLib.obj
 0002:00002a78       ??_C@_0DP@CGKEPFGH@AllocationSize?5?$DM?$DN?5?$CI0xFFFFFFFFFF@ 000000000002da78     UefiMemoryAllocationLib:MemoryAllocationLib.obj
 0002:00002ab8       ??_C@_0CI@BGLNHBLM@?$CI?$CI?$CIUINTN?$CJ?5?$CIStartOfBuffer?$CJ?$CJ?5?$CG?50x@ 000000000002dab8     BasePrintLib:PrintLib.obj
 0002:00002ae0       ??_C@_0CP@FCAPPOBN@c?3?2edk2?2MdePkg?2Library?2BasePrin@ 000000000002dae0     BasePrintLib:PrintLib.obj
 0002:00002b10       ??_C@_0CH@KJLBGOBB@?$CI?$CI?$CIUINTN?$CJ?5?$CIFormatString?$CJ?$CJ?5?$CG?50x0@ 000000000002db10     BasePrintLib:PrintLib.obj
 0002:00002b38       ??_C@_0CB@LDBAOPMG@?$CI?$CI?$CIUINTN?$CJ?5?$CIBuffer?$CJ?$CJ?5?$CG?50x01?$CJ?5?$DN?$DN?5@ 000000000002db38     BasePrintLib:PrintLib.obj
 0002:00002b60       ??_C@_07PBILKAFL@Success@  000000000002db60     BasePrintLib:PrintLibInternal.obj
 0002:00002b68       ??_C@_0BG@CFJMNNJK@Warning?5Unknown?5Glyph@ 000000000002db68     BasePrintLib:PrintLibInternal.obj
 0002:00002b80       ??_C@_0BH@GKKCJEPJ@Warning?5Delete?5Failure@ 000000000002db80     BasePrintLib:PrintLibInternal.obj
 0002:00002b98       ??_C@_0BG@ECIJMOED@Warning?5Write?5Failure@ 000000000002db98     BasePrintLib:PrintLibInternal.obj
 0002:00002bb0       ??_C@_0BJ@ODIPDGHB@Warning?5Buffer?5Too?5Small@ 000000000002dbb0     BasePrintLib:PrintLibInternal.obj
 0002:00002bd0       ??_C@_0BD@IFJNJCCO@Warning?5Stale?5Data@ 000000000002dbd0     BasePrintLib:PrintLibInternal.obj
 0002:00002be8       ??_C@_0L@PLPBEPPC@Load?5Error@ 000000000002dbe8     BasePrintLib:PrintLibInternal.obj
 0002:00002bf8       ??_C@_0BC@HOFHKGJN@Invalid?5Parameter@ 000000000002dbf8     BasePrintLib:PrintLibInternal.obj
 0002:00002c10       ??_C@_0M@BEECMOIL@Unsupported@ 000000000002dc10     BasePrintLib:PrintLibInternal.obj
 0002:00002c20       ??_C@_0BA@FLNMPMCF@Bad?5Buffer?5Size@ 000000000002dc20     BasePrintLib:PrintLibInternal.obj
 0002:00002c30       ??_C@_0BB@EGELJFOB@Buffer?5Too?5Small@ 000000000002dc30     BasePrintLib:PrintLibInternal.obj
 0002:00002c48       ??_C@_09NKFGCIPN@Not?5Ready@ 000000000002dc48     BasePrintLib:PrintLibInternal.obj
 0002:00002c58       ??_C@_0N@HHEABDHO@Device?5Error@ 000000000002dc58     BasePrintLib:PrintLibInternal.obj
 0002:00002c68       ??_C@_0BA@LNEDDFNB@Write?5Protected@ 000000000002dc68     BasePrintLib:PrintLibInternal.obj
 0002:00002c78       ??_C@_0BB@GOILNEAA@Out?5of?5Resources@ 000000000002dc78     BasePrintLib:PrintLibInternal.obj
 0002:00002c90       ??_C@_0P@EIOJGIF@Volume?5Corrupt@ 000000000002dc90     BasePrintLib:PrintLibInternal.obj
 0002:00002ca0       ??_C@_0M@HDLEPOFA@Volume?5Full@ 000000000002dca0     BasePrintLib:PrintLibInternal.obj
 0002:00002cb0       ??_C@_08KEGAJDNN@No?5Media@ 000000000002dcb0     BasePrintLib:PrintLibInternal.obj
 0002:00002cc0       ??_C@_0O@JNCJKCCD@Media?5changed@ 000000000002dcc0     BasePrintLib:PrintLibInternal.obj
 0002:00002cd0       ??_C@_09CFCBFJND@Not?5Found@ 000000000002dcd0     BasePrintLib:PrintLibInternal.obj
 0002:00002ce0       ??_C@_0O@NFHOBIDO@Access?5Denied@ 000000000002dce0     BasePrintLib:PrintLibInternal.obj
 0002:00002cf0       ??_C@_0M@ENKCBFEP@No?5Response@ 000000000002dcf0     BasePrintLib:PrintLibInternal.obj
 0002:00002d00       ??_C@_0L@IFPBNFC@No?5mapping@ 000000000002dd00     BasePrintLib:PrintLibInternal.obj
 0002:00002d10       ??_C@_08PAFJCNGP@Time?5out@ 000000000002dd10     BasePrintLib:PrintLibInternal.obj
 0002:00002d20       ??_C@_0M@DCJFAFHJ@Not?5started@ 000000000002dd20     BasePrintLib:PrintLibInternal.obj
 0002:00002d30       ??_C@_0BA@IGIBFFPH@Already?5started@ 000000000002dd30     BasePrintLib:PrintLibInternal.obj
 0002:00002d40       ??_C@_07LCKDCBKK@Aborted@  000000000002dd40     BasePrintLib:PrintLibInternal.obj
 0002:00002d48       ??_C@_0L@LKIFCMNO@ICMP?5Error@ 000000000002dd48     BasePrintLib:PrintLibInternal.obj
 0002:00002d58       ??_C@_0L@DJKNJKHM@TFTP?5Error@ 000000000002dd58     BasePrintLib:PrintLibInternal.obj
 0002:00002d68       ??_C@_0P@NCJHBCLM@Protocol?5Error@ 000000000002dd68     BasePrintLib:PrintLibInternal.obj
 0002:00002d78       ??_C@_0BF@EHOBGFMI@Incompatible?5Version@ 000000000002dd78     BasePrintLib:PrintLibInternal.obj
 0002:00002d90       ??_C@_0BD@KHMPCIOG@Security?5Violation@ 000000000002dd90     BasePrintLib:PrintLibInternal.obj
 0002:00002da8       ??_C@_09BOMAGJEG@CRC?5Error@ 000000000002dda8     BasePrintLib:PrintLibInternal.obj
 0002:00002db8       ??_C@_0N@JEJDHPO@End?5of?5Media@ 000000000002ddb8     BasePrintLib:PrintLibInternal.obj
 0002:00002dc8       ??_C@_0O@NMJOLAMF@Reserved?5?$CI29?$CJ@ 000000000002ddc8     BasePrintLib:PrintLibInternal.obj
 0002:00002dd8       ??_C@_0O@GLPDOMCP@Reserved?5?$CI30?$CJ@ 000000000002ddd8     BasePrintLib:PrintLibInternal.obj
 0002:00002de8       ??_C@_0M@FKGOBENP@End?5of?5File@ 000000000002dde8     BasePrintLib:PrintLibInternal.obj
 0002:00002df8       ??_C@_0BB@KFJAMCOC@Invalid?5Language@ 000000000002ddf8     BasePrintLib:PrintLibInternal.obj
 0002:00002e10       ??_C@_0BB@MFGDFIJM@Compromised?5Data@ 000000000002de10     BasePrintLib:PrintLibInternal.obj
 0002:00002e28       ??_C@_0DH@DJIHJFON@c?3?2edk2?2MdePkg?2Library?2BasePrin@ 000000000002de28     BasePrintLib:PrintLibInternal.obj
 0002:00002e60       ??_C@_0EB@HDGIDCIO@?$CIBufferSize?5?$DM?$DN?5?$CI_gPcd_FixedAtBu@ 000000000002de60     BasePrintLib:PrintLibInternal.obj
 0002:00002eb0       ??_C@_0FJ@HAEMOBLP@?$CIBufferSize?5?$DM?$DN?5?$CI_gPcd_FixedAtBu@ 000000000002deb0     BasePrintLib:PrintLibInternal.obj
 0002:00002f10       ??_C@_0N@PNKFBKME@?$CIWidth?5?$DM?538?$CJ@ 000000000002df10     BasePrintLib:PrintLibInternal.obj
 0002:00002f20       ??_C@_0CI@HPJOGFNE@?$CIBufferSize?5?$DO?$DN?5?$CIWidth?5?$CL?51?$CJ?5?$CK?5In@ 000000000002df20     BasePrintLib:PrintLibInternal.obj
 0002:00002f48       ??_C@_0BJ@PPAKKDJG@?$CIFormat?5?$CB?$DN?5?$CI?$CIvoid?5?$CK?$CJ?50?$CJ?$CJ@ 000000000002df48     BasePrintLib:PrintLibInternal.obj
 0002:00002f70       ??_C@_0ED@LPDDCECB@?$CIBufferSize?5?$DM?$DN?5?$CI_gPcd_FixedAtBu@ 000000000002df70     BasePrintLib:PrintLibInternal.obj
 0002:00002fc0       ??_C@_0IM@BFJJFLGB@?$CIStrnLenS?5?$CI?$CICHAR16?5?$CK?$CJFormat?0?5?$CI_@ 000000000002dfc0     BasePrintLib:PrintLibInternal.obj
 0002:00003050       ??_C@_0ID@PLGJGION@?$CIAsciiStrnLenS?5?$CIFormat?0?5?$CI_gPcd_@ 000000000002e050     BasePrintLib:PrintLibInternal.obj
 0002:000030d8       ??_C@_0O@MLOLIMFM@?$DMnull?5string?$DO@ 000000000002e0d8     BasePrintLib:PrintLibInternal.obj
 0002:000030e8       ??_C@_0M@BJJDNPHK@?$DMnull?5guid?$DO@ 000000000002e0e8     BasePrintLib:PrintLibInternal.obj
 0002:000030f8       ??_C@_0DB@PMLHLBMO@?$CF08x?9?$CF04x?9?$CF04x?9?$CF02x?$CF02x?9?$CF02x?$CF02@ 000000000002e0f8     BasePrintLib:PrintLibInternal.obj
 0002:00003130       ??_C@_0M@LHGBCIKM@?$DMnull?5time?$DO@ 000000000002e130     BasePrintLib:PrintLibInternal.obj
 0002:00003140       ??_C@_0BK@FCPKCIDD@?$CF02d?1?$CF02d?1?$CF04d?5?5?$CF02d?3?$CF02d@ 000000000002e140     BasePrintLib:PrintLibInternal.obj
 0002:0000315c       ??_C@_04JIMNDDED@?$CF08X@  000000000002e15c     BasePrintLib:PrintLibInternal.obj
 0002:00003164       ??_C@_02PCIJFNDE@?$AN?6@   000000000002e164     BasePrintLib:PrintLibInternal.obj
 0002:00003168       ??_C@_01LIIJDEN@?$AN@      000000000002e168     BasePrintLib:PrintLibInternal.obj
 0002:00003170       ??_C@_0BE@OBDFIHND@gRT?5?$CB?$DN?5?$CI?$CIvoid?5?$CK?$CJ?50?$CJ@ 000000000002e170     UefiRuntimeServicesTableLib:UefiRuntimeServicesTableLib.obj
 0002:00003190       ??_C@_0FB@NIMBGODD@c?3?2edk2?2MdePkg?2Library?2UefiRunt@ 000000000002e190     UefiRuntimeServicesTableLib:UefiRuntimeServicesTableLib.obj
 0002:000031f0       ??_C@_0EP@BCAOHHL@c?3?2edk2?2MdePkg?2Library?2UefiDevi@ 000000000002e1f0     UefiDevicePathLibDevicePathProtocol:UefiDevicePathLib.obj
 0002:00003240       ??_C@_0DC@CNNBPJA@mDevicePathLibDevicePathUtiliti@ 000000000002e240     UefiDevicePathLibDevicePathProtocol:UefiDevicePathLib.obj
 0002:00003278       ??_C@_0BF@CBLMFKOC@Node?5?$CB?$DN?5?$CI?$CIvoid?5?$CK?$CJ?50?$CJ@ 000000000002e278     UefiDevicePathLibDevicePathProtocol:UefiDevicePathLib.obj
 0002:00003290       ??_C@_0CJ@PFEGNAHL@c?3?2edk2?2MdePkg?2Library?2UefiLib?2@ 000000000002e290     UefiLib:UefiLib.obj
 0002:000032c0       ??_C@_0EG@GOBFPEEP@Name?5?$CB?$DN?5?$CI?$CIvoid?5?$CK?$CJ?50?$CJ?5?$CG?$CG?5Guid?5?$CB?$DN@ 000000000002e2c0     UefiLib:UefiLib.obj
 0002:00003308       ??_C@_0BH@FMEOEIBC@?$CKValue?5?$CB?$DN?5?$CI?$CIvoid?5?$CK?$CJ?50?$CJ@ 000000000002e308     UefiLib:UefiLib.obj
 0002:00003320       ??_C@_0CD@OLFKAJF@SupportedLanguages?5?$CB?$DN?5?$CI?$CIvoid?5?$CK?$CJ@ 000000000002e320     UefiLib:UefiLib.obj
 0002:00003348       ??_C@_0CO@FMCOANKO@c?3?2edk2?2MdePkg?2Library?2UefiLib?2@ 000000000002e348     UefiLib:UefiNotTiano.obj
 0002:00003378       ??_C@_0CB@LNNMJOKK@ReadyToBootEvent?5?$CB?$DN?5?$CI?$CIvoid?5?$CK?$CJ?50@ 000000000002e378     UefiLib:UefiNotTiano.obj
 0002:000033a0       ??_C@_0CH@LOBIJKLE@EFI1?41?5can?8t?5support?5ReadyToBoo@ 000000000002e3a0     UefiLib:UefiNotTiano.obj
 0002:000033c8       ??_C@_0CK@GGFNJPAK@c?3?2edk2?2MdePkg?2Library?2DxeHobLi@ 000000000002e3c8     DxeHobLib:HobLib.obj
 0002:000033f8       ??_C@_0BJ@OBFMLLDO@mHobList?5?$CB?$DN?5?$CI?$CIvoid?5?$CK?$CJ?50?$CJ@ 000000000002e3f8     DxeHobLib:HobLib.obj
 0002:00003418       ??_C@_0BJ@NOLLDKJB@HobStart?5?$CB?$DN?5?$CI?$CIvoid?5?$CK?$CJ?50?$CJ@ 000000000002e418     DxeHobLib:HobLib.obj
 0002:00003438       ??_C@_1BC@DPOIABCP@?$AAE?$AAF?$AAI?$AAD?$AAe?$AAb?$AAu?$AAg@ 000000000002e438     DxeDebugPrintErrorLevelLib:DxeDebugPrintErrorLevelLib.obj
 0002:00003450       ??_C@_0EK@NEAGPEKB@c?3?2edk2?2MdeModulePkg?2Library?2Dx@ 000000000002e450     DxeReportStatusCodeLib:ReportStatusCodeLib.obj
 0002:000034a0       ??_C@_0DN@HHIHPHHB@?$CB?$CI?$CIExtendedData?5?$DN?$DN?5?$CI?$CIvoid?5?$CK?$CJ?50?$CJ@ 000000000002e4a0     DxeReportStatusCodeLib:ReportStatusCodeLib.obj
 0002:000034e0       ??_C@_0DN@BBBIFINB@?$CB?$CI?$CIExtendedData?5?$CB?$DN?5?$CI?$CIvoid?5?$CK?$CJ?50?$CJ@ 000000000002e4e0     DxeReportStatusCodeLib:ReportStatusCodeLib.obj
 0002:00003520       ??_C@_0DI@MIEIGAOH@Status?5code?5extended?5data?5is?5to@ 000000000002e520     DxeReportStatusCodeLib:ReportStatusCodeLib.obj
 0002:00003558       ??_C@_0DE@PLOFBNJA@c?3?2edk2?2MdePkg?2Library?2BaseLib?2@ 000000000002e558     BaseLib:DivU64x32Remainder.obj
 0003:00000000       gEfiLoadedImageProtocolGuid 000000000002f000     HiiDatabase:AutoGen.obj
 0003:00000010       gEfiStatusCodeSpecificDataGuid 000000000002f010     HiiDatabase:AutoGen.obj
 0003:00000020       gEfiGlobalVariableGuid     000000000002f020     HiiDatabase:AutoGen.obj
 0003:00000030       gEfiStatusCodeRuntimeProtocolGuid 000000000002f030     HiiDatabase:AutoGen.obj
 0003:00000040       gEfiGenericVariableGuid    000000000002f040     HiiDatabase:AutoGen.obj
 0003:00000050       gEfiEventReadyToBootGuid   000000000002f050     HiiDatabase:AutoGen.obj
 0003:00000060       gEfiEventLegacyBootGuid    000000000002f060     HiiDatabase:AutoGen.obj
 0003:00000070       gEfiHiiImageDecoderNamePngGuid 000000000002f070     HiiDatabase:AutoGen.obj
 0003:00000080       gPcdProtocolGuid           000000000002f080     HiiDatabase:AutoGen.obj
 0003:00000090       gEfiConfigKeywordHandlerProtocolGuid 000000000002f090     HiiDatabase:AutoGen.obj
 0003:000000a0       gEfiHiiImageExProtocolGuid 000000000002f0a0     HiiDatabase:AutoGen.obj
 0003:000000b0       gEfiGetPcdInfoProtocolGuid 000000000002f0b0     HiiDatabase:AutoGen.obj
 0003:000000c0       gEfiDevicePathProtocolGuid 000000000002f0c0     HiiDatabase:AutoGen.obj
 0003:000000d0       gEfiDevicePathToTextProtocolGuid 000000000002f0d0     HiiDatabase:AutoGen.obj
 0003:000000e0       gEfiHiiConfigRoutingProtocolGuid 000000000002f0e0     HiiDatabase:AutoGen.obj
 0003:000000f0       gEfiPcdProtocolGuid        000000000002f0f0     HiiDatabase:AutoGen.obj
 0003:00000100       gEfiStatusCodeDataTypeDebugGuid 000000000002f100     HiiDatabase:AutoGen.obj
 0003:00000110       gEfiHiiImageProtocolGuid   000000000002f110     HiiDatabase:AutoGen.obj
 0003:00000120       gEfiDevicePathUtilitiesProtocolGuid 000000000002f120     HiiDatabase:AutoGen.obj
 0003:00000130       gEfiDevicePathFromTextProtocolGuid 000000000002f130     HiiDatabase:AutoGen.obj
 0003:00000140       gEfiHiiDatabaseProtocolGuid 000000000002f140     HiiDatabase:AutoGen.obj
 0003:00000150       gEfiHiiStringProtocolGuid  000000000002f150     HiiDatabase:AutoGen.obj
 0003:00000160       gEfiHiiKeyBoardLayoutGuid  000000000002f160     HiiDatabase:AutoGen.obj
 0003:00000170       gEfiMdeModulePkgTokenSpaceGuid 000000000002f170     HiiDatabase:AutoGen.obj
 0003:00000180       gEfiHiiConfigAccessProtocolGuid 000000000002f180     HiiDatabase:AutoGen.obj
 0003:00000190       gEfiHobListGuid            000000000002f190     HiiDatabase:AutoGen.obj
 0003:000001a0       gEfiHiiImageDecoderProtocolGuid 000000000002f1a0     HiiDatabase:AutoGen.obj
 0003:000001b0       gEfiDebugMaskProtocolGuid  000000000002f1b0     HiiDatabase:AutoGen.obj
 0003:000001c0       gEfiHiiImageDecoderNameJpegGuid 000000000002f1c0     HiiDatabase:AutoGen.obj
 0003:000001d0       gEdkiiIfrBitVarstoreGuid   000000000002f1d0     HiiDatabase:AutoGen.obj
 0003:000001e0       gEfiCallerIdGuid           000000000002f1e0     HiiDatabase:AutoGen.obj
 0003:000001f0       gGetPcdInfoProtocolGuid    000000000002f1f0     HiiDatabase:AutoGen.obj
 0003:00000200       gEfiHiiFontProtocolGuid    000000000002f200     HiiDatabase:AutoGen.obj
 0003:00000210       mPrivate                   000000000002f210     HiiDatabase:HiiDatabaseEntry.obj
 0003:000003b8       mLanguageWindow            000000000002f3b8     HiiDatabase:String.obj
 0003:000003d8       gSkuId                     000000000002f3d8     HiiDatabase:Database.obj
 0003:000003e0       gVarStorageList            000000000002f3e0     HiiDatabase:Database.obj
 0003:000003f0       gExportConfigResp          000000000002f3f0     HiiDatabase:Database.obj
 0003:000003f8       mDebugMaskProtocol         000000000002f3f8     DxeDebugPrintErrorLevelLib:DxeDebugPrintErrorLevelLib.obj
 0003:00000410       gExportAfterReadyToBoot    000000000002f410     HiiDatabase:HiiDatabaseEntry.obj
 0003:00000411       mGlobalErrorLevelInitialized 000000000002f411     DxeDebugPrintErrorLevelLib:DxeDebugPrintErrorLevelLib.obj
 0003:00000418       gRTDatabaseInfoBuffer      000000000002f418     HiiDatabase:Database.obj
 0003:00000420       gDatabaseInfoSize          000000000002f420     HiiDatabase:Database.obj
 0003:00000428       gNvDefaultStoreSize        000000000002f428     HiiDatabase:Database.obj
 0003:00000430       gConfigRespSize            000000000002f430     HiiDatabase:Database.obj
 0003:00000438       gRTConfigRespBuffer        000000000002f438     HiiDatabase:Database.obj
 0003:00000440       mPiPcdInfo                 000000000002f440     DxePcdLib:DxePcdLib.obj
 0003:00000448       mPiPcd                     000000000002f448     DxePcdLib:DxePcdLib.obj
 0003:00000450       mPcdInfo                   000000000002f450     DxePcdLib:DxePcdLib.obj
 0003:00000458       mPcd                       000000000002f458     DxePcdLib:DxePcdLib.obj
 0003:00000460       gST                        000000000002f460     UefiBootServicesTableLib:UefiBootServicesTableLib.obj
 0003:00000468       gBS                        000000000002f468     UefiBootServicesTableLib:UefiBootServicesTableLib.obj
 0003:00000470       gImageHandle               000000000002f470     UefiBootServicesTableLib:UefiBootServicesTableLib.obj
 0003:00000478       gRT                        000000000002f478     UefiRuntimeServicesTableLib:UefiRuntimeServicesTableLib.obj
 0003:00000480       mDevicePathLibDevicePathUtilities 000000000002f480     UefiDevicePathLibDevicePathProtocol:UefiDevicePathLib.obj
 0003:00000488       mHobList                   000000000002f488     DxeHobLib:HobLib.obj
 0003:00000490       mSystemTable               000000000002f490     DxeDebugPrintErrorLevelLib:DxeDebugPrintErrorLevelLib.obj
 0003:00000498       mDebugPrintErrorLevel      000000000002f498     DxeDebugPrintErrorLevelLib:DxeDebugPrintErrorLevelLib.obj
 0003:000004a0       mReportStatusCodeLibStatusCodeProtocol 000000000002f4a0     DxeReportStatusCodeLib:ReportStatusCodeLib.obj
 0003:000004a8       gHiiKeyboardLayoutChanged  000000000002f4a8     <common>

 entry point at        0001:00000124

 Static symbols

 0000:fffdc000       .debug$S                   0000000000010000     HiiDatabase.exp
 0001:0000001a       InternalMemCopyMem.0       000000000001101a     BaseMemoryLibOptDxe:CopyMem.obj
 0001:00000032       InternalMemCopyMem.1       0000000000011032     BaseMemoryLibOptDxe:CopyMem.obj
 0001:00000045       InternalMemCopyMem.2       0000000000011045     BaseMemoryLibOptDxe:CopyMem.obj
 0001:00000062       @CopyBackward              0000000000011062     BaseMemoryLibOptDxe:CopyMem.obj
 0001:0000006b       @CopyBytes                 000000000001106b     BaseMemoryLibOptDxe:CopyMem.obj
 0004:00000000       .edata                     0000000000030000     HiiDatabase.exp
 0004:00000028       rgpv                       0000000000030028     HiiDatabase.exp
 0004:0000002c       rgszName                   000000000003002c     HiiDatabase.exp
 0004:00000030       rgwOrd                     0000000000030030     HiiDatabase.exp
 0004:00000032       szName                     0000000000030032     HiiDatabase.exp
 0004:00000042       $N00001                    0000000000030042     HiiDatabase.exp
 0005:00000000       $pdata$_ModuleEntryPoint   0000000000031000     UefiDriverEntryPoint:DriverEntryPoint.obj
 0005:0000000c       $pdata$ProcessLibraryDestructorList 000000000003100c     HiiDatabase:AutoGen.obj
 0005:00000018       $pdata$ProcessLibraryConstructorList 0000000000031018     HiiDatabase:AutoGen.obj
 0005:00000024       $pdata$OnReadyToBoot       0000000000031024     HiiDatabase:HiiDatabaseEntry.obj
 0005:00000030       $pdata$InitializeHiiDatabase 0000000000031030     HiiDatabase:HiiDatabaseEntry.obj
 0005:0000003c       $pdata$ConfigRequestValidate 000000000003103c     HiiDatabase:ConfigRouting.obj
 0005:00000048       $pdata$OffsetWidthValidate 0000000000031048     HiiDatabase:ConfigRouting.obj
 0005:00000054       $pdata$RouteConfigRespForEfiVarStore 0000000000031054     HiiDatabase:ConfigRouting.obj
 0005:00000060       $pdata$GetConfigRespFromEfiVarStore 0000000000031060     HiiDatabase:ConfigRouting.obj
 0005:0000006c       $pdata$GetFullStringFromHiiFormPackages 000000000003106c     HiiDatabase:ConfigRouting.obj
 0005:00000078       $pdata$GenerateAltConfigResp 0000000000031078     HiiDatabase:ConfigRouting.obj
 0005:00000084       $pdata$UpdateBlockDataArray 0000000000031084     HiiDatabase:ConfigRouting.obj
 0005:00000090       $pdata$GenerateHdr         0000000000031090     HiiDatabase:ConfigRouting.obj
 0005:0000009c       $pdata$GenerateConfigRequest 000000000003109c     HiiDatabase:ConfigRouting.obj
 0005:000000a8       $pdata$GetNameElement      00000000000310a8     HiiDatabase:ConfigRouting.obj
 0005:000000b4       $pdata$GetBlockElement     00000000000310b4     HiiDatabase:ConfigRouting.obj
 0005:000000c0       $pdata$ParseIfrData        00000000000310c0     HiiDatabase:ConfigRouting.obj
 0005:000000cc       $pdata$IsThisOpcodeRequired 00000000000310cc     HiiDatabase:ConfigRouting.obj
 0005:000000d8       $pdata$IsThisPackageList   00000000000310d8     HiiDatabase:ConfigRouting.obj
 0005:000000e4       $pdata$IsThisVarstore      00000000000310e4     HiiDatabase:ConfigRouting.obj
 0005:000000f0       $pdata$GetElementsFromRequest 00000000000310f0     HiiDatabase:ConfigRouting.obj
 0005:000000fc       $pdata$GetVarStoreType     00000000000310fc     HiiDatabase:ConfigRouting.obj
 0005:00000108       $pdata$GetFormPackageData  0000000000031108     HiiDatabase:ConfigRouting.obj
 0005:00000114       $pdata$BlockArrayCheck     0000000000031114     HiiDatabase:ConfigRouting.obj
 0005:00000120       $pdata$InternalGetString   0000000000031120     HiiDatabase:ConfigRouting.obj
 0005:0000012c       $pdata$GetSupportedLanguages 000000000003112c     HiiDatabase:ConfigRouting.obj
 0005:00000138       $pdata$InsertBlockData     0000000000031138     HiiDatabase:ConfigRouting.obj
[...]
 0006:0000002c       $unwind$OnReadyToBoot      000000000003202c     HiiDatabase:HiiDatabaseEntry.obj
 0006:0000002c       $unwind$IsDevicePathEndType 000000000003202c     UefiDevicePathLibDevicePathProtocol:UefiDevicePathLib.obj
 0006:0000002c       $unwind$GetNextHob         000000000003202c     DxeHobLib:HobLib.obj
 0006:0000002c       $unwind$InternalAllocateZeroPool 000000000003202c     UefiMemoryAllocationLib:MemoryAllocationLib.obj
 0006:0000002c       $unwind$DevicePathNodeLength 000000000003202c     UefiDevicePathLibDevicePathProtocol:UefiDevicePathLib.obj
 0006:0000002c       $unwind$RemoveEntryList    000000000003202c     BaseLib:LinkedList.obj
 0006:0000002c       $unwind$ReadUnaligned32    000000000003202c     BaseLib:Unaligned.obj
 0006:0000002c       $unwind$IsListEmpty        000000000003202c     BaseLib:LinkedList.obj
 0006:0000002c       $unwind$InitializeListHead 000000000003202c     BaseLib:LinkedList.obj
 0006:0000002c       $unwind$CalculateConfigStringLen 000000000003202c     HiiDatabase:ConfigRouting.obj
 0006:0000002c       $unwind$NextDevicePathNode 000000000003202c     UefiDevicePathLibDevicePathProtocol:UefiDevicePathLib.obj
 0006:0000002c       $unwind$GetElementsFromRequest 000000000003202c     HiiDatabase:ConfigRouting.obj
 0006:00000034       $unwind$InitializeHiiDatabase 0000000000032034     HiiDatabase:HiiDatabaseEntry.obj
 0006:00000044       $unwind$GetDevicePath      0000000000032044     HiiDatabase:ConfigRouting.obj
 0006:0000005c       $unwind$HiiGetDatabaseInfo 000000000003205c     HiiDatabase:Database.obj
 0006:0000005c       $unwind$AsciiStrCmp        000000000003205c     BaseLib:String.obj
 0006:0000005c       $unwind$AsciiStrLen        000000000003205c     BaseLib:String.obj
 0006:0000005c       $unwind$IsDevicePathEnd    000000000003205c     UefiDevicePathLibDevicePathProtocol:UefiDevicePathLib.obj
 0006:0000005c       $unwind$InsertTailList     000000000003205c     BaseLib:LinkedList.obj
 0006:0000005c       $unwind$InternalBaseLibIsListValid 000000000003205c     BaseLib:LinkedList.obj
 0006:0000005c       $unwind$StrnLenS           000000000003205c     BaseLib:SafeString.obj
 0006:0000005c       $unwind$GetSupportedLanguages 000000000003205c     HiiDatabase:ConfigRouting.obj
 0006:0000005c       $unwind$RShiftU64          000000000003205c     BaseLib:RShiftU64.obj
 0006:0000005c       $unwind$LShiftU64          000000000003205c     BaseLib:LShiftU64.obj
 0006:0000005c       $unwind$WriteUnaligned16   000000000003205c     BaseLib:Unaligned.obj
 0006:0000005c       $unwind$InsertBlockData    000000000003205c     HiiDatabase:ConfigRouting.obj
 0006:0000005c       $unwind$ZeroMem            000000000003205c     BaseMemoryLibOptDxe:ZeroMemWrapper.obj
 0006:0000005c       $unwind$HiiToLower         000000000003205c     HiiDatabase:ConfigRouting.obj
 0006:00000068       $unwind$FindQuestionDefaultSetting 0000000000032068     HiiDatabase:Database.obj
 0006:00000068       $unwind$GenerateSubStr     0000000000032068     HiiDatabase:ConfigRouting.obj
 0006:00000068       $unwind$RemoveFontPackages 0000000000032068     HiiDatabase:Database.obj
 0006:00000068       $unwind$GenerateConfigRequest 0000000000032068     HiiDatabase:ConfigRouting.obj
 0006:00000084       $unwind$CompareGuid        0000000000032084     BaseMemoryLibOptDxe:MemLibGuid.obj
 0006:00000084       $unwind$ConvertToUnicodeText 0000000000032084     HiiDatabase:String.obj
 0006:00000084       $unwind$OutputConfigBody   0000000000032084     HiiDatabase:ConfigRouting.obj
 0006:00000084       $unwind$InternalReallocatePool 0000000000032084     UefiMemoryAllocationLib:MemoryAllocationLib.obj
 0006:00000084       $unwind$AppendToMultiString 0000000000032084     HiiDatabase:ConfigRouting.obj
 0006:00000084       $unwind$StrnCmp            0000000000032084     BaseLib:String.obj
 0006:00000084       $unwind$HiiNewImageEx      0000000000032084     HiiDatabase:ImageEx.obj
 0006:00000084       $unwind$CompareMem         0000000000032084     BaseMemoryLibOptDxe:CompareMemWrapper.obj
 0006:00000084       $unwind$HiiCompareLanguage 0000000000032084     HiiDatabase:String.obj
 0006:00000084       $unwind$BasePrintLibValueToString 0000000000032084     BasePrintLib:PrintLibInternal.obj
 0006:00000084       $unwind$CopyMem            0000000000032084     BaseMemoryLibOptDxe:CopyMemWrapper.obj
 0006:00000084       $unwind$InternalBaseLibBitFieldOrUint 0000000000032084     BaseLib:BitField.obj
 0006:00000084       $unwind$GetWidth           0000000000032084     HiiDatabase:ConfigKeywordHandler.obj
 0006:00000084       $unwind$BitFieldWrite32    0000000000032084     BaseLib:BitField.obj
 0006:00000084       $unwind$ConfigRequestValidate 0000000000032084     HiiDatabase:ConfigRouting.obj
 0006:00000084       $unwind$AsciiStrCpyS       0000000000032084     BaseLib:SafeString.obj
 0006:00000084       $unwind$OffsetWidthValidate 0000000000032084     HiiDatabase:ConfigRouting.obj
 0006:00000084       $unwind$GetCell            0000000000032084     HiiDatabase:Font.obj
 0006:00000084       $unwind$HiiSetImageEx      0000000000032084     HiiDatabase:ImageEx.obj
 0006:00000098       $unwind$GetValueOfNumber   0000000000032098     HiiDatabase:ConfigRouting.obj
 0006:000000b0       $unwind$CompareBlockElementDefault 00000000000320b0     HiiDatabase:ConfigRouting.obj
 0006:000000c8       $unwind$CompareNameElementDefault 00000000000320c8     HiiDatabase:ConfigRouting.obj
 0006:000000e0       $unwind$CompareAndMergeDefaultString 00000000000320e0     HiiDatabase:ConfigRouting.obj
 0006:000000f8       $unwind$MergeDefaultString 00000000000320f8     HiiDatabase:ConfigRouting.obj
 0006:00000110       $unwind$InternalGetString  0000000000032110     HiiDatabase:ConfigRouting.obj
 0006:00000124       $unwind$StrnCpyS           0000000000032124     BaseLib:SafeString.obj
 0006:00000124       $unwind$HiiRegisterPackageNotify 0000000000032124     HiiDatabase:Database.obj
 0006:00000124       $unwind$StrCatS            0000000000032124     BaseLib:SafeString.obj
 0006:00000124       $unwind$GetStringIdFromRecord 0000000000032124     HiiDatabase:ConfigKeywordHandler.obj
 0006:00000124       $unwind$BlockArrayCheck    0000000000032124     HiiDatabase:ConfigRouting.obj
 0006:00000124       $unwind$HiiNewImage        0000000000032124     HiiDatabase:Image.obj
 0006:00000140       $unwind$GetFormPackageData 0000000000032140     HiiDatabase:ConfigRouting.obj
 0006:00000154       $unwind$GetVarStoreType    0000000000032154     HiiDatabase:ConfigRouting.obj
 0006:0000016c       $unwind$IsThisVarstore     000000000003216c     HiiDatabase:ConfigRouting.obj
 0006:00000180       $unwind$IsThisPackageList  0000000000032180     HiiDatabase:ConfigRouting.obj
 0006:00000198       $unwind$IsThisOpcodeRequired 0000000000032198     HiiDatabase:ConfigRouting.obj
 0006:00000198       $unwind$RouteConfigRespForEfiVarStore 0000000000032198     HiiDatabase:ConfigRouting.obj
 0006:000001b0       $unwind$ParseIfrData       00000000000321b0     HiiDatabase:ConfigRouting.obj
 0006:000001c8       $unwind$GetBlockElement    00000000000321c8     HiiDatabase:ConfigRouting.obj
 0006:000001e0       $unwind$GetNameElement     00000000000321e0     HiiDatabase:ConfigRouting.obj
 0006:000001e0       $unwind$HiiUpdatePackageList 00000000000321e0     HiiDatabase:Database.obj
 0006:000001fc       $unwind$GenerateHdr        00000000000321fc     HiiDatabase:ConfigRouting.obj
 0006:00000210       $unwind$StrnCatS           0000000000032210     BaseLib:SafeString.obj
 0006:00000210       $unwind$GetImageIdOrAddress 0000000000032210     HiiDatabase:Image.obj
 0006:00000210       $unwind$UpdateBlockDataArray 0000000000032210     HiiDatabase:ConfigRouting.obj
 0006:00000210       $unwind$NarrowGlyphToBlt   0000000000032210     HiiDatabase:Font.obj
 0006:0000022c       $unwind$GenerateAltConfigResp 000000000003222c     HiiDatabase:ConfigRouting.obj
 0006:00000244       $unwind$GetFullStringFromHiiFormPackages 0000000000032244     HiiDatabase:ConfigRouting.obj
 0006:0000025c       $unwind$GetConfigRespFromEfiVarStore 000000000003225c     HiiDatabase:ConfigRouting.obj
 0006:00000274       $unwind$HiiConfigRoutingExtractConfig 0000000000032274     HiiDatabase:ConfigRouting.obj
 0006:0000028c       $unwind$HiiConfigRoutingExportConfig 000000000003228c     HiiDatabase:ConfigRouting.obj
 0006:000002a4       $unwind$HiiConfigRoutingRouteConfig 00000000000322a4     HiiDatabase:ConfigRouting.obj
 0006:000002bc       $unwind$HiiBlockToConfig   00000000000322bc     HiiDatabase:ConfigRouting.obj
 0006:000002d4       $unwind$HiiGetAltCfg       00000000000322d4     HiiDatabase:ConfigRouting.obj
 0006:000002d4       $unwind$HiiConfigToBlock   00000000000322d4     HiiDatabase:ConfigRouting.obj
 0006:000002ec       $unwind$ReferFontInfoLocally 00000000000322ec     HiiDatabase:String.obj
 0006:00000308       $unwind$AsciiStrToUnicodeStrS 0000000000032308     BaseLib:SafeString.obj
 0006:00000308       $unwind$GetUnicodeStringTextAndSize 0000000000032308     HiiDatabase:ConfigKeywordHandler.obj
 0006:00000308       $unwind$ExtractValue       0000000000032308     HiiDatabase:ConfigKeywordHandler.obj
 0006:00000308       $unwind$ExtractKeyword     0000000000032308     HiiDatabase:ConfigKeywordHandler.obj
 0006:00000308       $unwind$ExtractNameSpace   0000000000032308     HiiDatabase:ConfigKeywordHandler.obj
 0006:00000308       $unwind$HiiRemovePackageList 0000000000032308     HiiDatabase:Database.obj
 0006:00000308       $unwind$GetUnicodeStringTextOrSize 0000000000032308     HiiDatabase:String.obj
 0006:00000308       $unwind$StrCpyS            0000000000032308     BaseLib:SafeString.obj
 0006:00000308       $unwind$HiiGetLanguages    0000000000032308     HiiDatabase:String.obj
 0006:00000308       $unwind$HiiGetSecondaryLanguages 0000000000032308     HiiDatabase:String.obj
 0006:00000308       $unwind$UnicodeStrToAsciiStrS 0000000000032308     BaseLib:SafeString.obj
 0006:00000308       $unwind$GetSystemFont      0000000000032308     HiiDatabase:Font.obj
 0006:00000320       $unwind$GetStringFontInfo  0000000000032320     HiiDatabase:String.obj
 0006:00000320       $unwind$NewCell            0000000000032320     HiiDatabase:Font.obj
 0006:00000320       $unwind$ExtractFilter      0000000000032320     HiiDatabase:ConfigKeywordHandler.obj
 0006:00000320       $unwind$GetRecordFromDevicePath 0000000000032320     HiiDatabase:ConfigKeywordHandler.obj
 0006:00000338       $unwind$FindStringBlock    0000000000032338     HiiDatabase:String.obj
 0006:00000350       $unwind$GetStringWorker    0000000000032350     HiiDatabase:String.obj
 0006:00000364       $unwind$InsertLackStringBlock 0000000000032364     HiiDatabase:String.obj
 0006:0000037c       $unwind$SetStringWorker    000000000003237c     HiiDatabase:String.obj
 0006:00000398       $unwind$HiiNewString       0000000000032398     HiiDatabase:String.obj
 0006:000003b0       $unwind$HiiGetString       00000000000323b0     HiiDatabase:String.obj
 0006:000003c8       $unwind$HiiSetString       00000000000323c8     HiiDatabase:String.obj
 0006:000003e4       $unwind$GetGlyphBuffer     00000000000323e4     HiiDatabase:Font.obj
 0006:00000400       $unwind$GlyphToBlt         0000000000032400     HiiDatabase:Font.obj
 0006:0000041c       $unwind$GlyphToImage       000000000003241c     HiiDatabase:Font.obj
 0006:00000438       $unwind$FindGlyphBlock     0000000000032438     HiiDatabase:Font.obj
 0006:00000450       $unwind$IsSystemFontInfo   0000000000032450     HiiDatabase:Font.obj
 0006:00000468       $unwind$IsFontInfoExisted  0000000000032468     HiiDatabase:Font.obj
 0006:00000468       $unwind$HiiFindKeyboardLayouts 0000000000032468     HiiDatabase:Database.obj
 0006:00000480       $unwind$HiiStringToImage   0000000000032480     HiiDatabase:Font.obj
 0006:0000049c       $unwind$HiiStringIdToImage 000000000003249c     HiiDatabase:Font.obj
 0006:000004b4       $unwind$HiiGetGlyph        00000000000324b4     HiiDatabase:Font.obj
 0006:000004b4       $unwind$EfiConfigKeywordHandlerSetData 00000000000324b4     HiiDatabase:ConfigKeywordHandler.obj
 0006:000004d0       $unwind$HiiGetFontInfo     00000000000324d0     HiiDatabase:Font.obj
 0006:000004e8       $unwind$HiiDrawImageEx     00000000000324e8     HiiDatabase:ImageEx.obj
 0006:000004e8       $unwind$AddDevicePathPackage 00000000000324e8     HiiDatabase:Database.obj
 0006:000004e8       $unwind$HiiGetImageEx      00000000000324e8     HiiDatabase:ImageEx.obj
 0006:000004e8       $unwind$ConstructRequestElement 00000000000324e8     HiiDatabase:ConfigKeywordHandler.obj
 0006:000004e8       $unwind$HiiGetImage        00000000000324e8     HiiDatabase:Image.obj
 0006:000004e8       $unwind$ExportImagePackages 00000000000324e8     HiiDatabase:Database.obj
 0006:000004fc       $unwind$HiiDrawImageId     00000000000324fc     HiiDatabase:Image.obj
 0006:000004fc       $unwind$HiiDrawImageIdEx   00000000000324fc     HiiDatabase:ImageEx.obj
 0006:0000050c       $unwind$LocateHiiImageDecoder 000000000003250c     HiiDatabase:ImageEx.obj
 0006:00000520       $unwind$HiiGetImageInfo    0000000000032520     HiiDatabase:ImageEx.obj
 0006:00000530       $unwind$Output1bitPixel    0000000000032530     HiiDatabase:Image.obj
 0006:00000548       $unwind$Output4bitPixel    0000000000032548     HiiDatabase:Image.obj
 0006:00000564       $unwind$Output8bitPixel    0000000000032564     HiiDatabase:Image.obj
 0006:00000580       $unwind$ImageToBlt         0000000000032580     HiiDatabase:Image.obj
 0006:00000598       $unwind$IGetImage          0000000000032598     HiiDatabase:Image.obj
 0006:000005b0       $unwind$HiiSetImage        00000000000325b0     HiiDatabase:Image.obj
 0006:000005c8       $unwind$HiiDrawImage       00000000000325c8     HiiDatabase:Image.obj
 0006:000005e4       $unwind$ExtractDevicePath  00000000000325e4     HiiDatabase:ConfigKeywordHandler.obj
 0006:000005e4       $unwind$HiiSetKeyboardLayout 00000000000325e4     HiiDatabase:Database.obj
 0006:000005fc       $unwind$ValidateFilter     00000000000325fc     HiiDatabase:ConfigKeywordHandler.obj
 0006:00000610       $unwind$GetStringIdFromString 0000000000032610     HiiDatabase:ConfigKeywordHandler.obj
 0006:00000628       $unwind$GetNextStringId    0000000000032628     HiiDatabase:ConfigKeywordHandler.obj
 0006:00000640       $unwind$ConstructConfigHdr 0000000000032640     HiiDatabase:ConfigKeywordHandler.obj
 0006:0000065c       $unwind$GetNameFromId      000000000003265c     HiiDatabase:ConfigKeywordHandler.obj
 0006:0000066c       $unwind$ExtractConfigResp  000000000003266c     HiiDatabase:ConfigKeywordHandler.obj
 0006:0000066c       $unwind$ExtractConfigRequest 000000000003266c     HiiDatabase:ConfigKeywordHandler.obj
 0006:00000684       $unwind$ExtractValueFromDriver 0000000000032684     HiiDatabase:ConfigKeywordHandler.obj
 0006:00000694       $unwind$GetStringIdFromDatabase 0000000000032694     HiiDatabase:ConfigKeywordHandler.obj
 0006:000006ac       $unwind$GenerateKeywordResp 00000000000326ac     HiiDatabase:ConfigKeywordHandler.obj
 0006:000006c8       $unwind$HiiGetPackageListHandle 00000000000326c8     HiiDatabase:Database.obj
 0006:000006c8       $unwind$GenerateHiiDatabaseRecord 00000000000326c8     HiiDatabase:Database.obj
 0006:000006c8       $unwind$MergeToMultiKeywordResp 00000000000326c8     HiiDatabase:ConfigKeywordHandler.obj
 0006:000006dc       $unwind$EnumerateAllKeywords 00000000000326dc     HiiDatabase:ConfigKeywordHandler.obj
 0006:000006f4       $unwind$EfiConfigKeywordHandlerGetData 00000000000326f4     HiiDatabase:ConfigKeywordHandler.obj
 0006:00000710       $unwind$InvokeRegisteredFunction 0000000000032710     HiiDatabase:Database.obj
 0006:00000728       $unwind$ExportFontPackages 0000000000032728     HiiDatabase:Database.obj
 0006:00000728       $unwind$ExportSimpleFontPackages 0000000000032728     HiiDatabase:Database.obj
 0006:00000728       $unwind$ExportGuidPackages 0000000000032728     HiiDatabase:Database.obj
 0006:00000728       $unwind$ExportStringPackages 0000000000032728     HiiDatabase:Database.obj
 0006:00000740       $unwind$RemoveKeyboardLayoutPackages 0000000000032740     HiiDatabase:Database.obj
 0006:00000740       $unwind$RemoveGuidPackages 0000000000032740     HiiDatabase:Database.obj
 0006:00000754       $unwind$UpdateDefaultSettingInFormPackage 0000000000032754     HiiDatabase:Database.obj
 0006:00000770       $unwind$ExportFormPackages 0000000000032770     HiiDatabase:Database.obj
 0006:00000784       $unwind$InternalReportStatusCode 0000000000032784     DxeReportStatusCodeLib:ReportStatusCodeLib.obj
 0006:00000784       $unwind$RemoveFormPackages 0000000000032784     HiiDatabase:Database.obj
 0006:00000784       $unwind$RemoveSimpleFontPackages 0000000000032784     HiiDatabase:Database.obj
 0006:0000079c       $unwind$InsertStringPackage 000000000003279c     HiiDatabase:Database.obj
 0006:000007b4       $unwind$AdjustStringPackage 00000000000327b4     HiiDatabase:Database.obj
 0006:000007cc       $unwind$RemoveStringPackages 00000000000327cc     HiiDatabase:Database.obj
 0006:000007e8       $unwind$InsertFontPackage  00000000000327e8     HiiDatabase:Database.obj
 0006:00000804       $unwind$RemoveDevicePathPackage 0000000000032804     HiiDatabase:Database.obj
 0006:00000804       $unwind$RemoveImagePackages 0000000000032804     HiiDatabase:Database.obj
 0006:00000810       $unwind$InsertDevicePathPackage 0000000000032810     HiiDatabase:Database.obj
 0006:00000824       $unwind$ExportDevicePathPackage 0000000000032824     HiiDatabase:Database.obj
 0006:0000083c       $unwind$ExportKeyboardLayoutPackages 000000000003283c     HiiDatabase:Database.obj
 0006:00000850       $unwind$AddPackages        0000000000032850     HiiDatabase:Database.obj
 0006:00000868       $unwind$ExportPackageList  0000000000032868     HiiDatabase:Database.obj
 0006:00000884       $unwind$HiiNewPackageList  0000000000032884     HiiDatabase:Database.obj
 0006:000008a0       $unwind$HiiListPackageLists 00000000000328a0     HiiDatabase:Database.obj
 0006:000008b8       $unwind$HiiExportPackageLists 00000000000328b8     HiiDatabase:Database.obj
 0006:000008d0       $unwind$HiiUnregisterPackageNotify 00000000000328d0     HiiDatabase:Database.obj
 0006:000008e4       $unwind$HiiGetKeyboardLayout 00000000000328e4     HiiDatabase:Database.obj
 0006:000008fc       $unwind$DebugPrint         00000000000328fc     PeiDxeDebugLibReportStatusCode:DebugLib.obj
 0006:0000090c       $unwind$DebugAssert        000000000003290c     PeiDxeDebugLibReportStatusCode:DebugLib.obj
 0006:00000928       $unwind$StrHexToUint64     0000000000032928     BaseLib:String.obj
 0006:00000934       $unwind$UnicodeSPrint      0000000000032934     BasePrintLib:PrintLib.obj
 0006:00000940       $unwind$UnicodeValueToStringS 0000000000032940     BasePrintLib:PrintLib.obj
 0006:00000950       $unwind$BasePrintLibConvertValueToStringS 0000000000032950     BasePrintLib:PrintLibInternal.obj
 0006:00000968       $unwind$BasePrintLibSPrintMarker 0000000000032968     BasePrintLib:PrintLibInternal.obj
 0006:00000984       $unwind$BasePrintLibSPrint 0000000000032984     BasePrintLib:PrintLibInternal.obj
 0006:0000098c       $unwind$GetEfiGlobalVariable2 000000000003298c     UefiLib:UefiLib.obj
 0006:00000998       $unwind$GetBestLanguage    0000000000032998     UefiLib:UefiLib.obj
 0006:000009ac       $unwind$GetDebugPrintErrorLevel 00000000000329ac     DxeDebugPrintErrorLevelLib:DxeDebugPrintErrorLevelLib.obj
 0006:000009ac       $unwind$EfiCreateEventReadyToBootEx 00000000000329ac     UefiLib:UefiNotTiano.obj
 0006:000009b4       $unwind$ReportStatusCodeEx 00000000000329b4     DxeReportStatusCodeLib:ReportStatusCodeLib.obj
