 FaultTolerantWritePei

 Timestamp is 5c19ca8d (Wed Dec 19 12:35:25 2018)

 Preferred load address is 0000000000010000

 Start         Length     Name                   Class
 0001:00000000 000000a4H .text                   CODE
 0001:000000a4 00001f4eH .text$mn                CODE
 0002:00000000 000010a4H .rdata                  DATA
 0002:000010a4 00000158H .rdata$zzzdbg           DATA
 0003:00000000 00000128H .data                   DATA
 0003:00000128 00000020H .bss                    DATA
 0004:00000000 0000005dH .edata                  DATA
 0005:00000000 00000114H .pdata                  DATA
 0006:00000000 00000100H .xdata                  DATA

  Address         Publics by Value              Rva+Base               Lib:Object

 0000:00000000       __dynamic_value_reloc_table 0000000000000000     <absolute>
 0000:00000000       __guard_longjmp_count      0000000000000000     <absolute>
 0000:00000000       __guard_longjmp_table      0000000000000000     <absolute>
 0000:00000000       __guard_fids_count         0000000000000000     <absolute>
 0000:00000000       __hybrid_code_map          0000000000000000     <absolute>
 0000:00000000       __guard_iat_table          0000000000000000     <absolute>
 0000:00000000       __guard_iat_count          0000000000000000     <absolute>
 0000:00000000       __hybrid_auxiliary_iat     0000000000000000     <absolute>
 0000:00000000       __volatile_metadata        0000000000000000     <absolute>
 0000:00000000       __hybrid_code_map_count    0000000000000000     <absolute>
 0000:00000000       __enclave_config           0000000000000000     <absolute>
 0000:00000000       __guard_fids_table         0000000000000000     <absolute>
 0000:00000100       __guard_flags              0000000000000100     <absolute>
 0001:00000000       InternalMemCopyMem         0000000000011000     BaseMemoryLibOptPei:CopyMem.obj
 0001:00000040       InternalMemZeroMem         0000000000011040     BaseMemoryLibOptPei:ZeroMem.obj
 0001:00000060       InternalMemSetMem          0000000000011060     BaseMemoryLibOptPei:SetMem.obj
 0001:00000070       InternalMemSetMem64        0000000000011070     BaseMemoryLibOptPei:SetMem64.obj
 0001:00000090       InternalMemSetMem32        0000000000011090     BaseMemoryLibOptPei:SetMem32.obj
 0001:000000a4       _ModuleEntryPoint          00000000000110a4 f   PeimEntryPoint:PeimEntryPoint.obj
 0001:000000b0       IsValidWorkSpace           00000000000110b0 f   FaultTolerantWritePei:FaultTolerantWritePei.obj
 0001:00000174       PeimFaultTolerantWriteInitialize 0000000000011174 f   FaultTolerantWritePei:FaultTolerantWritePei.obj
 0001:00000364       GetPcdPpiPointer           0000000000011364 f   PeiPcdLib:PeiPcdLib.obj
 0001:000003b4       CopyGuid                   00000000000113b4 f   BaseMemoryLibOptPei:MemLibGuid.obj
 0001:00000438       CompareGuid                0000000000011438 f   BaseMemoryLibOptPei:MemLibGuid.obj
 0001:000004a0       CopyMem                    00000000000114a0 f   BaseMemoryLibOptPei:CopyMemWrapper.obj
 0001:0000053c       InternalPeiCreateHob       000000000001153c f   PeiHobLib:HobLib.obj
 0001:0000059c       BuildGuidDataHob           000000000001159c f   PeiHobLib:HobLib.obj
 0001:0000060c       DebugPrint                 000000000001160c f   PeiDxeDebugLibReportStatusCode:DebugLib.obj
 0001:000007e0       DebugAssert                00000000000117e0 f   PeiDxeDebugLibReportStatusCode:DebugLib.obj
 0001:00000930       ReadUnaligned64            0000000000011930 f   BaseLib:Unaligned.obj
 0001:00000960       AsciiStrLen                0000000000011960 f   BaseLib:String.obj
 0001:000009cc       StrnLenS                   00000000000119cc f   BaseLib:SafeString.obj
 0001:00000a24       AsciiStrnLenS              0000000000011a24 f   BaseLib:SafeString.obj
 0001:00000a50       AsciiStrnCpyS              0000000000011a50 f   BaseLib:SafeString.obj
 0001:00000b4c       PeiServicesLocatePpi       0000000000011b4c f   PeiServicesLib:PeiServicesLib.obj
 0001:00000b84       GetPeiServicesTablePointer 0000000000011b84 f   PeiServicesTablePointerLib:PeiServicesTablePointer.obj
 0001:00000bb8       InternalReportStatusCode   0000000000011bb8 f   PeiReportStatusCodeLib:ReportStatusCodeLib.obj
 0001:00000cc4       ReportStatusCodeEx         0000000000011cc4 f   PeiReportStatusCodeLib:ReportStatusCodeLib.obj
 0001:00000dc4       OemHookStatusCodeReport    0000000000011dc4 f   PeiNt32OemHookStatusCodeLib:Nt32OemHookStatusCodeLib.obj
 0001:00000fdc       AsciiSPrint                0000000000011fdc f   BasePrintLib:PrintLib.obj
 0001:00001008       BasePrintLibFillBuffer     0000000000012008 f   BasePrintLib:PrintLibInternal.obj
 0001:0000103c       BasePrintLibValueToString  000000000001203c f   BasePrintLib:PrintLibInternal.obj
 0001:000010b4       BasePrintLibSPrintMarker   00000000000120b4 f   BasePrintLib:PrintLibInternal.obj
 0001:00001fd0       BasePrintLibSPrint         0000000000012fd0 f   BasePrintLib:PrintLibInternal.obj
 0002:00000000       _gPeimRevision             0000000000013000     FaultTolerantWritePei:AutoGen.obj
 0002:00000004       _gPcd_FixedAtBuild_PcdMaximumUnicodeStringLength 0000000000013004     FaultTolerantWritePei:AutoGen.obj
 0002:00000008       _gPcd_FixedAtBuild_PcdReportStatusCodePropertyMask 0000000000013008     FaultTolerantWritePei:AutoGen.obj
 0002:00000009       _gPcd_FixedAtBuild_PcdDebugPropertyMask 0000000000013009     FaultTolerantWritePei:AutoGen.obj
 0002:0000000c       _gPcd_FixedAtBuild_PcdFlashNvStorageFtwSpareSize 000000000001300c     FaultTolerantWritePei:AutoGen.obj
 0002:00000010       _gPcd_FixedAtBuild_PcdDebugPrintErrorLevel 0000000000013010     FaultTolerantWritePei:AutoGen.obj
 0002:00000014       _gPcd_FixedAtBuild_PcdFixedDebugPrintErrorLevel 0000000000013014     FaultTolerantWritePei:AutoGen.obj
 0002:00000018       _gPcd_FixedAtBuild_PcdFlashNvStorageFtwWorkingSize 0000000000013018     FaultTolerantWritePei:AutoGen.obj
 0002:0000001c       _gPcd_FixedAtBuild_PcdMaximumAsciiStringLength 000000000001301c     FaultTolerantWritePei:AutoGen.obj
 0002:00000020       gEfiCallerBaseName         0000000000013020     FaultTolerantWritePei:AutoGen.obj
 0002:00000030       mStatusString              0000000000013030     BasePrintLib:PrintLibInternal.obj
 0002:00000170       mHexStr                    0000000000013170     BasePrintLib:PrintLibInternal.obj
 0002:00000180       ??_C@_0BG@LNCOABBI@FaultTolerantWritePei@ 0000000000013180     FaultTolerantWritePei:AutoGen.obj
 0002:00000198       ??_C@_0CB@DMEJJJHA@?6ASSERT_EFI_ERROR?5?$CIStatus?5?$DN?5?$CFr?$CJ@ 0000000000013198     FaultTolerantWritePei:AutoGen.obj
 0002:000001c0       ??_C@_0BE@DCHLEIGN@?$CBEFI_ERROR?5?$CIStatus?$CJ@ 00000000000131c0     FaultTolerantWritePei:AutoGen.obj
 0002:000001d8       ??_C@_0DB@POJPAABM@FtwPei?3?5Work?5block?5header?5valid@ 00000000000131d8     FaultTolerantWritePei:FaultTolerantWritePei.obj
 0002:00000210       ??_C@_0DG@EIGIGMDH@FtwPei?3?5Work?5block?5header?5Write@ 0000000000013210     FaultTolerantWritePei:FaultTolerantWritePei.obj
 0002:00000250       ??_C@_0FP@JBPMOMH@FtwPei?3?5Work?5block?5header?5signa@ 0000000000013250     FaultTolerantWritePei:FaultTolerantWritePei.obj
 0002:000002b0       ??_C@_0DD@OMIDOEHL@FtwPei?3?5Old?5format?5FTW?5structur@ 00000000000132b0     FaultTolerantWritePei:FaultTolerantWritePei.obj
 0002:000002e8       ??_C@_0BC@FEDIJHFF@?$CI?$CIBOOLEAN?$CJ?$CI0?$DN?$DN1?$CJ?$CJ@ 00000000000132e8     FaultTolerantWritePei:FaultTolerantWritePei.obj
 0002:00000300       ??_C@_0EN@PNAGNEM@c?3?2edk2?2MdeModulePkg?2Universal?2@ 0000000000013300     FaultTolerantWritePei:FaultTolerantWritePei.obj
 0002:00000350       ??_C@_0DD@PPFNKDCK@?$CIWorkSpaceAddress?5?$CB?$DN?50?$CJ?5?$CG?$CG?5?$CISpa@ 0000000000013350     FaultTolerantWritePei:FaultTolerantWritePei.obj
 0002:00000388       ??_C@_0CD@KGAHGFHF@FtwLastWriteRecord?5?$CB?$DN?5?$CI?$CIvoid?5?$CK?$CJ@ 0000000000013388     FaultTolerantWritePei:FaultTolerantWritePei.obj
 0002:000003b0       ??_C@_0FA@DDNLEFHH@FtwPei?5last?5write?5data?3?5TargetA@ 00000000000133b0     FaultTolerantWritePei:FaultTolerantWritePei.obj
 0002:00000400       ??_C@_0CO@PDLLOGFJ@FtwPei?3?5workspace?5in?5spare?5bloc@ 0000000000013400     FaultTolerantWritePei:FaultTolerantWritePei.obj
 0002:00000430       ??_C@_0DD@HHIDJJNB@FtwPei?3?5Both?5working?5and?5spare?5@ 0000000000013430     FaultTolerantWritePei:FaultTolerantWritePei.obj
 0002:00000468       ??_C@_0CN@MAPANEKE@c?3?2edk2?2MdePkg?2Library?2PeiPcdLi@ 0000000000013468     PeiPcdLib:PeiPcdLib.obj
 0002:00000498       ??_C@_0BH@IACGKAP@Buffer?5?$CB?$DN?5?$CI?$CIvoid?5?$CK?$CJ?50?$CJ@ 0000000000013498     PeiPcdLib:PeiPcdLib.obj
 0002:000004b0       ??_C@_0ED@MKGCMJG@?$CILength?5?9?51?$CJ?5?$DM?$DN?5?$CI0xFFFFFFFFFFFF@ 00000000000134b0     BaseMemoryLibOptPei:CopyMemWrapper.obj
 0002:000004f8       ??_C@_0DM@NOCJNILA@c?3?2edk2?2MdePkg?2Library?2BaseMemo@ 00000000000134f8     BaseMemoryLibOptPei:CopyMemWrapper.obj
 0002:00000538       ??_C@_0DO@MAOBOFEG@?$CILength?5?9?51?$CJ?5?$DM?$DN?5?$CI0xFFFFFFFFFFFF@ 0000000000013538     BaseMemoryLibOptPei:CopyMemWrapper.obj
 0002:00000578       ??_C@_0CK@NEGHFCEA@c?3?2edk2?2MdePkg?2Library?2PeiHobLi@ 0000000000013578     PeiHobLib:HobLib.obj
 0002:000005a8       ??_C@_0BE@PICCCCHF@Hob?5?$CB?$DN?5?$CI?$CIvoid?5?$CK?$CJ?50?$CJ@ 00000000000135a8     PeiHobLib:HobLib.obj
 0002:000005c0       ??_C@_0CI@HNHCKIFE@Data?5?$CB?$DN?5?$CI?$CIvoid?5?$CK?$CJ?50?$CJ?5?$HM?$HM?5DataLen@ 00000000000135c0     PeiHobLib:HobLib.obj
 0002:000005e8       ??_C@_0BH@LKMBFCBF@Format?5?$CB?$DN?5?$CI?$CIvoid?5?$CK?$CJ?50?$CJ@ 00000000000135e8     PeiDxeDebugLibReportStatusCode:DebugLib.obj
 0002:00000600       ??_C@_0EH@EMGPELNE@c?3?2edk2?2MdeModulePkg?2Library?2Pe@ 0000000000013600     PeiDxeDebugLibReportStatusCode:DebugLib.obj
 0002:00000648       ??_C@_0CI@HIINONDG@?$CICHAR8?5?$CK?$CJBaseListMarker?5?$DM?$DN?5Form@ 0000000000013648     PeiDxeDebugLibReportStatusCode:DebugLib.obj
 0002:00000670       ??_C@_01OHGJGJJP@?$FL@     0000000000013670     PeiDxeDebugLibReportStatusCode:DebugLib.obj
 0002:00000674       ??_C@_02PBFOLPKM@?$FN?5@   0000000000013674     PeiDxeDebugLibReportStatusCode:DebugLib.obj
 0002:00000678       ??_C@_0CL@COEFNOFM@c?3?2edk2?2MdePkg?2Library?2BaseLib?2@ 0000000000013678     BaseLib:Unaligned.obj
 0002:000006a8       ??_C@_0CI@BEFOLLLE@c?3?2edk2?2MdePkg?2Library?2BaseLib?2@ 00000000000136a8     BaseLib:String.obj
 0002:000006d0       ??_C@_0BH@MAAHKCPC@String?5?$CB?$DN?5?$CI?$CIvoid?5?$CK?$CJ?50?$CJ@ 00000000000136d0     BaseLib:String.obj
 0002:000006e8       ??_C@_0CD@BDCLIGHD@?$CI?$CIUINTN?$CJ?5String?5?$CG?50x00000001?$CJ?5?$DN@ 00000000000136e8     BaseLib:String.obj
 0002:00000710       ??_C@_0DI@MDIKFADO@Length?5?$DM?5_gPcd_FixedAtBuild_Pcd@ 0000000000013710     BaseLib:String.obj
 0002:00000748       ??_C@_0CM@GBAFEFEA@c?3?2edk2?2MdePkg?2Library?2BaseLib?2@ 0000000000013748     BaseLib:SafeString.obj
 0002:00000778       ??_C@_0BO@ECNIOIHG@?$CIDestination?5?$CB?$DN?5?$CI?$CIvoid?5?$CK?$CJ?50?$CJ?$CJ@ 0000000000013778     BaseLib:SafeString.obj
 0002:00000798       ??_C@_0BJ@EAEEJIP@?$CISource?5?$CB?$DN?5?$CI?$CIvoid?5?$CK?$CJ?50?$CJ?$CJ@ 0000000000013798     BaseLib:SafeString.obj
 0002:000007b8       ??_C@_0BJ@CNKJJNE@?$CIBuffer?5?$CB?$DN?5?$CI?$CIvoid?5?$CK?$CJ?50?$CJ?$CJ@ 00000000000137b8     BaseLib:SafeString.obj
 0002:000007e0       ??_C@_0FL@CDANCHFO@InternalSafeStringNoAsciiStrOve@ 00000000000137e0     BaseLib:SafeString.obj
 0002:00000840       ??_C@_0N@KGHEHMDL@Divisor?5?$CB?$DN?50@ 0000000000013840     BaseLib:DivU64x32.obj
 0002:00000850       ??_C@_0EM@LDAGHANC@c?3?2edk2?2MdePkg?2Library?2PeiServi@ 0000000000013850     PeiServicesTablePointerLib:PeiServicesTablePointer.obj
 0002:000008a0       ??_C@_0BN@OJIBNMOJ@gPeiServices?5?$CB?$DN?5?$CI?$CIvoid?5?$CK?$CJ?50?$CJ@ 00000000000138a0     PeiServicesTablePointerLib:PeiServicesTablePointer.obj
 0002:000008c0       ??_C@_0EK@FLJLAMPC@c?3?2edk2?2MdeModulePkg?2Library?2Pe@ 00000000000138c0     PeiReportStatusCodeLib:ReportStatusCodeLib.obj
 0002:00000910       ??_C@_0DN@HHIHPHHB@?$CB?$CI?$CIExtendedData?5?$DN?$DN?5?$CI?$CIvoid?5?$CK?$CJ?50?$CJ@ 0000000000013910     PeiReportStatusCodeLib:ReportStatusCodeLib.obj
 0002:00000950       ??_C@_0DN@BBBIFINB@?$CB?$CI?$CIExtendedData?5?$CB?$DN?5?$CI?$CIvoid?5?$CK?$CJ?50?$CJ@ 0000000000013950     PeiReportStatusCodeLib:ReportStatusCodeLib.obj
 0002:00000990       ??_C@_0DI@MIEIGAOH@Status?5code?5extended?5data?5is?5to@ 0000000000013990     PeiReportStatusCodeLib:ReportStatusCodeLib.obj
 0002:000009d0       ??_C@_0EP@CFCGNGBF@c?3?2edk2?2Nt32Pkg?2Library?2PeiNt32@ 00000000000139d0     PeiNt32OemHookStatusCodeLib:Nt32OemHookStatusCodeLib.obj
 0002:00000a20       ??_C@_0BJ@NGECPOCK@?6?$ANASSERT?$CB?3?5?$CFa?5?$CI?$CFd?$CJ?3?5?$CFa?6?$AN@ 0000000000013a20     PeiNt32OemHookStatusCodeLib:Nt32OemHookStatusCodeLib.obj
 0002:00000a40       ??_C@_0BD@OMAHIICL@ERROR?3?5C?$CFx?3V?$CFx?5I?$CFx@ 0000000000013a40     PeiNt32OemHookStatusCodeLib:Nt32OemHookStatusCodeLib.obj
 0002:00000a54       ??_C@_03GKLDPGLG@?5?$CFg@  0000000000013a54     PeiNt32OemHookStatusCodeLib:Nt32OemHookStatusCodeLib.obj
 0002:00000a58       ??_C@_03GPDAHCCA@?5?$CFp@  0000000000013a58     PeiNt32OemHookStatusCodeLib:Nt32OemHookStatusCodeLib.obj
 0002:00000a5c       ??_C@_02LIIHNNHG@?6?$AN@   0000000000013a5c     PeiNt32OemHookStatusCodeLib:Nt32OemHookStatusCodeLib.obj
 0002:00000a60       ??_C@_0BJ@KDCPJMDH@PROGRESS?5CODE?3?5V?$CFx?5I?$CFx?6?$AN@ 0000000000013a60     PeiNt32OemHookStatusCodeLib:Nt32OemHookStatusCodeLib.obj
 0002:00000a80       ??_C@_0BJ@KMGICPHL@Undefined?3?5C?$CFx?3V?$CFx?5I?$CFx?6?$AN@ 0000000000013a80     PeiNt32OemHookStatusCodeLib:Nt32OemHookStatusCodeLib.obj
 0002:00000aa0       ??_C@_07PBILKAFL@Success@  0000000000013aa0     BasePrintLib:PrintLibInternal.obj
 0002:00000aa8       ??_C@_0BG@CFJMNNJK@Warning?5Unknown?5Glyph@ 0000000000013aa8     BasePrintLib:PrintLibInternal.obj
 0002:00000ac0       ??_C@_0BH@GKKCJEPJ@Warning?5Delete?5Failure@ 0000000000013ac0     BasePrintLib:PrintLibInternal.obj
 0002:00000ad8       ??_C@_0BG@ECIJMOED@Warning?5Write?5Failure@ 0000000000013ad8     BasePrintLib:PrintLibInternal.obj
 0002:00000af0       ??_C@_0BJ@ODIPDGHB@Warning?5Buffer?5Too?5Small@ 0000000000013af0     BasePrintLib:PrintLibInternal.obj
 0002:00000b10       ??_C@_0BD@IFJNJCCO@Warning?5Stale?5Data@ 0000000000013b10     BasePrintLib:PrintLibInternal.obj
 0002:00000b28       ??_C@_0L@PLPBEPPC@Load?5Error@ 0000000000013b28     BasePrintLib:PrintLibInternal.obj
 0002:00000b38       ??_C@_0BC@HOFHKGJN@Invalid?5Parameter@ 0000000000013b38     BasePrintLib:PrintLibInternal.obj
 0002:00000b50       ??_C@_0M@BEECMOIL@Unsupported@ 0000000000013b50     BasePrintLib:PrintLibInternal.obj
 0002:00000b60       ??_C@_0BA@FLNMPMCF@Bad?5Buffer?5Size@ 0000000000013b60     BasePrintLib:PrintLibInternal.obj
 0002:00000b70       ??_C@_0BB@EGELJFOB@Buffer?5Too?5Small@ 0000000000013b70     BasePrintLib:PrintLibInternal.obj
 0002:00000b88       ??_C@_09NKFGCIPN@Not?5Ready@ 0000000000013b88     BasePrintLib:PrintLibInternal.obj
 0002:00000b98       ??_C@_0N@HHEABDHO@Device?5Error@ 0000000000013b98     BasePrintLib:PrintLibInternal.obj
 0002:00000ba8       ??_C@_0BA@LNEDDFNB@Write?5Protected@ 0000000000013ba8     BasePrintLib:PrintLibInternal.obj
 0002:00000bb8       ??_C@_0BB@GOILNEAA@Out?5of?5Resources@ 0000000000013bb8     BasePrintLib:PrintLibInternal.obj
 0002:00000bd0       ??_C@_0P@EIOJGIF@Volume?5Corrupt@ 0000000000013bd0     BasePrintLib:PrintLibInternal.obj
 0002:00000be0       ??_C@_0M@HDLEPOFA@Volume?5Full@ 0000000000013be0     BasePrintLib:PrintLibInternal.obj
 0002:00000bf0       ??_C@_08KEGAJDNN@No?5Media@ 0000000000013bf0     BasePrintLib:PrintLibInternal.obj
 0002:00000c00       ??_C@_0O@JNCJKCCD@Media?5changed@ 0000000000013c00     BasePrintLib:PrintLibInternal.obj
 0002:00000c10       ??_C@_09CFCBFJND@Not?5Found@ 0000000000013c10     BasePrintLib:PrintLibInternal.obj
 0002:00000c20       ??_C@_0O@NFHOBIDO@Access?5Denied@ 0000000000013c20     BasePrintLib:PrintLibInternal.obj
 0002:00000c30       ??_C@_0M@ENKCBFEP@No?5Response@ 0000000000013c30     BasePrintLib:PrintLibInternal.obj
 0002:00000c40       ??_C@_0L@IFPBNFC@No?5mapping@ 0000000000013c40     BasePrintLib:PrintLibInternal.obj
 0002:00000c50       ??_C@_08PAFJCNGP@Time?5out@ 0000000000013c50     BasePrintLib:PrintLibInternal.obj
 0002:00000c60       ??_C@_0M@DCJFAFHJ@Not?5started@ 0000000000013c60     BasePrintLib:PrintLibInternal.obj
 0002:00000c70       ??_C@_0BA@IGIBFFPH@Already?5started@ 0000000000013c70     BasePrintLib:PrintLibInternal.obj
 0002:00000c80       ??_C@_07LCKDCBKK@Aborted@  0000000000013c80     BasePrintLib:PrintLibInternal.obj
 0002:00000c88       ??_C@_0L@LKIFCMNO@ICMP?5Error@ 0000000000013c88     BasePrintLib:PrintLibInternal.obj
 0002:00000c98       ??_C@_0L@DJKNJKHM@TFTP?5Error@ 0000000000013c98     BasePrintLib:PrintLibInternal.obj
 0002:00000ca8       ??_C@_0P@NCJHBCLM@Protocol?5Error@ 0000000000013ca8     BasePrintLib:PrintLibInternal.obj
 0002:00000cb8       ??_C@_0BF@EHOBGFMI@Incompatible?5Version@ 0000000000013cb8     BasePrintLib:PrintLibInternal.obj
 0002:00000cd0       ??_C@_0BD@KHMPCIOG@Security?5Violation@ 0000000000013cd0     BasePrintLib:PrintLibInternal.obj
 0002:00000ce8       ??_C@_09BOMAGJEG@CRC?5Error@ 0000000000013ce8     BasePrintLib:PrintLibInternal.obj
 0002:00000cf8       ??_C@_0N@JEJDHPO@End?5of?5Media@ 0000000000013cf8     BasePrintLib:PrintLibInternal.obj
 0002:00000d08       ??_C@_0O@NMJOLAMF@Reserved?5?$CI29?$CJ@ 0000000000013d08     BasePrintLib:PrintLibInternal.obj
 0002:00000d18       ??_C@_0O@GLPDOMCP@Reserved?5?$CI30?$CJ@ 0000000000013d18     BasePrintLib:PrintLibInternal.obj
 0002:00000d28       ??_C@_0M@FKGOBENP@End?5of?5File@ 0000000000013d28     BasePrintLib:PrintLibInternal.obj
 0002:00000d38       ??_C@_0BB@KFJAMCOC@Invalid?5Language@ 0000000000013d38     BasePrintLib:PrintLibInternal.obj
 0002:00000d50       ??_C@_0BB@MFGDFIJM@Compromised?5Data@ 0000000000013d50     BasePrintLib:PrintLibInternal.obj
 0002:00000d68       ??_C@_0DH@DJIHJFON@c?3?2edk2?2MdePkg?2Library?2BasePrin@ 0000000000013d68     BasePrintLib:PrintLibInternal.obj
 0002:00000da0       ??_C@_0EB@HDGIDCIO@?$CIBufferSize?5?$DM?$DN?5?$CI_gPcd_FixedAtBu@ 0000000000013da0     BasePrintLib:PrintLibInternal.obj
 0002:00000de8       ??_C@_0BJ@PPAKKDJG@?$CIFormat?5?$CB?$DN?5?$CI?$CIvoid?5?$CK?$CJ?50?$CJ?$CJ@ 0000000000013de8     BasePrintLib:PrintLibInternal.obj
 0002:00000e10       ??_C@_0ED@LPDDCECB@?$CIBufferSize?5?$DM?$DN?5?$CI_gPcd_FixedAtBu@ 0000000000013e10     BasePrintLib:PrintLibInternal.obj
 0002:00000e60       ??_C@_0IM@BFJJFLGB@?$CIStrnLenS?5?$CI?$CICHAR16?5?$CK?$CJFormat?0?5?$CI_@ 0000000000013e60     BasePrintLib:PrintLibInternal.obj
 0002:00000ef0       ??_C@_0ID@PLGJGION@?$CIAsciiStrnLenS?5?$CIFormat?0?5?$CI_gPcd_@ 0000000000013ef0     BasePrintLib:PrintLibInternal.obj
 0002:00000f78       ??_C@_0O@MLOLIMFM@?$DMnull?5string?$DO@ 0000000000013f78     BasePrintLib:PrintLibInternal.obj
 0002:00000f88       ??_C@_0M@BJJDNPHK@?$DMnull?5guid?$DO@ 0000000000013f88     BasePrintLib:PrintLibInternal.obj
 0002:00000f98       ??_C@_0DB@PMLHLBMO@?$CF08x?9?$CF04x?9?$CF04x?9?$CF02x?$CF02x?9?$CF02x?$CF02@ 0000000000013f98     BasePrintLib:PrintLibInternal.obj
 0002:00000fd0       ??_C@_0M@LHGBCIKM@?$DMnull?5time?$DO@ 0000000000013fd0     BasePrintLib:PrintLibInternal.obj
 0002:00000fe0       ??_C@_0BK@FCPKCIDD@?$CF02d?1?$CF02d?1?$CF04d?5?5?$CF02d?3?$CF02d@ 0000000000013fe0     BasePrintLib:PrintLibInternal.obj
 0002:00000ffc       ??_C@_04JIMNDDED@?$CF08X@  0000000000013ffc     BasePrintLib:PrintLibInternal.obj
 0002:00001004       ??_C@_02PCIJFNDE@?$AN?6@   0000000000014004     BasePrintLib:PrintLibInternal.obj
 0002:00001008       ??_C@_01LIIJDEN@?$AN@      0000000000014008     BasePrintLib:PrintLibInternal.obj
 0002:00001010       ??_C@_0DE@PLOFBNJA@c?3?2edk2?2MdePkg?2Library?2BaseLib?2@ 0000000000014010     BaseLib:DivU64x32Remainder.obj
 0003:00000000       gEfiStatusCodeSpecificDataGuid 0000000000015000     FaultTolerantWritePei:AutoGen.obj
 0003:00000010       gEfiHobMemoryAllocStackGuid 0000000000015010     FaultTolerantWritePei:AutoGen.obj
 0003:00000020       gEfiPeiPcdPpiGuid          0000000000015020     FaultTolerantWritePei:AutoGen.obj
 0003:00000030       gEfiSystemNvDataFvGuid     0000000000015030     FaultTolerantWritePei:AutoGen.obj
 0003:00000040       gEfiHobMemoryAllocModuleGuid 0000000000015040     FaultTolerantWritePei:AutoGen.obj
 0003:00000050       gEfiGetPcdInfoPpiGuid      0000000000015050     FaultTolerantWritePei:AutoGen.obj
 0003:00000060       gEdkiiWorkingBlockSignatureGuid 0000000000015060     FaultTolerantWritePei:AutoGen.obj
 0003:00000070       gEfiPeiFirmwareVolumeInfo2PpiGuid 0000000000015070     FaultTolerantWritePei:AutoGen.obj
 0003:00000080       gGetPcdInfoPpiGuid         0000000000015080     FaultTolerantWritePei:AutoGen.obj
 0003:00000090       gEfiStatusCodeDataTypeDebugGuid 0000000000015090     FaultTolerantWritePei:AutoGen.obj
 0003:000000a0       gEfiFirmwareFileSystem2Guid 00000000000150a0     FaultTolerantWritePei:AutoGen.obj
 0003:000000b0       gEdkiiFaultTolerantWriteGuid 00000000000150b0     FaultTolerantWritePei:AutoGen.obj
 0003:000000c0       gPeiNtThunkPpiGuid         00000000000150c0     FaultTolerantWritePei:AutoGen.obj
 0003:000000d0       gEfiHobMemoryAllocBspStoreGuid 00000000000150d0     FaultTolerantWritePei:AutoGen.obj
 0003:000000e0       gEfiPeiFirmwareVolumeInfoPpiGuid 00000000000150e0     FaultTolerantWritePei:AutoGen.obj
 0003:000000f0       gEfiCallerIdGuid           00000000000150f0     FaultTolerantWritePei:AutoGen.obj
 0003:00000100       gPcdPpiGuid                0000000000015100     FaultTolerantWritePei:AutoGen.obj
 0003:00000110       mPpiListVariable           0000000000015110     FaultTolerantWritePei:FaultTolerantWritePei.obj
 0003:00000128       gNullVaList                0000000000015128     <common>
 0003:00000130       mStdOut                    0000000000015130     <common>
 0003:00000138       mWinNt                     0000000000015138     <common>
 0003:00000140       gPeiServices               0000000000015140     <common>

 entry point at        0001:000000a4

 Static symbols

 0000:ffff6000       .debug$S                   0000000000010000     FaultTolerantWritePei.exp
 0001:0000001a       InternalMemCopyMem.0       000000000001101a     BaseMemoryLibOptPei:CopyMem.obj
 0001:0000002a       @CopyBackward              000000000001102a     BaseMemoryLibOptPei:CopyMem.obj
 0001:00000033       @CopyBytes                 0000000000011033     BaseMemoryLibOptPei:CopyMem.obj
 0004:00000000       .edata                     0000000000016000     FaultTolerantWritePei.exp
 0004:00000028       rgpv                       0000000000016028     FaultTolerantWritePei.exp
 0004:0000002c       rgszName                   000000000001602c     FaultTolerantWritePei.exp
 0004:00000030       rgwOrd                     0000000000016030     FaultTolerantWritePei.exp
 0004:00000032       szName                     0000000000016032     FaultTolerantWritePei.exp
 0004:0000004c       $N00001                    000000000001604c     FaultTolerantWritePei.exp
 0005:00000000       $pdata$IsValidWorkSpace    0000000000017000     FaultTolerantWritePei:FaultTolerantWritePei.obj
 0005:0000000c       $pdata$PeimFaultTolerantWriteInitialize 000000000001700c     FaultTolerantWritePei:FaultTolerantWritePei.obj
 0005:00000018       $pdata$GetPcdPpiPointer    0000000000017018     PeiPcdLib:PeiPcdLib.obj
 0005:00000024       $pdata$CopyGuid            0000000000017024     BaseMemoryLibOptPei:MemLibGuid.obj
 0005:00000030       $pdata$CompareGuid         0000000000017030     BaseMemoryLibOptPei:MemLibGuid.obj
 0005:0000003c       $pdata$CopyMem             000000000001703c     BaseMemoryLibOptPei:CopyMemWrapper.obj
 0005:00000048       $pdata$InternalPeiCreateHob 0000000000017048     PeiHobLib:HobLib.obj
 0005:00000054       $pdata$BuildGuidDataHob    0000000000017054     PeiHobLib:HobLib.obj
 0005:00000060       $pdata$DebugPrint          0000000000017060     PeiDxeDebugLibReportStatusCode:DebugLib.obj
 0005:0000006c       $pdata$DebugAssert         000000000001706c     PeiDxeDebugLibReportStatusCode:DebugLib.obj
 0005:00000078       $pdata$ReadUnaligned64     0000000000017078     BaseLib:Unaligned.obj
 0005:00000084       $pdata$AsciiStrLen         0000000000017084     BaseLib:String.obj
 0005:00000090       $pdata$StrnLenS            0000000000017090     BaseLib:SafeString.obj
 0005:0000009c       $pdata$AsciiStrnCpyS       000000000001709c     BaseLib:SafeString.obj
 0005:000000a8       $pdata$PeiServicesLocatePpi 00000000000170a8     PeiServicesLib:PeiServicesLib.obj
 0005:000000b4       $pdata$GetPeiServicesTablePointer 00000000000170b4     PeiServicesTablePointerLib:PeiServicesTablePointer.obj
 0005:000000c0       $pdata$InternalReportStatusCode 00000000000170c0     PeiReportStatusCodeLib:ReportStatusCodeLib.obj
 0005:000000cc       $pdata$ReportStatusCodeEx  00000000000170cc     PeiReportStatusCodeLib:ReportStatusCodeLib.obj
 0005:000000d8       $pdata$OemHookStatusCodeReport 00000000000170d8     PeiNt32OemHookStatusCodeLib:Nt32OemHookStatusCodeLib.obj
 0005:000000e4       $pdata$AsciiSPrint         00000000000170e4     BasePrintLib:PrintLib.obj
 0005:000000f0       $pdata$BasePrintLibSPrint  00000000000170f0     BasePrintLib:PrintLibInternal.obj
 0005:000000fc       $pdata$BasePrintLibValueToString 00000000000170fc     BasePrintLib:PrintLibInternal.obj
 0005:00000108       $pdata$BasePrintLibSPrintMarker 0000000000017108     BasePrintLib:PrintLibInternal.obj
 0006:00000000       $unwind$AsciiStrLen        0000000000018000     BaseLib:String.obj
 0006:00000000       $unwind$BuildGuidDataHob   0000000000018000     PeiHobLib:HobLib.obj
 0006:00000000       $unwind$IsValidWorkSpace   0000000000018000     FaultTolerantWritePei:FaultTolerantWritePei.obj
 0006:0000000c       $unwind$PeimFaultTolerantWriteInitialize 000000000001800c     FaultTolerantWritePei:FaultTolerantWritePei.obj
 0006:0000001c       $unwind$GetPcdPpiPointer   000000000001801c     PeiPcdLib:PeiPcdLib.obj
 0006:0000001c       $unwind$InternalPeiCreateHob 000000000001801c     PeiHobLib:HobLib.obj
 0006:0000001c       $unwind$GetPeiServicesTablePointer 000000000001801c     PeiServicesTablePointerLib:PeiServicesTablePointer.obj
 0006:00000024       $unwind$CopyGuid           0000000000018024     BaseMemoryLibOptPei:MemLibGuid.obj
 0006:00000024       $unwind$AsciiStrnCpyS      0000000000018024     BaseLib:SafeString.obj
 0006:00000034       $unwind$BasePrintLibValueToString 0000000000018034     BasePrintLib:PrintLibInternal.obj
 0006:00000034       $unwind$CopyMem            0000000000018034     BaseMemoryLibOptPei:CopyMemWrapper.obj
 0006:00000034       $unwind$CompareGuid        0000000000018034     BaseMemoryLibOptPei:MemLibGuid.obj
 0006:00000048       $unwind$DebugPrint         0000000000018048     PeiDxeDebugLibReportStatusCode:DebugLib.obj
 0006:00000058       $unwind$DebugAssert        0000000000018058     PeiDxeDebugLibReportStatusCode:DebugLib.obj
 0006:00000074       $unwind$StrnLenS           0000000000018074     BaseLib:SafeString.obj
 0006:00000074       $unwind$ReadUnaligned64    0000000000018074     BaseLib:Unaligned.obj
 0006:0000007c       $unwind$PeiServicesLocatePpi 000000000001807c     PeiServicesLib:PeiServicesLib.obj
 0006:00000088       $unwind$InternalReportStatusCode 0000000000018088     PeiReportStatusCodeLib:ReportStatusCodeLib.obj
 0006:000000a0       $unwind$ReportStatusCodeEx 00000000000180a0     PeiReportStatusCodeLib:ReportStatusCodeLib.obj
 0006:000000b4       $unwind$OemHookStatusCodeReport 00000000000180b4     PeiNt32OemHookStatusCodeLib:Nt32OemHookStatusCodeLib.obj
 0006:000000d4       $unwind$AsciiSPrint        00000000000180d4     BasePrintLib:PrintLib.obj
 0006:000000dc       $unwind$BasePrintLibSPrintMarker 00000000000180dc     BasePrintLib:PrintLibInternal.obj
 0006:000000f8       $unwind$BasePrintLibSPrint 00000000000180f8     BasePrintLib:PrintLibInternal.obj
