 Timer

 Timestamp is 5c19caf7 (Wed Dec 19 12:37:11 2018)

 Preferred load address is 0000000000010000

 Start         Length     Name                   Class
 0001:00000000 00000110H .text                   CODE
 0001:00000110 000013a3H .text$mn                CODE
 0002:00000000 00000814H .rdata                  DATA
 0002:00000814 00000120H .rdata$zzzdbg           DATA
 0003:00000000 00000140H .data                   DATA
 0003:00000140 000000a8H .bss                    DATA
 0004:00000000 0000004dH .edata                  DATA
 0005:00000000 000000fcH .pdata                  DATA
 0006:00000000 000000e0H .xdata                  DATA

  Address         Publics by Value              Rva+Base               Lib:Object

 0000:00000000       __guard_fids_count         0000000000000000     <absolute>
 0000:00000000       __dynamic_value_reloc_table 0000000000000000     <absolute>
 0000:00000000       __guard_longjmp_count      0000000000000000     <absolute>
 0000:00000000       __guard_longjmp_table      0000000000000000     <absolute>
 0000:00000000       __guard_iat_table          0000000000000000     <absolute>
 0000:00000000       __hybrid_code_map          0000000000000000     <absolute>
 0000:00000000       __hybrid_auxiliary_iat     0000000000000000     <absolute>
 0000:00000000       __hybrid_code_map_count    0000000000000000     <absolute>
 0000:00000000       __guard_iat_count          0000000000000000     <absolute>
 0000:00000000       __volatile_metadata        0000000000000000     <absolute>
 0000:00000000       __enclave_config           0000000000000000     <absolute>
 0000:00000000       __guard_fids_table         0000000000000000     <absolute>
 0000:00000100       __guard_flags              0000000000000100     <absolute>
 0001:00000000       InternalMemCopyMem         0000000000011000     BaseMemoryLibOptDxe:CopyMem.obj
 0001:00000080       InternalMemSetMem          0000000000011080     BaseMemoryLibOptDxe:SetMem.obj
 0001:000000c0       InternalMemZeroMem         00000000000110c0     BaseMemoryLibOptDxe:ZeroMem.obj
 0001:000000e0       InternalMemSetMem64        00000000000110e0     BaseMemoryLibOptDxe:SetMem64.obj
 0001:00000100       InternalMemSetMem32        0000000000011100     BaseMemoryLibOptDxe:SetMem32.obj
 0001:00000110       _ModuleEntryPoint          0000000000011110 f   UefiDriverEntryPoint:DriverEntryPoint.obj
 0001:00000158       ProcessLibraryConstructorList 0000000000011158 f   Timer:AutoGen.obj
 0001:0000037c       ProcessLibraryDestructorList 000000000001137c f   Timer:AutoGen.obj
 0001:000003d4       ProcessModuleEntryPointList 00000000000113d4 f   Timer:AutoGen.obj
 0001:00000568       MMTimerThread              0000000000011568 f   Timer:Timer.obj
 0001:000006fc       WinNtTimerDriverRegisterHandler 00000000000116fc f   Timer:Timer.obj
 0001:0000076c       WinNtTimerDriverSetTimerPeriod 000000000001176c f   Timer:Timer.obj
 0001:000008f0       WinNtTimerDriverGetTimerPeriod 00000000000118f0 f   Timer:Timer.obj
 0001:00000910       WinNtTimerDriverGenerateSoftInterrupt 0000000000011910 f   Timer:Timer.obj
 0001:0000091c       DebugPrint                 000000000001191c f   PeiDxeDebugLibReportStatusCode:DebugLib.obj
 0001:00000af0       DebugAssert                0000000000011af0 f   PeiDxeDebugLibReportStatusCode:DebugLib.obj
 0001:00000c40       GetHobList                 0000000000011c40 f   DxeHobLib:HobLib.obj
 0001:00000d20       GetNextHob                 0000000000011d20 f   DxeHobLib:HobLib.obj
 0001:00000d70       GetFirstGuidHob            0000000000011d70 f   DxeHobLib:HobLib.obj
 0001:00000dbc       GetDebugPrintErrorLevel    0000000000011dbc f   DxeDebugPrintErrorLevelLib:DxeDebugPrintErrorLevelLib.obj
 0001:00000ea4       GetDebugMask               0000000000011ea4 f   DxeDebugPrintErrorLevelLib:DxeDebugPrintErrorLevelLib.obj
 0001:00000ec0       SetDebugMask               0000000000011ec0 f   DxeDebugPrintErrorLevelLib:DxeDebugPrintErrorLevelLib.obj
 0001:00000ecc       AsciiStrLen                0000000000011ecc f   BaseLib:String.obj
 0001:00000f38       AsciiStrnLenS              0000000000011f38 f   BaseLib:SafeString.obj
 0001:00000f64       AsciiStrnCpyS              0000000000011f64 f   BaseLib:SafeString.obj
 0001:00001060       ReadUnaligned64            0000000000012060 f   BaseLib:Unaligned.obj
 0001:00001090       CopyMem                    0000000000012090 f   BaseMemoryLibOptDxe:CopyMemWrapper.obj
 0001:0000112c       CopyGuid                   000000000001212c f   BaseMemoryLibOptDxe:MemLibGuid.obj
 0001:000011b0       CompareGuid                00000000000121b0 f   BaseMemoryLibOptDxe:MemLibGuid.obj
 0001:00001218       InternalReportStatusCode   0000000000012218 f   DxeReportStatusCodeLib:ReportStatusCodeLib.obj
 0001:000012e0       ReportStatusCodeEx         00000000000122e0 f   DxeReportStatusCodeLib:ReportStatusCodeLib.obj
 0002:00000000       ??_C@_0CB@DMEJJJHA@?6ASSERT_EFI_ERROR?5?$CIStatus?5?$DN?5?$CFr?$CJ@ 0000000000013000     UefiDriverEntryPoint:DriverEntryPoint.obj
 0002:00000028       ??_C@_0BE@DCHLEIGN@?$CBEFI_ERROR?5?$CIStatus?$CJ@ 0000000000013028     UefiDriverEntryPoint:DriverEntryPoint.obj
 0002:00000040       _gDriverUnloadImageCount   0000000000013040     Timer:AutoGen.obj
 0002:00000041       _gPcd_FixedAtBuild_PcdReportStatusCodePropertyMask 0000000000013041     Timer:AutoGen.obj
 0002:00000042       _gPcd_FixedAtBuild_PcdDebugPropertyMask 0000000000013042     Timer:AutoGen.obj
 0002:00000044       _gUefiDriverRevision       0000000000013044     Timer:AutoGen.obj
 0002:00000048       _gPcd_FixedAtBuild_PcdDebugPrintErrorLevel 0000000000013048     Timer:AutoGen.obj
 0002:0000004c       _gPcd_FixedAtBuild_PcdFixedDebugPrintErrorLevel 000000000001304c     Timer:AutoGen.obj
 0002:00000050       gEfiCallerBaseName         0000000000013050     Timer:AutoGen.obj
 0002:00000058       _gPcd_FixedAtBuild_PcdMaximumAsciiStringLength 0000000000013058     Timer:AutoGen.obj
 0002:0000005c       mUefiDevicePathLibEndDevicePath 000000000001305c     UefiDevicePathLibDevicePathProtocol:UefiDevicePathLib.obj
 0002:00000060       ??_C@_05NHFJDMOA@Timer@    0000000000013060     Timer:AutoGen.obj
 0002:00000070       ??_C@_0FB@BMLGDKIA@c?3?2edk2?2Build?2NT32X64?2DEBUG_VS2@ 0000000000013070     Timer:AutoGen.obj
 0002:000000c8       ??_C@_0CB@DOGDDGMC@c?3?2edk2?2Nt32Pkg?2TimerDxe?2Timer?4@ 00000000000130c8     Timer:Timer.obj
 0002:000000f0       ??_C@_0DJ@DOGKFEC@?$CGgEfiTimerArchProtocolGuid?5alre@ 00000000000130f0     Timer:Timer.obj
 0002:00000130       ??_C@_0BH@LKMBFCBF@Format?5?$CB?$DN?5?$CI?$CIvoid?5?$CK?$CJ?50?$CJ@ 0000000000013130     PeiDxeDebugLibReportStatusCode:DebugLib.obj
 0002:00000150       ??_C@_0EH@EMGPELNE@c?3?2edk2?2MdeModulePkg?2Library?2Pe@ 0000000000013150     PeiDxeDebugLibReportStatusCode:DebugLib.obj
 0002:00000198       ??_C@_0CI@HIINONDG@?$CICHAR8?5?$CK?$CJBaseListMarker?5?$DM?$DN?5Form@ 0000000000013198     PeiDxeDebugLibReportStatusCode:DebugLib.obj
 0002:000001c0       ??_C@_01OHGJGJJP@?$FL@     00000000000131c0     PeiDxeDebugLibReportStatusCode:DebugLib.obj
 0002:000001c4       ??_C@_02PBFOLPKM@?$FN?5@   00000000000131c4     PeiDxeDebugLibReportStatusCode:DebugLib.obj
 0002:000001c8       ??_C@_0BH@IACGKAP@Buffer?5?$CB?$DN?5?$CI?$CIvoid?5?$CK?$CJ?50?$CJ@ 00000000000131c8     PeiDxeDebugLibReportStatusCode:DebugLib.obj
 0002:000001e0       ??_C@_0BN@COECPDCC@gImageHandle?5?$CB?$DN?5?$CI?$CIvoid?5?$CK?$CJ?50?$CJ@ 00000000000131e0     UefiBootServicesTableLib:UefiBootServicesTableLib.obj
 0002:00000200       ??_C@_0EL@ODFJBOBF@c?3?2edk2?2MdePkg?2Library?2UefiBoot@ 0000000000013200     UefiBootServicesTableLib:UefiBootServicesTableLib.obj
 0002:00000250       ??_C@_0BE@DGNHAHIL@gST?5?$CB?$DN?5?$CI?$CIvoid?5?$CK?$CJ?50?$CJ@ 0000000000013250     UefiBootServicesTableLib:UefiBootServicesTableLib.obj
 0002:00000268       ??_C@_0BE@BDFJLGLN@gBS?5?$CB?$DN?5?$CI?$CIvoid?5?$CK?$CJ?50?$CJ@ 0000000000013268     UefiBootServicesTableLib:UefiBootServicesTableLib.obj
 0002:00000280       ??_C@_0EP@BCAOHHL@c?3?2edk2?2MdePkg?2Library?2UefiDevi@ 0000000000013280     UefiDevicePathLibDevicePathProtocol:UefiDevicePathLib.obj
 0002:000002d0       ??_C@_0DC@CNNBPJA@mDevicePathLibDevicePathUtiliti@ 00000000000132d0     UefiDevicePathLibDevicePathProtocol:UefiDevicePathLib.obj
 0002:00000308       ??_C@_0BE@OBDFIHND@gRT?5?$CB?$DN?5?$CI?$CIvoid?5?$CK?$CJ?50?$CJ@ 0000000000013308     UefiRuntimeServicesTableLib:UefiRuntimeServicesTableLib.obj
 0002:00000320       ??_C@_0FB@NIMBGODD@c?3?2edk2?2MdePkg?2Library?2UefiRunt@ 0000000000013320     UefiRuntimeServicesTableLib:UefiRuntimeServicesTableLib.obj
 0002:00000378       ??_C@_0CK@GGFNJPAK@c?3?2edk2?2MdePkg?2Library?2DxeHobLi@ 0000000000013378     DxeHobLib:HobLib.obj
 0002:000003a8       ??_C@_0BJ@OBFMLLDO@mHobList?5?$CB?$DN?5?$CI?$CIvoid?5?$CK?$CJ?50?$CJ@ 00000000000133a8     DxeHobLib:HobLib.obj
 0002:000003c8       ??_C@_0BJ@NOLLDKJB@HobStart?5?$CB?$DN?5?$CI?$CIvoid?5?$CK?$CJ?50?$CJ@ 00000000000133c8     DxeHobLib:HobLib.obj
 0002:000003e8       ??_C@_1BC@DPOIABCP@?$AAE?$AAF?$AAI?$AAD?$AAe?$AAb?$AAu?$AAg@ 00000000000133e8     DxeDebugPrintErrorLevelLib:DxeDebugPrintErrorLevelLib.obj
 0002:00000400       ??_C@_0BI@EDOKPJOP@GuidHob?5?$CB?$DN?5?$CI?$CIvoid?5?$CK?$CJ?50?$CJ@ 0000000000013400     DxeWinNtLib:WinNtLib.obj
 0002:00000418       ??_C@_0CP@IAPBANPJ@c?3?2edk2?2Nt32Pkg?2Library?2DxeWinN@ 0000000000013418     DxeWinNtLib:WinNtLib.obj
 0002:00000448       ??_C@_0BH@GEMGHOLC@gWinNt?5?$CB?$DN?5?$CI?$CIvoid?5?$CK?$CJ?50?$CJ@ 0000000000013448     DxeWinNtLib:WinNtLib.obj
 0002:00000460       ??_C@_0CI@BEFOLLLE@c?3?2edk2?2MdePkg?2Library?2BaseLib?2@ 0000000000013460     BaseLib:String.obj
 0002:00000488       ??_C@_0BH@MAAHKCPC@String?5?$CB?$DN?5?$CI?$CIvoid?5?$CK?$CJ?50?$CJ@ 0000000000013488     BaseLib:String.obj
 0002:000004a0       ??_C@_0DI@MDIKFADO@Length?5?$DM?5_gPcd_FixedAtBuild_Pcd@ 00000000000134a0     BaseLib:String.obj
 0002:000004d8       ??_C@_0CM@GBAFEFEA@c?3?2edk2?2MdePkg?2Library?2BaseLib?2@ 00000000000134d8     BaseLib:SafeString.obj
 0002:00000508       ??_C@_0BO@ECNIOIHG@?$CIDestination?5?$CB?$DN?5?$CI?$CIvoid?5?$CK?$CJ?50?$CJ?$CJ@ 0000000000013508     BaseLib:SafeString.obj
 0002:00000528       ??_C@_0BJ@EAEEJIP@?$CISource?5?$CB?$DN?5?$CI?$CIvoid?5?$CK?$CJ?50?$CJ?$CJ@ 0000000000013528     BaseLib:SafeString.obj
 0002:00000550       ??_C@_0FL@CDANCHFO@InternalSafeStringNoAsciiStrOve@ 0000000000013550     BaseLib:SafeString.obj
 0002:000005b0       ??_C@_0CL@COEFNOFM@c?3?2edk2?2MdePkg?2Library?2BaseLib?2@ 00000000000135b0     BaseLib:Unaligned.obj
 0002:000005e0       ??_C@_0ED@MKGCMJG@?$CILength?5?9?51?$CJ?5?$DM?$DN?5?$CI0xFFFFFFFFFFFF@ 00000000000135e0     BaseMemoryLibOptDxe:CopyMemWrapper.obj
 0002:00000628       ??_C@_0DM@DBGKHDAI@c?3?2edk2?2MdePkg?2Library?2BaseMemo@ 0000000000013628     BaseMemoryLibOptDxe:CopyMemWrapper.obj
 0002:00000668       ??_C@_0DO@MAOBOFEG@?$CILength?5?9?51?$CJ?5?$DM?$DN?5?$CI0xFFFFFFFFFFFF@ 0000000000013668     BaseMemoryLibOptDxe:CopyMemWrapper.obj
 0002:000006b0       ??_C@_0EK@NEAGPEKB@c?3?2edk2?2MdeModulePkg?2Library?2Dx@ 00000000000136b0     DxeReportStatusCodeLib:ReportStatusCodeLib.obj
 0002:00000700       ??_C@_0DN@HHIHPHHB@?$CB?$CI?$CIExtendedData?5?$DN?$DN?5?$CI?$CIvoid?5?$CK?$CJ?50?$CJ@ 0000000000013700     DxeReportStatusCodeLib:ReportStatusCodeLib.obj
 0002:00000740       ??_C@_0DN@BBBIFINB@?$CB?$CI?$CIExtendedData?5?$CB?$DN?5?$CI?$CIvoid?5?$CK?$CJ?50?$CJ@ 0000000000013740     DxeReportStatusCodeLib:ReportStatusCodeLib.obj
 0002:00000780       ??_C@_0DI@MIEIGAOH@Status?5code?5extended?5data?5is?5to@ 0000000000013780     DxeReportStatusCodeLib:ReportStatusCodeLib.obj
 0003:00000000       gEfiLoadedImageProtocolGuid 0000000000014000     Timer:AutoGen.obj
 0003:00000010       gEfiStatusCodeSpecificDataGuid 0000000000014010     Timer:AutoGen.obj
 0003:00000020       gEfiGlobalVariableGuid     0000000000014020     Timer:AutoGen.obj
 0003:00000030       gEfiStatusCodeRuntimeProtocolGuid 0000000000014030     Timer:AutoGen.obj
 0003:00000040       gEfiGenericVariableGuid    0000000000014040     Timer:AutoGen.obj
 0003:00000050       gEfiDevicePathProtocolGuid 0000000000014050     Timer:AutoGen.obj
 0003:00000060       gEfiDevicePathToTextProtocolGuid 0000000000014060     Timer:AutoGen.obj
 0003:00000070       gEfiStatusCodeDataTypeDebugGuid 0000000000014070     Timer:AutoGen.obj
 0003:00000080       gEfiCpuArchProtocolGuid    0000000000014080     Timer:AutoGen.obj
 0003:00000090       gEfiWinNtThunkProtocolGuid 0000000000014090     Timer:AutoGen.obj
 0003:000000a0       gEfiDevicePathUtilitiesProtocolGuid 00000000000140a0     Timer:AutoGen.obj
 0003:000000b0       gEfiDevicePathFromTextProtocolGuid 00000000000140b0     Timer:AutoGen.obj
 0003:000000c0       gEfiTimerArchProtocolGuid  00000000000140c0     Timer:AutoGen.obj
 0003:000000d0       gEfiHobListGuid            00000000000140d0     Timer:AutoGen.obj
 0003:000000e0       gEfiDebugMaskProtocolGuid  00000000000140e0     Timer:AutoGen.obj
 0003:000000f0       gEfiCallerIdGuid           00000000000140f0     Timer:AutoGen.obj
 0003:00000100       mTimer                     0000000000014100     Timer:Timer.obj
 0003:00000120       mDebugMaskProtocol         0000000000014120     DxeDebugPrintErrorLevelLib:DxeDebugPrintErrorLevelLib.obj
 0003:00000140       mCancelTimerThread         0000000000014140     Timer:Timer.obj
 0003:00000141       mGlobalErrorLevelInitialized 0000000000014141     DxeDebugPrintErrorLevelLib:DxeDebugPrintErrorLevelLib.obj
 0003:00000148       mTimerNotifyFunction       0000000000014148     Timer:Timer.obj
 0003:00000150       mMMTimerThreadID           0000000000014150     Timer:Timer.obj
 0003:00000154       mDebugPrintErrorLevel      0000000000014154     DxeDebugPrintErrorLevelLib:DxeDebugPrintErrorLevelLib.obj
 0003:00000158       gST                        0000000000014158     UefiBootServicesTableLib:UefiBootServicesTableLib.obj
 0003:00000160       gBS                        0000000000014160     UefiBootServicesTableLib:UefiBootServicesTableLib.obj
 0003:00000168       gImageHandle               0000000000014168     UefiBootServicesTableLib:UefiBootServicesTableLib.obj
 0003:00000170       mDevicePathLibDevicePathUtilities 0000000000014170     UefiDevicePathLibDevicePathProtocol:UefiDevicePathLib.obj
 0003:00000178       gRT                        0000000000014178     UefiRuntimeServicesTableLib:UefiRuntimeServicesTableLib.obj
 0003:00000180       mHobList                   0000000000014180     DxeHobLib:HobLib.obj
 0003:00000188       mSystemTable               0000000000014188     DxeDebugPrintErrorLevelLib:DxeDebugPrintErrorLevelLib.obj
 0003:00000190       mReportStatusCodeLibStatusCodeProtocol 0000000000014190     DxeReportStatusCodeLib:ReportStatusCodeLib.obj
 0003:00000198       gWinNt                     0000000000014198     <common>
 0003:000001a0       mNtCriticalSection         00000000000141a0     <common>
 0003:000001c8       mNtLastTick                00000000000141c8     <common>
 0003:000001d0       mTimerPeriod               00000000000141d0     <common>
 0003:000001d8       mNtMainThreadHandle        00000000000141d8     <common>
 0003:000001e0       mCpu                       00000000000141e0     <common>

 entry point at        0001:00000110

 Static symbols

 0000:ffff7000       .debug$S                   0000000000010000     Timer.exp
 0001:0000001a       InternalMemCopyMem.0       000000000001101a     BaseMemoryLibOptDxe:CopyMem.obj
 0001:00000032       InternalMemCopyMem.1       0000000000011032     BaseMemoryLibOptDxe:CopyMem.obj
 0001:00000045       InternalMemCopyMem.2       0000000000011045     BaseMemoryLibOptDxe:CopyMem.obj
 0001:00000062       @CopyBackward              0000000000011062     BaseMemoryLibOptDxe:CopyMem.obj
 0001:0000006b       @CopyBytes                 000000000001106b     BaseMemoryLibOptDxe:CopyMem.obj
 0004:00000000       .edata                     0000000000015000     Timer.exp
 0004:00000028       rgpv                       0000000000015028     Timer.exp
 0004:0000002c       rgszName                   000000000001502c     Timer.exp
 0004:00000030       rgwOrd                     0000000000015030     Timer.exp
 0004:00000032       szName                     0000000000015032     Timer.exp
 0004:0000003c       $N00001                    000000000001503c     Timer.exp
 0005:00000000       $pdata$_ModuleEntryPoint   0000000000016000     UefiDriverEntryPoint:DriverEntryPoint.obj
 0005:0000000c       $pdata$ProcessLibraryDestructorList 000000000001600c     Timer:AutoGen.obj
 0005:00000018       $pdata$ProcessLibraryConstructorList 0000000000016018     Timer:AutoGen.obj
 0005:00000024       $pdata$ProcessModuleEntryPointList 0000000000016024     Timer:AutoGen.obj
 0005:00000030       $pdata$WinNtTimerDriverSetTimerPeriod 0000000000016030     Timer:Timer.obj
 0005:0000003c       $pdata$WinNtTimerDriverRegisterHandler 000000000001603c     Timer:Timer.obj
 0005:00000048       $pdata$MMTimerThread       0000000000016048     Timer:Timer.obj
 0005:00000054       $pdata$DebugPrint          0000000000016054     PeiDxeDebugLibReportStatusCode:DebugLib.obj
 0005:00000060       $pdata$DebugAssert         0000000000016060     PeiDxeDebugLibReportStatusCode:DebugLib.obj
 0005:0000006c       $pdata$GetFirstGuidHob     000000000001606c     DxeHobLib:HobLib.obj
 0005:00000078       $pdata$GetNextHob          0000000000016078     DxeHobLib:HobLib.obj
 0005:00000084       $pdata$GetHobList          0000000000016084     DxeHobLib:HobLib.obj
 0005:00000090       $pdata$GetDebugPrintErrorLevel 0000000000016090     DxeDebugPrintErrorLevelLib:DxeDebugPrintErrorLevelLib.obj
 0005:0000009c       $pdata$AsciiStrLen         000000000001609c     BaseLib:String.obj
 0005:000000a8       $pdata$AsciiStrnCpyS       00000000000160a8     BaseLib:SafeString.obj
 0005:000000b4       $pdata$ReadUnaligned64     00000000000160b4     BaseLib:Unaligned.obj
 0005:000000c0       $pdata$CopyMem             00000000000160c0     BaseMemoryLibOptDxe:CopyMemWrapper.obj
 0005:000000cc       $pdata$CopyGuid            00000000000160cc     BaseMemoryLibOptDxe:MemLibGuid.obj
 0005:000000d8       $pdata$CompareGuid         00000000000160d8     BaseMemoryLibOptDxe:MemLibGuid.obj
 0005:000000e4       $pdata$InternalReportStatusCode 00000000000160e4     DxeReportStatusCodeLib:ReportStatusCodeLib.obj
 0005:000000f0       $pdata$ReportStatusCodeEx  00000000000160f0     DxeReportStatusCodeLib:ReportStatusCodeLib.obj
 0006:00000000       $unwind$GetHobList         0000000000017000     DxeHobLib:HobLib.obj
 0006:00000000       $unwind$_ModuleEntryPoint  0000000000017000     UefiDriverEntryPoint:DriverEntryPoint.obj
 0006:00000000       $unwind$AsciiStrnCpyS      0000000000017000     BaseLib:SafeString.obj
 0006:00000000       $unwind$CopyGuid           0000000000017000     BaseMemoryLibOptDxe:MemLibGuid.obj
 0006:00000010       $unwind$ProcessLibraryConstructorList 0000000000017010     Timer:AutoGen.obj
 0006:00000024       $unwind$ProcessLibraryDestructorList 0000000000017024     Timer:AutoGen.obj
 0006:0000002c       $unwind$ProcessModuleEntryPointList 000000000001702c     Timer:AutoGen.obj
 0006:00000038       $unwind$MMTimerThread      0000000000017038     Timer:Timer.obj
 0006:00000048       $unwind$GetNextHob         0000000000017048     DxeHobLib:HobLib.obj
 0006:00000048       $unwind$WinNtTimerDriverRegisterHandler 0000000000017048     Timer:Timer.obj
 0006:00000048       $unwind$ReadUnaligned64    0000000000017048     BaseLib:Unaligned.obj
 0006:00000050       $unwind$WinNtTimerDriverSetTimerPeriod 0000000000017050     Timer:Timer.obj
 0006:0000005c       $unwind$DebugPrint         000000000001705c     PeiDxeDebugLibReportStatusCode:DebugLib.obj
 0006:0000006c       $unwind$DebugAssert        000000000001706c     PeiDxeDebugLibReportStatusCode:DebugLib.obj
 0006:00000088       $unwind$AsciiStrLen        0000000000017088     BaseLib:String.obj
 0006:00000088       $unwind$GetFirstGuidHob    0000000000017088     DxeHobLib:HobLib.obj
 0006:00000094       $unwind$GetDebugPrintErrorLevel 0000000000017094     DxeDebugPrintErrorLevelLib:DxeDebugPrintErrorLevelLib.obj
 0006:0000009c       $unwind$CompareGuid        000000000001709c     BaseMemoryLibOptDxe:MemLibGuid.obj
 0006:0000009c       $unwind$CopyMem            000000000001709c     BaseMemoryLibOptDxe:CopyMemWrapper.obj
 0006:000000b0       $unwind$InternalReportStatusCode 00000000000170b0     DxeReportStatusCodeLib:ReportStatusCodeLib.obj
 0006:000000c8       $unwind$ReportStatusCodeEx 00000000000170c8     DxeReportStatusCodeLib:ReportStatusCodeLib.obj
