 SetupBrowser

 Timestamp is 5c19cc05 (Wed Dec 19 12:41:41 2018)

 Preferred load address is 0000000000010000

 Start         Length     Name                   Class
 0001:00000000 00000130H .text                   CODE
 0001:00000130 00014d77H .text$mn                CODE
 0002:00000000 00002c14H .rdata                  DATA
 0002:00002c14 00000144H .rdata$zzzdbg           DATA
 0003:00000000 00000300H .data                   DATA
 0003:00000300 00000278H .bss                    DATA
 0004:00000000 00000054H .edata                  DATA
 0005:00000000 00000990H .pdata                  DATA
 0006:00000000 00000708H .xdata                  DATA

  Address         Publics by Value              Rva+Base               Lib:Object

 0000:00000000       __guard_longjmp_table      0000000000000000     <absolute>
 0000:00000000       __guard_iat_count          0000000000000000     <absolute>
 0000:00000000       __dynamic_value_reloc_table 0000000000000000     <absolute>
 0000:00000000       __guard_iat_table          0000000000000000     <absolute>
 0000:00000000       __hybrid_code_map_count    0000000000000000     <absolute>
 0000:00000000       __guard_fids_count         0000000000000000     <absolute>
 0000:00000000       __volatile_metadata        0000000000000000     <absolute>
 0000:00000000       __enclave_config           0000000000000000     <absolute>
 0000:00000000       __guard_longjmp_count      0000000000000000     <absolute>
 0000:00000000       __hybrid_auxiliary_iat     0000000000000000     <absolute>
 0000:00000000       __guard_fids_table         0000000000000000     <absolute>
 0000:00000000       __hybrid_code_map          0000000000000000     <absolute>
 0000:00000100       __guard_flags              0000000000000100     <absolute>
 0001:00000000       InternalMemCopyMem         0000000000011000     BaseMemoryLibOptDxe:CopyMem.obj
 0001:00000080       InternalMemZeroMem         0000000000011080     BaseMemoryLibOptDxe:ZeroMem.obj
 0001:000000a0       InternalMemCompareMem      00000000000110a0     BaseMemoryLibOptDxe:CompareMem.obj
 0001:000000c0       InternalMemSetMem          00000000000110c0     BaseMemoryLibOptDxe:SetMem.obj
 0001:00000100       InternalMemSetMem64        0000000000011100     BaseMemoryLibOptDxe:SetMem64.obj
 0001:00000120       InternalMemSetMem32        0000000000011120     BaseMemoryLibOptDxe:SetMem32.obj
 0001:00000130       _ModuleEntryPoint          0000000000011130 f   UefiDriverEntryPoint:DriverEntryPoint.obj
 0001:00000178       ProcessLibraryConstructorList 0000000000011178 f   SetupBrowser:AutoGen.obj
 0001:0000044c       ProcessLibraryDestructorList 000000000001144c f   SetupBrowser:AutoGen.obj
 0001:000004a4       UiFindParentMenu           00000000000114a4 f   SetupBrowser:Setup.obj
 0001:00000564       UiFreeMenuList             0000000000011564 f   SetupBrowser:Setup.obj
 0001:000005c8       UiCopyMenuList             00000000000115c8 f   SetupBrowser:Setup.obj
 0001:000006cc       LoadAllHiiFormset          00000000000116cc f   SetupBrowser:Setup.obj
 0001:000007f4       PopupErrorMessage          00000000000117f4 f   SetupBrowser:Setup.obj
 0001:000008c8       SendForm                   00000000000118c8 f   SetupBrowser:Setup.obj
 0001:00000be0       ProcessStorage             0000000000011be0 f   SetupBrowser:Setup.obj
 0001:00000d80       BrowserCallback            0000000000011d80 f   SetupBrowser:Setup.obj
 0001:00000fac       FormDisplayCallback        0000000000011fac f   SetupBrowser:Setup.obj
 0001:00000fdc       InitializeSetup            0000000000011fdc f   SetupBrowser:Setup.obj
 0001:000012ac       NewString                  00000000000122ac f   SetupBrowser:Setup.obj
 0001:000012ec       GetToken                   00000000000122ec f   SetupBrowser:Setup.obj
 0001:00001358       NewStringCpy               0000000000012358 f   SetupBrowser:Setup.obj
 0001:000013b8       NewStringCat               00000000000123b8 f   SetupBrowser:Setup.obj
 0001:0000146c       GetValueByName             000000000001246c f   SetupBrowser:Setup.obj
 0001:00001544       SetValueByName             0000000000012544 f   SetupBrowser:Setup.obj
 0001:00001670       StorageToConfigResp        0000000000012670 f   SetupBrowser:Setup.obj
 0001:000017dc       ConfigRespToStorage        00000000000127dc f   SetupBrowser:Setup.obj
 0001:000018f0       GetBitsQuestionValue       00000000000128f0 f   SetupBrowser:Setup.obj
 0001:00001958       SetBitsQuestionValue       0000000000012958 f   SetupBrowser:Setup.obj
 0001:000019cc       BufferToValue              00000000000129cc f   SetupBrowser:Setup.obj
 0001:00001b9c       GetQuestionValue           0000000000012b9c f   SetupBrowser:Setup.obj
 0001:000020f0       SetQuestionValue           00000000000130f0 f   SetupBrowser:Setup.obj
 0001:000026d8       ValidateQuestion           00000000000136d8 f   SetupBrowser:Setup.obj
 0001:00002884       ValueChangedValidation     0000000000013884 f   SetupBrowser:Setup.obj
 0001:0000290c       NoSubmitCheck              000000000001390c f   SetupBrowser:Setup.obj
 0001:00002a44       SynchronizeStorage         0000000000013a44 f   SetupBrowser:Setup.obj
 0001:00002bb8       SendDiscardInfoToDriver    0000000000013bb8 f   SetupBrowser:Setup.obj
 0001:00002cec       SubmitCallbackForForm      0000000000013cec f   SetupBrowser:Setup.obj
 0001:00002de0       SubmitCallback             0000000000013de0 f   SetupBrowser:Setup.obj
 0001:00002e80       ValidateHiiHandle          0000000000013e80 f   SetupBrowser:Setup.obj
 0001:00002efc       ValidateFormSet            0000000000013efc f   SetupBrowser:Setup.obj
 0001:00002f6c       UpdateFlagForForm          0000000000013f6c f   SetupBrowser:Setup.obj
 0001:00003078       ValueChangeResetFlagUpdate 0000000000014078 f   SetupBrowser:Setup.obj
 0001:00003128       FindQuestionFromProgress   0000000000014128 f   SetupBrowser:Setup.obj
 0001:00003440       GetSyncRestoreConfigRequest 0000000000014440 f   SetupBrowser:Setup.obj
 0001:000036b4       ConfirmSaveFail            00000000000146b4 f   SetupBrowser:Setup.obj
 0001:00003750       DiscardForm                0000000000014750 f   SetupBrowser:Setup.obj
 0001:00003a10       SubmitForForm              0000000000014a10 f   SetupBrowser:Setup.obj
 0001:00003cdc       SubmitForFormSet           0000000000014cdc f   SetupBrowser:Setup.obj
 0001:0000414c       SubmitForSystem            000000000001514c f   SetupBrowser:Setup.obj
 0001:00004650       HiiToLower                 0000000000015650 f   SetupBrowser:Setup.obj
 0001:000046c4       GetOffsetFromConfigResp    00000000000156c4 f   SetupBrowser:Setup.obj
 0001:000047e4       ValueToOption              00000000000157e4 f   SetupBrowser:Setup.obj
 0001:000048ac       GetQuestionDefault         00000000000158ac f   SetupBrowser:Setup.obj
 0001:00005208       ExtractAltCfgForForm       0000000000016208 f   SetupBrowser:Setup.obj
 0001:000053b4       ExtractAltCfgForFormSet    00000000000163b4 f   SetupBrowser:Setup.obj
 0001:000054e0       ExtractDefault             00000000000164e0 f   SetupBrowser:Setup.obj
 0001:00005928       IsQuestionValueChanged     0000000000016928 f   SetupBrowser:Setup.obj
 0001:00005c38       LoadFormSetConfig          0000000000016c38 f   SetupBrowser:Setup.obj
 0001:00005d84       CleanBrowserStorage        0000000000016d84 f   SetupBrowser:Setup.obj
 0001:00005f68       ConfigRequestAdjust        0000000000016f68 f   SetupBrowser:Setup.obj
 0001:000061e0       SyncStatusForFormSet       00000000000171e0 f   SetupBrowser:Setup.obj
 0001:000063d8       InitializeCurrentSetting   00000000000173d8 f   SetupBrowser:Setup.obj
 0001:00006640       GetIfrBinaryData           0000000000017640 f   SetupBrowser:Setup.obj
 0001:000068fc       InitializeFormSet          00000000000178fc f   SetupBrowser:Setup.obj
 0001:000069a4       SaveBrowserContext         00000000000179a4 f   SetupBrowser:Setup.obj
 0001:00006b64       RestoreBrowserContext      0000000000017b64 f   SetupBrowser:Setup.obj
 0001:00006d5c       GetFormSetFromHiiHandle    0000000000017d5c f   SetupBrowser:Setup.obj
 0001:00006df8       IsHiiHandleInBrowserContext 0000000000017df8 f   SetupBrowser:Setup.obj
 0001:00006e80       PasswordCheck              0000000000017e80 f   SetupBrowser:Setup.obj
 0001:00006f7c       SetScope                   0000000000017f7c f   SetupBrowser:Setup.obj
 0001:00006fd8       RegisterHotKey             0000000000017fd8 f   SetupBrowser:Setup.obj
 0001:00007188       RegiserExitHandler         0000000000018188 f   SetupBrowser:Setup.obj
 0001:00007190       IsBrowserDataModified      0000000000018190 f   SetupBrowser:Setup.obj
 0001:00007274       ExecuteAction              0000000000018274 f   SetupBrowser:Setup.obj
 0001:00007408       SaveReminder               0000000000018408 f   SetupBrowser:Setup.obj
 0001:000074ec       IsResetRequired            00000000000184ec f   SetupBrowser:Setup.obj
 0001:000074f4       UpdateStatement            00000000000184f4 f   SetupBrowser:Presentation.obj
 0001:00007568       RefreshEventNotifyForStatement 0000000000018568 f   SetupBrowser:Presentation.obj
 0001:0000758c       RefreshEventNotifyForForm  000000000001858c f   SetupBrowser:Presentation.obj
 0001:000075b0       CreateRefreshEventForStatement 00000000000185b0 f   SetupBrowser:Presentation.obj
 0001:00007668       CreateRefreshEventForForm  0000000000018668 f   SetupBrowser:Presentation.obj
 0001:0000771c       InitializeDisplayStatement 000000000001871c f   SetupBrowser:Presentation.obj
 0001:00007a5c       RefreshIntervalProcess     0000000000018a5c f   SetupBrowser:Presentation.obj
 0001:00007b18       UpdateHotkeyList           0000000000018b18 f   SetupBrowser:Presentation.obj
 0001:00007c40       AddStatementToDisplayForm  0000000000018c40 f   SetupBrowser:Presentation.obj
 0001:00008108       UpdateDisplayFormData      0000000000019108 f   SetupBrowser:Presentation.obj
 0001:00008248       FreeStatementData          0000000000019248 f   SetupBrowser:Presentation.obj
 0001:0000833c       FreeDisplayFormData        000000000001933c f   SetupBrowser:Presentation.obj
 0001:0000840c       GetBrowserStatement        000000000001940c f   SetupBrowser:Presentation.obj
 0001:000084bc       UpdateStatementStatusForForm 00000000000194bc f   SetupBrowser:Presentation.obj
 0001:0000856c       UpdateStatementStatusForFormSet 000000000001956c f   SetupBrowser:Presentation.obj
 0001:00008600       UpdateStatementStatus      0000000000019600 f   SetupBrowser:Presentation.obj
 0001:000086b8       ProcessAction              00000000000196b8 f   SetupBrowser:Presentation.obj
 0001:0000881c       GetFormsetGuidFromHiiHandle 000000000001981c f   SetupBrowser:Presentation.obj
 0001:0000898c       DevicePathToHiiHandle      000000000001998c f   SetupBrowser:Presentation.obj
 0001:00008a78       FormSetGuidToHiiHandle     0000000000019a78 f   SetupBrowser:Presentation.obj
 0001:00008b1c       ProcessChangedData         0000000000019b1c f   SetupBrowser:Presentation.obj
 0001:00008bb4       FindParentFormSet          0000000000019bb4 f   SetupBrowser:Presentation.obj
 0001:00008c2c       ProcessGotoOpCode          0000000000019c2c f   SetupBrowser:Presentation.obj
 0001:00008e9c       ProcessUserInput           0000000000019e9c f   SetupBrowser:Presentation.obj
 0001:000091b0       DisplayForm                000000000001a1b0 f   SetupBrowser:Presentation.obj
 0001:000094cc       FormUpdateNotify           000000000001a4cc f   SetupBrowser:Presentation.obj
 0001:000094d8       IsNvUpdateRequiredForFormSet 000000000001a4d8 f   SetupBrowser:Presentation.obj
 0001:0000956c       IsNvUpdateRequiredForForm  000000000001a56c f   SetupBrowser:Presentation.obj
 0001:000095e4       FindNextMenu               000000000001a5e4 f   SetupBrowser:Presentation.obj
 0001:00009714       ProcessCallBackFunction    000000000001a714 f   SetupBrowser:Presentation.obj
 0001:00009ca4       ProcessRetrieveForQuestion 000000000001aca4 f   SetupBrowser:Presentation.obj
 0001:00009de8       SetupBrowser               000000000001ade8 f   SetupBrowser:Presentation.obj
 0001:0000a298       CreateStatement            000000000001b298 f   SetupBrowser:IfrParse.obj
 0001:0000a41c       CreateQuestion             000000000001b41c f   SetupBrowser:IfrParse.obj
 0001:0000a6e0       CreateExpression           000000000001b6e0 f   SetupBrowser:IfrParse.obj
 0001:0000a73c       CreateStorage              000000000001b73c f   SetupBrowser:IfrParse.obj
 0001:0000aad0       GetFstStgFromVarId         000000000001bad0 f   SetupBrowser:IfrParse.obj
 0001:0000ab78       GetFstStgFromBrsStg        000000000001bb78 f   SetupBrowser:IfrParse.obj
 0001:0000ac84       InitializeRequestElement   000000000001bc84 f   SetupBrowser:IfrParse.obj
 0001:0000afc8       DestroyExpression          000000000001bfc8 f   SetupBrowser:IfrParse.obj
 0001:0000b0d0       DestroyStatement           000000000001c0d0 f   SetupBrowser:IfrParse.obj
 0001:0000b33c       DestroyFormSet             000000000001c33c f   SetupBrowser:IfrParse.obj
 0001:0000b648       IsExpressionOpCode         000000000001c648 f   SetupBrowser:IfrParse.obj
 0001:0000b684       IsStatementOpCode          000000000001c684 f   SetupBrowser:IfrParse.obj
 0001:0000b6a8       CountOpCodes               000000000001c6a8 f   SetupBrowser:IfrParse.obj
 0001:0000b728       ParseOpCodes               000000000001c728 f   SetupBrowser:IfrParse.obj
 0001:0000daf4       GrowStack                  000000000001eaf4 f   SetupBrowser:Expression.obj
 0001:0000dbf8       PushStack                  000000000001ebf8 f   SetupBrowser:Expression.obj
 0001:0000dc78       PopCurrentExpression       000000000001ec78 f   SetupBrowser:Expression.obj
 0001:0000dcc8       GrowConditionalStack       000000000001ecc8 f   SetupBrowser:Expression.obj
 0001:0000dd84       PushConditionalStack       000000000001ed84 f   SetupBrowser:Expression.obj
 0001:0000ddc8       GetConditionalExpressionCount 000000000001edc8 f   SetupBrowser:Expression.obj
 0001:0000de30       GetConditionalExpressionList 000000000001ee30 f   SetupBrowser:Expression.obj
 0001:0000de80       PushConditionalExpression  000000000001ee80 f   SetupBrowser:Expression.obj
 0001:0000df10       PopConditionalExpression   000000000001ef10 f   SetupBrowser:Expression.obj
 0001:0000dfc0       PopMapExpressionList       000000000001efc0 f   SetupBrowser:Expression.obj
 0001:0000e010       PopScope                   000000000001f010 f   SetupBrowser:Expression.obj
 0001:0000e060       PopExpression              000000000001f060 f   SetupBrowser:Expression.obj
 0001:0000e0b0       IdToForm                   000000000001f0b0 f   SetupBrowser:Expression.obj
 0001:0000e130       IdToQuestion2              000000000001f130 f   SetupBrowser:Expression.obj
 0001:0000e1c4       IdToQuestion               000000000001f1c4 f   SetupBrowser:Expression.obj
 0001:0000e2a0       GetLengthForValue          000000000001f2a0 f   SetupBrowser:Expression.obj
 0001:0000e2d4       IfrToString                000000000001f2d4 f   SetupBrowser:Expression.obj
 0001:0000e4b4       IfrToUint                  000000000001f4b4 f   SetupBrowser:Expression.obj
 0001:0000e628       IfrCatenate                000000000001f628 f   SetupBrowser:Expression.obj
 0001:0000e8f0       IfrMatch                   000000000001f8f0 f   SetupBrowser:Expression.obj
 0001:0000e9f4       IfrMatch2                  000000000001f9f4 f   SetupBrowser:Expression.obj
 0001:0000eccc       IfrFind                    000000000001fccc f   SetupBrowser:Expression.obj
 0001:0000ee68       IfrMid                     000000000001fe68 f   SetupBrowser:Expression.obj
 0001:0000f07c       IfrToken                   000000000002007c f   SetupBrowser:Expression.obj
 0001:0000f20c       IfrSpan                    000000000002020c f   SetupBrowser:Expression.obj
 0001:0000f3c8       ExtendValueToU64           00000000000203c8 f   SetupBrowser:Expression.obj
 0001:0000f408       HiiValueToUINT64           0000000000020408 f   SetupBrowser:Expression.obj
 0001:0000f440       CompareHiiValue            0000000000020440 f   SetupBrowser:Expression.obj
 0001:0000f64c       CheckUserPrivilege         000000000002064c f   SetupBrowser:Expression.obj
 0001:0000f7fc       GetQuestionValueFromForm   00000000000207fc f   SetupBrowser:Expression.obj
 0001:0000f9d0       EvaluateExpression         00000000000209d0 f   SetupBrowser:Expression.obj
 0001:00010f94       IsTrue                     0000000000021f94 f   SetupBrowser:Expression.obj
 0001:00010fd0       EvaluateExpressionList     0000000000021fd0 f   SetupBrowser:Expression.obj
 0001:000110d0       DebugPrint                 00000000000220d0 f   PeiDxeDebugLibReportStatusCode:DebugLib.obj
 0001:000112a4       DebugAssert                00000000000222a4 f   PeiDxeDebugLibReportStatusCode:DebugLib.obj
 0001:000113f4       CopyGuid                   00000000000223f4 f   BaseMemoryLibOptDxe:MemLibGuid.obj
 0001:00011478       CompareGuid                0000000000022478 f   BaseMemoryLibOptDxe:MemLibGuid.obj
 0001:000114e0       IsZeroGuid                 00000000000224e0 f   BaseMemoryLibOptDxe:MemLibGuid.obj
 0001:0001151c       CopyMem                    000000000002251c f   BaseMemoryLibOptDxe:CopyMemWrapper.obj
 0001:000115b8       ZeroMem                    00000000000225b8 f   BaseMemoryLibOptDxe:ZeroMemWrapper.obj
 0001:0001161c       CompareMem                 000000000002261c f   BaseMemoryLibOptDxe:CompareMemWrapper.obj
 0001:000116e8       StrnLenS                   00000000000226e8 f   BaseLib:SafeString.obj
 0001:00011750       StrCpyS                    0000000000022750 f   BaseLib:SafeString.obj
 0001:000118ec       StrnCpyS                   00000000000228ec f   BaseLib:SafeString.obj
 0001:00011ab8       StrCatS                    0000000000022ab8 f   BaseLib:SafeString.obj
 0001:00011c98       AsciiStrnLenS              0000000000022c98 f   BaseLib:SafeString.obj
 0001:00011cc4       AsciiStrnCpyS              0000000000022cc4 f   BaseLib:SafeString.obj
 0001:00011dc0       StrLen                     0000000000022dc0 f   BaseLib:String.obj
 0001:00011e54       StrCmp                     0000000000022e54 f   BaseLib:String.obj
 0001:00011f00       StrStr                     0000000000022f00 f   BaseLib:String.obj
 0001:00011fc8       InternalHexCharToUintn     0000000000022fc8 f   BaseLib:String.obj
 0001:00011ffc       StrDecimalToUint64         0000000000022ffc f   BaseLib:String.obj
 0001:00012104       StrHexToUint64             0000000000023104 f   BaseLib:String.obj
 0001:0001224c       AsciiStrLen                000000000002324c f   BaseLib:String.obj
 0001:000122b8       AsciiStrnCmp               00000000000232b8 f   BaseLib:String.obj
 0001:00012384       InternalBaseLibIsListValid 0000000000023384 f   BaseLib:LinkedList.obj
 0001:00012414       InitializeListHead         0000000000023414 f   BaseLib:LinkedList.obj
 0001:0001244c       InsertHeadList             000000000002344c f   BaseLib:LinkedList.obj
 0001:0001249c       InsertTailList             000000000002349c f   BaseLib:LinkedList.obj
 0001:000124f0       GetFirstNode               00000000000234f0 f   BaseLib:LinkedList.obj
 0001:00012524       GetNextNode                0000000000023524 f   BaseLib:LinkedList.obj
 0001:00012558       IsListEmpty                0000000000023558 f   BaseLib:LinkedList.obj
 0001:00012590       IsNull                     0000000000023590 f   BaseLib:LinkedList.obj
 0001:000125d4       RemoveEntryList            00000000000235d4 f   BaseLib:LinkedList.obj
 0001:0001261c       InternalBaseLibBitFieldOrUint 000000000002361c f   BaseLib:BitField.obj
 0001:0001269c       BitFieldRead32             000000000002369c f   BaseLib:BitField.obj
 0001:00012718       BitFieldWrite32            0000000000023718 f   BaseLib:BitField.obj
 0001:00012860       DivU64x32                  0000000000023860 f   BaseLib:DivU64x32.obj
 0001:000128a0       DivU64x32Remainder         00000000000238a0 f   BaseLib:DivU64x32Remainder.obj
 0001:00012900       LShiftU64                  0000000000023900 f   BaseLib:LShiftU64.obj
 0001:00012944       RShiftU64                  0000000000023944 f   BaseLib:RShiftU64.obj
 0001:00012988       ReadUnaligned32            0000000000023988 f   BaseLib:Unaligned.obj
 0001:000129b8       ReadUnaligned64            00000000000239b8 f   BaseLib:Unaligned.obj
 0001:000129e8       InternalAllocatePool       00000000000239e8 f   UefiMemoryAllocationLib:MemoryAllocationLib.obj
 0001:00012a18       InternalAllocateZeroPool   0000000000023a18 f   UefiMemoryAllocationLib:MemoryAllocationLib.obj
 0001:00012a44       AllocateZeroPool           0000000000023a44 f   UefiMemoryAllocationLib:MemoryAllocationLib.obj
 0001:00012a70       InternalAllocateCopyPool   0000000000023a70 f   UefiMemoryAllocationLib:MemoryAllocationLib.obj
 0001:00012ae8       FreePool                   0000000000023ae8 f   UefiMemoryAllocationLib:MemoryAllocationLib.obj
 0001:00012b2c       IsDevicePathEndType        0000000000023b2c f   UefiDevicePathLibDevicePathProtocol:UefiDevicePathLib.obj
 0001:00012b78       IsDevicePathEnd            0000000000023b78 f   UefiDevicePathLibDevicePathProtocol:UefiDevicePathLib.obj
 0001:00012be4       UnicodeSPrint              0000000000023be4 f   BasePrintLib:PrintLib.obj
 0001:00012c64       UnicodeValueToStringS      0000000000023c64 f   BasePrintLib:PrintLib.obj
 0001:00012cd4       BasePrintLibFillBuffer     0000000000023cd4 f   BasePrintLib:PrintLibInternal.obj
 0001:00012d08       BasePrintLibValueToString  0000000000023d08 f   BasePrintLib:PrintLibInternal.obj
 0001:00012d58       BasePrintLibConvertValueToStringS 0000000000023d58 f   BasePrintLib:PrintLibInternal.obj
 0001:00013068       BasePrintLibSPrintMarker   0000000000024068 f   BasePrintLib:PrintLibInternal.obj
 0001:00013f98       BasePrintLibSPrint         0000000000024f98 f   BasePrintLib:PrintLibInternal.obj
 0001:00013fbc       EfiCreateProtocolNotifyEvent 0000000000024fbc f   UefiLib:UefiLib.obj
 0001:000140a8       EfiEventEmptyFunction      00000000000250a8 f   UefiLib:UefiLib.obj
 0001:000140ac       GetEfiGlobalVariable2      00000000000250ac f   UefiLib:UefiLib.obj
 0001:000141a4       GetBestLanguage            00000000000251a4 f   UefiLib:UefiLib.obj
 0001:000142e8       GetHobList                 00000000000252e8 f   DxeHobLib:HobLib.obj
 0001:000143c8       GetNextHob                 00000000000253c8 f   DxeHobLib:HobLib.obj
 0001:00014418       GetDebugPrintErrorLevel    0000000000025418 f   DxeDebugPrintErrorLevelLib:DxeDebugPrintErrorLevelLib.obj
 0001:00014534       GetDebugMask               0000000000025534 f   DxeDebugPrintErrorLevelLib:DxeDebugPrintErrorLevelLib.obj
 0001:00014550       SetDebugMask               0000000000025550 f   DxeDebugPrintErrorLevelLib:DxeDebugPrintErrorLevelLib.obj
 0001:0001455c       HiiSetString               000000000002555c f   UefiHiiLib:HiiString.obj
 0001:000146a8       HiiGetString               00000000000256a8 f   UefiHiiLib:HiiString.obj
 0001:00014844       HiiGetHiiHandles           0000000000025844 f   UefiHiiLib:HiiLib.obj
 0001:000148d0       HiiConstructConfigHdr      00000000000258d0 f   UefiHiiLib:HiiLib.obj
 0001:00014b68       HiiGetSupportedLanguages   0000000000025b68 f   UefiHiiLib:HiiLanguage.obj
 0001:00014c0c       InternalReportStatusCode   0000000000025c0c f   DxeReportStatusCodeLib:ReportStatusCodeLib.obj
 0001:00014cd4       ReportStatusCodeEx         0000000000025cd4 f   DxeReportStatusCodeLib:ReportStatusCodeLib.obj
 0002:00000000       ??_C@_0CB@DMEJJJHA@?6ASSERT_EFI_ERROR?5?$CIStatus?5?$DN?5?$CFr?$CJ@ 0000000000026000     UefiDriverEntryPoint:DriverEntryPoint.obj
 0002:00000028       ??_C@_0BE@DCHLEIGN@?$CBEFI_ERROR?5?$CIStatus?$CJ@ 0000000000026028     UefiDriverEntryPoint:DriverEntryPoint.obj
 0002:00000040       _gDriverUnloadImageCount   0000000000026040     SetupBrowser:AutoGen.obj
 0002:00000041       _gPcd_FixedAtBuild_PcdFrameworkCompatibilitySupport 0000000000026041     SetupBrowser:AutoGen.obj
 0002:00000042       _gPcd_FixedAtBuild_PcdReportStatusCodePropertyMask 0000000000026042     SetupBrowser:AutoGen.obj
 0002:00000043       _gPcd_FixedAtBuild_PcdDebugPropertyMask 0000000000026043     SetupBrowser:AutoGen.obj
 0002:00000044       _gUefiDriverRevision       0000000000026044     SetupBrowser:AutoGen.obj
 0002:00000048       _gPcd_FixedAtBuild_PcdMaximumLinkedListLength 0000000000026048     SetupBrowser:AutoGen.obj
 0002:0000004c       _gPcd_FixedAtBuild_PcdMaximumUnicodeStringLength 000000000002604c     SetupBrowser:AutoGen.obj
 0002:00000050       _gPcd_FixedAtBuild_PcdDebugPrintErrorLevel 0000000000026050     SetupBrowser:AutoGen.obj
 0002:00000054       _gPcd_FixedAtBuild_PcdFixedDebugPrintErrorLevel 0000000000026054     SetupBrowser:AutoGen.obj
 0002:00000058       gEfiCallerBaseName         0000000000026058     SetupBrowser:AutoGen.obj
 0002:00000060       _gPcd_FixedAtBuild_PcdMaximumAsciiStringLength 0000000000026060     SetupBrowser:AutoGen.obj
 0002:00000064       _gPcd_FixedAtBuild_PcdVerifyNodeInList 0000000000026064     SetupBrowser:AutoGen.obj
 0002:00000068       mUnknownString             0000000000026068     SetupBrowser:Setup.obj
 0002:00000070       mUefiDevicePathLibEndDevicePath 0000000000026070     UefiDevicePathLibDevicePathProtocol:UefiDevicePathLib.obj
 0002:00000074       mEndOfPakageList           0000000000026074     UefiHiiLib:HiiLib.obj
 0002:00000080       mStatusString              0000000000026080     BasePrintLib:PrintLibInternal.obj
 0002:000001c0       mHexStr                    00000000000261c0     BasePrintLib:PrintLibInternal.obj
 0002:000001d0       mConfigHdrTemplate         00000000000261d0     UefiHiiLib:HiiLib.obj
 0002:00000240       ??_C@_0N@NCICMNKN@SetupBrowser@ 0000000000026240     SetupBrowser:AutoGen.obj
 0002:00000250       ??_C@_0GO@HCDKMPGM@c?3?2edk2?2Build?2NT32X64?2DEBUG_VS2@ 0000000000026250     SetupBrowser:AutoGen.obj
 0002:000002c0       ??_C@_13MGDFOILI@?$AA?$CB@ 00000000000262c0     SetupBrowser:Setup.obj
 0002:000002c8       ??_C@_0BF@NDBIKIKC@CR?5has?5Bad?5Signature@ 00000000000262c8     SetupBrowser:Setup.obj
 0002:000002e0       ??_C@_0DH@HIBKGLPL@c?3?2edk2?2MdeModulePkg?2Universal?2@ 00000000000262e0     SetupBrowser:Setup.obj
 0002:00000318       ??_C@_0DK@IJHEFPAB@SettingLevel?5?$DN?$DN?5FormLevel?5?$HM?$HM?5Se@ 0000000000026318     SetupBrowser:Setup.obj
 0002:00000358       ??_C@_0BN@LKNBJPEL@NewMenuEntry?5?$CB?$DN?5?$CI?$CIvoid?5?$CK?$CJ?50?$CJ@ 0000000000026358     SetupBrowser:Setup.obj
 0002:00000378       ??_C@_0BL@IONPMOEP@HiiHandles?5?$CB?$DN?5?$CI?$CIvoid?5?$CK?$CJ?50?$CJ@ 0000000000026378     SetupBrowser:Setup.obj
 0002:00000398       ??_C@_0BN@JKIBMOPP@LocalFormSet?5?$CB?$DN?5?$CI?$CIvoid?5?$CK?$CJ?50?$CJ@ 0000000000026398     SetupBrowser:Setup.obj
 0002:000003b8       ??_C@_0BK@KKHDKLJL@Statement?5?$CB?$DN?5?$CI?$CIvoid?5?$CK?$CJ?50?$CJ@ 00000000000263b8     SetupBrowser:Setup.obj
 0002:000003d8       ??_C@_0DL@CHCMHJHP@Fatal?5Error?$CB?5EDKII_FORM_DISPLAY@ 00000000000263d8     SetupBrowser:Setup.obj
 0002:00000414       ??_C@_11LOCGONAA@@         0000000000026414     SetupBrowser:Setup.obj
 0002:00000418       ??_C@_0BK@EMAPFBAF@Selection?5?$CB?$DN?5?$CI?$CIvoid?5?$CK?$CJ?50?$CJ@ 0000000000026418     SetupBrowser:Setup.obj
 0002:00000438       ??_C@_0BI@DCAIAKBG@FormSet?5?$CB?$DN?5?$CI?$CIvoid?5?$CK?$CJ?50?$CJ@ 0000000000026438     SetupBrowser:Setup.obj
 0002:00000450       ??_C@_19IJOJOJIB@?$AAP?$AAA?$AAT?$AAH@ 0000000000026450     SetupBrowser:Setup.obj
 0002:00000460       ??_C@_0BH@GGIPKJKJ@StrPtr?5?$CB?$DN?5?$CI?$CIvoid?5?$CK?$CJ?50?$CJ@ 0000000000026460     SetupBrowser:Setup.obj
 0002:00000478       ??_C@_13FLOCNAAB@?$AA?$CG@ 0000000000026478     SetupBrowser:Setup.obj
 0002:00000480       ??_C@_0BP@CMBLIOEG@BrowserStorage?5?$CB?$DN?5?$CI?$CIvoid?5?$CK?$CJ?50?$CJ@ 0000000000026480     SetupBrowser:Setup.obj
 0002:000004a0       ??_C@_0BL@IKMGLHBA@ConfigResp?5?$CB?$DN?5?$CI?$CIvoid?5?$CK?$CJ?50?$CJ@ 00000000000264a0     SetupBrowser:Setup.obj
 0002:000004c0       ??_C@_0O@EMMLPDMJ@StringId?5?$CB?$DN?50@ 00000000000264c0     SetupBrowser:Setup.obj
 0002:000004d0       ??_C@_0BH@MAAHKCPC@String?5?$CB?$DN?5?$CI?$CIvoid?5?$CK?$CJ?50?$CJ@ 00000000000264d0     SetupBrowser:Setup.obj
 0002:000004e8       ??_C@_0BG@NJLDKBEH@?$CKDest?5?$CB?$DN?5?$CI?$CIvoid?5?$CK?$CJ?50?$CJ@ 00000000000264e8     SetupBrowser:Setup.obj
 0002:00000500       ??_C@_0BK@HACKOMPP@NewString?5?$CB?$DN?5?$CI?$CIvoid?5?$CK?$CJ?50?$CJ@ 0000000000026500     SetupBrowser:Setup.obj
 0002:00000520       ??_C@_0BH@IACGKAP@Buffer?5?$CB?$DN?5?$CI?$CIvoid?5?$CK?$CJ?50?$CJ@ 0000000000026520     SetupBrowser:Setup.obj
 0002:00000538       ??_C@_0BP@PAMADMNP@FormsetStorage?5?$CB?$DN?5?$CI?$CIvoid?5?$CK?$CJ?50?$CJ@ 0000000000026538     SetupBrowser:Setup.obj
 0002:00000558       ??_C@_13NMPKAAJP@?$AA?$DN@ 0000000000026558     SetupBrowser:Setup.obj
 0002:00000560       ??_C@_0EN@IEPODJOD@Question?9?$DOHiiValue?4Type?5?$DN?$DN?50x0B@ 0000000000026560     SetupBrowser:Setup.obj
 0002:000005b0       ??_C@_0BG@GJANEBOB@Value?5?$CB?$DN?5?$CI?$CIvoid?5?$CK?$CJ?50?$CJ@ 00000000000265b0     SetupBrowser:Setup.obj
 0002:000005c8       ??_C@_0BO@KAEFIFMO@ConfigRequest?5?$CB?$DN?5?$CI?$CIvoid?5?$CK?$CJ?50?$CJ@ 00000000000265c8     SetupBrowser:Setup.obj
 0002:000005e8       ??_C@_1O@DHGHMAMN@?$AA?$CG?$AAV?$AAA?$AAL?$AAU?$AAE@ 00000000000265e8     SetupBrowser:Setup.obj
 0002:000005f8       ??_C@_1BA@OHHBHMKI@?$AA?$CG?$AAV?$AAA?$AAL?$AAU?$AAE?$AA?$DN@ 00000000000265f8     SetupBrowser:Setup.obj
 0002:00000608       ??_C@_0BC@FEDIJHFF@?$CI?$CIBOOLEAN?$CJ?$CI0?$DN?$DN1?$CJ?$CJ@ 0000000000026608     SetupBrowser:Setup.obj
 0002:00000620       ??_C@_0CJ@KNPEFDNM@?$CI?$CKProgress?5?$DN?$DN?5?8?$CG?8?$CJ?5?$HM?$HM?5?$CI?$CKProgres@ 0000000000026620     SetupBrowser:Setup.obj
 0002:00000650       ??_C@_1M@PJAPFKED@?$AAP?$AAA?$AAT?$AAH?$AA?$DN@ 0000000000026650     SetupBrowser:Setup.obj
 0002:00000660       ??_C@_0BH@KGKDKCLO@EndStr?5?$CB?$DN?5?$CI?$CIvoid?5?$CK?$CJ?50?$CJ@ 0000000000026660     SetupBrowser:Setup.obj
 0002:00000678       ??_C@_1BC@KLGPJAMP@?$AA?$CG?$AAO?$AAF?$AAF?$AAS?$AAE?$AAT?$AA?$DN@ 0000000000026678     SetupBrowser:Setup.obj
 0002:00000690       ??_C@_0CL@OBFNCMMM@?$CI?$CKProgress?5?$DN?$DN?5L?8?$CG?8?$CJ?5?$HM?$HM?5?$CI?$CKProgre@ 0000000000026690     SetupBrowser:Setup.obj
 0002:000006c0       ??_C@_0CG@EEEMPLPF@?$CKRestoreConfigRequest?5?$CB?$DN?5?$CI?$CIvoid@ 00000000000266c0     SetupBrowser:Setup.obj
 0002:000006e8       ??_C@_0CA@NLCAJILJ@ConfigHdrEndStr?5?$CB?$DN?5?$CI?$CIvoid?5?$CK?$CJ?50?$CJ@ 00000000000266e8     SetupBrowser:Setup.obj
 0002:00000708       ??_C@_0BL@KJLFLBAF@ElementStr?5?$CB?$DN?5?$CI?$CIvoid?5?$CK?$CJ?50?$CJ@ 0000000000026708     SetupBrowser:Setup.obj
 0002:00000728       ??_C@_0CD@KCGICJEB@?$CKSyncConfigRequest?5?$CB?$DN?5?$CI?$CIvoid?5?$CK?$CJ@ 0000000000026728     SetupBrowser:Setup.obj
 0002:00000750       ??_C@_0BN@KDBDLHMK@StringBuffer?5?$CB?$DN?5?$CI?$CIvoid?5?$CK?$CJ?50?$CJ@ 0000000000026750     SetupBrowser:Setup.obj
 0002:00000770       ??_C@_1DE@JNMHOEJ@?$AAS?$AAu?$AAb?$AAm?$AAi?$AAt?$AA?5?$AAF?$AAa?$AAi?$AAl?$AA?5?$AAF?$AAo?$AAr@ 0000000000026770     SetupBrowser:Setup.obj
 0002:000007b0       ??_C@_1EC@OLNKANDF@?$AAN?$AAO?$AA_?$AAS?$AAU?$AAB?$AAM?$AAI?$AAT?$AA_?$AAI?$AAF?$AA?5?$AAe?$AAr@ 00000000000267b0     SetupBrowser:Setup.obj
 0002:000007f8       ??_C@_0DB@GEDMJLNM@Form?5?$CB?$DN?5?$CI?$CIvoid?5?$CK?$CJ?50?$CJ?5?$CG?$CG?5Questio@ 00000000000267f8     SetupBrowser:Setup.obj
 0002:00000830       ??_C@_0BN@EHPNHAIF@ConfigString?5?$CB?$DN?5?$CI?$CIvoid?5?$CK?$CJ?50?$CJ@ 0000000000026830     SetupBrowser:Setup.obj
 0002:00000850       ??_C@_0BK@IKGKLHMJ@BlockData?5?$CB?$DN?5?$CI?$CIvoid?5?$CK?$CJ?50?$CJ@ 0000000000026850     SetupBrowser:Setup.obj
 0002:00000870       ??_C@_0BG@KEJHFGFH@Array?5?$CB?$DN?5?$CI?$CIvoid?5?$CK?$CJ?50?$CJ@ 0000000000026870     SetupBrowser:Setup.obj
 0002:00000888       ??_C@_0DP@EAKOAIDN@StrLen?5?$CINewString?$CJ?5?$CK?5sizeof?5?$CICH@ 0000000000026888     SetupBrowser:Setup.obj
 0002:000008d0       ??_C@_0EA@DDHKAGAC@HiiValue?9?$DOType?5?$DN?$DN?50x0B?5?$CG?$CG?5Quest@ 00000000000268d0     SetupBrowser:Setup.obj
 0002:00000910       ??_C@_0CB@LMKIAJK@HiiValue?9?$DOBuffer?5?$CB?$DN?5?$CI?$CIvoid?5?$CK?$CJ?50@ 0000000000026910     SetupBrowser:Setup.obj
 0002:00000938       ??_C@_0BN@MAPPMEDF@BackUpBuffer?5?$CB?$DN?5?$CI?$CIvoid?5?$CK?$CJ?50?$CJ@ 0000000000026938     SetupBrowser:Setup.obj
 0002:00000958       ??_C@_0BO@EJLJOOFN@BackUpBuffer2?5?$CB?$DN?5?$CI?$CIvoid?5?$CK?$CJ?50?$CJ@ 0000000000026958     SetupBrowser:Setup.obj
 0002:00000980       ??_C@_0EJ@MNBONPGK@Storage?9?$DOConfigRequest?5?$CB?$DN?5?$CI?$CIvoi@ 0000000000026980     SetupBrowser:Setup.obj
 0002:000009d0       ??_C@_1BA@MMGOHHMM@?$AA?$CG?$AAO?$AAF?$AAF?$AAS?$AAE?$AAT@ 00000000000269d0     SetupBrowser:Setup.obj
 0002:000009e0       ??_C@_0BP@KOOPOOKN@RequestElement?5?$CB?$DN?5?$CI?$CIvoid?5?$CK?$CJ?50?$CJ@ 00000000000269e0     SetupBrowser:Setup.obj
 0002:00000a00       ??_C@_0BH@GADOMDOK@NewStr?5?$CB?$DN?5?$CI?$CIvoid?5?$CK?$CJ?50?$CJ@ 0000000000026a00     SetupBrowser:Setup.obj
 0002:00000a18       ??_C@_0CD@GICIAKKE@NextRequestElement?5?$CB?$DN?5?$CI?$CIvoid?5?$CK?$CJ@ 0000000000026a18     SetupBrowser:Setup.obj
 0002:00000a40       ??_C@_1CO@DECMKNLF@?$AA?$CF?$AAs?$AA?$CG?$AAO?$AAF?$AAF?$AAS?$AAE?$AAT?$AA?$DN?$AA0?$AA?$CG?$AAW?$AAI?$AAD@ 0000000000026a40     SetupBrowser:Setup.obj
 0002:00000a70       ??_C@_1O@KAHOBHOF@?$AA?$CG?$AAG?$AAU?$AAI?$AAD?$AA?$DN@ 0000000000026a70     SetupBrowser:Setup.obj
 0002:00000a80       ??_C@_0BP@JFMDNGDC@HiiPackageList?5?$CB?$DN?5?$CI?$CIvoid?5?$CK?$CJ?50?$CJ@ 0000000000026a80     SetupBrowser:Setup.obj
 0002:00000aa0       ??_C@_0BI@DNICFLOF@Context?5?$CB?$DN?5?$CI?$CIvoid?5?$CK?$CJ?50?$CJ@ 0000000000026aa0     SetupBrowser:Setup.obj
 0002:00000ab8       ??_C@_0BK@JLAANJCP@gBrowserContextCount?5?$CB?$DN?50@ 0000000000026ab8     SetupBrowser:Setup.obj
 0002:00000ad8       ??_C@_0CE@OLHOFBAK@?$CBIsListEmpty?5?$CI?$CGgBrowserContextL@ 0000000000026ad8     SetupBrowser:Setup.obj
 0002:00000b00       ??_C@_0BJ@MDHPLH@Question?5?$CB?$DN?5?$CI?$CIvoid?5?$CK?$CJ?50?$CJ@ 0000000000026b00     SetupBrowser:Setup.obj
 0002:00000b20       ??_C@_0BH@CFJDGJFI@HotKey?5?$CB?$DN?5?$CI?$CIvoid?5?$CK?$CJ?50?$CJ@ 0000000000026b20     SetupBrowser:Setup.obj
 0002:00000b38       ??_C@_0DO@KIAMJLM@c?3?2edk2?2MdeModulePkg?2Universal?2@ 0000000000026b38     SetupBrowser:Presentation.obj
 0002:00000b78       ??_C@_0BK@JDDKFLNK@EventNode?5?$CB?$DN?5?$CI?$CIvoid?5?$CK?$CJ?50?$CJ@ 0000000000026b78     SetupBrowser:Presentation.obj
 0002:00000b98       ??_C@_0BO@NOINPJLH@DisplayOption?5?$CB?$DN?5?$CI?$CIvoid?5?$CK?$CJ?50?$CJ@ 0000000000026b98     SetupBrowser:Presentation.obj
 0002:00000bb8       ??_C@_0CA@GFHKILOE@ParentStatement?5?$CB?$DN?5?$CI?$CIvoid?5?$CK?$CJ?50?$CJ@ 0000000000026bb8     SetupBrowser:Presentation.obj
 0002:00000bd8       ??_C@_0BI@CDNAJMMF@CopyKey?5?$CB?$DN?5?$CI?$CIvoid?5?$CK?$CJ?50?$CJ@ 0000000000026bd8     SetupBrowser:Presentation.obj
 0002:00000bf0       ??_C@_0CB@CPIPEKIG@CopyKey?9?$DOKeyData?5?$CB?$DN?5?$CI?$CIvoid?5?$CK?$CJ?50@ 0000000000026bf0     SetupBrowser:Presentation.obj
 0002:00000c18       ??_C@_0CE@OEDFHIJO@CopyKey?9?$DOHelpString?5?$CB?$DN?5?$CI?$CIvoid?5?$CK@ 0000000000026c18     SetupBrowser:Presentation.obj
 0002:00000c40       ??_C@_0CB@LLGPBMJG@DisplayStatement?5?$CB?$DN?5?$CI?$CIvoid?5?$CK?$CJ?50@ 0000000000026c40     SetupBrowser:Presentation.obj
 0002:00000c68       ??_C@_0BL@JFODOCGB@DevicePath?5?$CB?$DN?5?$CI?$CIvoid?5?$CK?$CJ?50?$CJ@ 0000000000026c68     SetupBrowser:Presentation.obj
 0002:00000c88       ??_C@_0BO@CNJADLFN@ComparingGuid?5?$CB?$DN?5?$CI?$CIvoid?5?$CK?$CJ?50?$CJ@ 0000000000026c88     SetupBrowser:Presentation.obj
 0002:00000cb0       ??_C@_0EH@MJINFEEC@UserInput?9?$DOAction?5?$CB?$DN?50?5?$HM?$HM?5UserI@ 0000000000026cb0     SetupBrowser:Presentation.obj
 0002:00000cf8       ??_C@_0BM@OFLAELCN@CurrentMenu?5?$CB?$DN?5?$CI?$CIvoid?5?$CK?$CJ?50?$CJ@ 0000000000026cf8     SetupBrowser:Presentation.obj
 0002:00000d18       ??_C@_0CG@LKKPELAF@gDisplayFormData?4BrowserStatus?5@ 0000000000026d18     SetupBrowser:Presentation.obj
 0002:00000d40       ??_C@_0EA@BACOHGNG@StrLen?5?$CINewString?$CJ?5?$CK?5sizeof?5?$CICH@ 0000000000026d40     SetupBrowser:Presentation.obj
 0002:00000d80       ??_C@_0DD@BNJMLGNK@?$CI?$CIEFI_IFR_OP_HEADER?5?$CK?$CJ?5OpCodeDa@ 0000000000026d80     SetupBrowser:IfrParse.obj
 0002:00000db8       ??_C@_0DK@NOGHJGA@c?3?2edk2?2MdeModulePkg?2Universal?2@ 0000000000026db8     SetupBrowser:IfrParse.obj
 0002:00000df8       ??_C@_0CG@CKCPKHDO@Statement?9?$DOExpression?5?$CB?$DN?5?$CI?$CIvoid@ 0000000000026df8     SetupBrowser:IfrParse.obj
 0002:00000e20       ??_C@_0CD@CICHGBGI@Statement?9?$DOStorage?5?$CB?$DN?5?$CI?$CIvoid?5?$CK?$CJ@ 0000000000026e20     SetupBrowser:IfrParse.obj
 0002:00000e48       ??_C@_0CI@FCJMMEKE@Statement?9?$DOVariableName?5?$CB?$DN?5?$CI?$CIvo@ 0000000000026e48     SetupBrowser:IfrParse.obj
 0002:00000e70       ??_C@_0BO@ECGAOMEO@NameValueNode?5?$CB?$DN?5?$CI?$CIvoid?5?$CK?$CJ?50?$CJ@ 0000000000026e70     SetupBrowser:IfrParse.obj
 0002:00000e90       ??_C@_0CE@MDJACFNL@NameValueNode?9?$DOName?5?$CB?$DN?5?$CI?$CIvoid?5?$CK@ 0000000000026e90     SetupBrowser:IfrParse.obj
 0002:00000eb8       ??_C@_0CF@BNJJAENC@NameValueNode?9?$DOValue?5?$CB?$DN?5?$CI?$CIvoid?5@ 0000000000026eb8     SetupBrowser:IfrParse.obj
 0002:00000ee0       ??_C@_0CJ@MMIMALPJ@NameValueNode?9?$DOEditValue?5?$CB?$DN?5?$CI?$CIv@ 0000000000026ee0     SetupBrowser:IfrParse.obj
 0002:00000f10       ??_C@_0BL@KHDGDGDB@Expression?5?$CB?$DN?5?$CI?$CIvoid?5?$CK?$CJ?50?$CJ@ 0000000000026f10     SetupBrowser:IfrParse.obj
 0002:00000f30       ??_C@_0BM@FGIEGNBG@StorageName?5?$CB?$DN?5?$CI?$CIvoid?5?$CK?$CJ?50?$CJ@ 0000000000026f30     SetupBrowser:IfrParse.obj
 0002:00000f50       ??_C@_0BB@KMDMKCCA@StorageType?5?$DN?$DN?51@ 0000000000026f50     SetupBrowser:IfrParse.obj
 0002:00000f68       ??_C@_0BO@HEPHOKMP@UnicodeString?5?$CB?$DN?5?$CI?$CIvoid?5?$CK?$CJ?50?$CJ@ 0000000000026f68     SetupBrowser:IfrParse.obj
 0002:00000f88       ??_C@_0BI@LBDBFON@Storage?5?$CB?$DN?5?$CI?$CIvoid?5?$CK?$CJ?50?$CJ@ 0000000000026f88     SetupBrowser:IfrParse.obj
 0002:00000fa0       ??_C@_1DA@LHLLODBL@?$AA?$CG?$AAO?$AAF?$AAF?$AAS?$AAE?$AAT?$AA?$DN?$AA?$CF?$AA0?$AA4?$AAx?$AA?$CG?$AAW?$AAI@ 0000000000026fa0     SetupBrowser:IfrParse.obj
 0002:00000fd0       ??_C@_17ILCPNALA@?$AA?$CG?$AA?$CF?$AAs@ 0000000000026fd0     SetupBrowser:IfrParse.obj
 0002:00000fd8       ??_C@_0BL@FIKIPLNB@ConfigInfo?5?$CB?$DN?5?$CI?$CIvoid?5?$CK?$CJ?50?$CJ@ 0000000000026fd8     SetupBrowser:IfrParse.obj
 0002:00000ff8       ??_C@_0CK@MLEIMBFN@ConfigInfo?9?$DOConfigRequest?5?$CB?$DN?5?$CI?$CI@ 0000000000026ff8     SetupBrowser:IfrParse.obj
 0002:00001028       ??_C@_0CC@CCFCBLAK@MapExpressionList?5?$CB?$DN?5?$CI?$CIvoid?5?$CK?$CJ?5@ 0000000000027028     SetupBrowser:IfrParse.obj
 0002:00001050       ??_C@_0CC@PGIJCEIB@CurrentExpression?5?$CB?$DN?5?$CI?$CIvoid?5?$CK?$CJ?5@ 0000000000027050     SetupBrowser:IfrParse.obj
 0002:00001078       ??_C@_0BM@CGDALJPP@CurrentForm?5?$CB?$DN?5?$CI?$CIvoid?5?$CK?$CJ?50?$CJ@ 0000000000027078     SetupBrowser:IfrParse.obj
 0002:00001098       ??_C@_0DA@GCFPAAIJ@CurrentForm?9?$DOSuppressExpression@ 0000000000027098     SetupBrowser:IfrParse.obj
 0002:000010c8       ??_C@_0BN@LJPHENLK@DefaultStore?5?$CB?$DN?5?$CI?$CIvoid?5?$CK?$CJ?50?$CJ@ 00000000000270c8     SetupBrowser:IfrParse.obj
 0002:000010e8       ??_C@_0CB@MLGBCBKK@CurrentStatement?5?$CB?$DN?5?$CI?$CIvoid?5?$CK?$CJ?50@ 00000000000270e8     SetupBrowser:IfrParse.obj
 0002:00001110       ??_C@_0BP@CNIHKIFA@CurrentDefault?5?$CB?$DN?5?$CI?$CIvoid?5?$CK?$CJ?50?$CJ@ 0000000000027110     SetupBrowser:IfrParse.obj
 0002:00001130       ??_C@_0CN@DLOMBKAP@CurrentDefault?9?$DOValue?4Buffer?5?$CB?$DN@ 0000000000027130     SetupBrowser:IfrParse.obj
 0002:00001160       ??_C@_0BO@KCDJJCJE@CurrentOption?5?$CB?$DN?5?$CI?$CIvoid?5?$CK?$CJ?50?$CJ@ 0000000000027160     SetupBrowser:IfrParse.obj
 0002:00001180       ??_C@_0DC@MCNNHCBO@CurrentOption?9?$DOSuppressExpressi@ 0000000000027180     SetupBrowser:IfrParse.obj
 0002:000011b8       ??_C@_0BI@PLMFGBKM@ImageId?5?$CB?$DN?5?$CI?$CIvoid?5?$CK?$CJ?50?$CJ@ 00000000000271b8     SetupBrowser:IfrParse.obj
 0002:000011d0       ??_C@_0BC@FOLOGLBK@MapScopeDepth?5?$DO?50@ 00000000000271d0     SetupBrowser:IfrParse.obj
 0002:000011e8       ??_C@_0CE@BKGMEKGE@?$CI?$CKStackPtr?$CJ?9?$DOBuffer?5?$CB?$DN?5?$CI?$CIvoid?5?$CK@ 00000000000271e8     SetupBrowser:Expression.obj
 0002:00001210       ??_C@_0DM@CNANCJKP@c?3?2edk2?2MdeModulePkg?2Universal?2@ 0000000000027210     SetupBrowser:Expression.obj
 0002:00001250       ??_C@_17OADJODNB@?$AA?$CF?$AAl?$AAd@ 0000000000027250     SetupBrowser:Expression.obj
 0002:00001258       ??_C@_17PKPGALPG@?$AA?$CF?$AAl?$AAx@ 0000000000027258     SetupBrowser:Expression.obj
 0002:00001260       ??_C@_17FKMEKEMI@?$AA?$CF?$AAl?$AAX@ 0000000000027260     SetupBrowser:Expression.obj
 0002:00001268       ??_C@_19BFOILMBF@?$AAT?$AAr?$AAu?$AAe@ 0000000000027268     SetupBrowser:Expression.obj
 0002:00001278       ??_C@_1M@GDFLIJGE@?$AAF?$AAa?$AAl?$AAs?$AAe@ 0000000000027278     SetupBrowser:Expression.obj
 0002:00001288       ??_C@_0BH@CLIPOOBE@TmpBuf?5?$CB?$DN?5?$CI?$CIvoid?5?$CK?$CJ?50?$CJ@ 0000000000027288     SetupBrowser:Expression.obj
 0002:000012a0       ??_C@_15JKMGFKLP@?$AA?$CF?$AAa@ 00000000000272a0     SetupBrowser:Expression.obj
 0002:000012a8       ??_C@_15GANGMFKL@?$AA?$CF?$AAs@ 00000000000272a8     SetupBrowser:Expression.obj
 0002:000012b0       ??_C@_15EEPOHOLM@?$AA0?$AAX@ 00000000000272b0     SetupBrowser:Expression.obj
 0002:000012b8       ??_C@_0BK@OHHEMHCC@StringPtr?5?$CB?$DN?5?$CI?$CIvoid?5?$CK?$CJ?50?$CJ@ 00000000000272b8     SetupBrowser:Expression.obj
 0002:000012d8       ??_C@_0BP@EIEKCNDB@Result?9?$DOBuffer?5?$CB?$DN?5?$CI?$CIvoid?5?$CK?$CJ?50?$CJ@ 00000000000272d8     SetupBrowser:Expression.obj
 0002:000012f8       ??_C@_0BN@BOHIKNIF@HandleBuffer?5?$CB?$DN?5?$CI?$CIvoid?5?$CK?$CJ?50?$CJ@ 00000000000272f8     SetupBrowser:Expression.obj
 0002:00001320       ??_C@_0IB@KFHIDHPK@?$CIDevicePath?5?$CB?$DN?5?$CI?$CIvoid?5?$CK?$CJ?50?$CJ?5?$CG?$CG?5@ 0000000000027320     SetupBrowser:Expression.obj
 0002:000013a8       ??_C@_0BK@KLJHMMPJ@HiiHandle?5?$CB?$DN?5?$CI?$CIvoid?5?$CK?$CJ?50?$CJ@ 00000000000273a8     SetupBrowser:Expression.obj
 0002:000013c8       ??_C@_0BF@JNIBMNIB@Form?5?$CB?$DN?5?$CI?$CIvoid?5?$CK?$CJ?50?$CJ@ 00000000000273c8     SetupBrowser:Expression.obj
 0002:000013e0       ??_C@_19ELAAHEEL@?$AAT?$AAR?$AAU?$AAE@ 00000000000273e0     SetupBrowser:Expression.obj
 0002:000013f0       ??_C@_1M@HCOOECOK@?$AAF?$AAA?$AAL?$AAS?$AAE@ 00000000000273f0     SetupBrowser:Expression.obj
 0002:00001400       ??_C@_0BK@BAEJABNA@NameValue?5?$CB?$DN?5?$CI?$CIvoid?5?$CK?$CJ?50?$CJ@ 0000000000027400     SetupBrowser:Expression.obj
 0002:00001420       ??_C@_0EM@CLIHPKHD@ExpList?9?$DOSignature?5?$DN?$DN?5?$CI?$CI?$CI?8F?8?$CJ?5?$HM@ 0000000000027420     SetupBrowser:Expression.obj
 0002:00001470       ??_C@_0BH@LKMBFCBF@Format?5?$CB?$DN?5?$CI?$CIvoid?5?$CK?$CJ?50?$CJ@ 0000000000027470     PeiDxeDebugLibReportStatusCode:DebugLib.obj
 0002:00001490       ??_C@_0EH@EMGPELNE@c?3?2edk2?2MdeModulePkg?2Library?2Pe@ 0000000000027490     PeiDxeDebugLibReportStatusCode:DebugLib.obj
 0002:000014d8       ??_C@_0CI@HIINONDG@?$CICHAR8?5?$CK?$CJBaseListMarker?5?$DM?$DN?5Form@ 00000000000274d8     PeiDxeDebugLibReportStatusCode:DebugLib.obj
 0002:00001500       ??_C@_01OHGJGJJP@?$FL@     0000000000027500     PeiDxeDebugLibReportStatusCode:DebugLib.obj
 0002:00001504       ??_C@_02PBFOLPKM@?$FN?5@   0000000000027504     PeiDxeDebugLibReportStatusCode:DebugLib.obj
 0002:00001508       ??_C@_0DG@EEENIGGL@Length?5?$DM?$DN?5?$CI0xFFFFFFFFFFFFFFFFUL@ 0000000000027508     BaseMemoryLibOptDxe:MemLibGuid.obj
 0002:00001540       ??_C@_0ED@MKGCMJG@?$CILength?5?9?51?$CJ?5?$DM?$DN?5?$CI0xFFFFFFFFFFFF@ 0000000000027540     BaseMemoryLibOptDxe:CopyMemWrapper.obj
 0002:00001588       ??_C@_0DM@DBGKHDAI@c?3?2edk2?2MdePkg?2Library?2BaseMemo@ 0000000000027588     BaseMemoryLibOptDxe:CopyMemWrapper.obj
 0002:000015c8       ??_C@_0DO@MAOBOFEG@?$CILength?5?9?51?$CJ?5?$DM?$DN?5?$CI0xFFFFFFFFFFFF@ 00000000000275c8     BaseMemoryLibOptDxe:CopyMemWrapper.obj
 0002:00001608       ??_C@_0DM@IFMIBCMP@c?3?2edk2?2MdePkg?2Library?2BaseMemo@ 0000000000027608     BaseMemoryLibOptDxe:ZeroMemWrapper.obj
 0002:00001648       ??_C@_0CC@JOEHDGKB@DestinationBuffer?5?$CB?$DN?5?$CI?$CIvoid?5?$CK?$CJ?5@ 0000000000027648     BaseMemoryLibOptDxe:CompareMemWrapper.obj
 0002:00001670       ??_C@_0DP@CPGOBMAI@c?3?2edk2?2MdePkg?2Library?2BaseMemo@ 0000000000027670     BaseMemoryLibOptDxe:CompareMemWrapper.obj
 0002:000016b0       ??_C@_0BN@MDMCNBCC@SourceBuffer?5?$CB?$DN?5?$CI?$CIvoid?5?$CK?$CJ?50?$CJ@ 00000000000276b0     BaseMemoryLibOptDxe:CompareMemWrapper.obj
 0002:000016d0       ??_C@_0CD@BDCLIGHD@?$CI?$CIUINTN?$CJ?5String?5?$CG?50x00000001?$CJ?5?$DN@ 00000000000276d0     BaseLib:SafeString.obj
 0002:000016f8       ??_C@_0CM@GBAFEFEA@c?3?2edk2?2MdePkg?2Library?2BaseLib?2@ 00000000000276f8     BaseLib:SafeString.obj
 0002:00001728       ??_C@_0CI@LLKACKFD@?$CI?$CIUINTN?$CJ?5Destination?5?$CG?50x000000@ 0000000000027728     BaseLib:SafeString.obj
 0002:00001750       ??_C@_0CD@COCJPGE@?$CI?$CIUINTN?$CJ?5Source?5?$CG?50x00000001?$CJ?5?$DN@ 0000000000027750     BaseLib:SafeString.obj
 0002:00001778       ??_C@_0BO@ECNIOIHG@?$CIDestination?5?$CB?$DN?5?$CI?$CIvoid?5?$CK?$CJ?50?$CJ?$CJ@ 0000000000027778     BaseLib:SafeString.obj
 0002:00001798       ??_C@_0BJ@EAEEJIP@?$CISource?5?$CB?$DN?5?$CI?$CIvoid?5?$CK?$CJ?50?$CJ?$CJ@ 0000000000027798     BaseLib:SafeString.obj
 0002:000017c0       ??_C@_0EA@BBALOHPI@?$CIDestMax?5?$DM?$DN?5?$CI_gPcd_FixedAtBuild@ 00000000000277c0     BaseLib:SafeString.obj
 0002:00001800       ??_C@_0P@PMIMLIHM@?$CIDestMax?5?$CB?$DN?50?$CJ@ 0000000000027800     BaseLib:SafeString.obj
 0002:00001810       ??_C@_0BG@EEGIIOKH@?$CIDestMax?5?$DO?5SourceLen?$CJ@ 0000000000027810     BaseLib:SafeString.obj
 0002:00001830       ??_C@_0FH@PPBLBDBJ@InternalSafeStringNoStrOverlap?5@ 0000000000027830     BaseLib:SafeString.obj
 0002:00001888       ??_C@_0DP@PBOJGJC@?$CILength?5?$DM?$DN?5?$CI_gPcd_FixedAtBuild_@ 0000000000027888     BaseLib:SafeString.obj
 0002:000018c8       ??_C@_0P@BHOOOJPD@?$CICopyLen?5?$CB?$DN?50?$CJ@ 00000000000278c8     BaseLib:SafeString.obj
 0002:000018d8       ??_C@_0BG@BPGICNPK@?$CICopyLen?5?$DO?5SourceLen?$CJ@ 00000000000278d8     BaseLib:SafeString.obj
 0002:000018f0       ??_C@_0BJ@MBBOBCLN@?$CIString?5?$CB?$DN?5?$CI?$CIvoid?5?$CK?$CJ?50?$CJ?$CJ@ 00000000000278f0     BaseLib:SafeString.obj
 0002:00001910       ??_C@_0IC@CFBPEAPC@?$CIStrnLenS?5?$CIString?0?5?$CI_gPcd_Fixed@ 0000000000027910     BaseLib:SafeString.obj
 0002:00001998       ??_C@_0BJ@CNKJJNE@?$CIBuffer?5?$CB?$DN?5?$CI?$CIvoid?5?$CK?$CJ?50?$CJ?$CJ@ 0000000000027998     BaseLib:SafeString.obj
 0002:000019c0       ??_C@_0FL@CDANCHFO@InternalSafeStringNoAsciiStrOve@ 00000000000279c0     BaseLib:SafeString.obj
 0002:00001a20       ??_C@_0CI@BEFOLLLE@c?3?2edk2?2MdePkg?2Library?2BaseLib?2@ 0000000000027a20     BaseLib:String.obj
 0002:00001a48       ??_C@_0DK@EOJCOAME@Length?5?$DM?5_gPcd_FixedAtBuild_Pcd@ 0000000000027a48     BaseLib:String.obj
 0002:00001a88       ??_C@_0BL@JAAMOCAJ@StrSize?5?$CIFirstString?$CJ?5?$CB?$DN?50@ 0000000000027a88     BaseLib:String.obj
 0002:00001aa8       ??_C@_0BM@DALBOILC@StrSize?5?$CISecondString?$CJ?5?$CB?$DN?50@ 0000000000027aa8     BaseLib:String.obj
 0002:00001ac8       ??_C@_0BG@KBNOLIGE@StrSize?5?$CIString?$CJ?5?$CB?$DN?50@ 0000000000027ac8     BaseLib:String.obj
 0002:00001ae0       ??_C@_0BM@NNBLOHJD@StrSize?5?$CISearchString?$CJ?5?$CB?$DN?50@ 0000000000027ae0     BaseLib:String.obj
 0002:00001b00       ??_C@_0DJ@JJHGIFMP@Length?5?$DM?$DN?5_gPcd_FixedAtBuild_Pc@ 0000000000027b00     BaseLib:String.obj
 0002:00001b40       ??_C@_0DI@MDIKFADO@Length?5?$DM?5_gPcd_FixedAtBuild_Pcd@ 0000000000027b40     BaseLib:String.obj
 0002:00001b78       ??_C@_0BL@IKFBNFIL@AsciiStrSize?5?$CIFirstString?$CJ@ 0000000000027b78     BaseLib:String.obj
 0002:00001b98       ??_C@_0BM@EDNOKLLE@AsciiStrSize?5?$CISecondString?$CJ@ 0000000000027b98     BaseLib:String.obj
 0002:00001bb8       ??_C@_0BF@NJNGJMPC@List?5?$CB?$DN?5?$CI?$CIvoid?5?$CK?$CJ?50?$CJ@ 0000000000027bb8     BaseLib:LinkedList.obj
 0002:00001bd0       ??_C@_0CM@FDGEGMJJ@c?3?2edk2?2MdePkg?2Library?2BaseLib?2@ 0000000000027bd0     BaseLib:LinkedList.obj
 0002:00001c00       ??_C@_0CC@KDLPLAED@List?9?$DOForwardLink?5?$CB?$DN?5?$CI?$CIvoid?5?$CK?$CJ?5@ 0000000000027c00     BaseLib:LinkedList.obj
 0002:00001c28       ??_C@_0BP@IJJCCMAK@List?9?$DOBackLink?5?$CB?$DN?5?$CI?$CIvoid?5?$CK?$CJ?50?$CJ@ 0000000000027c28     BaseLib:LinkedList.obj
 0002:00001c48       ??_C@_0BJ@NJABNCDK@ListHead?5?$CB?$DN?5?$CI?$CIvoid?5?$CK?$CJ?50?$CJ@ 0000000000027c48     BaseLib:LinkedList.obj
 0002:00001c68       ??_C@_0CG@LGIALJFK@InternalBaseLibIsListValid?5?$CILis@ 0000000000027c68     BaseLib:LinkedList.obj
 0002:00001c90       ??_C@_0CC@JLDICICM@InternalBaseLibIsListValid?5?$CILis@ 0000000000027c90     BaseLib:LinkedList.obj
 0002:00001cb8       ??_C@_0BF@NMBJJECB@?$CBIsListEmpty?5?$CIEntry?$CJ@ 0000000000027cb8     BaseLib:LinkedList.obj
 0002:00001cd0       ??_C@_0EJ@KBPJPBK@?$CIOrData?5?$DO?$DO?5?$CIEndBit?5?9?5StartBit?$CJ?$CJ@ 0000000000027cd0     BaseLib:BitField.obj
 0002:00001d20       ??_C@_0CK@HJPGPCFO@c?3?2edk2?2MdePkg?2Library?2BaseLib?2@ 0000000000027d20     BaseLib:BitField.obj
 0002:00001d50       ??_C@_0BD@JDBPFJOM@StartBit?5?$DM?$DN?5EndBit@ 0000000000027d50     BaseLib:BitField.obj
 0002:00001d68       ??_C@_0M@NJLBHEFK@EndBit?5?$DM?532@ 0000000000027d68     BaseLib:BitField.obj
 0002:00001d78       ??_C@_0N@KGHEHMDL@Divisor?5?$CB?$DN?50@ 0000000000027d78     BaseLib:DivU64x32.obj
 0002:00001d88       ??_C@_0CL@MFKCBPIH@c?3?2edk2?2MdePkg?2Library?2BaseLib?2@ 0000000000027d88     BaseLib:DivU64x32.obj
 0002:00001db8       ??_C@_0DE@PLOFBNJA@c?3?2edk2?2MdePkg?2Library?2BaseLib?2@ 0000000000027db8     BaseLib:DivU64x32Remainder.obj
 0002:00001df0       ??_C@_0L@MEMPDLHB@Count?5?$DM?564@ 0000000000027df0     BaseLib:LShiftU64.obj
 0002:00001e00       ??_C@_0CL@LPJNLIIH@c?3?2edk2?2MdePkg?2Library?2BaseLib?2@ 0000000000027e00     BaseLib:LShiftU64.obj
 0002:00001e30       ??_C@_0CL@FKLEIGGF@c?3?2edk2?2MdePkg?2Library?2BaseLib?2@ 0000000000027e30     BaseLib:RShiftU64.obj
 0002:00001e60       ??_C@_0CL@COEFNOFM@c?3?2edk2?2MdePkg?2Library?2BaseLib?2@ 0000000000027e60     BaseLib:Unaligned.obj
 0002:00001e90       ??_C@_0BN@COECPDCC@gImageHandle?5?$CB?$DN?5?$CI?$CIvoid?5?$CK?$CJ?50?$CJ@ 0000000000027e90     UefiBootServicesTableLib:UefiBootServicesTableLib.obj
 0002:00001eb0       ??_C@_0EL@ODFJBOBF@c?3?2edk2?2MdePkg?2Library?2UefiBoot@ 0000000000027eb0     UefiBootServicesTableLib:UefiBootServicesTableLib.obj
 0002:00001f00       ??_C@_0BE@DGNHAHIL@gST?5?$CB?$DN?5?$CI?$CIvoid?5?$CK?$CJ?50?$CJ@ 0000000000027f00     UefiBootServicesTableLib:UefiBootServicesTableLib.obj
 0002:00001f18       ??_C@_0BE@BDFJLGLN@gBS?5?$CB?$DN?5?$CI?$CIvoid?5?$CK?$CJ?50?$CJ@ 0000000000027f18     UefiBootServicesTableLib:UefiBootServicesTableLib.obj
 0002:00001f30       ??_C@_0EF@NBCCMJKB@c?3?2edk2?2MdePkg?2Library?2UefiMemo@ 0000000000027f30     UefiMemoryAllocationLib:MemoryAllocationLib.obj
 0002:00001f78       ??_C@_0DP@CGKEPFGH@AllocationSize?5?$DM?$DN?5?$CI0xFFFFFFFFFF@ 0000000000027f78     UefiMemoryAllocationLib:MemoryAllocationLib.obj
 0002:00001fc0       ??_C@_0EP@BCAOHHL@c?3?2edk2?2MdePkg?2Library?2UefiDevi@ 0000000000027fc0     UefiDevicePathLibDevicePathProtocol:UefiDevicePathLib.obj
 0002:00002010       ??_C@_0DC@CNNBPJA@mDevicePathLibDevicePathUtiliti@ 0000000000028010     UefiDevicePathLibDevicePathProtocol:UefiDevicePathLib.obj
 0002:00002048       ??_C@_0BF@CBLMFKOC@Node?5?$CB?$DN?5?$CI?$CIvoid?5?$CK?$CJ?50?$CJ@ 0000000000028048     UefiDevicePathLibDevicePathProtocol:UefiDevicePathLib.obj
 0002:00002060       ??_C@_0CI@BGLNHBLM@?$CI?$CI?$CIUINTN?$CJ?5?$CIStartOfBuffer?$CJ?$CJ?5?$CG?50x@ 0000000000028060     BasePrintLib:PrintLib.obj
 0002:00002088       ??_C@_0CP@FCAPPOBN@c?3?2edk2?2MdePkg?2Library?2BasePrin@ 0000000000028088     BasePrintLib:PrintLib.obj
 0002:000020b8       ??_C@_0CH@KJLBGOBB@?$CI?$CI?$CIUINTN?$CJ?5?$CIFormatString?$CJ?$CJ?5?$CG?50x0@ 00000000000280b8     BasePrintLib:PrintLib.obj
 0002:000020e0       ??_C@_0CB@LDBAOPMG@?$CI?$CI?$CIUINTN?$CJ?5?$CIBuffer?$CJ?$CJ?5?$CG?50x01?$CJ?5?$DN?$DN?5@ 00000000000280e0     BasePrintLib:PrintLib.obj
 0002:00002108       ??_C@_07PBILKAFL@Success@  0000000000028108     BasePrintLib:PrintLibInternal.obj
 0002:00002110       ??_C@_0BG@CFJMNNJK@Warning?5Unknown?5Glyph@ 0000000000028110     BasePrintLib:PrintLibInternal.obj
 0002:00002128       ??_C@_0BH@GKKCJEPJ@Warning?5Delete?5Failure@ 0000000000028128     BasePrintLib:PrintLibInternal.obj
 0002:00002140       ??_C@_0BG@ECIJMOED@Warning?5Write?5Failure@ 0000000000028140     BasePrintLib:PrintLibInternal.obj
 0002:00002158       ??_C@_0BJ@ODIPDGHB@Warning?5Buffer?5Too?5Small@ 0000000000028158     BasePrintLib:PrintLibInternal.obj
 0002:00002178       ??_C@_0BD@IFJNJCCO@Warning?5Stale?5Data@ 0000000000028178     BasePrintLib:PrintLibInternal.obj
 0002:00002190       ??_C@_0L@PLPBEPPC@Load?5Error@ 0000000000028190     BasePrintLib:PrintLibInternal.obj
 0002:000021a0       ??_C@_0BC@HOFHKGJN@Invalid?5Parameter@ 00000000000281a0     BasePrintLib:PrintLibInternal.obj
 0002:000021b8       ??_C@_0M@BEECMOIL@Unsupported@ 00000000000281b8     BasePrintLib:PrintLibInternal.obj
 0002:000021c8       ??_C@_0BA@FLNMPMCF@Bad?5Buffer?5Size@ 00000000000281c8     BasePrintLib:PrintLibInternal.obj
 0002:000021d8       ??_C@_0BB@EGELJFOB@Buffer?5Too?5Small@ 00000000000281d8     BasePrintLib:PrintLibInternal.obj
 0002:000021f0       ??_C@_09NKFGCIPN@Not?5Ready@ 00000000000281f0     BasePrintLib:PrintLibInternal.obj
 0002:00002200       ??_C@_0N@HHEABDHO@Device?5Error@ 0000000000028200     BasePrintLib:PrintLibInternal.obj
 0002:00002210       ??_C@_0BA@LNEDDFNB@Write?5Protected@ 0000000000028210     BasePrintLib:PrintLibInternal.obj
 0002:00002220       ??_C@_0BB@GOILNEAA@Out?5of?5Resources@ 0000000000028220     BasePrintLib:PrintLibInternal.obj
 0002:00002238       ??_C@_0P@EIOJGIF@Volume?5Corrupt@ 0000000000028238     BasePrintLib:PrintLibInternal.obj
 0002:00002248       ??_C@_0M@HDLEPOFA@Volume?5Full@ 0000000000028248     BasePrintLib:PrintLibInternal.obj
 0002:00002258       ??_C@_08KEGAJDNN@No?5Media@ 0000000000028258     BasePrintLib:PrintLibInternal.obj
 0002:00002268       ??_C@_0O@JNCJKCCD@Media?5changed@ 0000000000028268     BasePrintLib:PrintLibInternal.obj
 0002:00002278       ??_C@_09CFCBFJND@Not?5Found@ 0000000000028278     BasePrintLib:PrintLibInternal.obj
 0002:00002288       ??_C@_0O@NFHOBIDO@Access?5Denied@ 0000000000028288     BasePrintLib:PrintLibInternal.obj
 0002:00002298       ??_C@_0M@ENKCBFEP@No?5Response@ 0000000000028298     BasePrintLib:PrintLibInternal.obj
 0002:000022a8       ??_C@_0L@IFPBNFC@No?5mapping@ 00000000000282a8     BasePrintLib:PrintLibInternal.obj
 0002:000022b8       ??_C@_08PAFJCNGP@Time?5out@ 00000000000282b8     BasePrintLib:PrintLibInternal.obj
 0002:000022c8       ??_C@_0M@DCJFAFHJ@Not?5started@ 00000000000282c8     BasePrintLib:PrintLibInternal.obj
 0002:000022d8       ??_C@_0BA@IGIBFFPH@Already?5started@ 00000000000282d8     BasePrintLib:PrintLibInternal.obj
 0002:000022e8       ??_C@_07LCKDCBKK@Aborted@  00000000000282e8     BasePrintLib:PrintLibInternal.obj
 0002:000022f0       ??_C@_0L@LKIFCMNO@ICMP?5Error@ 00000000000282f0     BasePrintLib:PrintLibInternal.obj
 0002:00002300       ??_C@_0L@DJKNJKHM@TFTP?5Error@ 0000000000028300     BasePrintLib:PrintLibInternal.obj
 0002:00002310       ??_C@_0P@NCJHBCLM@Protocol?5Error@ 0000000000028310     BasePrintLib:PrintLibInternal.obj
 0002:00002320       ??_C@_0BF@EHOBGFMI@Incompatible?5Version@ 0000000000028320     BasePrintLib:PrintLibInternal.obj
 0002:00002338       ??_C@_0BD@KHMPCIOG@Security?5Violation@ 0000000000028338     BasePrintLib:PrintLibInternal.obj
 0002:00002350       ??_C@_09BOMAGJEG@CRC?5Error@ 0000000000028350     BasePrintLib:PrintLibInternal.obj
 0002:00002360       ??_C@_0N@JEJDHPO@End?5of?5Media@ 0000000000028360     BasePrintLib:PrintLibInternal.obj
 0002:00002370       ??_C@_0O@NMJOLAMF@Reserved?5?$CI29?$CJ@ 0000000000028370     BasePrintLib:PrintLibInternal.obj
 0002:00002380       ??_C@_0O@GLPDOMCP@Reserved?5?$CI30?$CJ@ 0000000000028380     BasePrintLib:PrintLibInternal.obj
 0002:00002390       ??_C@_0M@FKGOBENP@End?5of?5File@ 0000000000028390     BasePrintLib:PrintLibInternal.obj
 0002:000023a0       ??_C@_0BB@KFJAMCOC@Invalid?5Language@ 00000000000283a0     BasePrintLib:PrintLibInternal.obj
 0002:000023b8       ??_C@_0BB@MFGDFIJM@Compromised?5Data@ 00000000000283b8     BasePrintLib:PrintLibInternal.obj
 0002:000023d0       ??_C@_0DH@DJIHJFON@c?3?2edk2?2MdePkg?2Library?2BasePrin@ 00000000000283d0     BasePrintLib:PrintLibInternal.obj
 0002:00002410       ??_C@_0EB@HDGIDCIO@?$CIBufferSize?5?$DM?$DN?5?$CI_gPcd_FixedAtBu@ 0000000000028410     BasePrintLib:PrintLibInternal.obj
 0002:00002460       ??_C@_0FJ@HAEMOBLP@?$CIBufferSize?5?$DM?$DN?5?$CI_gPcd_FixedAtBu@ 0000000000028460     BasePrintLib:PrintLibInternal.obj
 0002:000024c0       ??_C@_0CO@OJNGHNJG@?$CI?$CIFlags?5?$CG?5?$HO?$CI0x01?5?$HM?50x08?5?$HM?50x20?5@ 00000000000284c0     BasePrintLib:PrintLibInternal.obj
 0002:000024f0       ??_C@_0DB@HIDPIAGP@?$CI?$CI?$CIFlags?5?$CG?50x08?$CJ?5?$DN?$DN?50?$CJ?5?$HM?$HM?5?$CI?$CIFla@ 00000000000284f0     BasePrintLib:PrintLibInternal.obj
 0002:00002528       ??_C@_0N@PNKFBKME@?$CIWidth?5?$DM?538?$CJ@ 0000000000028528     BasePrintLib:PrintLibInternal.obj
 0002:00002538       ??_C@_0CI@HPJOGFNE@?$CIBufferSize?5?$DO?$DN?5?$CIWidth?5?$CL?51?$CJ?5?$CK?5In@ 0000000000028538     BasePrintLib:PrintLibInternal.obj
 0002:00002560       ??_C@_0BJ@PPAKKDJG@?$CIFormat?5?$CB?$DN?5?$CI?$CIvoid?5?$CK?$CJ?50?$CJ?$CJ@ 0000000000028560     BasePrintLib:PrintLibInternal.obj
 0002:00002580       ??_C@_0ED@LPDDCECB@?$CIBufferSize?5?$DM?$DN?5?$CI_gPcd_FixedAtBu@ 0000000000028580     BasePrintLib:PrintLibInternal.obj
 0002:000025d0       ??_C@_0IM@BFJJFLGB@?$CIStrnLenS?5?$CI?$CICHAR16?5?$CK?$CJFormat?0?5?$CI_@ 00000000000285d0     BasePrintLib:PrintLibInternal.obj
 0002:00002660       ??_C@_0ID@PLGJGION@?$CIAsciiStrnLenS?5?$CIFormat?0?5?$CI_gPcd_@ 0000000000028660     BasePrintLib:PrintLibInternal.obj
 0002:000026e8       ??_C@_0O@MLOLIMFM@?$DMnull?5string?$DO@ 00000000000286e8     BasePrintLib:PrintLibInternal.obj
 0002:000026f8       ??_C@_0M@BJJDNPHK@?$DMnull?5guid?$DO@ 00000000000286f8     BasePrintLib:PrintLibInternal.obj
 0002:00002708       ??_C@_0DB@PMLHLBMO@?$CF08x?9?$CF04x?9?$CF04x?9?$CF02x?$CF02x?9?$CF02x?$CF02@ 0000000000028708     BasePrintLib:PrintLibInternal.obj
 0002:00002740       ??_C@_0M@LHGBCIKM@?$DMnull?5time?$DO@ 0000000000028740     BasePrintLib:PrintLibInternal.obj
 0002:00002750       ??_C@_0BK@FCPKCIDD@?$CF02d?1?$CF02d?1?$CF04d?5?5?$CF02d?3?$CF02d@ 0000000000028750     BasePrintLib:PrintLibInternal.obj
 0002:0000276c       ??_C@_04JIMNDDED@?$CF08X@  000000000002876c     BasePrintLib:PrintLibInternal.obj
 0002:00002774       ??_C@_02PCIJFNDE@?$AN?6@   0000000000028774     BasePrintLib:PrintLibInternal.obj
 0002:00002778       ??_C@_01LIIJDEN@?$AN@      0000000000028778     BasePrintLib:PrintLibInternal.obj
 0002:00002780       ??_C@_0BE@OBDFIHND@gRT?5?$CB?$DN?5?$CI?$CIvoid?5?$CK?$CJ?50?$CJ@ 0000000000028780     UefiRuntimeServicesTableLib:UefiRuntimeServicesTableLib.obj
 0002:000027a0       ??_C@_0FB@NIMBGODD@c?3?2edk2?2MdePkg?2Library?2UefiRunt@ 00000000000287a0     UefiRuntimeServicesTableLib:UefiRuntimeServicesTableLib.obj
 0002:000027f8       ??_C@_0CJ@PFEGNAHL@c?3?2edk2?2MdePkg?2Library?2UefiLib?2@ 00000000000287f8     UefiLib:UefiLib.obj
 0002:00002828       ??_C@_0BN@OMCJCPAI@Registration?5?$CB?$DN?5?$CI?$CIvoid?5?$CK?$CJ?50?$CJ@ 0000000000028828     UefiLib:UefiLib.obj
 0002:00002850       ??_C@_0EG@GOBFPEEP@Name?5?$CB?$DN?5?$CI?$CIvoid?5?$CK?$CJ?50?$CJ?5?$CG?$CG?5Guid?5?$CB?$DN@ 0000000000028850     UefiLib:UefiLib.obj
 0002:00002898       ??_C@_0BH@FMEOEIBC@?$CKValue?5?$CB?$DN?5?$CI?$CIvoid?5?$CK?$CJ?50?$CJ@ 0000000000028898     UefiLib:UefiLib.obj
 0002:000028b0       ??_C@_0CD@OLFKAJF@SupportedLanguages?5?$CB?$DN?5?$CI?$CIvoid?5?$CK?$CJ@ 00000000000288b0     UefiLib:UefiLib.obj
 0002:000028d8       ??_C@_0CK@GGFNJPAK@c?3?2edk2?2MdePkg?2Library?2DxeHobLi@ 00000000000288d8     DxeHobLib:HobLib.obj
 0002:00002908       ??_C@_0BJ@OBFMLLDO@mHobList?5?$CB?$DN?5?$CI?$CIvoid?5?$CK?$CJ?50?$CJ@ 0000000000028908     DxeHobLib:HobLib.obj
 0002:00002928       ??_C@_0BJ@NOLLDKJB@HobStart?5?$CB?$DN?5?$CI?$CIvoid?5?$CK?$CJ?50?$CJ@ 0000000000028928     DxeHobLib:HobLib.obj
 0002:00002948       ??_C@_1BC@DPOIABCP@?$AAE?$AAF?$AAI?$AAD?$AAe?$AAb?$AAu?$AAg@ 0000000000028948     DxeDebugPrintErrorLevelLib:DxeDebugPrintErrorLevelLib.obj
 0002:00002960       ??_C@_0EF@LIFNJAGA@c?3?2edk2?2MdeModulePkg?2Library?2Ue@ 0000000000028960     UefiHiiServicesLib:UefiHiiServicesLib.obj
 0002:000029a8       ??_C@_0DE@IAJEMHJO@c?3?2edk2?2MdeModulePkg?2Library?2Ue@ 00000000000289a8     UefiHiiLib:HiiString.obj
 0002:000029dc       ??_C@_06PLDEFKP@x?9UEFI@   00000000000289dc     UefiHiiLib:HiiString.obj
 0002:000029e8       ??_C@_1BK@GGGENMOA@?$AAP?$AAl?$AAa?$AAt?$AAf?$AAo?$AAr?$AAm?$AAL?$AAa?$AAn?$AAg@ 00000000000289e8     UefiHiiLib:HiiString.obj
 0002:00002a02       ??_C@_00CNPNBAHC@@         0000000000028a02     UefiHiiLib:HiiString.obj
 0002:00002a08       ??_C@_0DB@CPEBINLM@c?3?2edk2?2MdeModulePkg?2Library?2Ue@ 0000000000028a08     UefiHiiLib:HiiLib.obj
 0002:00002a40       ??_C@_1M@DPLGJLCD@?$AAG?$AAU?$AAI?$AAD?$AA?$DN@ 0000000000028a40     UefiHiiLib:HiiLib.obj
 0002:00002a50       ??_C@_1O@FMIENBLJ@?$AA?$CG?$AAN?$AAA?$AAM?$AAE?$AA?$DN@ 0000000000028a50     UefiHiiLib:HiiLib.obj
 0002:00002a60       ??_C@_1O@GGMHNGIF@?$AA?$CG?$AAP?$AAA?$AAT?$AAH?$AA?$DN@ 0000000000028a60     UefiHiiLib:HiiLib.obj
 0002:00002a70       ??_C@_0DG@PGDOLEKG@c?3?2edk2?2MdeModulePkg?2Library?2Ue@ 0000000000028a70     UefiHiiLib:HiiLanguage.obj
 0002:00002ab0       ??_C@_0EK@NEAGPEKB@c?3?2edk2?2MdeModulePkg?2Library?2Dx@ 0000000000028ab0     DxeReportStatusCodeLib:ReportStatusCodeLib.obj
 0002:00002b00       ??_C@_0DN@HHIHPHHB@?$CB?$CI?$CIExtendedData?5?$DN?$DN?5?$CI?$CIvoid?5?$CK?$CJ?50?$CJ@ 0000000000028b00     DxeReportStatusCodeLib:ReportStatusCodeLib.obj
 0002:00002b40       ??_C@_0DN@BBBIFINB@?$CB?$CI?$CIExtendedData?5?$CB?$DN?5?$CI?$CIvoid?5?$CK?$CJ?50?$CJ@ 0000000000028b40     DxeReportStatusCodeLib:ReportStatusCodeLib.obj
 0002:00002b80       ??_C@_0DI@MIEIGAOH@Status?5code?5extended?5data?5is?5to@ 0000000000028b80     DxeReportStatusCodeLib:ReportStatusCodeLib.obj
 0003:00000000       gEfiLoadedImageProtocolGuid 0000000000029000     SetupBrowser:AutoGen.obj
 0003:00000010       gEfiStatusCodeSpecificDataGuid 0000000000029010     SetupBrowser:AutoGen.obj
 0003:00000020       gEfiGlobalVariableGuid     0000000000029020     SetupBrowser:AutoGen.obj
 0003:00000030       gEfiStatusCodeRuntimeProtocolGuid 0000000000029030     SetupBrowser:AutoGen.obj
 0003:00000040       gEfiIfrFrameworkGuid       0000000000029040     SetupBrowser:AutoGen.obj
 0003:00000050       gEfiGenericVariableGuid    0000000000029050     SetupBrowser:AutoGen.obj
 0003:00000060       gEfiUnicodeCollation2ProtocolGuid 0000000000029060     SetupBrowser:AutoGen.obj
 0003:00000070       gEfiRegularExpressionProtocolGuid 0000000000029070     SetupBrowser:AutoGen.obj
 0003:00000080       gEfiHiiPlatformSetupFormsetGuid 0000000000029080     SetupBrowser:AutoGen.obj
 0003:00000090       gEfiDevicePathProtocolGuid 0000000000029090     SetupBrowser:AutoGen.obj
 0003:000000a0       gEfiDevicePathToTextProtocolGuid 00000000000290a0     SetupBrowser:AutoGen.obj
 0003:000000b0       gEfiHiiConfigRoutingProtocolGuid 00000000000290b0     SetupBrowser:AutoGen.obj
 0003:000000c0       gEdkiiFormDisplayEngineProtocolGuid 00000000000290c0     SetupBrowser:AutoGen.obj
 0003:000000d0       gEfiStatusCodeDataTypeDebugGuid 00000000000290d0     SetupBrowser:AutoGen.obj
 0003:000000e0       gEfiHiiImageProtocolGuid   00000000000290e0     SetupBrowser:AutoGen.obj
 0003:000000f0       gEfiHiiStandardFormGuid    00000000000290f0     SetupBrowser:AutoGen.obj
 0003:00000100       gEfiDevicePathUtilitiesProtocolGuid 0000000000029100     SetupBrowser:AutoGen.obj
 0003:00000110       gEfiDevicePathFromTextProtocolGuid 0000000000029110     SetupBrowser:AutoGen.obj
 0003:00000120       gEfiHiiDatabaseProtocolGuid 0000000000029120     SetupBrowser:AutoGen.obj
 0003:00000130       gEfiHiiStringProtocolGuid  0000000000029130     SetupBrowser:AutoGen.obj
 0003:00000140       gEfiHiiConfigAccessProtocolGuid 0000000000029140     SetupBrowser:AutoGen.obj
 0003:00000150       gEfiHobListGuid            0000000000029150     SetupBrowser:AutoGen.obj
 0003:00000160       gEfiUserManagerProtocolGuid 0000000000029160     SetupBrowser:AutoGen.obj
 0003:00000170       gEfiDebugMaskProtocolGuid  0000000000029170     SetupBrowser:AutoGen.obj
 0003:00000180       gEfiFormBrowser2ProtocolGuid 0000000000029180     SetupBrowser:AutoGen.obj
 0003:00000190       gEdkiiIfrBitVarstoreGuid   0000000000029190     SetupBrowser:AutoGen.obj
 0003:000001a0       gEdkiiFormBrowserExProtocolGuid 00000000000291a0     SetupBrowser:AutoGen.obj
 0003:000001b0       gEdkiiFormBrowserEx2ProtocolGuid 00000000000291b0     SetupBrowser:AutoGen.obj
 0003:000001c0       gEfiCallerIdGuid           00000000000291c0     SetupBrowser:AutoGen.obj
 0003:000001d0       gEfiHiiFontProtocolGuid    00000000000291d0     SetupBrowser:AutoGen.obj
 0003:000001e0       mBrowserScopeFirstSet      00000000000291e0     SetupBrowser:Setup.obj
 0003:000001e4       gBrowserSettingScope       00000000000291e4     SetupBrowser:Setup.obj
 0003:000001e8       gBrowserStorageList        00000000000291e8     SetupBrowser:Setup.obj
 0003:000001f8       gBrowserHotKeyList         00000000000291f8     SetupBrowser:Setup.obj
 0003:00000208       gBrowserFormSetList        0000000000029208     SetupBrowser:Setup.obj
 0003:00000218       gBrowserContextList        0000000000029218     SetupBrowser:Setup.obj
 0003:00000230       mPrivateData               0000000000029230     SetupBrowser:Setup.obj
 0003:000002c8       gBrowserSaveFailFormSetList 00000000000292c8     SetupBrowser:Setup.obj
 0003:000002d8       mRefreshEventList          00000000000292d8     SetupBrowser:Presentation.obj
 0003:000002e8       mDebugMaskProtocol         00000000000292e8     DxeDebugPrintErrorLevelLib:DxeDebugPrintErrorLevelLib.obj
 0003:00000300       gZeroGuid                  0000000000029300     SetupBrowser:AutoGen.obj
 0003:00000310       mSystemSubmit              0000000000029310     SetupBrowser:Setup.obj
 0003:00000311       gResetRequiredSystemLevel  0000000000029311     SetupBrowser:Setup.obj
 0003:00000312       mFinishRetrieveCall        0000000000029312     SetupBrowser:Presentation.obj
 0003:00000313       mGlobalErrorLevelInitialized 0000000000029313     DxeDebugPrintErrorLevelLib:DxeDebugPrintErrorLevelLib.obj
 0003:00000314       mCurrentFormId             0000000000029314     SetupBrowser:Presentation.obj
 0003:00000318       ExitHandlerFunction        0000000000029318     SetupBrowser:Setup.obj
 0003:00000320       gBrowserContextCount       0000000000029320     SetupBrowser:Setup.obj
 0003:00000328       mCurrentHiiHandle          0000000000029328     SetupBrowser:Presentation.obj
 0003:00000330       mCurrentFormSetGuid        0000000000029330     SetupBrowser:Presentation.obj
 0003:00000340       mValueChangedEvent         0000000000029340     SetupBrowser:Presentation.obj
 0003:00000348       mOpCodeScopeStackPointer   0000000000029348     SetupBrowser:Expression.obj
 0003:00000350       mUnicodeCollation          0000000000029350     SetupBrowser:Expression.obj
 0003:00000358       mCurrentExpressionPointer  0000000000029358     SetupBrowser:Expression.obj
 0003:00000360       mOptionExpressionPointer   0000000000029360     SetupBrowser:Expression.obj
 0003:00000368       mExpressionEvaluationStackOffset 0000000000029368     SetupBrowser:Expression.obj
 0003:00000370       mMapExpressionListStack    0000000000029370     SetupBrowser:Expression.obj
 0003:00000378       mCurrentExpressionStack    0000000000029378     SetupBrowser:Expression.obj
 0003:00000380       mCurrentExpressionEnd      0000000000029380     SetupBrowser:Expression.obj
 0003:00000388       mOpCodeScopeStack          0000000000029388     SetupBrowser:Expression.obj
 0003:00000390       mUserManager               0000000000029390     SetupBrowser:Expression.obj
 0003:00000398       mStatementExpressionEnd    0000000000029398     SetupBrowser:Expression.obj
 0003:000003a0       mOptionExpressionStack     00000000000293a0     SetupBrowser:Expression.obj
 0003:000003a8       mStatementExpressionPointer 00000000000293a8     SetupBrowser:Expression.obj
 0003:000003b0       mMapExpressionListEnd      00000000000293b0     SetupBrowser:Expression.obj
 0003:000003b8       mStatementExpressionStack  00000000000293b8     SetupBrowser:Expression.obj
 0003:000003c0       mExpressionEvaluationStack 00000000000293c0     SetupBrowser:Expression.obj
 0003:000003c8       mFormExpressionStack       00000000000293c8     SetupBrowser:Expression.obj
 0003:000003d0       mFormExpressionEnd         00000000000293d0     SetupBrowser:Expression.obj
 0003:000003d8       mMapExpressionListPointer  00000000000293d8     SetupBrowser:Expression.obj
 0003:000003e0       mOpCodeScopeStackEnd       00000000000293e0     SetupBrowser:Expression.obj
 0003:000003e8       mExpressionEvaluationStackEnd 00000000000293e8     SetupBrowser:Expression.obj
 0003:000003f0       mFormExpressionPointer     00000000000293f0     SetupBrowser:Expression.obj
 0003:000003f8       mOptionExpressionEnd       00000000000293f8     SetupBrowser:Expression.obj
 0003:00000400       mExpressionEvaluationStackPointer 0000000000029400     SetupBrowser:Expression.obj
 0003:00000408       gST                        0000000000029408     UefiBootServicesTableLib:UefiBootServicesTableLib.obj
 0003:00000410       gBS                        0000000000029410     UefiBootServicesTableLib:UefiBootServicesTableLib.obj
 0003:00000418       gImageHandle               0000000000029418     UefiBootServicesTableLib:UefiBootServicesTableLib.obj
 0003:00000420       mDevicePathLibDevicePathUtilities 0000000000029420     UefiDevicePathLibDevicePathProtocol:UefiDevicePathLib.obj
 0003:00000428       gRT                        0000000000029428     UefiRuntimeServicesTableLib:UefiRuntimeServicesTableLib.obj
 0003:00000430       mHobList                   0000000000029430     DxeHobLib:HobLib.obj
 0003:00000438       mSystemTable               0000000000029438     DxeDebugPrintErrorLevelLib:DxeDebugPrintErrorLevelLib.obj
 0003:00000440       mDebugPrintErrorLevel      0000000000029440     DxeDebugPrintErrorLevelLib:DxeDebugPrintErrorLevelLib.obj
 0003:00000448       gHiiString                 0000000000029448     UefiHiiServicesLib:UefiHiiServicesLib.obj
 0003:00000450       gHiiFont                   0000000000029450     UefiHiiServicesLib:UefiHiiServicesLib.obj
 0003:00000458       gHiiConfigRouting          0000000000029458     UefiHiiServicesLib:UefiHiiServicesLib.obj
 0003:00000460       gHiiImage                  0000000000029460     UefiHiiServicesLib:UefiHiiServicesLib.obj
 0003:00000468       gHiiDatabase               0000000000029468     UefiHiiServicesLib:UefiHiiServicesLib.obj
 0003:00000470       mUefiFormBrowser2          0000000000029470     UefiHiiLib:HiiLib.obj
 0003:00000478       mReportStatusCodeLibStatusCodeProtocol 0000000000029478     DxeReportStatusCodeLib:ReportStatusCodeLib.obj
 0003:00000480       mExpressionOpCodeIndex     0000000000029480     <common>
 0003:00000482       mUsedQuestionId            0000000000029482     <common>
 0003:00000484       mStatementIndex            0000000000029484     <common>
 0003:00000486       mHiiPackageListUpdated     0000000000029486     <common>
 0003:00000488       mCurFakeQestId             0000000000029488     <common>
 0003:000004a0       gDisplayFormData           00000000000294a0     <common>
 0003:00000530       gCurrentSelection          0000000000029530     <common>
 0003:00000538       mPathFromText              0000000000029538     <common>
 0003:00000540       gResetRequiredFormLevel    0000000000029540     <common>
 0003:00000541       gFlagReconnect             0000000000029541     <common>
 0003:00000548       mFormDisplay               0000000000029548     <common>
 0003:00000550       mSystemLevelFormSet        0000000000029550     <common>
 0003:00000558       gExitRequired              0000000000029558     <common>
 0003:00000559       gCallbackReconnect         0000000000029559     <common>
 0003:00000560       gEmptyString               0000000000029560     <common>
 0003:00000568       mHiiConfigRouting          0000000000029568     <common>
 0003:00000570       mHiiDatabase               0000000000029570     <common>

 entry point at        0001:00000130

 Static symbols

 0000:fffe2000       .debug$S                   0000000000010000     SetupBrowser.exp
 0001:0000001a       InternalMemCopyMem.0       000000000001101a     BaseMemoryLibOptDxe:CopyMem.obj
 0001:00000032       InternalMemCopyMem.1       0000000000011032     BaseMemoryLibOptDxe:CopyMem.obj
 0001:00000045       InternalMemCopyMem.2       0000000000011045     BaseMemoryLibOptDxe:CopyMem.obj
 0001:00000062       @CopyBackward              0000000000011062     BaseMemoryLibOptDxe:CopyMem.obj
 0001:0000006b       @CopyBytes                 000000000001106b     BaseMemoryLibOptDxe:CopyMem.obj
 0004:00000000       .edata                     000000000002a000     SetupBrowser.exp
 0004:00000028       rgpv                       000000000002a028     SetupBrowser.exp
 0004:0000002c       rgszName                   000000000002a02c     SetupBrowser.exp
 0004:00000030       rgwOrd                     000000000002a030     SetupBrowser.exp
 0004:00000032       szName                     000000000002a032     SetupBrowser.exp
 0004:00000043       $N00001                    000000000002a043     SetupBrowser.exp
 0005:00000000       $pdata$_ModuleEntryPoint   000000000002b000     UefiDriverEntryPoint:DriverEntryPoint.obj
 0005:0000000c       $pdata$ProcessLibraryDestructorList 000000000002b00c     SetupBrowser:AutoGen.obj
 0005:00000018       $pdata$ProcessLibraryConstructorList 000000000002b018     SetupBrowser:AutoGen.obj
 0005:00000024       $pdata$SaveReminder        000000000002b024     SetupBrowser:Setup.obj
 0005:00000030       $pdata$ExecuteAction       000000000002b030     SetupBrowser:Setup.obj
 0005:0000003c       $pdata$IsBrowserDataModified 000000000002b03c     SetupBrowser:Setup.obj
 0005:00000048       $pdata$RegisterHotKey      000000000002b048     SetupBrowser:Setup.obj
 0005:00000054       $pdata$SetScope            000000000002b054     SetupBrowser:Setup.obj
 0005:00000060       $pdata$PasswordCheck       000000000002b060     SetupBrowser:Setup.obj
 0005:0000006c       $pdata$IsHiiHandleInBrowserContext 000000000002b06c     SetupBrowser:Setup.obj
 0005:00000078       $pdata$GetFormSetFromHiiHandle 000000000002b078     SetupBrowser:Setup.obj
 0005:00000084       $pdata$RestoreBrowserContext 000000000002b084     SetupBrowser:Setup.obj
 0005:00000090       $pdata$SaveBrowserContext  000000000002b090     SetupBrowser:Setup.obj
 0005:0000009c       $pdata$InitializeFormSet   000000000002b09c     SetupBrowser:Setup.obj
 0005:000000a8       $pdata$GetIfrBinaryData    000000000002b0a8     SetupBrowser:Setup.obj
 0005:000000b4       $pdata$InitializeCurrentSetting 000000000002b0b4     SetupBrowser:Setup.obj
 0005:000000c0       $pdata$SyncStatusForFormSet 000000000002b0c0     SetupBrowser:Setup.obj
 0005:000000cc       $pdata$ConfigRequestAdjust 000000000002b0cc     SetupBrowser:Setup.obj
 0005:000000d8       $pdata$CleanBrowserStorage 000000000002b0d8     SetupBrowser:Setup.obj
 0005:000000e4       $pdata$LoadFormSetConfig   000000000002b0e4     SetupBrowser:Setup.obj
 0005:000000f0       $pdata$IsQuestionValueChanged 000000000002b0f0     SetupBrowser:Setup.obj
 0005:000000fc       $pdata$ExtractDefault      000000000002b0fc     SetupBrowser:Setup.obj
 0005:00000108       $pdata$ExtractAltCfgForFormSet 000000000002b108     SetupBrowser:Setup.obj
 0005:00000114       $pdata$ExtractAltCfgForForm 000000000002b114     SetupBrowser:Setup.obj
 0005:00000120       $pdata$GetQuestionDefault  000000000002b120     SetupBrowser:Setup.obj
 0005:0000012c       $pdata$ValueToOption       000000000002b12c     SetupBrowser:Setup.obj
 0005:00000138       $pdata$GetOffsetFromConfigResp 000000000002b138     SetupBrowser:Setup.obj
 0005:00000144       $pdata$HiiToLower          000000000002b144     SetupBrowser:Setup.obj
 0005:00000150       $pdata$SubmitForSystem     000000000002b150     SetupBrowser:Setup.obj
 0005:0000015c       $pdata$SubmitForFormSet    000000000002b15c     SetupBrowser:Setup.obj
 0005:00000168       $pdata$SubmitForForm       000000000002b168     SetupBrowser:Setup.obj
 0005:00000174       $pdata$DiscardForm         000000000002b174     SetupBrowser:Setup.obj
 0005:00000180       $pdata$ConfirmSaveFail     000000000002b180     SetupBrowser:Setup.obj
 0005:0000018c       $pdata$GetSyncRestoreConfigRequest 000000000002b18c     SetupBrowser:Setup.obj
 0005:00000198       $pdata$FindQuestionFromProgress 000000000002b198     SetupBrowser:Setup.obj
 0005:000001a4       $pdata$ValueChangeResetFlagUpdate 000000000002b1a4     SetupBrowser:Setup.obj
 0005:000001b0       $pdata$UpdateFlagForForm   000000000002b1b0     SetupBrowser:Setup.obj
 0005:000001bc       $pdata$ValidateFormSet     000000000002b1bc     SetupBrowser:Setup.obj
 0005:000001c8       $pdata$ValidateHiiHandle   000000000002b1c8     SetupBrowser:Setup.obj
 0005:000001d4       $pdata$SubmitCallback      000000000002b1d4     SetupBrowser:Setup.obj
 0005:000001e0       $pdata$SubmitCallbackForForm 000000000002b1e0     SetupBrowser:Setup.obj
 0005:000001ec       $pdata$SendDiscardInfoToDriver 000000000002b1ec     SetupBrowser:Setup.obj
 0005:000001f8       $pdata$SynchronizeStorage  000000000002b1f8     SetupBrowser:Setup.obj
 0005:00000204       $pdata$NoSubmitCheck       000000000002b204     SetupBrowser:Setup.obj
 0005:00000210       $pdata$ValueChangedValidation 000000000002b210     SetupBrowser:Setup.obj
 0005:0000021c       $pdata$ValidateQuestion    000000000002b21c     SetupBrowser:Setup.obj
 0005:00000228       $pdata$SetQuestionValue    000000000002b228     SetupBrowser:Setup.obj
 0005:00000234       $pdata$GetQuestionValue    000000000002b234     SetupBrowser:Setup.obj
 0005:00000240       $pdata$BufferToValue       000000000002b240     SetupBrowser:Setup.obj
[...]
 0006:00000000       $unwind$IdToForm           000000000002c000     SetupBrowser:Expression.obj
 0006:00000000       $unwind$FindParentFormSet  000000000002c000     SetupBrowser:Presentation.obj
 0006:00000000       $unwind$ProcessChangedData 000000000002c000     SetupBrowser:Presentation.obj
 0006:00000000       $unwind$GetFormSetFromHiiHandle 000000000002c000     SetupBrowser:Setup.obj
 0006:00000000       $unwind$SaveBrowserContext 000000000002c000     SetupBrowser:Setup.obj
 0006:00000000       $unwind$_ModuleEntryPoint  000000000002c000     UefiDriverEntryPoint:DriverEntryPoint.obj
 0006:00000000       $unwind$CopyGuid           000000000002c000     BaseMemoryLibOptDxe:MemLibGuid.obj
 0006:00000000       $unwind$StrLen             000000000002c000     BaseLib:String.obj
 0006:00000000       $unwind$InitializeFormSet  000000000002c000     SetupBrowser:Setup.obj
 0006:00000000       $unwind$BitFieldRead32     000000000002c000     BaseLib:BitField.obj
 0006:00000000       $unwind$AsciiStrnCmp       000000000002c000     BaseLib:String.obj
 0006:00000000       $unwind$StrCmp             000000000002c000     BaseLib:String.obj
 0006:00000000       $unwind$ConfirmSaveFail    000000000002c000     SetupBrowser:Setup.obj
 0006:00000000       $unwind$ValidateHiiHandle  000000000002c000     SetupBrowser:Setup.obj
 0006:00000000       $unwind$StrStr             000000000002c000     BaseLib:String.obj
 0006:00000000       $unwind$AsciiStrnCpyS      000000000002c000     BaseLib:SafeString.obj
 0006:00000000       $unwind$DivU64x32Remainder 000000000002c000     BaseLib:DivU64x32Remainder.obj
 0006:00000000       $unwind$UpdateHotkeyList   000000000002c000     SetupBrowser:Presentation.obj
 0006:00000010       $unwind$ProcessLibraryConstructorList 000000000002c010     SetupBrowser:AutoGen.obj
 0006:00000028       $unwind$InternalAllocatePool 000000000002c028     UefiMemoryAllocationLib:MemoryAllocationLib.obj
 0006:00000028       $unwind$FreePool           000000000002c028     UefiMemoryAllocationLib:MemoryAllocationLib.obj
 0006:00000028       $unwind$GetConditionalExpressionCount 000000000002c028     SetupBrowser:Expression.obj
 0006:00000028       $unwind$ProcessLibraryDestructorList 000000000002c028     SetupBrowser:AutoGen.obj
 0006:00000028       $unwind$GetConditionalExpressionList 000000000002c028     SetupBrowser:Expression.obj
 0006:00000028       $unwind$PopConditionalExpression 000000000002c028     SetupBrowser:Expression.obj
 0006:00000028       $unwind$RefreshEventNotifyForStatement 000000000002c028     SetupBrowser:Presentation.obj
 0006:00000028       $unwind$PopExpression      000000000002c028     SetupBrowser:Expression.obj
 0006:00000028       $unwind$FormDisplayCallback 000000000002c028     SetupBrowser:Setup.obj
 0006:00000030       $unwind$GetFstStgFromBrsStg 000000000002c030     SetupBrowser:IfrParse.obj
 0006:00000030       $unwind$IdToQuestion       000000000002c030     SetupBrowser:Expression.obj
 0006:00000030       $unwind$UiFindParentMenu   000000000002c030     SetupBrowser:Setup.obj
 0006:00000030       $unwind$GrowStack          000000000002c030     SetupBrowser:Expression.obj
 0006:00000030       $unwind$StrCpyS            000000000002c030     BaseLib:SafeString.obj
 0006:00000030       $unwind$SetValueByName     000000000002c030     SetupBrowser:Setup.obj
 0006:00000030       $unwind$FindNextMenu       000000000002c030     SetupBrowser:Presentation.obj
 0006:00000030       $unwind$GetValueByName     000000000002c030     SetupBrowser:Setup.obj
 0006:00000030       $unwind$ProcessGotoOpCode  000000000002c030     SetupBrowser:Presentation.obj
 0006:00000048       $unwind$SaveReminder       000000000002c048     SetupBrowser:Setup.obj
 0006:00000048       $unwind$InternalBaseLibIsListValid 000000000002c048     BaseLib:LinkedList.obj
 0006:00000048       $unwind$ValidateFormSet    000000000002c048     SetupBrowser:Setup.obj
 0006:00000048       $unwind$IsBrowserDataModified 000000000002c048     SetupBrowser:Setup.obj
 0006:00000048       $unwind$IsDevicePathEnd    000000000002c048     UefiDevicePathLibDevicePathProtocol:UefiDevicePathLib.obj
 0006:00000048       $unwind$RShiftU64          000000000002c048     BaseLib:RShiftU64.obj
 0006:00000048       $unwind$LShiftU64          000000000002c048     BaseLib:LShiftU64.obj
 0006:00000048       $unwind$HiiToLower         000000000002c048     SetupBrowser:Setup.obj
 0006:00000048       $unwind$IsHiiHandleInBrowserContext 000000000002c048     SetupBrowser:Setup.obj
 0006:00000048       $unwind$InsertTailList     000000000002c048     BaseLib:LinkedList.obj
 0006:00000048       $unwind$IsNvUpdateRequiredForForm 000000000002c048     SetupBrowser:Presentation.obj
 0006:00000048       $unwind$UpdateStatementStatus 000000000002c048     SetupBrowser:Presentation.obj
 0006:00000048       $unwind$ZeroMem            000000000002c048     BaseMemoryLibOptDxe:ZeroMemWrapper.obj
 0006:00000048       $unwind$PushConditionalStack 000000000002c048     SetupBrowser:Expression.obj
 0006:00000048       $unwind$HiiGetSupportedLanguages 000000000002c048     UefiHiiLib:HiiLanguage.obj
 0006:00000048       $unwind$InternalAllocateCopyPool 000000000002c048     UefiMemoryAllocationLib:MemoryAllocationLib.obj
 0006:00000048       $unwind$IsZeroGuid         000000000002c048     BaseMemoryLibOptDxe:MemLibGuid.obj
 0006:00000048       $unwind$InsertHeadList     000000000002c048     BaseLib:LinkedList.obj
 0006:00000048       $unwind$AsciiStrLen        000000000002c048     BaseLib:String.obj
 0006:00000048       $unwind$GetBrowserStatement 000000000002c048     SetupBrowser:Presentation.obj
 0006:00000048       $unwind$UiFreeMenuList     000000000002c048     SetupBrowser:Setup.obj
 0006:00000048       $unwind$DivU64x32          000000000002c048     BaseLib:DivU64x32.obj
 0006:00000048       $unwind$PushStack          000000000002c048     SetupBrowser:Expression.obj
 0006:00000048       $unwind$RefreshIntervalProcess 000000000002c048     SetupBrowser:Presentation.obj
 0006:00000048       $unwind$CreateExpression   000000000002c048     SetupBrowser:IfrParse.obj
 0006:00000048       $unwind$NewStringCpy       000000000002c048     SetupBrowser:Setup.obj
 0006:00000048       $unwind$StrnLenS           000000000002c048     BaseLib:SafeString.obj
 0006:00000048       $unwind$IsNull             000000000002c048     BaseLib:LinkedList.obj
 0006:00000054       $unwind$UiCopyMenuList     000000000002c054     SetupBrowser:Setup.obj
 0006:00000054       $unwind$GetFstStgFromVarId 000000000002c054     SetupBrowser:IfrParse.obj
 0006:00000054       $unwind$EvaluateExpressionList 000000000002c054     SetupBrowser:Expression.obj
 0006:00000054       $unwind$DiscardForm        000000000002c054     SetupBrowser:Setup.obj
 0006:00000054       $unwind$ValueChangeResetFlagUpdate 000000000002c054     SetupBrowser:Setup.obj
 0006:00000054       $unwind$CompareHiiValue    000000000002c054     SetupBrowser:Expression.obj
 0006:00000054       $unwind$UpdateStatementStatusForForm 000000000002c054     SetupBrowser:Presentation.obj
 0006:00000054       $unwind$BitFieldWrite32    000000000002c054     BaseLib:BitField.obj
 0006:0000006c       $unwind$InternalReportStatusCode 000000000002c06c     DxeReportStatusCodeLib:ReportStatusCodeLib.obj
 0006:0000006c       $unwind$LoadAllHiiFormset  000000000002c06c     SetupBrowser:Setup.obj
 0006:00000084       $unwind$PopupErrorMessage  000000000002c084     SetupBrowser:Setup.obj
 0006:0000009c       $unwind$SendForm           000000000002c09c     SetupBrowser:Setup.obj
 0006:000000b8       $unwind$ProcessStorage     000000000002c0b8     SetupBrowser:Setup.obj
 0006:000000cc       $unwind$BrowserCallback    000000000002c0cc     SetupBrowser:Setup.obj
 0006:000000e0       $unwind$InitializeSetup    000000000002c0e0     SetupBrowser:Setup.obj
 0006:000000f4       $unwind$SetScope           000000000002c0f4     SetupBrowser:Setup.obj
 0006:000000f4       $unwind$GetToken           000000000002c0f4     SetupBrowser:Setup.obj
 0006:000000f4       $unwind$GetNextHob         000000000002c0f4     DxeHobLib:HobLib.obj
 0006:000000f4       $unwind$NewString          000000000002c0f4     SetupBrowser:Setup.obj
 0006:000000f4       $unwind$IsDevicePathEndType 000000000002c0f4     UefiDevicePathLibDevicePathProtocol:UefiDevicePathLib.obj
 0006:000000f4       $unwind$InitializeListHead 000000000002c0f4     BaseLib:LinkedList.obj
 0006:000000f4       $unwind$GetNextNode        000000000002c0f4     BaseLib:LinkedList.obj
 0006:000000f4       $unwind$UpdateDisplayFormData 000000000002c0f4     SetupBrowser:Presentation.obj
 0006:000000f4       $unwind$ReadUnaligned64    000000000002c0f4     BaseLib:Unaligned.obj
 0006:000000f4       $unwind$IsListEmpty        000000000002c0f4     BaseLib:LinkedList.obj
 0006:000000f4       $unwind$GetFirstNode       000000000002c0f4     BaseLib:LinkedList.obj
 0006:000000f4       $unwind$AllocateZeroPool   000000000002c0f4     UefiMemoryAllocationLib:MemoryAllocationLib.obj
 0006:000000f4       $unwind$FreeDisplayFormData 000000000002c0f4     SetupBrowser:Presentation.obj
 0006:000000f4       $unwind$InternalAllocateZeroPool 000000000002c0f4     UefiMemoryAllocationLib:MemoryAllocationLib.obj
 0006:000000f4       $unwind$RemoveEntryList    000000000002c0f4     BaseLib:LinkedList.obj
 0006:000000f4       $unwind$ReadUnaligned32    000000000002c0f4     BaseLib:Unaligned.obj
 0006:000000fc       $unwind$NewStringCat       000000000002c0fc     SetupBrowser:Setup.obj
 0006:00000110       $unwind$StorageToConfigResp 000000000002c110     SetupBrowser:Setup.obj
 0006:00000110       $unwind$SendDiscardInfoToDriver 000000000002c110     SetupBrowser:Setup.obj
 0006:00000128       $unwind$ConfigRespToStorage 000000000002c128     SetupBrowser:Setup.obj
 0006:0000013c       $unwind$GetBitsQuestionValue 000000000002c13c     SetupBrowser:Setup.obj
 0006:0000014c       $unwind$SetBitsQuestionValue 000000000002c14c     SetupBrowser:Setup.obj
 0006:00000160       $unwind$BufferToValue      000000000002c160     SetupBrowser:Setup.obj
 0006:00000178       $unwind$GetQuestionValue   000000000002c178     SetupBrowser:Setup.obj
 0006:00000194       $unwind$SetQuestionValue   000000000002c194     SetupBrowser:Setup.obj
 0006:000001ac       $unwind$ValidateQuestion   000000000002c1ac     SetupBrowser:Setup.obj
 0006:000001ac       $unwind$CreateQuestion     000000000002c1ac     SetupBrowser:IfrParse.obj
 0006:000001ac       $unwind$GetQuestionValueFromForm 000000000002c1ac     SetupBrowser:Expression.obj
 0006:000001ac       $unwind$CleanBrowserStorage 000000000002c1ac     SetupBrowser:Setup.obj
 0006:000001ac       $unwind$RegisterHotKey     000000000002c1ac     SetupBrowser:Setup.obj
 0006:000001ac       $unwind$InitializeDisplayStatement 000000000002c1ac     SetupBrowser:Presentation.obj
 0006:000001c8       $unwind$SubmitCallback     000000000002c1c8     SetupBrowser:Setup.obj
 0006:000001c8       $unwind$UpdateStatementStatusForFormSet 000000000002c1c8     SetupBrowser:Presentation.obj
 0006:000001c8       $unwind$DestroyExpression  000000000002c1c8     SetupBrowser:IfrParse.obj
 0006:000001c8       $unwind$CompareGuid        000000000002c1c8     BaseMemoryLibOptDxe:MemLibGuid.obj
 0006:000001c8       $unwind$RestoreBrowserContext 000000000002c1c8     SetupBrowser:Setup.obj
 0006:000001c8       $unwind$CopyMem            000000000002c1c8     BaseMemoryLibOptDxe:CopyMemWrapper.obj
 0006:000001c8       $unwind$InternalBaseLibBitFieldOrUint 000000000002c1c8     BaseLib:BitField.obj
 0006:000001c8       $unwind$FormSetGuidToHiiHandle 000000000002c1c8     SetupBrowser:Presentation.obj
 0006:000001c8       $unwind$GetOffsetFromConfigResp 000000000002c1c8     SetupBrowser:Setup.obj
 0006:000001c8       $unwind$IdToQuestion2      000000000002c1c8     SetupBrowser:Expression.obj
 0006:000001c8       $unwind$CountOpCodes       000000000002c1c8     SetupBrowser:IfrParse.obj
 0006:000001c8       $unwind$CreateStatement    000000000002c1c8     SetupBrowser:IfrParse.obj
 0006:000001c8       $unwind$FreeStatementData  000000000002c1c8     SetupBrowser:Presentation.obj
 0006:000001c8       $unwind$CompareMem         000000000002c1c8     BaseMemoryLibOptDxe:CompareMemWrapper.obj
 0006:000001c8       $unwind$ValueChangedValidation 000000000002c1c8     SetupBrowser:Setup.obj
 0006:000001dc       $unwind$NoSubmitCheck      000000000002c1dc     SetupBrowser:Setup.obj
 0006:000001dc       $unwind$CreateStorage      000000000002c1dc     SetupBrowser:IfrParse.obj
 0006:000001f8       $unwind$SynchronizeStorage 000000000002c1f8     SetupBrowser:Setup.obj
 0006:0000020c       $unwind$SubmitCallbackForForm 000000000002c20c     SetupBrowser:Setup.obj
 0006:00000220       $unwind$LoadFormSetConfig  000000000002c220     SetupBrowser:Setup.obj
 0006:00000220       $unwind$UpdateFlagForForm  000000000002c220     SetupBrowser:Setup.obj
 0006:00000220       $unwind$StrCatS            000000000002c220     BaseLib:SafeString.obj
 0006:00000220       $unwind$StrnCpyS           000000000002c220     BaseLib:SafeString.obj
 0006:0000023c       $unwind$FindQuestionFromProgress 000000000002c23c     SetupBrowser:Setup.obj
 0006:0000023c       $unwind$SyncStatusForFormSet 000000000002c23c     SetupBrowser:Setup.obj
 0006:00000254       $unwind$GetSyncRestoreConfigRequest 000000000002c254     SetupBrowser:Setup.obj
 0006:00000270       $unwind$SubmitForForm      000000000002c270     SetupBrowser:Setup.obj
 0006:00000284       $unwind$SubmitForFormSet   000000000002c284     SetupBrowser:Setup.obj
 0006:0000029c       $unwind$SubmitForSystem    000000000002c29c     SetupBrowser:Setup.obj
 0006:000002b4       $unwind$ValueToOption      000000000002c2b4     SetupBrowser:Setup.obj
 0006:000002c8       $unwind$GetQuestionDefault 000000000002c2c8     SetupBrowser:Setup.obj
 0006:000002e0       $unwind$ExtractAltCfgForForm 000000000002c2e0     SetupBrowser:Setup.obj
 0006:000002f4       $unwind$ExtractAltCfgForFormSet 000000000002c2f4     SetupBrowser:Setup.obj
 0006:00000304       $unwind$ExtractDefault     000000000002c304     SetupBrowser:Setup.obj
 0006:00000320       $unwind$IsQuestionValueChanged 000000000002c320     SetupBrowser:Setup.obj
 0006:0000033c       $unwind$ConfigRequestAdjust 000000000002c33c     SetupBrowser:Setup.obj
 0006:00000354       $unwind$InitializeCurrentSetting 000000000002c354     SetupBrowser:Setup.obj
 0006:0000036c       $unwind$GetIfrBinaryData   000000000002c36c     SetupBrowser:Setup.obj
 0006:00000384       $unwind$PasswordCheck      000000000002c384     SetupBrowser:Setup.obj
 0006:00000398       $unwind$ExecuteAction      000000000002c398     SetupBrowser:Setup.obj
 0006:000003b0       $unwind$CreateRefreshEventForForm 000000000002c3b0     SetupBrowser:Presentation.obj
 0006:000003b0       $unwind$CreateRefreshEventForStatement 000000000002c3b0     SetupBrowser:Presentation.obj
 0006:000003b0       $unwind$UpdateStatement    000000000002c3b0     SetupBrowser:Presentation.obj
 0006:000003b0       $unwind$GetDebugPrintErrorLevel 000000000002c3b0     DxeDebugPrintErrorLevelLib:DxeDebugPrintErrorLevelLib.obj
 0006:000003b8       $unwind$SetupBrowser       000000000002c3b8     SetupBrowser:Presentation.obj
 0006:000003b8       $unwind$AddStatementToDisplayForm 000000000002c3b8     SetupBrowser:Presentation.obj
 0006:000003d4       $unwind$ProcessAction      000000000002c3d4     SetupBrowser:Presentation.obj
 0006:000003e0       $unwind$GetFormsetGuidFromHiiHandle 000000000002c3e0     SetupBrowser:Presentation.obj
 0006:000003f8       $unwind$DevicePathToHiiHandle 000000000002c3f8     SetupBrowser:Presentation.obj
 0006:00000408       $unwind$ProcessUserInput   000000000002c408     SetupBrowser:Presentation.obj
 0006:0000041c       $unwind$DisplayForm        000000000002c41c     SetupBrowser:Presentation.obj
 0006:00000438       $unwind$ProcessCallBackFunction 000000000002c438     SetupBrowser:Presentation.obj
 0006:00000450       $unwind$ProcessRetrieveForQuestion 000000000002c450     SetupBrowser:Presentation.obj
 0006:00000460       $unwind$InitializeRequestElement 000000000002c460     SetupBrowser:IfrParse.obj
 0006:0000047c       $unwind$DestroyStatement   000000000002c47c     SetupBrowser:IfrParse.obj
 0006:00000498       $unwind$DestroyFormSet     000000000002c498     SetupBrowser:IfrParse.obj
 0006:000004b4       $unwind$ParseOpCodes       000000000002c4b4     SetupBrowser:IfrParse.obj
 0006:000004cc       $unwind$PopMapExpressionList 000000000002c4cc     SetupBrowser:Expression.obj
 0006:000004cc       $unwind$PopCurrentExpression 000000000002c4cc     SetupBrowser:Expression.obj
 0006:000004cc       $unwind$PopScope           000000000002c4cc     SetupBrowser:Expression.obj
 0006:000004d4       $unwind$GrowConditionalStack 000000000002c4d4     SetupBrowser:Expression.obj
 0006:000004ec       $unwind$PushConditionalExpression 000000000002c4ec     SetupBrowser:Expression.obj
 0006:000004f4       $unwind$IfrToString        000000000002c4f4     SetupBrowser:Expression.obj
 0006:00000514       $unwind$IfrToUint          000000000002c514     SetupBrowser:Expression.obj
 0006:00000524       $unwind$IfrCatenate        000000000002c524     SetupBrowser:Expression.obj
 0006:00000540       $unwind$IfrMatch           000000000002c540     SetupBrowser:Expression.obj
 0006:00000558       $unwind$IfrMatch2          000000000002c558     SetupBrowser:Expression.obj
 0006:00000578       $unwind$IfrToken           000000000002c578     SetupBrowser:Expression.obj
 0006:00000578       $unwind$IfrSpan            000000000002c578     SetupBrowser:Expression.obj
 0006:00000578       $unwind$IfrFind            000000000002c578     SetupBrowser:Expression.obj
 0006:00000598       $unwind$IfrMid             000000000002c598     SetupBrowser:Expression.obj
 0006:000005b8       $unwind$CheckUserPrivilege 000000000002c5b8     SetupBrowser:Expression.obj
 0006:000005cc       $unwind$EvaluateExpression 000000000002c5cc     SetupBrowser:Expression.obj
 0006:000005e4       $unwind$DebugPrint         000000000002c5e4     PeiDxeDebugLibReportStatusCode:DebugLib.obj
 0006:000005f4       $unwind$DebugAssert        000000000002c5f4     PeiDxeDebugLibReportStatusCode:DebugLib.obj
 0006:00000610       $unwind$StrHexToUint64     000000000002c610     BaseLib:String.obj
 0006:00000610       $unwind$BasePrintLibValueToString 000000000002c610     BasePrintLib:PrintLibInternal.obj
 0006:00000610       $unwind$StrDecimalToUint64 000000000002c610     BaseLib:String.obj
 0006:0000061c       $unwind$UnicodeSPrint      000000000002c61c     BasePrintLib:PrintLib.obj
 0006:00000628       $unwind$UnicodeValueToStringS 000000000002c628     BasePrintLib:PrintLib.obj
 0006:0000063c       $unwind$BasePrintLibConvertValueToStringS 000000000002c63c     BasePrintLib:PrintLibInternal.obj
 0006:00000658       $unwind$BasePrintLibSPrintMarker 000000000002c658     BasePrintLib:PrintLibInternal.obj
 0006:00000674       $unwind$BasePrintLibSPrint 000000000002c674     BasePrintLib:PrintLibInternal.obj
 0006:0000067c       $unwind$EfiCreateProtocolNotifyEvent 000000000002c67c     UefiLib:UefiLib.obj
 0006:00000684       $unwind$GetEfiGlobalVariable2 000000000002c684     UefiLib:UefiLib.obj
 0006:00000690       $unwind$GetBestLanguage    000000000002c690     UefiLib:UefiLib.obj
 0006:000006a4       $unwind$HiiSetString       000000000002c6a4     UefiHiiLib:HiiString.obj
 0006:000006bc       $unwind$HiiGetString       000000000002c6bc     UefiHiiLib:HiiString.obj
 0006:000006d0       $unwind$HiiGetHiiHandles   000000000002c6d0     UefiHiiLib:HiiLib.obj
 0006:000006d8       $unwind$HiiConstructConfigHdr 000000000002c6d8     UefiHiiLib:HiiLib.obj
 0006:000006f0       $unwind$ReportStatusCodeEx 000000000002c6f0     DxeReportStatusCodeLib:ReportStatusCodeLib.obj
